2025-11-02T06:05:06.4064207Z Current runner version: '2.329.0'
2025-11-02T06:05:06.4085222Z ##[group]Runner Image Provisioner
2025-11-02T06:05:06.4086068Z Hosted Compute Agent
2025-11-02T06:05:06.4086582Z Version: 20251016.436
2025-11-02T06:05:06.4087094Z Commit: 8ab8ac8bfd662a3739dab9fe09456aba92132568
2025-11-02T06:05:06.4088002Z Build Date: 2025-10-15T20:44:12Z
2025-11-02T06:05:06.4088512Z ##[endgroup]
2025-11-02T06:05:06.4089008Z ##[group]Operating System
2025-11-02T06:05:06.4089545Z Ubuntu
2025-11-02T06:05:06.4089990Z 24.04.3
2025-11-02T06:05:06.4090392Z LTS
2025-11-02T06:05:06.4090827Z ##[endgroup]
2025-11-02T06:05:06.4091239Z ##[group]Runner Image
2025-11-02T06:05:06.4091760Z Image: ubuntu-24.04
2025-11-02T06:05:06.4092237Z Version: 20251030.96.2
2025-11-02T06:05:06.4093104Z Included Software: https://github.com/actions/runner-images/blob/ubuntu24/20251030.96/images/ubuntu/Ubuntu2404-Readme.md
2025-11-02T06:05:06.4094482Z Image Release: https://github.com/actions/runner-images/releases/tag/ubuntu24%2F20251030.96
2025-11-02T06:05:06.4095332Z ##[endgroup]
2025-11-02T06:05:06.4097466Z ##[group]GITHUB_TOKEN Permissions
2025-11-02T06:05:06.4099444Z Actions: write
2025-11-02T06:05:06.4099894Z Attestations: write
2025-11-02T06:05:06.4100458Z Checks: write
2025-11-02T06:05:06.4100914Z Contents: write
2025-11-02T06:05:06.4101363Z Deployments: write
2025-11-02T06:05:06.4101840Z Discussions: write
2025-11-02T06:05:06.4102277Z Issues: write
2025-11-02T06:05:06.4102721Z Metadata: read
2025-11-02T06:05:06.4103128Z Models: read
2025-11-02T06:05:06.4103606Z Packages: write
2025-11-02T06:05:06.4104053Z Pages: write
2025-11-02T06:05:06.4104496Z PullRequests: write
2025-11-02T06:05:06.4105016Z RepositoryProjects: write
2025-11-02T06:05:06.4105494Z SecurityEvents: write
2025-11-02T06:05:06.4106011Z Statuses: write
2025-11-02T06:05:06.4106800Z ##[endgroup]
2025-11-02T06:05:06.4108993Z Secret source: Actions
2025-11-02T06:05:06.4109571Z Prepare workflow directory
2025-11-02T06:05:06.4454377Z Prepare all required actions
2025-11-02T06:05:06.4490945Z Getting action download info
2025-11-02T06:05:06.8461523Z Download action repository 'actions/checkout@v4' (SHA:08eba0b27e820071cde6df949e0beb9ba4906955)
2025-11-02T06:05:06.9365414Z Download action repository 'dtolnay/rust-toolchain@stable' (SHA:5d458579430fc14a04a08a1e7d3694f545e91ce6)
2025-11-02T06:05:07.3367706Z Download action repository 'actions/cache@v4' (SHA:0057852bfaa89a56745cba8c7296529d2fc39830)
2025-11-02T06:05:07.4177765Z Download action repository 'actions/upload-artifact@v4' (SHA:ea165f8d65b6e75b540449e92b4886f43607fa02)
2025-11-02T06:05:07.6001858Z Complete job name: Build Arch Package
2025-11-02T06:05:07.6684081Z ##[group]Run actions/checkout@v4
2025-11-02T06:05:07.6684772Z with:
2025-11-02T06:05:07.6685138Z   repository: ryzendew/winetricks
2025-11-02T06:05:07.6685718Z   token: ***
2025-11-02T06:05:07.6686060Z   ssh-strict: true
2025-11-02T06:05:07.6686407Z   ssh-user: git
2025-11-02T06:05:07.6686776Z   persist-credentials: true
2025-11-02T06:05:07.6687168Z   clean: true
2025-11-02T06:05:07.6687674Z   sparse-checkout-cone-mode: true
2025-11-02T06:05:07.6688107Z   fetch-depth: 1
2025-11-02T06:05:07.6688449Z   fetch-tags: false
2025-11-02T06:05:07.6688813Z   show-progress: true
2025-11-02T06:05:07.6689170Z   lfs: false
2025-11-02T06:05:07.6689506Z   submodules: false
2025-11-02T06:05:07.6689862Z   set-safe-directory: true
2025-11-02T06:05:07.6690443Z ##[endgroup]
2025-11-02T06:05:07.7702498Z Syncing repository: ryzendew/winetricks
2025-11-02T06:05:07.7704197Z ##[group]Getting Git version info
2025-11-02T06:05:07.7704953Z Working directory is '/home/runner/work/winetricks/winetricks'
2025-11-02T06:05:07.7705874Z [command]/usr/bin/git version
2025-11-02T06:05:07.7758006Z git version 2.51.2
2025-11-02T06:05:07.7780850Z ##[endgroup]
2025-11-02T06:05:07.7795109Z Temporarily overriding HOME='/home/runner/work/_temp/97175588-e769-414c-b6d5-97bfd218b0b8' before making global git config changes
2025-11-02T06:05:07.7797258Z Adding repository directory to the temporary git global config as a safe directory
2025-11-02T06:05:07.7809197Z [command]/usr/bin/git config --global --add safe.directory /home/runner/work/winetricks/winetricks
2025-11-02T06:05:07.7839566Z Deleting the contents of '/home/runner/work/winetricks/winetricks'
2025-11-02T06:05:07.7842484Z ##[group]Initializing the repository
2025-11-02T06:05:07.7845978Z [command]/usr/bin/git init /home/runner/work/winetricks/winetricks
2025-11-02T06:05:07.7924674Z hint: Using 'master' as the name for the initial branch. This default branch name
2025-11-02T06:05:07.7925537Z hint: is subject to change. To configure the initial branch name to use in all
2025-11-02T06:05:07.7926336Z hint: of your new repositories, which will suppress this warning, call:
2025-11-02T06:05:07.7926920Z hint:
2025-11-02T06:05:07.7927703Z hint: 	git config --global init.defaultBranch <name>
2025-11-02T06:05:07.7928564Z hint:
2025-11-02T06:05:07.7929348Z hint: Names commonly chosen instead of 'master' are 'main', 'trunk' and
2025-11-02T06:05:07.7930122Z hint: 'development'. The just-created branch can be renamed via this command:
2025-11-02T06:05:07.7930735Z hint:
2025-11-02T06:05:07.7931057Z hint: 	git branch -m <name>
2025-11-02T06:05:07.7931444Z hint:
2025-11-02T06:05:07.7931937Z hint: Disable this message with "git config set advice.defaultBranchName false"
2025-11-02T06:05:07.7933277Z Initialized empty Git repository in /home/runner/work/winetricks/winetricks/.git/
2025-11-02T06:05:07.7939190Z [command]/usr/bin/git remote add origin https://github.com/ryzendew/winetricks
2025-11-02T06:05:07.7965162Z ##[endgroup]
2025-11-02T06:05:07.7965835Z ##[group]Disabling automatic garbage collection
2025-11-02T06:05:07.7968769Z [command]/usr/bin/git config --local gc.auto 0
2025-11-02T06:05:07.7990008Z ##[endgroup]
2025-11-02T06:05:07.7990612Z ##[group]Setting up auth
2025-11-02T06:05:07.7995787Z [command]/usr/bin/git config --local --name-only --get-regexp core\.sshCommand
2025-11-02T06:05:07.8019485Z [command]/usr/bin/git submodule foreach --recursive sh -c "git config --local --name-only --get-regexp 'core\.sshCommand' && git config --local --unset-all 'core.sshCommand' || :"
2025-11-02T06:05:07.8285617Z [command]/usr/bin/git config --local --name-only --get-regexp http\.https\:\/\/github\.com\/\.extraheader
2025-11-02T06:05:07.8308195Z [command]/usr/bin/git submodule foreach --recursive sh -c "git config --local --name-only --get-regexp 'http\.https\:\/\/github\.com\/\.extraheader' && git config --local --unset-all 'http.https://github.com/.extraheader' || :"
2025-11-02T06:05:07.8473484Z [command]/usr/bin/git config --local http.https://github.com/.extraheader AUTHORIZATION: basic ***
2025-11-02T06:05:07.8499472Z ##[endgroup]
2025-11-02T06:05:07.8500140Z ##[group]Fetching the repository
2025-11-02T06:05:07.8515698Z [command]/usr/bin/git -c protocol.version=2 fetch --no-tags --prune --no-recurse-submodules --depth=1 origin +b50115e3c7cdc8bce0b258a5b357ac884718f9a0:refs/remotes/origin/master
2025-11-02T06:05:08.2976290Z From https://github.com/ryzendew/winetricks
2025-11-02T06:05:08.2978135Z  * [new ref]         b50115e3c7cdc8bce0b258a5b357ac884718f9a0 -> origin/master
2025-11-02T06:05:08.2999341Z ##[endgroup]
2025-11-02T06:05:08.3000721Z ##[group]Determining the checkout info
2025-11-02T06:05:08.3002042Z ##[endgroup]
2025-11-02T06:05:08.3005871Z [command]/usr/bin/git sparse-checkout disable
2025-11-02T06:05:08.3043111Z [command]/usr/bin/git config --local --unset-all extensions.worktreeConfig
2025-11-02T06:05:08.3066018Z ##[group]Checking out the ref
2025-11-02T06:05:08.3068474Z [command]/usr/bin/git checkout --progress --force -B master refs/remotes/origin/master
2025-11-02T06:05:08.3136947Z Reset branch 'master'
2025-11-02T06:05:08.3138434Z branch 'master' set up to track 'origin/master'.
2025-11-02T06:05:08.3143716Z ##[endgroup]
2025-11-02T06:05:08.3171000Z [command]/usr/bin/git log -1 --format=%H
2025-11-02T06:05:08.3188414Z b50115e3c7cdc8bce0b258a5b357ac884718f9a0
2025-11-02T06:05:08.3626106Z ##[group]Run dtolnay/rust-toolchain@stable
2025-11-02T06:05:08.3627152Z with:
2025-11-02T06:05:08.3627959Z   toolchain: stable
2025-11-02T06:05:08.3628862Z ##[endgroup]
2025-11-02T06:05:08.3784196Z ##[group]Run : parse toolchain version
2025-11-02T06:05:08.3785326Z [36;1m: parse toolchain version[0m
2025-11-02T06:05:08.3786276Z [36;1mif [[ -z $toolchain ]]; then[0m
2025-11-02T06:05:08.3788139Z [36;1m  # GitHub does not enforce `required: true` inputs itself. https://github.com/actions/runner/issues/1070[0m
2025-11-02T06:05:08.3789915Z [36;1m  echo "'toolchain' is a required input" >&2[0m
2025-11-02T06:05:08.3790927Z [36;1m  exit 1[0m
2025-11-02T06:05:08.3792004Z [36;1melif [[ $toolchain =~ ^stable' '[0-9]+' '(year|month|week|day)s?' 'ago$ ]]; then[0m
2025-11-02T06:05:08.3793346Z [36;1m  if [[ Linux == macOS ]]; then[0m
2025-11-02T06:05:08.3795001Z [36;1m    echo "toolchain=1.$((($(date -v-$(sed 's/stable \([0-9]*\) \(.\).*/\1\2/' <<< $toolchain) +%s)/60/60/24-16569)/7/6))" >> $GITHUB_OUTPUT[0m
2025-11-02T06:05:08.3796601Z [36;1m  else[0m
2025-11-02T06:05:08.3798026Z [36;1m    echo "toolchain=1.$((($(date --date "${toolchain#stable }" +%s)/60/60/24-16569)/7/6))" >> $GITHUB_OUTPUT[0m
2025-11-02T06:05:08.3799546Z [36;1m  fi[0m
2025-11-02T06:05:08.3800566Z [36;1melif [[ $toolchain =~ ^stable' 'minus' '[0-9]+' 'releases?$ ]]; then[0m
2025-11-02T06:05:08.3802281Z [36;1m  echo "toolchain=1.$((($(date +%s)/60/60/24-16569)/7/6-${toolchain//[^0-9]/}))" >> $GITHUB_OUTPUT[0m
2025-11-02T06:05:08.3803778Z [36;1melif [[ $toolchain =~ ^1\.[0-9]+$ ]]; then[0m
2025-11-02T06:05:08.3805449Z [36;1m  echo "toolchain=1.$((i=${toolchain#1.}, c=($(date +%s)/60/60/24-16569)/7/6, i+9*i*(10*i<=c)+90*i*(100*i<=c)))" >> $GITHUB_OUTPUT[0m
2025-11-02T06:05:08.3807040Z [36;1melse[0m
2025-11-02T06:05:08.3808095Z [36;1m  echo "toolchain=$toolchain" >> $GITHUB_OUTPUT[0m
2025-11-02T06:05:08.3809134Z [36;1mfi[0m
2025-11-02T06:05:08.3834236Z shell: /usr/bin/bash --noprofile --norc -e -o pipefail {0}
2025-11-02T06:05:08.3835371Z env:
2025-11-02T06:05:08.3836004Z   toolchain: stable
2025-11-02T06:05:08.3836766Z ##[endgroup]
2025-11-02T06:05:08.3983127Z ##[group]Run : construct rustup command line
2025-11-02T06:05:08.3984179Z [36;1m: construct rustup command line[0m
2025-11-02T06:05:08.3985596Z [36;1mecho "targets=$(for t in ${targets//,/ }; do echo -n ' --target' $t; done)" >> $GITHUB_OUTPUT[0m
2025-11-02T06:05:08.3987722Z [36;1mecho "components=$(for c in ${components//,/ }; do echo -n ' --component' $c; done)" >> $GITHUB_OUTPUT[0m
2025-11-02T06:05:08.3989330Z [36;1mecho "downgrade=" >> $GITHUB_OUTPUT[0m
2025-11-02T06:05:08.4006808Z shell: /usr/bin/bash --noprofile --norc -e -o pipefail {0}
2025-11-02T06:05:08.4008106Z env:
2025-11-02T06:05:08.4008721Z   targets: 
2025-11-02T06:05:08.4009368Z   components: 
2025-11-02T06:05:08.4010026Z ##[endgroup]
2025-11-02T06:05:08.4099836Z ##[group]Run : set $CARGO_HOME
2025-11-02T06:05:08.4100694Z [36;1m: set $CARGO_HOME[0m
2025-11-02T06:05:08.4101801Z [36;1mecho CARGO_HOME=${CARGO_HOME:-"$HOME/.cargo"} >> $GITHUB_ENV[0m
2025-11-02T06:05:08.4119365Z shell: /usr/bin/bash --noprofile --norc -e -o pipefail {0}
2025-11-02T06:05:08.4120515Z ##[endgroup]
2025-11-02T06:05:08.4210439Z ##[group]Run : install rustup if needed
2025-11-02T06:05:08.4211418Z [36;1m: install rustup if needed[0m
2025-11-02T06:05:08.4212410Z [36;1mif ! command -v rustup &>/dev/null; then[0m
2025-11-02T06:05:08.4214716Z [36;1m  curl --proto '=https' --tlsv1.2 --retry 10 --retry-connrefused --location --silent --show-error --fail https://sh.rustup.rs | sh -s -- --default-toolchain none -y[0m
2025-11-02T06:05:08.4216984Z [36;1m  echo "$CARGO_HOME/bin" >> $GITHUB_PATH[0m
2025-11-02T06:05:08.4218070Z [36;1mfi[0m
2025-11-02T06:05:08.4235122Z shell: /usr/bin/bash --noprofile --norc -e -o pipefail {0}
2025-11-02T06:05:08.4236219Z env:
2025-11-02T06:05:08.4236891Z   CARGO_HOME: /home/runner/.cargo
2025-11-02T06:05:08.4237880Z ##[endgroup]
2025-11-02T06:05:08.4329286Z ##[group]Run rustup toolchain install stable --profile minimal --no-self-update
2025-11-02T06:05:08.4331069Z [36;1mrustup toolchain install stable --profile minimal --no-self-update[0m
2025-11-02T06:05:08.4349441Z shell: /usr/bin/bash --noprofile --norc -e -o pipefail {0}
2025-11-02T06:05:08.4350583Z env:
2025-11-02T06:05:08.4351255Z   CARGO_HOME: /home/runner/.cargo
2025-11-02T06:05:08.4352094Z ##[endgroup]
2025-11-02T06:05:08.6710577Z info: syncing channel updates for 'stable-x86_64-unknown-linux-gnu'
2025-11-02T06:05:08.9179884Z info: latest update on 2025-10-30, rust version 1.91.0 (f8297e351 2025-10-28)
2025-11-02T06:05:08.9456221Z info: downloading component 'clippy'
2025-11-02T06:05:09.1217637Z info: downloading component 'rustfmt'
2025-11-02T06:05:09.2689838Z info: downloading component 'cargo'
2025-11-02T06:05:09.5237174Z info: downloading component 'rust-std'
2025-11-02T06:05:09.9570981Z info: downloading component 'rustc'
2025-11-02T06:05:10.9160165Z info: removing previous version of component 'clippy'
2025-11-02T06:05:10.9176580Z info: removing previous version of component 'rustfmt'
2025-11-02T06:05:10.9188226Z info: removing previous version of component 'cargo'
2025-11-02T06:05:10.9220258Z info: removing previous version of component 'rust-std'
2025-11-02T06:05:10.9236969Z info: removing previous version of component 'rustc'
2025-11-02T06:05:10.9266930Z info: installing component 'clippy'
2025-11-02T06:05:11.3543606Z info: installing component 'rustfmt'
2025-11-02T06:05:11.6008856Z info: installing component 'cargo'
2025-11-02T06:05:12.3536725Z info: installing component 'rust-std'
2025-11-02T06:05:14.4266754Z info: installing component 'rustc'
2025-11-02T06:05:19.4753721Z 
2025-11-02T06:05:19.4844164Z   stable-x86_64-unknown-linux-gnu updated - rustc 1.91.0 (f8297e351 2025-10-28) (from rustc 1.90.0 (1159e78c4 2025-09-14))
2025-11-02T06:05:19.4845197Z 
2025-11-02T06:05:19.4900867Z ##[group]Run rustup default stable
2025-11-02T06:05:19.4901369Z [36;1mrustup default stable[0m
2025-11-02T06:05:19.4933284Z shell: /usr/bin/bash --noprofile --norc -e -o pipefail {0}
2025-11-02T06:05:19.4933858Z env:
2025-11-02T06:05:19.4934193Z   CARGO_HOME: /home/runner/.cargo
2025-11-02T06:05:19.4934626Z ##[endgroup]
2025-11-02T06:05:19.5039903Z info: using existing install for 'stable-x86_64-unknown-linux-gnu'
2025-11-02T06:05:19.5366206Z info: default toolchain set to 'stable-x86_64-unknown-linux-gnu'
2025-11-02T06:05:19.5366735Z 
2025-11-02T06:05:19.5448122Z   stable-x86_64-unknown-linux-gnu unchanged - rustc 1.91.0 (f8297e351 2025-10-28)
2025-11-02T06:05:19.5448827Z 
2025-11-02T06:05:19.5482852Z ##[group]Run : create cachekey
2025-11-02T06:05:19.5483114Z [36;1m: create cachekey[0m
2025-11-02T06:05:19.5483540Z [36;1mDATE=$(rustc +stable --version --verbose | sed -ne 's/^commit-date: \(20[0-9][0-9]\)-\([01][0-9]\)-\([0-3][0-9]\)$/\1\2\3/p')[0m
2025-11-02T06:05:19.5484091Z [36;1mHASH=$(rustc +stable --version --verbose | sed -ne 's/^commit-hash: //p')[0m
2025-11-02T06:05:19.5484542Z [36;1mecho "cachekey=$(echo $DATE$HASH | head -c12)" >> $GITHUB_OUTPUT[0m
2025-11-02T06:05:19.5505121Z shell: /usr/bin/bash --noprofile --norc -e -o pipefail {0}
2025-11-02T06:05:19.5505434Z env:
2025-11-02T06:05:19.5505622Z   CARGO_HOME: /home/runner/.cargo
2025-11-02T06:05:19.5505873Z ##[endgroup]
2025-11-02T06:05:19.5847430Z ##[group]Run : disable incremental compilation
2025-11-02T06:05:19.5848147Z [36;1m: disable incremental compilation[0m
2025-11-02T06:05:19.5848436Z [36;1mif [ -z "${CARGO_INCREMENTAL+set}" ]; then[0m
2025-11-02T06:05:19.5848727Z [36;1m  echo CARGO_INCREMENTAL=0 >> $GITHUB_ENV[0m
2025-11-02T06:05:19.5848964Z [36;1mfi[0m
2025-11-02T06:05:19.5869269Z shell: /usr/bin/bash --noprofile --norc -e -o pipefail {0}
2025-11-02T06:05:19.5869576Z env:
2025-11-02T06:05:19.5869761Z   CARGO_HOME: /home/runner/.cargo
2025-11-02T06:05:19.5869993Z ##[endgroup]
2025-11-02T06:05:19.5925855Z ##[group]Run : enable colors in Cargo output
2025-11-02T06:05:19.5926154Z [36;1m: enable colors in Cargo output[0m
2025-11-02T06:05:19.5926624Z [36;1mif [ -z "${CARGO_TERM_COLOR+set}" ]; then[0m
2025-11-02T06:05:19.5926934Z [36;1m  echo CARGO_TERM_COLOR=always >> $GITHUB_ENV[0m
2025-11-02T06:05:19.5927278Z [36;1mfi[0m
2025-11-02T06:05:19.5946231Z shell: /usr/bin/bash --noprofile --norc -e -o pipefail {0}
2025-11-02T06:05:19.5946547Z env:
2025-11-02T06:05:19.5946738Z   CARGO_HOME: /home/runner/.cargo
2025-11-02T06:05:19.5946987Z   CARGO_INCREMENTAL: 0
2025-11-02T06:05:19.5947177Z ##[endgroup]
2025-11-02T06:05:19.6004929Z ##[group]Run : enable Cargo sparse registry
2025-11-02T06:05:19.6005228Z [36;1m: enable Cargo sparse registry[0m
2025-11-02T06:05:19.6005549Z [36;1m# implemented in 1.66, stabilized in 1.68, made default in 1.70[0m
2025-11-02T06:05:19.6006132Z [36;1mif [ -z "${CARGO_REGISTRIES_CRATES_IO_PROTOCOL+set}" -o -f "/home/runner/work/_temp"/.implicit_cargo_registries_crates_io_protocol ]; then[0m
2025-11-02T06:05:19.6006729Z [36;1m  if rustc +stable --version --verbose | grep -q '^release: 1\.6[89]\.'; then[0m
2025-11-02T06:05:19.6007222Z [36;1m    touch "/home/runner/work/_temp"/.implicit_cargo_registries_crates_io_protocol || true[0m
2025-11-02T06:05:19.6007910Z [36;1m    echo CARGO_REGISTRIES_CRATES_IO_PROTOCOL=sparse >> $GITHUB_ENV[0m
2025-11-02T06:05:19.6008348Z [36;1m  elif rustc +stable --version --verbose | grep -q '^release: 1\.6[67]\.'; then[0m
2025-11-02T06:05:19.6008826Z [36;1m    touch "/home/runner/work/_temp"/.implicit_cargo_registries_crates_io_protocol || true[0m
2025-11-02T06:05:19.6009258Z [36;1m    echo CARGO_REGISTRIES_CRATES_IO_PROTOCOL=git >> $GITHUB_ENV[0m
2025-11-02T06:05:19.6009557Z [36;1m  fi[0m
2025-11-02T06:05:19.6009724Z [36;1mfi[0m
2025-11-02T06:05:19.6028668Z shell: /usr/bin/bash --noprofile --norc -e -o pipefail {0}
2025-11-02T06:05:19.6028976Z env:
2025-11-02T06:05:19.6029160Z   CARGO_HOME: /home/runner/.cargo
2025-11-02T06:05:19.6029402Z   CARGO_INCREMENTAL: 0
2025-11-02T06:05:19.6029603Z   CARGO_TERM_COLOR: always
2025-11-02T06:05:19.6029802Z ##[endgroup]
2025-11-02T06:05:19.6340600Z ##[group]Run : work around spurious network errors in curl 8.0
2025-11-02T06:05:19.6340985Z [36;1m: work around spurious network errors in curl 8.0[0m
2025-11-02T06:05:19.6341481Z [36;1m# https://rust-lang.zulipchat.com/#narrow/stream/246057-t-cargo/topic/timeout.20investigation[0m
2025-11-02T06:05:19.6342010Z [36;1mif rustc +stable --version --verbose | grep -q '^release: 1\.7[01]\.'; then[0m
2025-11-02T06:05:19.6342399Z [36;1m  echo CARGO_HTTP_MULTIPLEXING=false >> $GITHUB_ENV[0m
2025-11-02T06:05:19.6342658Z [36;1mfi[0m
2025-11-02T06:05:19.6363758Z shell: /usr/bin/bash --noprofile --norc -e -o pipefail {0}
2025-11-02T06:05:19.6364060Z env:
2025-11-02T06:05:19.6364259Z   CARGO_HOME: /home/runner/.cargo
2025-11-02T06:05:19.6364522Z   CARGO_INCREMENTAL: 0
2025-11-02T06:05:19.6364798Z   CARGO_TERM_COLOR: always
2025-11-02T06:05:19.6365001Z ##[endgroup]
2025-11-02T06:05:19.6551696Z ##[group]Run rustc +stable --version --verbose
2025-11-02T06:05:19.6552007Z [36;1mrustc +stable --version --verbose[0m
2025-11-02T06:05:19.6571828Z shell: /usr/bin/bash --noprofile --norc -e -o pipefail {0}
2025-11-02T06:05:19.6572125Z env:
2025-11-02T06:05:19.6572328Z   CARGO_HOME: /home/runner/.cargo
2025-11-02T06:05:19.6572553Z   CARGO_INCREMENTAL: 0
2025-11-02T06:05:19.6572760Z   CARGO_TERM_COLOR: always
2025-11-02T06:05:19.6572952Z ##[endgroup]
2025-11-02T06:05:19.6718579Z rustc 1.91.0 (f8297e351 2025-10-28)
2025-11-02T06:05:19.6719028Z binary: rustc
2025-11-02T06:05:19.6719442Z commit-hash: f8297e351a40c1439a467bbbb6879088047f50b3
2025-11-02T06:05:19.6719877Z commit-date: 2025-10-28
2025-11-02T06:05:19.6720199Z host: x86_64-unknown-linux-gnu
2025-11-02T06:05:19.6720534Z release: 1.91.0
2025-11-02T06:05:19.6720815Z LLVM version: 21.1.2
2025-11-02T06:05:19.6864489Z ##[group]Run sudo apt-get update
2025-11-02T06:05:19.6864794Z [36;1msudo apt-get update[0m
2025-11-02T06:05:19.6865027Z [36;1msudo apt-get install -y \[0m
2025-11-02T06:05:19.6865268Z [36;1m  build-essential \[0m
2025-11-02T06:05:19.6865469Z [36;1m  libssl-dev \[0m
2025-11-02T06:05:19.6865674Z [36;1m  pkg-config \[0m
2025-11-02T06:05:19.6865856Z [36;1m  ccache[0m
2025-11-02T06:05:19.6866227Z [36;1m# Install Docker (avoid conflicts with existing containerd)[0m
2025-11-02T06:05:19.6866560Z [36;1msudo apt-get install -y docker.io || \[0m
2025-11-02T06:05:19.6866890Z [36;1m  (sudo apt-get remove -y containerd.io 2>/dev/null || true; \[0m
2025-11-02T06:05:19.6867220Z [36;1m   sudo apt-get install -y docker.io)[0m
2025-11-02T06:05:19.6867484Z [36;1msudo systemctl start docker || true[0m
2025-11-02T06:05:19.6867956Z [36;1m# Verify Docker works[0m
2025-11-02T06:05:19.6868242Z [36;1msudo docker ps || echo "Docker verification skipped"[0m
2025-11-02T06:05:19.6889999Z shell: /usr/bin/bash -e {0}
2025-11-02T06:05:19.6890232Z env:
2025-11-02T06:05:19.6890422Z   CARGO_HOME: /home/runner/.cargo
2025-11-02T06:05:19.6890648Z   CARGO_INCREMENTAL: 0
2025-11-02T06:05:19.6890854Z   CARGO_TERM_COLOR: always
2025-11-02T06:05:19.6891048Z ##[endgroup]
2025-11-02T06:05:19.7532432Z Get:1 file:/etc/apt/apt-mirrors.txt Mirrorlist [144 B]
2025-11-02T06:05:19.7799111Z Hit:2 http://azure.archive.ubuntu.com/ubuntu noble InRelease
2025-11-02T06:05:19.7816228Z Get:3 http://azure.archive.ubuntu.com/ubuntu noble-updates InRelease [126 kB]
2025-11-02T06:05:19.7871604Z Get:4 http://azure.archive.ubuntu.com/ubuntu noble-backports InRelease [126 kB]
2025-11-02T06:05:19.7887818Z Get:5 http://azure.archive.ubuntu.com/ubuntu noble-security InRelease [126 kB]
2025-11-02T06:05:19.7916536Z Hit:6 https://packages.microsoft.com/repos/azure-cli noble InRelease
2025-11-02T06:05:19.7959680Z Get:7 https://packages.microsoft.com/ubuntu/24.04/prod noble InRelease [3600 B]
2025-11-02T06:05:19.8875684Z Get:8 http://azure.archive.ubuntu.com/ubuntu noble-updates/main amd64 Packages [1573 kB]
2025-11-02T06:05:19.9015610Z Get:9 http://azure.archive.ubuntu.com/ubuntu noble-updates/main Translation-en [297 kB]
2025-11-02T06:05:19.9034790Z Get:10 http://azure.archive.ubuntu.com/ubuntu noble-updates/main amd64 Components [175 kB]
2025-11-02T06:05:19.9041777Z Get:11 http://azure.archive.ubuntu.com/ubuntu noble-updates/main amd64 c-n-f Metadata [15.4 kB]
2025-11-02T06:05:19.9068879Z Get:12 http://azure.archive.ubuntu.com/ubuntu noble-updates/universe amd64 Packages [1498 kB]
2025-11-02T06:05:19.9132545Z Get:13 http://azure.archive.ubuntu.com/ubuntu noble-updates/universe Translation-en [303 kB]
2025-11-02T06:05:19.9155405Z Get:14 http://azure.archive.ubuntu.com/ubuntu noble-updates/universe amd64 Components [378 kB]
2025-11-02T06:05:19.9184159Z Get:15 http://azure.archive.ubuntu.com/ubuntu noble-updates/universe amd64 c-n-f Metadata [31.4 kB]
2025-11-02T06:05:19.9190802Z Get:16 http://azure.archive.ubuntu.com/ubuntu noble-updates/restricted amd64 Packages [2226 kB]
2025-11-02T06:05:19.9308043Z Get:17 http://azure.archive.ubuntu.com/ubuntu noble-updates/restricted Translation-en [505 kB]
2025-11-02T06:05:19.9769253Z Get:18 http://azure.archive.ubuntu.com/ubuntu noble-updates/restricted amd64 Components [212 B]
2025-11-02T06:05:19.9776681Z Get:19 http://azure.archive.ubuntu.com/ubuntu noble-updates/multiverse amd64 Components [940 B]
2025-11-02T06:05:19.9784386Z Get:20 http://azure.archive.ubuntu.com/ubuntu noble-backports/main amd64 Components [7160 B]
2025-11-02T06:05:19.9792119Z Get:21 http://azure.archive.ubuntu.com/ubuntu noble-backports/universe amd64 Components [11.0 kB]
2025-11-02T06:05:19.9799058Z Get:22 http://azure.archive.ubuntu.com/ubuntu noble-backports/restricted amd64 Components [212 B]
2025-11-02T06:05:19.9803208Z Get:23 http://azure.archive.ubuntu.com/ubuntu noble-backports/multiverse amd64 Components [212 B]
2025-11-02T06:05:20.0047878Z Get:24 http://azure.archive.ubuntu.com/ubuntu noble-security/main amd64 Packages [1270 kB]
2025-11-02T06:05:20.0109348Z Get:25 http://azure.archive.ubuntu.com/ubuntu noble-security/main amd64 Components [21.5 kB]
2025-11-02T06:05:20.0121122Z Get:26 http://azure.archive.ubuntu.com/ubuntu noble-security/main amd64 c-n-f Metadata [9008 B]
2025-11-02T06:05:20.0125499Z Get:27 http://azure.archive.ubuntu.com/ubuntu noble-security/universe amd64 Packages [906 kB]
2025-11-02T06:05:20.0177112Z Get:28 http://azure.archive.ubuntu.com/ubuntu noble-security/universe Translation-en [203 kB]
2025-11-02T06:05:20.0183960Z Get:29 http://azure.archive.ubuntu.com/ubuntu noble-security/universe amd64 Components [52.2 kB]
2025-11-02T06:05:20.0193632Z Get:30 http://azure.archive.ubuntu.com/ubuntu noble-security/universe amd64 c-n-f Metadata [19.4 kB]
2025-11-02T06:05:20.0199662Z Get:31 http://azure.archive.ubuntu.com/ubuntu noble-security/restricted amd64 Components [212 B]
2025-11-02T06:05:20.0610915Z Get:32 http://azure.archive.ubuntu.com/ubuntu noble-security/multiverse amd64 Components [208 B]
2025-11-02T06:05:20.0786501Z Get:33 https://packages.microsoft.com/ubuntu/24.04/prod noble/main armhf Packages [11.1 kB]
2025-11-02T06:05:20.0821583Z Get:34 https://packages.microsoft.com/ubuntu/24.04/prod noble/main amd64 Packages [66.4 kB]
2025-11-02T06:05:20.0858311Z Get:35 https://packages.microsoft.com/ubuntu/24.04/prod noble/main arm64 Packages [48.8 kB]
2025-11-02T06:05:27.6354995Z Fetched 10.0 MB in 1s (8617 kB/s)
2025-11-02T06:05:28.3660568Z Reading package lists...
2025-11-02T06:05:28.3967805Z Reading package lists...
2025-11-02T06:05:28.5425072Z Building dependency tree...
2025-11-02T06:05:28.5430829Z Reading state information...
2025-11-02T06:05:28.7018214Z libssl-dev is already the newest version (3.0.13-0ubuntu3.6).
2025-11-02T06:05:28.7018921Z pkg-config is already the newest version (1.8.1-2build1).
2025-11-02T06:05:28.7019298Z The following additional packages will be installed:
2025-11-02T06:05:28.7022705Z   libhiredis1.1.0
2025-11-02T06:05:28.7030406Z Suggested packages:
2025-11-02T06:05:28.7031067Z   distcc | icecc
2025-11-02T06:05:28.7185123Z The following NEW packages will be installed:
2025-11-02T06:05:28.7193165Z   build-essential ccache libhiredis1.1.0
2025-11-02T06:05:28.7352980Z 0 upgraded, 3 newly installed, 0 to remove and 36 not upgraded.
2025-11-02T06:05:28.7353467Z Need to get 638 kB of archives.
2025-11-02T06:05:28.7353775Z After this operation, 1774 kB of additional disk space will be used.
2025-11-02T06:05:28.7354155Z Get:1 file:/etc/apt/apt-mirrors.txt Mirrorlist [144 B]
2025-11-02T06:05:28.8038287Z Get:2 http://azure.archive.ubuntu.com/ubuntu noble/main amd64 build-essential amd64 12.10ubuntu1 [4928 B]
2025-11-02T06:05:28.8514687Z Get:3 http://azure.archive.ubuntu.com/ubuntu noble/universe amd64 libhiredis1.1.0 amd64 1.2.0-6ubuntu3 [41.4 kB]
2025-11-02T06:05:28.9615712Z Get:4 http://azure.archive.ubuntu.com/ubuntu noble/universe amd64 ccache amd64 4.9.1-1 [592 kB]
2025-11-02T06:05:29.3838480Z Fetched 638 kB in 0s (1544 kB/s)
2025-11-02T06:05:29.4049600Z Selecting previously unselected package build-essential.
2025-11-02T06:05:29.4269550Z (Reading database ... 
2025-11-02T06:05:29.4269919Z (Reading database ... 5%
2025-11-02T06:05:29.4270178Z (Reading database ... 10%
2025-11-02T06:05:29.4270373Z (Reading database ... 15%
2025-11-02T06:05:29.4270575Z (Reading database ... 20%
2025-11-02T06:05:29.4270765Z (Reading database ... 25%
2025-11-02T06:05:29.4271060Z (Reading database ... 30%
2025-11-02T06:05:29.4271394Z (Reading database ... 35%
2025-11-02T06:05:29.4271820Z (Reading database ... 40%
2025-11-02T06:05:29.4272215Z (Reading database ... 45%
2025-11-02T06:05:29.4272567Z (Reading database ... 50%
2025-11-02T06:05:29.4356224Z (Reading database ... 55%
2025-11-02T06:05:29.5395686Z (Reading database ... 60%
2025-11-02T06:05:29.6750415Z (Reading database ... 65%
2025-11-02T06:05:29.7162574Z (Reading database ... 70%
2025-11-02T06:05:29.8018910Z (Reading database ... 75%
2025-11-02T06:05:29.9554380Z (Reading database ... 80%
2025-11-02T06:05:30.1895521Z (Reading database ... 85%
2025-11-02T06:05:30.3433012Z (Reading database ... 90%
2025-11-02T06:05:30.4512600Z (Reading database ... 95%
2025-11-02T06:05:30.4513007Z (Reading database ... 100%
2025-11-02T06:05:30.4513361Z (Reading database ... 215550 files and directories currently installed.)
2025-11-02T06:05:30.4558036Z Preparing to unpack .../build-essential_12.10ubuntu1_amd64.deb ...
2025-11-02T06:05:30.4585193Z Unpacking build-essential (12.10ubuntu1) ...
2025-11-02T06:05:30.4792866Z Selecting previously unselected package libhiredis1.1.0:amd64.
2025-11-02T06:05:30.4904608Z Preparing to unpack .../libhiredis1.1.0_1.2.0-6ubuntu3_amd64.deb ...
2025-11-02T06:05:30.4929994Z Unpacking libhiredis1.1.0:amd64 (1.2.0-6ubuntu3) ...
2025-11-02T06:05:30.5104361Z Selecting previously unselected package ccache.
2025-11-02T06:05:30.5215403Z Preparing to unpack .../ccache_4.9.1-1_amd64.deb ...
2025-11-02T06:05:30.5225539Z Unpacking ccache (4.9.1-1) ...
2025-11-02T06:05:30.5665287Z Setting up build-essential (12.10ubuntu1) ...
2025-11-02T06:05:30.5694283Z Setting up libhiredis1.1.0:amd64 (1.2.0-6ubuntu3) ...
2025-11-02T06:05:30.5729694Z Setting up ccache (4.9.1-1) ...
2025-11-02T06:05:30.5762017Z Updating symlinks in /usr/lib/ccache ...
2025-11-02T06:05:30.6050718Z Processing triggers for libc-bin (2.39-0ubuntu8.6) ...
2025-11-02T06:05:30.6337023Z Processing triggers for man-db (2.12.0-4build2) ...
2025-11-02T06:05:40.3791066Z 
2025-11-02T06:05:40.3791722Z Running kernel seems to be up-to-date.
2025-11-02T06:05:40.3792117Z 
2025-11-02T06:05:40.3792223Z No services need to be restarted.
2025-11-02T06:05:40.3792410Z 
2025-11-02T06:05:40.3792514Z No containers need to be restarted.
2025-11-02T06:05:40.3792695Z 
2025-11-02T06:05:40.3792821Z No user sessions are running outdated binaries.
2025-11-02T06:05:40.3793041Z 
2025-11-02T06:05:40.3793242Z No VM guests are running outdated hypervisor (qemu) binaries on this host.
2025-11-02T06:05:41.1867065Z Reading package lists...
2025-11-02T06:05:41.3405009Z Building dependency tree...
2025-11-02T06:05:41.3411762Z Reading state information...
2025-11-02T06:05:41.4060441Z Some packages could not be installed. This may mean that you have
2025-11-02T06:05:41.4061097Z requested an impossible situation or if you are using the unstable
2025-11-02T06:05:41.4061717Z distribution that some required packages have not yet been created
2025-11-02T06:05:41.4062185Z or been moved out of Incoming.
2025-11-02T06:05:41.4062609Z The following information may help to resolve the situation:
2025-11-02T06:05:41.4062971Z 
2025-11-02T06:05:41.4063132Z The following packages have unmet dependencies:
2025-11-02T06:05:41.4889489Z  containerd.io : Conflicts: containerd
2025-11-02T06:05:41.4934642Z E: Error, pkgProblemResolver::Resolve generated breaks, this may be caused by held packages.
2025-11-02T06:05:41.5143881Z Reading package lists...
2025-11-02T06:05:41.6548640Z Building dependency tree...
2025-11-02T06:05:41.6555304Z Reading state information...
2025-11-02T06:05:41.8218954Z The following packages will be REMOVED:
2025-11-02T06:05:41.8225621Z   containerd.io docker-ce
2025-11-02T06:05:42.0612984Z 0 upgraded, 0 newly installed, 2 to remove and 36 not upgraded.
2025-11-02T06:05:42.0613379Z After this operation, 218 MB disk space will be freed.
2025-11-02T06:05:42.0758343Z (Reading database ... 
2025-11-02T06:05:42.0758721Z (Reading database ... 5%
2025-11-02T06:05:42.0759131Z (Reading database ... 10%
2025-11-02T06:05:42.0759566Z (Reading database ... 15%
2025-11-02T06:05:42.0759922Z (Reading database ... 20%
2025-11-02T06:05:42.0760169Z (Reading database ... 25%
2025-11-02T06:05:42.0760396Z (Reading database ... 30%
2025-11-02T06:05:42.0760621Z (Reading database ... 35%
2025-11-02T06:05:42.0760849Z (Reading database ... 40%
2025-11-02T06:05:42.0761068Z (Reading database ... 45%
2025-11-02T06:05:42.0761297Z (Reading database ... 50%
2025-11-02T06:05:42.0776552Z (Reading database ... 55%
2025-11-02T06:05:42.0863505Z (Reading database ... 60%
2025-11-02T06:05:42.0882433Z (Reading database ... 65%
2025-11-02T06:05:42.0894150Z (Reading database ... 70%
2025-11-02T06:05:42.0913098Z (Reading database ... 75%
2025-11-02T06:05:42.0937842Z (Reading database ... 80%
2025-11-02T06:05:42.1059895Z (Reading database ... 85%
2025-11-02T06:05:42.1285120Z (Reading database ... 90%
2025-11-02T06:05:42.1358505Z (Reading database ... 95%
2025-11-02T06:05:42.1358890Z (Reading database ... 100%
2025-11-02T06:05:42.1359382Z (Reading database ... 215580 files and directories currently installed.)
2025-11-02T06:05:42.1400084Z Removing docker-ce (5:28.0.4-1~ubuntu.24.04~noble) ...
2025-11-02T06:05:42.4105289Z Removing containerd.io (1.7.28-1~ubuntu.24.04~noble) ...
2025-11-02T06:05:42.6863914Z Processing triggers for man-db (2.12.0-4build2) ...
2025-11-02T06:05:44.3753062Z Reading package lists...
2025-11-02T06:05:44.5237952Z Building dependency tree...
2025-11-02T06:05:44.5243582Z Reading state information...
2025-11-02T06:05:44.6856744Z The following additional packages will be installed:
2025-11-02T06:05:44.6864595Z   bridge-utils containerd dns-root-data dnsmasq-base runc ubuntu-fan
2025-11-02T06:05:44.6872511Z Suggested packages:
2025-11-02T06:05:44.6873136Z   ifupdown aufs-tools cgroupfs-mount | cgroup-lite debootstrap docker-buildx
2025-11-02T06:05:44.6873954Z   docker-compose-v2 docker-doc rinse zfs-fuse | zfsutils
2025-11-02T06:05:44.7012511Z The following packages will be REMOVED:
2025-11-02T06:05:44.7020415Z   docker-ce-cli
2025-11-02T06:05:44.7020859Z The following NEW packages will be installed:
2025-11-02T06:05:44.7029130Z   bridge-utils containerd dns-root-data dnsmasq-base docker.io runc ubuntu-fan
2025-11-02T06:05:44.7187158Z 0 upgraded, 7 newly installed, 1 to remove and 36 not upgraded.
2025-11-02T06:05:44.7187896Z Need to get 75.9 MB of archives.
2025-11-02T06:05:44.7188307Z After this operation, 245 MB of additional disk space will be used.
2025-11-02T06:05:44.7188887Z Get:1 file:/etc/apt/apt-mirrors.txt Mirrorlist [144 B]
2025-11-02T06:05:44.7814797Z Get:2 http://azure.archive.ubuntu.com/ubuntu noble/main amd64 bridge-utils amd64 1.7.1-1ubuntu2 [33.9 kB]
2025-11-02T06:05:44.8345671Z Get:3 http://azure.archive.ubuntu.com/ubuntu noble-updates/main amd64 runc amd64 1.3.0-0ubuntu2~24.04.1 [8743 kB]
2025-11-02T06:05:44.9990937Z Get:4 http://azure.archive.ubuntu.com/ubuntu noble-updates/main amd64 containerd amd64 1.7.28-0ubuntu1~24.04.1 [38.4 MB]
2025-11-02T06:05:45.5765438Z Get:5 http://azure.archive.ubuntu.com/ubuntu noble-updates/main amd64 dns-root-data all 2024071801~ubuntu0.24.04.1 [5918 B]
2025-11-02T06:05:45.6226711Z Get:6 http://azure.archive.ubuntu.com/ubuntu noble-updates/main amd64 dnsmasq-base amd64 2.90-2ubuntu0.1 [376 kB]
2025-11-02T06:05:45.6712562Z Get:7 http://azure.archive.ubuntu.com/ubuntu noble-updates/universe amd64 docker.io amd64 28.2.2-0ubuntu1~24.04.1 [28.3 MB]
2025-11-02T06:05:46.1071518Z Get:8 http://azure.archive.ubuntu.com/ubuntu noble-updates/universe amd64 ubuntu-fan all 0.12.16+24.04.1 [34.2 kB]
2025-11-02T06:05:46.3348271Z Preconfiguring packages ...
2025-11-02T06:05:46.3938990Z Fetched 75.9 MB in 1s (53.7 MB/s)
2025-11-02T06:05:46.4081096Z (Reading database ... 
2025-11-02T06:05:46.4082311Z (Reading database ... 5%
2025-11-02T06:05:46.4082683Z (Reading database ... 10%
2025-11-02T06:05:46.4083009Z (Reading database ... 15%
2025-11-02T06:05:46.4083321Z (Reading database ... 20%
2025-11-02T06:05:46.4083638Z (Reading database ... 25%
2025-11-02T06:05:46.4083950Z (Reading database ... 30%
2025-11-02T06:05:46.4084269Z (Reading database ... 35%
2025-11-02T06:05:46.4084576Z (Reading database ... 40%
2025-11-02T06:05:46.4084905Z (Reading database ... 45%
2025-11-02T06:05:46.4085212Z (Reading database ... 50%
2025-11-02T06:05:46.4101170Z (Reading database ... 55%
2025-11-02T06:05:46.4188605Z (Reading database ... 60%
2025-11-02T06:05:46.4207335Z (Reading database ... 65%
2025-11-02T06:05:46.4220376Z (Reading database ... 70%
2025-11-02T06:05:46.4240550Z (Reading database ... 75%
2025-11-02T06:05:46.4265171Z (Reading database ... 80%
2025-11-02T06:05:46.4388962Z (Reading database ... 85%
2025-11-02T06:05:46.4619248Z (Reading database ... 90%
2025-11-02T06:05:46.4694941Z (Reading database ... 95%
2025-11-02T06:05:46.4695370Z (Reading database ... 100%
2025-11-02T06:05:46.4695761Z (Reading database ... 215556 files and directories currently installed.)
2025-11-02T06:05:46.4738324Z Removing docker-ce-cli (5:28.0.4-1~ubuntu.24.04~noble) ...
2025-11-02T06:05:46.5354578Z Selecting previously unselected package bridge-utils.
2025-11-02T06:05:46.5381413Z (Reading database ... 
2025-11-02T06:05:46.5381983Z (Reading database ... 5%
2025-11-02T06:05:46.5382395Z (Reading database ... 10%
2025-11-02T06:05:46.5382810Z (Reading database ... 15%
2025-11-02T06:05:46.5383174Z (Reading database ... 20%
2025-11-02T06:05:46.5383400Z (Reading database ... 25%
2025-11-02T06:05:46.5383619Z (Reading database ... 30%
2025-11-02T06:05:46.5383847Z (Reading database ... 35%
2025-11-02T06:05:46.5384065Z (Reading database ... 40%
2025-11-02T06:05:46.5384292Z (Reading database ... 45%
2025-11-02T06:05:46.5384513Z (Reading database ... 50%
2025-11-02T06:05:46.5398760Z (Reading database ... 55%
2025-11-02T06:05:46.5487782Z (Reading database ... 60%
2025-11-02T06:05:46.5507358Z (Reading database ... 65%
2025-11-02T06:05:46.5519324Z (Reading database ... 70%
2025-11-02T06:05:46.5538825Z (Reading database ... 75%
2025-11-02T06:05:46.5564560Z (Reading database ... 80%
2025-11-02T06:05:46.5693297Z (Reading database ... 85%
2025-11-02T06:05:46.5920540Z (Reading database ... 90%
2025-11-02T06:05:46.5992854Z (Reading database ... 95%
2025-11-02T06:05:46.5993320Z (Reading database ... 100%
2025-11-02T06:05:46.5993832Z (Reading database ... 215362 files and directories currently installed.)
2025-11-02T06:05:46.6033809Z Preparing to unpack .../0-bridge-utils_1.7.1-1ubuntu2_amd64.deb ...
2025-11-02T06:05:46.6050338Z Unpacking bridge-utils (1.7.1-1ubuntu2) ...
2025-11-02T06:05:46.6247872Z Selecting previously unselected package runc.
2025-11-02T06:05:46.6356183Z Preparing to unpack .../1-runc_1.3.0-0ubuntu2~24.04.1_amd64.deb ...
2025-11-02T06:05:46.6365873Z Unpacking runc (1.3.0-0ubuntu2~24.04.1) ...
2025-11-02T06:05:46.7634332Z Selecting previously unselected package containerd.
2025-11-02T06:05:46.7748015Z Preparing to unpack .../2-containerd_1.7.28-0ubuntu1~24.04.1_amd64.deb ...
2025-11-02T06:05:46.7763206Z Unpacking containerd (1.7.28-0ubuntu1~24.04.1) ...
2025-11-02T06:05:47.2141922Z Selecting previously unselected package dns-root-data.
2025-11-02T06:05:47.2256358Z Preparing to unpack .../3-dns-root-data_2024071801~ubuntu0.24.04.1_all.deb ...
2025-11-02T06:05:47.2269000Z Unpacking dns-root-data (2024071801~ubuntu0.24.04.1) ...
2025-11-02T06:05:47.2472261Z Selecting previously unselected package dnsmasq-base.
2025-11-02T06:05:47.2584367Z Preparing to unpack .../4-dnsmasq-base_2.90-2ubuntu0.1_amd64.deb ...
2025-11-02T06:05:47.2638948Z Unpacking dnsmasq-base (2.90-2ubuntu0.1) ...
2025-11-02T06:05:47.2918635Z Selecting previously unselected package docker.io.
2025-11-02T06:05:47.3031191Z Preparing to unpack .../5-docker.io_28.2.2-0ubuntu1~24.04.1_amd64.deb ...
2025-11-02T06:05:47.3072998Z Unpacking docker.io (28.2.2-0ubuntu1~24.04.1) ...
2025-11-02T06:05:47.6806886Z Selecting previously unselected package ubuntu-fan.
2025-11-02T06:05:47.6922495Z Preparing to unpack .../6-ubuntu-fan_0.12.16+24.04.1_all.deb ...
2025-11-02T06:05:47.6949224Z Unpacking ubuntu-fan (0.12.16+24.04.1) ...
2025-11-02T06:05:47.7285142Z Setting up dnsmasq-base (2.90-2ubuntu0.1) ...
2025-11-02T06:05:47.7519756Z Setting up runc (1.3.0-0ubuntu2~24.04.1) ...
2025-11-02T06:05:47.7544693Z Setting up dns-root-data (2024071801~ubuntu0.24.04.1) ...
2025-11-02T06:05:47.7567456Z Setting up bridge-utils (1.7.1-1ubuntu2) ...
2025-11-02T06:05:47.8261843Z Setting up containerd (1.7.28-0ubuntu1~24.04.1) ...
2025-11-02T06:05:48.2177911Z Setting up ubuntu-fan (0.12.16+24.04.1) ...
2025-11-02T06:05:48.3201433Z Created symlink /etc/systemd/system/multi-user.target.wants/ubuntu-fan.service → /usr/lib/systemd/system/ubuntu-fan.service.
2025-11-02T06:05:48.3202221Z 
2025-11-02T06:05:48.6004827Z Setting up docker.io (28.2.2-0ubuntu1~24.04.1) ...
2025-11-02T06:05:50.2164152Z Processing triggers for dbus (1.14.10-4ubuntu4.1) ...
2025-11-02T06:05:50.2232570Z Processing triggers for man-db (2.12.0-4build2) ...
2025-11-02T06:05:54.4454668Z 
2025-11-02T06:05:54.4455319Z Running kernel seems to be up-to-date.
2025-11-02T06:05:54.4455575Z 
2025-11-02T06:05:54.4455693Z No services need to be restarted.
2025-11-02T06:05:54.4455871Z 
2025-11-02T06:05:54.4455976Z No containers need to be restarted.
2025-11-02T06:05:54.4456431Z 
2025-11-02T06:05:54.4456557Z No user sessions are running outdated binaries.
2025-11-02T06:05:54.4456768Z 
2025-11-02T06:05:54.4456979Z No VM guests are running outdated hypervisor (qemu) binaries on this host.
2025-11-02T06:05:55.2628961Z CONTAINER ID   IMAGE     COMMAND   CREATED   STATUS    PORTS     NAMES
2025-11-02T06:05:55.3307483Z ##[group]Run actions/cache@v4
2025-11-02T06:05:55.3307950Z with:
2025-11-02T06:05:55.3308110Z   path: ~/.ccache
2025-11-02T06:05:55.3308292Z   key: Linux-ccache-
2025-11-02T06:05:55.3308484Z   restore-keys: Linux-ccache-

2025-11-02T06:05:55.3308708Z   enableCrossOsArchive: false
2025-11-02T06:05:55.3308918Z   fail-on-cache-miss: false
2025-11-02T06:05:55.3309122Z   lookup-only: false
2025-11-02T06:05:55.3309296Z   save-always: false
2025-11-02T06:05:55.3309461Z env:
2025-11-02T06:05:55.3309620Z   CARGO_HOME: /home/runner/.cargo
2025-11-02T06:05:55.3309841Z   CARGO_INCREMENTAL: 0
2025-11-02T06:05:55.3310029Z   CARGO_TERM_COLOR: always
2025-11-02T06:05:55.3310233Z ##[endgroup]
2025-11-02T06:05:55.6395244Z Cache not found for input keys: Linux-ccache-, Linux-ccache-
2025-11-02T06:05:55.6446908Z ##[group]Run ccache --set-config=compression=true
2025-11-02T06:05:55.6447240Z [36;1mccache --set-config=compression=true[0m
2025-11-02T06:05:55.6447505Z [36;1mccache --set-config=max_size=500M[0m
2025-11-02T06:05:55.6447978Z [36;1mccache -s[0m
2025-11-02T06:05:55.6466649Z shell: /usr/bin/bash -e {0}
2025-11-02T06:05:55.6466880Z env:
2025-11-02T06:05:55.6467053Z   CARGO_HOME: /home/runner/.cargo
2025-11-02T06:05:55.6467272Z   CARGO_INCREMENTAL: 0
2025-11-02T06:05:55.6467465Z   CARGO_TERM_COLOR: always
2025-11-02T06:05:55.6467830Z   CCACHE_DIR: ~/.ccache
2025-11-02T06:05:55.6468024Z ##[endgroup]
2025-11-02T06:05:55.6600225Z Local storage:
2025-11-02T06:05:55.6600595Z   Cache size (GB): 0.0 / 0.5 ( 0.00%)
2025-11-02T06:05:55.6621185Z ##[group]Run export CC="ccache gcc"
2025-11-02T06:05:55.6621456Z [36;1mexport CC="ccache gcc"[0m
2025-11-02T06:05:55.6621681Z [36;1mexport CXX="ccache g++"[0m
2025-11-02T06:05:55.6621942Z [36;1mcargo build --release --bin winetricks[0m
2025-11-02T06:05:55.6622239Z [36;1mcargo build --release --bin winetricks-gui[0m
2025-11-02T06:05:55.6638358Z shell: /usr/bin/bash -e {0}
2025-11-02T06:05:55.6638579Z env:
2025-11-02T06:05:55.6638782Z   CARGO_HOME: /home/runner/.cargo
2025-11-02T06:05:55.6639011Z   CARGO_INCREMENTAL: 0
2025-11-02T06:05:55.6639208Z   CARGO_TERM_COLOR: always
2025-11-02T06:05:55.6639398Z   CCACHE_DIR: ~/.ccache
2025-11-02T06:05:55.6639581Z ##[endgroup]
2025-11-02T06:05:55.7340908Z [1m[92m    Updating[0m crates.io index
2025-11-02T06:05:57.9135499Z [1m[92m     Locking[0m 591 packages to latest compatible versions
2025-11-02T06:05:57.9223255Z [1m[92m      Adding[0m command-group v2.1.0 [1m[33m(available: v5.0.1)[0m
2025-11-02T06:05:57.9225375Z [1m[92m      Adding[0m config v0.14.1 [1m[33m(available: v0.15.18)[0m
2025-11-02T06:05:57.9234673Z [1m[92m      Adding[0m cosmic-text v0.1.5 [1m[33m(available: v0.15.0)[0m
2025-11-02T06:05:57.9241131Z [1m[92m      Adding[0m dirs v5.0.1 [1m[33m(available: v6.0.0)[0m
2025-11-02T06:05:57.9309728Z [1m[92m      Adding[0m iced v0.12.1 [1m[33m(available: v0.13.1)[0m
2025-11-02T06:05:57.9332216Z [1m[92m      Adding[0m indicatif v0.17.11 [1m[33m(available: v0.18.2)[0m
2025-11-02T06:05:57.9500532Z [1m[92m      Adding[0m reqwest v0.11.27 [1m[33m(available: v0.12.24)[0m
2025-11-02T06:05:57.9722033Z [1m[92m      Adding[0m thiserror v1.0.69 [1m[33m(available: v2.0.17)[0m
2025-11-02T06:05:57.9792690Z [1m[92m      Adding[0m wasm-bindgen-futures v0.4.45 [1m[33m(available: v0.4.55)[0m
2025-11-02T06:05:57.9798728Z [1m[92m      Adding[0m wasm-streams v0.4.1 [1m[33m(available: v0.4.2)[0m
2025-11-02T06:05:57.9820900Z [1m[92m      Adding[0m web-sys v0.3.67 [1m[33m(available: v0.3.82)[0m
2025-11-02T06:05:57.9854420Z [1m[92m      Adding[0m which v6.0.3 [1m[33m(available: v8.0.0)[0m
2025-11-02T06:05:58.0146242Z [1m[92m Downloading[0m crates ...
2025-11-02T06:05:58.2903796Z [1m[92m  Downloaded[0m allocator-api2 v0.2.21
2025-11-02T06:05:58.2935300Z [1m[92m  Downloaded[0m anstyle v1.0.13
2025-11-02T06:05:58.2958901Z [1m[92m  Downloaded[0m adler2 v2.0.1
2025-11-02T06:05:58.3070580Z [1m[92m  Downloaded[0m const-random v0.1.18
2025-11-02T06:05:58.3195607Z [1m[92m  Downloaded[0m anstyle-parse v0.2.7
2025-11-02T06:05:58.3220424Z [1m[92m  Downloaded[0m crossbeam-deque v0.8.6
2025-11-02T06:05:58.3242666Z [1m[92m  Downloaded[0m form_urlencoded v1.2.2
2025-11-02T06:05:58.3261014Z [1m[92m  Downloaded[0m anstream v0.6.21
2025-11-02T06:05:58.3289911Z [1m[92m  Downloaded[0m num-conv v0.1.0
2025-11-02T06:05:58.3308897Z [1m[92m  Downloaded[0m clipboard_wayland v0.2.2
2025-11-02T06:05:58.3325169Z [1m[92m  Downloaded[0m futures-macro v0.3.31
2025-11-02T06:05:58.3343526Z [1m[92m  Downloaded[0m clap_derive v4.5.49
2025-11-02T06:05:58.3371278Z [1m[92m  Downloaded[0m convert_case v0.6.0
2025-11-02T06:05:58.3392682Z [1m[92m  Downloaded[0m futures v0.3.31
2025-11-02T06:05:58.3433484Z [1m[92m  Downloaded[0m console v0.15.11
2025-11-02T06:05:58.3468035Z [1m[92m  Downloaded[0m etagere v0.2.15
2025-11-02T06:05:58.3491547Z [1m[92m  Downloaded[0m foreign-types v0.3.2
2025-11-02T06:05:58.3508488Z [1m[92m  Downloaded[0m futures-executor v0.3.31
2025-11-02T06:05:58.3529390Z [1m[92m  Downloaded[0m fontconfig-parser v0.5.8
2025-11-02T06:05:58.3576716Z [1m[92m  Downloaded[0m futures-task v0.3.31
2025-11-02T06:05:58.3594967Z [1m[92m  Downloaded[0m futures-channel v0.3.31
2025-11-02T06:05:58.3618315Z [1m[92m  Downloaded[0m command-group v2.1.0
2025-11-02T06:05:58.3669650Z [1m[92m  Downloaded[0m ordered-multimap v0.7.3
2025-11-02T06:05:58.3697621Z [1m[92m  Downloaded[0m percent-encoding v2.3.2
2025-11-02T06:05:58.3715794Z [1m[92m  Downloaded[0m once_cell v1.21.3
2025-11-02T06:05:58.3743368Z [1m[92m  Downloaded[0m find-msvc-tools v0.1.4
2025-11-02T06:05:58.3768828Z [1m[92m  Downloaded[0m nu-ansi-term v0.50.3
2025-11-02T06:05:58.3794851Z [1m[92m  Downloaded[0m num-traits v0.2.19
2025-11-02T06:05:58.3835091Z [1m[92m  Downloaded[0m openssl-macros v0.1.1
2025-11-02T06:05:58.3853507Z [1m[92m  Downloaded[0m proc-macro2 v1.0.103
2025-11-02T06:05:58.3889167Z [1m[92m  Downloaded[0m pathdiff v0.2.3
2025-11-02T06:05:58.3906963Z [1m[92m  Downloaded[0m phf v0.11.3
2025-11-02T06:05:58.3931164Z [1m[92m  Downloaded[0m parking_lot v0.12.5
2025-11-02T06:05:58.3965735Z [1m[92m  Downloaded[0m indexmap v2.12.0
2025-11-02T06:05:58.4013618Z [1m[92m  Downloaded[0m serde_derive v1.0.228
2025-11-02T06:05:58.4045556Z [1m[92m  Downloaded[0m static_assertions v1.1.0
2025-11-02T06:05:58.4062171Z [1m[92m  Downloaded[0m openssl-sys v0.9.110
2025-11-02T06:05:58.4109700Z [1m[92m  Downloaded[0m thiserror-impl v1.0.69
2025-11-02T06:05:58.4129288Z [1m[92m  Downloaded[0m rangemap v1.6.0
2025-11-02T06:05:58.4158037Z [1m[92m  Downloaded[0m renderdoc-sys v1.1.0
2025-11-02T06:05:58.4168841Z [1m[92m  Downloaded[0m rctree v0.5.0
2025-11-02T06:05:58.4186436Z [1m[92m  Downloaded[0m lru v0.12.5
2025-11-02T06:05:58.4201946Z [1m[92m  Downloaded[0m qoi v0.4.1
2025-11-02T06:05:58.4226686Z [1m[92m  Downloaded[0m rustybuzz v0.11.0
2025-11-02T06:05:58.4287000Z [1m[92m  Downloaded[0m time v0.3.44
2025-11-02T06:05:58.4350773Z [1m[92m  Downloaded[0m tower-service v0.3.3
2025-11-02T06:05:58.4366345Z [1m[92m  Downloaded[0m version_check v0.9.5
2025-11-02T06:05:58.4385238Z [1m[92m  Downloaded[0m time-core v0.1.6
2025-11-02T06:05:58.4401694Z [1m[92m  Downloaded[0m unicode-vo v0.1.0
2025-11-02T06:05:58.4410920Z [1m[92m  Downloaded[0m tinystr v0.8.2
2025-11-02T06:05:58.4427370Z [1m[92m  Downloaded[0m kamadak-exif v0.5.5
2025-11-02T06:05:58.4449741Z [1m[92m  Downloaded[0m slab v0.4.11
2025-11-02T06:05:58.4466617Z [1m[92m  Downloaded[0m writeable v0.6.2
2025-11-02T06:05:58.4483404Z [1m[92m  Downloaded[0m socket2 v0.5.10
2025-11-02T06:05:58.4510166Z [1m[92m  Downloaded[0m tinyvec v1.10.0
2025-11-02T06:05:58.4539629Z [1m[92m  Downloaded[0m unsafe-libyaml v0.2.11
2025-11-02T06:05:58.4570927Z [1m[92m  Downloaded[0m utf8_iter v1.0.4
2025-11-02T06:05:58.4588885Z [1m[92m  Downloaded[0m wayland-csd-frame v0.3.0
2025-11-02T06:05:58.4596631Z [1m[92m  Downloaded[0m want v0.3.1
2025-11-02T06:05:58.4604216Z [1m[92m  Downloaded[0m serde_json v1.0.145
2025-11-02T06:05:58.4659331Z [1m[92m  Downloaded[0m yoke-derive v0.8.1
2025-11-02T06:05:58.4667943Z [1m[92m  Downloaded[0m url v2.5.7
2025-11-02T06:05:58.4691181Z [1m[92m  Downloaded[0m wayland-sys v0.31.7
2025-11-02T06:05:58.4705009Z [1m[92m  Downloaded[0m web-time v0.2.4
2025-11-02T06:05:58.4724039Z [1m[92m  Downloaded[0m iced_graphics v0.12.1
2025-11-02T06:05:58.4770758Z [1m[92m  Downloaded[0m idna v0.3.0
2025-11-02T06:05:58.4820602Z [1m[92m  Downloaded[0m weezl v0.1.10
2025-11-02T06:05:58.4848017Z [1m[92m  Downloaded[0m unicode-properties v0.1.4
2025-11-02T06:05:58.4872460Z [1m[92m  Downloaded[0m utf8parse v0.2.2
2025-11-02T06:05:58.4886076Z [1m[92m  Downloaded[0m yazi v0.1.6
2025-11-02T06:05:58.4903386Z [1m[92m  Downloaded[0m zune-inflate v0.2.54
2025-11-02T06:05:58.4922471Z [1m[92m  Downloaded[0m zerofrom-derive v0.1.6
2025-11-02T06:05:58.4940013Z [1m[92m  Downloaded[0m zerovec-derive v0.11.2
2025-11-02T06:05:58.4959269Z [1m[92m  Downloaded[0m zeno v0.2.3
2025-11-02T06:05:58.4974010Z [1m[92m  Downloaded[0m tiny-skia v0.11.4
2025-11-02T06:05:58.5053669Z [1m[92m  Downloaded[0m tracing v0.1.41
2025-11-02T06:05:58.5087002Z [1m[92m  Downloaded[0m tracing-subscriber v0.3.20
2025-11-02T06:05:58.5147846Z [1m[92m  Downloaded[0m regex-automata v0.4.13
2025-11-02T06:05:58.5259014Z [1m[92m  Downloaded[0m tokio v1.48.0
2025-11-02T06:05:58.5498867Z [1m[92m  Downloaded[0m typenum v1.19.0
2025-11-02T06:05:58.5526901Z [1m[92m  Downloaded[0m unicode-segmentation v1.12.0
2025-11-02T06:05:58.5551851Z [1m[92m  Downloaded[0m ttf-parser v0.25.1
2025-11-02T06:05:58.5609459Z [1m[92m  Downloaded[0m x11-dl v2.21.0
2025-11-02T06:05:58.5637313Z [1m[92m  Downloaded[0m vcpkg v0.2.15
2025-11-02T06:05:58.5902120Z [1m[92m  Downloaded[0m zerotrie v0.2.3
2025-11-02T06:05:58.5926906Z [1m[92m  Downloaded[0m wgpu-hal v0.19.5
2025-11-02T06:05:58.5982579Z [1m[92m  Downloaded[0m kurbo v0.10.4
2025-11-02T06:05:58.6097094Z [1m[92m  Downloaded[0m ttf-parser v0.20.0
2025-11-02T06:05:58.6148537Z [1m[92m  Downloaded[0m tiff v0.9.1
2025-11-02T06:05:58.6234217Z [1m[92m  Downloaded[0m libc v0.2.177
2025-11-02T06:05:58.6395324Z [1m[92m  Downloaded[0m zerocopy-derive v0.8.27
2025-11-02T06:05:58.6436059Z [1m[92m  Downloaded[0m zerovec v0.11.5
2025-11-02T06:05:58.6470097Z [1m[92m  Downloaded[0m wayland-protocols v0.31.2
2025-11-02T06:05:58.6523311Z [1m[92m  Downloaded[0m winit v0.29.15
2025-11-02T06:05:58.6659667Z [1m[92m  Downloaded[0m wayland-protocols v0.32.9
2025-11-02T06:05:58.6706997Z [1m[92m  Downloaded[0m zerocopy v0.8.27
2025-11-02T06:05:58.6839975Z [1m[92m  Downloaded[0m wayland-client v0.31.11
2025-11-02T06:05:58.6855486Z [1m[92m  Downloaded[0m wayland-backend v0.3.11
2025-11-02T06:05:58.6880522Z [1m[92m  Downloaded[0m unicode-normalization v0.1.25
2025-11-02T06:05:58.6905644Z [1m[92m  Downloaded[0m jpeg-decoder v0.3.2
2025-11-02T06:05:58.6947013Z [1m[92m  Downloaded[0m gif v0.12.0
2025-11-02T06:05:58.6986955Z [1m[92m  Downloaded[0m naga v0.19.2
2025-11-02T06:05:58.7080173Z [1m[92m  Downloaded[0m xkeysym v0.2.1
2025-11-02T06:05:58.7101800Z [1m[92m  Downloaded[0m wgpu v0.19.4
2025-11-02T06:05:58.7163516Z [1m[92m  Downloaded[0m xmlparser v0.13.6
2025-11-02T06:05:58.7178464Z [1m[92m  Downloaded[0m x11rb v0.13.2
2025-11-02T06:05:58.7234390Z [1m[92m  Downloaded[0m linux-raw-sys v0.6.5
2025-11-02T06:05:58.7504143Z [1m[92m  Downloaded[0m wgpu-types v0.19.2
2025-11-02T06:05:58.7520221Z [1m[92m  Downloaded[0m winnow v0.7.13
2025-11-02T06:05:58.7573147Z [1m[92m  Downloaded[0m wgpu-core v0.19.4
2025-11-02T06:05:58.7616455Z [1m[92m  Downloaded[0m yaml-rust2 v0.8.1
2025-11-02T06:05:58.7748192Z [1m[92m  Downloaded[0m usvg-parser v0.36.0
2025-11-02T06:05:58.7768312Z [1m[92m  Downloaded[0m unicode-bidi v0.3.18
2025-11-02T06:05:58.7785809Z [1m[92m  Downloaded[0m toml_edit v0.22.27
2025-11-02T06:05:58.7813364Z [1m[92m  Downloaded[0m linux-raw-sys v0.4.15
2025-11-02T06:05:58.8123582Z [1m[92m  Downloaded[0m which v6.0.3
2025-11-02T06:05:58.8133846Z [1m[92m  Downloaded[0m iced v0.12.1
2025-11-02T06:05:58.8177108Z [1m[92m  Downloaded[0m zerofrom v0.1.6
2025-11-02T06:05:58.8183330Z [1m[92m  Downloaded[0m yoke v0.8.1
2025-11-02T06:05:58.8195755Z [1m[92m  Downloaded[0m window_clipboard v0.4.1
2025-11-02T06:05:58.8207236Z [1m[92m  Downloaded[0m x11rb-protocol v0.13.2
2025-11-02T06:05:58.8293531Z [1m[92m  Downloaded[0m wayland-protocols-wlr v0.3.9
2025-11-02T06:05:58.8306647Z [1m[92m  Downloaded[0m wayland-protocols-wlr v0.2.0
2025-11-02T06:05:58.8318918Z [1m[92m  Downloaded[0m usvg-text-layout v0.36.0
2025-11-02T06:05:58.8325888Z [1m[92m  Downloaded[0m usvg v0.36.0
2025-11-02T06:05:58.8335040Z [1m[92m  Downloaded[0m unicode-script v0.5.7
2025-11-02T06:05:58.8347082Z [1m[92m  Downloaded[0m xxhash-rust v0.8.15
2025-11-02T06:05:58.8357853Z [1m[92m  Downloaded[0m xmlwriter v0.1.0
2025-11-02T06:05:58.8364273Z [1m[92m  Downloaded[0m xkbcommon-dl v0.4.2
2025-11-02T06:05:58.8371638Z [1m[92m  Downloaded[0m xcursor v0.3.10
2025-11-02T06:05:58.8377243Z [1m[92m  Downloaded[0m unicode-width v0.2.2
2025-11-02T06:05:58.8419025Z [1m[92m  Downloaded[0m unicode-width v0.1.14
2025-11-02T06:05:58.8459894Z [1m[92m  Downloaded[0m regex-syntax v0.8.8
2025-11-02T06:05:58.8509946Z [1m[92m  Downloaded[0m read-fonts v0.22.7
2025-11-02T06:05:58.8587944Z [1m[92m  Downloaded[0m unicode-ccc v0.1.2
2025-11-02T06:05:58.8594158Z [1m[92m  Downloaded[0m ucd-trie v0.1.7
2025-11-02T06:05:58.8605032Z [1m[92m  Downloaded[0m unicode-linebreak v0.1.5
2025-11-02T06:05:58.8611481Z [1m[92m  Downloaded[0m tracing-attributes v0.1.30
2025-11-02T06:05:58.8628049Z [1m[92m  Downloaded[0m swash v0.1.19
2025-11-02T06:05:58.8674919Z [1m[92m  Downloaded[0m unicode-xid v0.2.6
2025-11-02T06:05:58.8683287Z [1m[92m  Downloaded[0m unicode-ident v1.0.22
2025-11-02T06:05:58.8700251Z [1m[92m  Downloaded[0m linux-raw-sys v0.11.0
2025-11-02T06:05:58.9076206Z [1m[92m  Downloaded[0m unicode-bidi-mirroring v0.1.0
2025-11-02T06:05:58.9081195Z [1m[92m  Downloaded[0m try-lock v0.2.5
2025-11-02T06:05:58.9086865Z [1m[92m  Downloaded[0m tracing-serde v0.2.0
2025-11-02T06:05:58.9093354Z [1m[92m  Downloaded[0m tracing-log v0.2.0
2025-11-02T06:05:58.9102707Z [1m[92m  Downloaded[0m tracing-core v0.1.34
2025-11-02T06:05:58.9119737Z [1m[92m  Downloaded[0m syn v2.0.108
2025-11-02T06:05:58.9185595Z [1m[92m  Downloaded[0m nix v0.26.4
2025-11-02T06:05:58.9245219Z [1m[92m  Downloaded[0m wayland-scanner v0.31.7
2025-11-02T06:05:58.9258808Z [1m[92m  Downloaded[0m wayland-protocols-plasma v0.2.0
2025-11-02T06:05:58.9281270Z [1m[92m  Downloaded[0m toml v0.8.23
2025-11-02T06:05:58.9296282Z [1m[92m  Downloaded[0m regex v1.12.2
2025-11-02T06:05:58.9334313Z [1m[92m  Downloaded[0m wayland-cursor v0.31.11
2025-11-02T06:05:58.9341065Z [1m[92m  Downloaded[0m toml_write v0.1.2
2025-11-02T06:05:58.9350104Z [1m[92m  Downloaded[0m toml_datetime v0.6.11
2025-11-02T06:05:58.9358317Z [1m[92m  Downloaded[0m tokio-native-tls v0.3.1
2025-11-02T06:05:58.9369366Z [1m[92m  Downloaded[0m tokio-util v0.7.16
2025-11-02T06:05:58.9411678Z [1m[92m  Downloaded[0m tokio-macros v2.6.0
2025-11-02T06:05:58.9419012Z [1m[92m  Downloaded[0m tiny-xlib v0.2.4
2025-11-02T06:05:58.9430101Z [1m[92m  Downloaded[0m tiny-skia-path v0.11.4
2025-11-02T06:05:58.9443535Z [1m[92m  Downloaded[0m smithay-client-toolkit v0.19.2
2025-11-02T06:05:58.9481093Z [1m[92m  Downloaded[0m smithay-client-toolkit v0.18.1
2025-11-02T06:05:58.9518603Z [1m[92m  Downloaded[0m skrifa v0.22.3
2025-11-02T06:05:58.9571826Z [1m[92m  Downloaded[0m hyper v0.14.32
2025-11-02T06:05:58.9616880Z [1m[92m  Downloaded[0m walkdir v2.5.0
2025-11-02T06:05:58.9629390Z [1m[92m  Downloaded[0m tinyvec_macros v0.1.1
2025-11-02T06:05:58.9634430Z [1m[92m  Downloaded[0m tiny-keccak v2.0.2
2025-11-02T06:05:58.9649049Z [1m[92m  Downloaded[0m rustybuzz v0.10.0
2025-11-02T06:05:58.9696717Z [1m[92m  Downloaded[0m rustix v0.38.44
2025-11-02T06:05:58.9832855Z [1m[92m  Downloaded[0m thread_local v1.1.9
2025-11-02T06:05:58.9842311Z [1m[92m  Downloaded[0m thiserror v1.0.69
2025-11-02T06:05:58.9870860Z [1m[92m  Downloaded[0m sync_wrapper v0.1.2
2025-11-02T06:05:58.9876382Z [1m[92m  Downloaded[0m serde v1.0.228
2025-11-02T06:05:58.9898028Z [1m[92m  Downloaded[0m resvg v0.36.0
2025-11-02T06:05:58.9917864Z [1m[92m  Downloaded[0m libm v0.2.15
2025-11-02T06:05:58.9982079Z [1m[92m  Downloaded[0m icu_properties_data v2.1.1
2025-11-02T06:05:59.0038002Z [1m[92m  Downloaded[0m usvg-tree v0.36.0
2025-11-02T06:05:59.0045158Z [1m[92m  Downloaded[0m siphasher v0.3.11
2025-11-02T06:05:59.0053085Z [1m[92m  Downloaded[0m nom v7.1.3
2025-11-02T06:05:59.0084567Z [1m[92m  Downloaded[0m mio v1.1.0
2025-11-02T06:05:59.0119024Z [1m[92m  Downloaded[0m minimal-lexical v0.2.1
2025-11-02T06:05:59.0145409Z [1m[92m  Downloaded[0m memchr v2.7.6
2025-11-02T06:05:59.0176317Z [1m[92m  Downloaded[0m kurbo v0.9.5
2025-11-02T06:05:59.0203483Z [1m[92m  Downloaded[0m idna v1.1.0
2025-11-02T06:05:59.0228803Z [1m[92m  Downloaded[0m icu_normalizer_data v2.1.1
2025-11-02T06:05:59.0244512Z [1m[92m  Downloaded[0m icu_collections v2.1.1
2025-11-02T06:05:59.0279657Z [1m[92m  Downloaded[0m iced_widget v0.12.3
2025-11-02T06:05:59.0309457Z [1m[92m  Downloaded[0m strsim v0.11.1
2025-11-02T06:05:59.0317231Z [1m[92m  Downloaded[0m slotmap v1.0.7
2025-11-02T06:05:59.0333111Z [1m[92m  Downloaded[0m sharded-slab v0.1.7
2025-11-02T06:05:59.0353341Z [1m[92m  Downloaded[0m rand v0.8.5
2025-11-02T06:05:59.0375548Z [1m[92m  Downloaded[0m miniz_oxide v0.8.9
2025-11-02T06:05:59.0399170Z [1m[92m  Downloaded[0m icu_normalizer v2.1.1
2025-11-02T06:05:59.0421172Z [1m[92m  Downloaded[0m svgtypes v0.12.0
2025-11-02T06:05:59.0435681Z [1m[92m  Downloaded[0m svg_fmt v0.4.5
2025-11-02T06:05:59.0441635Z [1m[92m  Downloaded[0m strict-num v0.1.1
2025-11-02T06:05:59.0447820Z [1m[92m  Downloaded[0m stable_deref_trait v1.2.1
2025-11-02T06:05:59.0453299Z [1m[92m  Downloaded[0m spirv v0.3.0+sdk-1.3.268.0
2025-11-02T06:05:59.0461619Z [1m[92m  Downloaded[0m softbuffer v0.4.6
2025-11-02T06:05:59.0481538Z [1m[92m  Downloaded[0m socket2 v0.6.1
2025-11-02T06:05:59.0494513Z [1m[92m  Downloaded[0m smol_str v0.2.2
2025-11-02T06:05:59.0503352Z [1m[92m  Downloaded[0m smithay-clipboard v0.7.2
2025-11-02T06:05:59.0512870Z [1m[92m  Downloaded[0m rustix v1.1.2
2025-11-02T06:05:59.0655999Z [1m[92m  Downloaded[0m simplecss v0.2.2
2025-11-02T06:05:59.0667384Z [1m[92m  Downloaded[0m ttf-parser v0.19.2
2025-11-02T06:05:59.0714511Z [1m[92m  Downloaded[0m smallvec v1.15.1
2025-11-02T06:05:59.0727788Z [1m[92m  Downloaded[0m pest_derive v2.8.3
2025-11-02T06:05:59.0743019Z [1m[92m  Downloaded[0m icu_provider v2.1.1
2025-11-02T06:05:59.0759265Z [1m[92m  Downloaded[0m icu_properties v2.1.1
2025-11-02T06:05:59.0774560Z [1m[92m  Downloaded[0m iced_core v0.12.3
2025-11-02T06:05:59.0804723Z [1m[92m  Downloaded[0m serde_yaml v0.9.34+deprecated
2025-11-02T06:05:59.0824698Z [1m[92m  Downloaded[0m sctk-adwaita v0.8.3
2025-11-02T06:05:59.0840311Z [1m[92m  Downloaded[0m getrandom v0.3.4
2025-11-02T06:05:59.0860680Z [1m[92m  Downloaded[0m icu_locale_core v2.1.1
2025-11-02T06:05:59.0895908Z [1m[92m  Downloaded[0m http v0.2.12
2025-11-02T06:05:59.0919034Z [1m[92m  Downloaded[0m time-macros v0.2.24
2025-11-02T06:05:59.0933499Z [1m[92m  Downloaded[0m sys-locale v0.3.2
2025-11-02T06:05:59.0941936Z [1m[92m  Downloaded[0m siphasher v1.0.1
2025-11-02T06:05:59.0949539Z [1m[92m  Downloaded[0m simd-adler32 v0.3.7
2025-11-02T06:05:59.0960059Z [1m[92m  Downloaded[0m signal-hook-registry v1.4.6
2025-11-02T06:05:59.0967755Z [1m[92m  Downloaded[0m serde_spanned v0.6.9
2025-11-02T06:05:59.0975321Z [1m[92m  Downloaded[0m serde_core v1.0.228
2025-11-02T06:05:59.0992552Z [1m[92m  Downloaded[0m self_cell v1.2.1
2025-11-02T06:05:59.0998640Z [1m[92m  Downloaded[0m scoped-tls v1.0.1
2025-11-02T06:05:59.1005470Z [1m[92m  Downloaded[0m log v0.4.28
2025-11-02T06:05:59.1022452Z [1m[92m  Downloaded[0m libloading v0.8.9
2025-11-02T06:05:59.1036597Z [1m[92m  Downloaded[0m indicatif v0.17.11
2025-11-02T06:05:59.1059336Z [1m[92m  Downloaded[0m iced_wgpu v0.12.1
2025-11-02T06:05:59.1079916Z [1m[92m  Downloaded[0m getrandom v0.2.16
2025-11-02T06:05:59.1097819Z [1m[92m  Downloaded[0m termcolor v1.4.1
2025-11-02T06:05:59.1105705Z [1m[92m  Downloaded[0m shlex v1.3.0
2025-11-02T06:05:59.1113747Z [1m[92m  Downloaded[0m serde_urlencoded v0.7.1
2025-11-02T06:05:59.1123376Z [1m[92m  Downloaded[0m ryu v1.0.20
2025-11-02T06:05:59.1141494Z [1m[92m  Downloaded[0m rustls-pemfile v1.0.4
2025-11-02T06:05:59.1154595Z [1m[92m  Downloaded[0m native-tls v0.2.14
2025-11-02T06:05:59.1167678Z [1m[92m  Downloaded[0m memmap2 v0.9.9
2025-11-02T06:05:59.1179491Z [1m[92m  Downloaded[0m litemap v0.8.1
2025-11-02T06:05:59.1193351Z [1m[92m  Downloaded[0m libloading v0.7.4
2025-11-02T06:05:59.1207037Z [1m[92m  Downloaded[0m iced_winit v0.12.2
2025-11-02T06:05:59.1218182Z [1m[92m  Downloaded[0m synstructure v0.13.2
2025-11-02T06:05:59.1225211Z [1m[92m  Downloaded[0m sha2 v0.10.9
2025-11-02T06:05:59.1240821Z [1m[92m  Downloaded[0m scopeguard v1.2.0
2025-11-02T06:05:59.1248237Z [1m[92m  Downloaded[0m same-file v1.0.6
2025-11-02T06:05:59.1256142Z [1m[92m  Downloaded[0m rust-ini v0.20.0
2025-11-02T06:05:59.1265085Z [1m[92m  Downloaded[0m roxmltree v0.20.0
2025-11-02T06:05:59.1325149Z [1m[92m  Downloaded[0m roxmltree v0.18.1
2025-11-02T06:05:59.1384370Z [1m[92m  Downloaded[0m reqwest v0.11.27
2025-11-02T06:05:59.1428238Z [1m[92m  Downloaded[0m rayon v1.11.0
2025-11-02T06:05:59.1480898Z [1m[92m  Downloaded[0m phf_generator v0.11.3
2025-11-02T06:05:59.1488362Z [1m[92m  Downloaded[0m memmap2 v0.8.0
2025-11-02T06:05:59.1499909Z [1m[92m  Downloaded[0m lock_api v0.4.14
2025-11-02T06:05:59.1508951Z [1m[92m  Downloaded[0m khronos-egl v6.0.0
2025-11-02T06:05:59.1521653Z [1m[92m  Downloaded[0m itoa v1.0.15
2025-11-02T06:05:59.1530388Z [1m[92m  Downloaded[0m gethostname v1.1.0
2025-11-02T06:05:59.1537754Z [1m[92m  Downloaded[0m rayon-core v1.13.0
2025-11-02T06:05:59.1559283Z [1m[92m  Downloaded[0m mime v0.3.17
2025-11-02T06:05:59.1567141Z [1m[92m  Downloaded[0m lebe v0.5.3
2025-11-02T06:05:59.1574809Z [1m[92m  Downloaded[0m json5 v0.4.1
2025-11-02T06:05:59.1585039Z [1m[92m  Downloaded[0m imagesize v0.12.0
2025-11-02T06:05:59.1598939Z [1m[92m  Downloaded[0m rustc-hash v1.1.0
2025-11-02T06:05:59.1604643Z [1m[92m  Downloaded[0m mutate_once v0.1.2
2025-11-02T06:05:59.1610360Z [1m[92m  Downloaded[0m ron v0.8.1
2025-11-02T06:05:59.1641045Z [1m[92m  Downloaded[0m rgb v0.8.52
2025-11-02T06:05:59.1655789Z [1m[92m  Downloaded[0m quick-xml v0.37.5
2025-11-02T06:05:59.1690602Z [1m[92m  Downloaded[0m portable-atomic v1.11.1
2025-11-02T06:05:59.1733734Z [1m[92m  Downloaded[0m lazy_static v1.5.0
2025-11-02T06:05:59.1744693Z [1m[92m  Downloaded[0m iced_style v0.12.1
2025-11-02T06:05:59.1754871Z [1m[92m  Downloaded[0m publicsuffix v2.3.0
2025-11-02T06:05:59.1771232Z [1m[92m  Downloaded[0m png v0.17.16
2025-11-02T06:05:59.1796943Z [1m[92m  Downloaded[0m is_terminal_polyfill v1.70.2
2025-11-02T06:05:59.1803829Z [1m[92m  Downloaded[0m iced_futures v0.12.0
2025-11-02T06:05:59.1814977Z [1m[92m  Downloaded[0m matchers v0.2.0
2025-11-02T06:05:59.1821790Z [1m[92m  Downloaded[0m iced_tiny_skia v0.12.1
2025-11-02T06:05:59.1830254Z [1m[92m  Downloaded[0m iced_runtime v0.12.1
2025-11-02T06:05:59.1842606Z [1m[92m  Downloaded[0m pest_meta v2.8.3
2025-11-02T06:05:59.1858114Z [1m[92m  Downloaded[0m pest v2.8.3
2025-11-02T06:05:59.1892420Z [1m[92m  Downloaded[0m jobserver v0.1.34
2025-11-02T06:05:59.1904746Z [1m[92m  Downloaded[0m ipnet v2.11.0
2025-11-02T06:05:59.1915466Z [1m[92m  Downloaded[0m idna_adapter v1.2.1
2025-11-02T06:05:59.1921485Z [1m[92m  Downloaded[0m httpdate v1.0.3
2025-11-02T06:05:59.1929054Z [1m[92m  Downloaded[0m httparse v1.10.1
2025-11-02T06:05:59.1944278Z [1m[92m  Downloaded[0m http-body v0.4.6
2025-11-02T06:05:59.1954069Z [1m[92m  Downloaded[0m home v0.5.12
2025-11-02T06:05:59.1960703Z [1m[92m  Downloaded[0m glow v0.13.1
2025-11-02T06:05:59.1990861Z [1m[92m  Downloaded[0m glam v0.25.0
2025-11-02T06:05:59.2094175Z [1m[92m  Downloaded[0m raw-window-handle v0.6.2
2025-11-02T06:05:59.2105341Z [1m[92m  Downloaded[0m openssl v0.10.74
2025-11-02T06:05:59.2161318Z [1m[92m  Downloaded[0m iced_renderer v0.12.1
2025-11-02T06:05:59.2167741Z [1m[92m  Downloaded[0m hyper-tls v0.5.0
2025-11-02T06:05:59.2175424Z [1m[92m  Downloaded[0m hashbrown v0.16.0
2025-11-02T06:05:59.2207366Z [1m[92m  Downloaded[0m hashbrown v0.14.5
2025-11-02T06:05:59.2238466Z [1m[92m  Downloaded[0m rand_core v0.6.4
2025-11-02T06:05:59.2247239Z [1m[92m  Downloaded[0m quote v1.0.41
2025-11-02T06:05:59.2263271Z [1m[92m  Downloaded[0m psl-types v2.0.11
2025-11-02T06:05:59.2269341Z [1m[92m  Downloaded[0m profiling v1.0.17
2025-11-02T06:05:59.2276938Z [1m[92m  Downloaded[0m powerfmt v0.2.0
2025-11-02T06:05:59.2284424Z [1m[92m  Downloaded[0m potential_utf v0.1.4
2025-11-02T06:05:59.2291148Z [1m[92m  Downloaded[0m polling v3.11.0
2025-11-02T06:05:59.2309675Z [1m[92m  Downloaded[0m pkg-config v0.3.32
2025-11-02T06:05:59.2319365Z [1m[92m  Downloaded[0m pin-utils v0.1.0
2025-11-02T06:05:59.2326872Z [1m[92m  Downloaded[0m pin-project-lite v0.2.16
2025-11-02T06:05:59.2358287Z [1m[92m  Downloaded[0m pico-args v0.5.0
2025-11-02T06:05:59.2366502Z [1m[92m  Downloaded[0m phf_shared v0.11.3
2025-11-02T06:05:59.2372804Z [1m[92m  Downloaded[0m palette v0.7.6
2025-11-02T06:05:59.2437336Z [1m[92m  Downloaded[0m hashbrown v0.15.5
2025-11-02T06:05:59.2468907Z [1m[92m  Downloaded[0m h2 v0.3.27
2025-11-02T06:05:59.2507635Z [1m[92m  Downloaded[0m glyphon v0.5.0
2025-11-02T06:05:59.2532497Z [1m[92m  Downloaded[0m encoding_rs v0.8.35
2025-11-02T06:05:59.2682390Z [1m[92m  Downloaded[0m phf_macros v0.11.3
2025-11-02T06:05:59.2688225Z [1m[92m  Downloaded[0m pest_generator v2.8.3
2025-11-02T06:05:59.2699704Z [1m[92m  Downloaded[0m calloop v0.13.0
2025-11-02T06:05:59.2719636Z [1m[92m  Downloaded[0m base64 v0.21.7
2025-11-02T06:05:59.2743171Z [1m[92m  Downloaded[0m ash v0.37.3+1.3.251
2025-11-02T06:05:59.2833838Z [1m[92m  Downloaded[0m fontdb v0.15.0
2025-11-02T06:05:59.2851332Z [1m[92m  Downloaded[0m flate2 v1.1.5
2025-11-02T06:05:59.2878106Z [1m[92m  Downloaded[0m euclid v0.22.11
2025-11-02T06:05:59.2898232Z [1m[92m  Downloaded[0m calloop v0.12.4
2025-11-02T06:05:59.2919671Z [1m[92m  Downloaded[0m palette_derive v0.7.6
2025-11-02T06:05:59.2930042Z [1m[92m  Downloaded[0m half v2.7.1
2025-11-02T06:05:59.2948012Z [1m[92m  Downloaded[0m cosmic-text v0.10.0
2025-11-02T06:05:59.3090987Z [1m[92m  Downloaded[0m parking_lot_core v0.9.12
2025-11-02T06:05:59.3103509Z [1m[92m  Downloaded[0m option-ext v0.2.0
2025-11-02T06:05:59.3108925Z [1m[92m  Downloaded[0m hashlink v0.8.4
2025-11-02T06:05:59.3119916Z [1m[92m  Downloaded[0m gif v0.13.3
2025-11-02T06:05:59.3131602Z [1m[92m  Downloaded[0m exr v1.73.0
2025-11-02T06:05:59.3191513Z [1m[92m  Downloaded[0m owned_ttf_parser v0.25.1
2025-11-02T06:05:59.3198026Z [1m[92m  Downloaded[0m openssl-probe v0.1.6
2025-11-02T06:05:59.3204783Z [1m[92m  Downloaded[0m number_prefix v0.4.0
2025-11-02T06:05:59.3210744Z [1m[92m  Downloaded[0m gpu-alloc v0.6.0
2025-11-02T06:05:59.3219521Z [1m[92m  Downloaded[0m generic-array v0.14.9
2025-11-02T06:05:59.3228300Z [1m[92m  Downloaded[0m bytes v1.10.1
2025-11-02T06:05:59.3253564Z [1m[92m  Downloaded[0m num_cpus v1.17.0
2025-11-02T06:05:59.3269887Z [1m[92m  Downloaded[0m heck v0.5.0
2025-11-02T06:05:59.3277361Z [1m[92m  Downloaded[0m gpu-descriptor-types v0.1.2
2025-11-02T06:05:59.3282060Z [1m[92m  Downloaded[0m glob v0.3.3
2025-11-02T06:05:59.3291480Z [1m[92m  Downloaded[0m guillotiere v0.6.2
2025-11-02T06:05:59.3299356Z [1m[92m  Downloaded[0m cookie_store v0.20.0
2025-11-02T06:05:59.3311214Z [1m[92m  Downloaded[0m clap_builder v4.5.51
2025-11-02T06:05:59.3350191Z [1m[92m  Downloaded[0m cc v1.2.44
2025-11-02T06:05:59.3370994Z [1m[92m  Downloaded[0m bytemuck v1.24.0
2025-11-02T06:05:59.3389314Z [1m[92m  Downloaded[0m anyhow v1.0.100
2025-11-02T06:05:59.3412463Z [1m[92m  Downloaded[0m fdeflate v0.3.7
2025-11-02T06:05:59.3422978Z [1m[92m  Downloaded[0m crossbeam-utils v0.8.21
2025-11-02T06:05:59.3439694Z [1m[92m  Downloaded[0m async-trait v0.1.89
2025-11-02T06:05:59.3459896Z [1m[92m  Downloaded[0m approx v0.5.1
2025-11-02T06:05:59.3470260Z [1m[92m  Downloaded[0m dlv-list v0.5.2
2025-11-02T06:05:59.3482590Z [1m[92m  Downloaded[0m ctor-lite v0.1.0
2025-11-02T06:05:59.3490861Z [1m[92m  Downloaded[0m crypto-common v0.1.6
2025-11-02T06:05:59.3496668Z [1m[92m  Downloaded[0m futures-util v0.3.31
2025-11-02T06:05:59.3564873Z [1m[92m  Downloaded[0m drm-sys v0.7.0
2025-11-02T06:05:59.3571366Z [1m[92m  Downloaded[0m bitflags v1.3.2
2025-11-02T06:05:59.3588628Z [1m[92m  Downloaded[0m bit-vec v0.6.3
2025-11-02T06:05:59.3596588Z [1m[92m  Downloaded[0m bit-set v0.5.3
2025-11-02T06:05:59.3603266Z [1m[92m  Downloaded[0m arraydeque v0.5.1
2025-11-02T06:05:59.3611348Z [1m[92m  Downloaded[0m anstyle-query v1.1.4
2025-11-02T06:05:59.3619052Z [1m[92m  Downloaded[0m gpu-descriptor v0.2.4
2025-11-02T06:05:59.3624243Z [1m[92m  Downloaded[0m gpu-alloc-types v0.3.0
2025-11-02T06:05:59.3629240Z [1m[92m  Downloaded[0m foldhash v0.1.5
2025-11-02T06:05:59.3637706Z [1m[92m  Downloaded[0m float-cmp v0.9.0
2025-11-02T06:05:59.3644499Z [1m[92m  Downloaded[0m fastrand v2.3.0
2025-11-02T06:05:59.3652833Z [1m[92m  Downloaded[0m fast-srgb8 v1.0.0
2025-11-02T06:05:59.3660417Z [1m[92m  Downloaded[0m errno v0.3.14
2025-11-02T06:05:59.3669439Z [1m[92m  Downloaded[0m dirs v5.0.1
2025-11-02T06:05:59.3676809Z [1m[92m  Downloaded[0m data-url v0.3.2
2025-11-02T06:05:59.3687069Z [1m[92m  Downloaded[0m crunchy v0.2.4
2025-11-02T06:05:59.3691396Z [1m[92m  Downloaded[0m calloop-wayland-source v0.3.0
2025-11-02T06:05:59.3698773Z [1m[92m  Downloaded[0m calloop-wayland-source v0.2.0
2025-11-02T06:05:59.3705687Z [1m[92m  Downloaded[0m byteorder v1.5.0
2025-11-02T06:05:59.3715956Z [1m[92m  Downloaded[0m block-buffer v0.10.4
2025-11-02T06:05:59.3722070Z [1m[92m  Downloaded[0m autocfg v1.5.0
2025-11-02T06:05:59.3733754Z [1m[92m  Downloaded[0m as-raw-xcb-connection v1.0.1
2025-11-02T06:05:59.3738765Z [1m[92m  Downloaded[0m arrayref v0.3.9
2025-11-02T06:05:59.3746073Z [1m[92m  Downloaded[0m hexf-parse v0.2.1
2025-11-02T06:05:59.3750295Z [1m[92m  Downloaded[0m foreign-types-shared v0.1.1
2025-11-02T06:05:59.3754666Z [1m[92m  Downloaded[0m equivalent v1.0.2
2025-11-02T06:05:59.3760384Z [1m[92m  Downloaded[0m drm-fourcc v2.2.0
2025-11-02T06:05:59.3767430Z [1m[92m  Downloaded[0m drm v0.12.0
2025-11-02T06:05:59.3783492Z [1m[92m  Downloaded[0m dlib v0.5.2
2025-11-02T06:05:59.3789839Z [1m[92m  Downloaded[0m bitflags v2.10.0
2025-11-02T06:05:59.3812759Z [1m[92m  Downloaded[0m crossbeam-epoch v0.9.18
2025-11-02T06:05:59.3827462Z [1m[92m  Downloaded[0m bytemuck_derive v1.10.2
2025-11-02T06:05:59.3835233Z [1m[92m  Downloaded[0m futures-sink v0.3.31
2025-11-02T06:05:59.3840463Z [1m[92m  Downloaded[0m futures-io v0.3.31
2025-11-02T06:05:59.3845498Z [1m[92m  Downloaded[0m futures-core v0.3.31
2025-11-02T06:05:59.3853781Z [1m[92m  Downloaded[0m fnv v1.0.7
2025-11-02T06:05:59.3859439Z [1m[92m  Downloaded[0m deranged v0.5.5
2025-11-02T06:05:59.3869230Z [1m[92m  Downloaded[0m cfg-if v1.0.4
2025-11-02T06:05:59.3876758Z [1m[92m  Downloaded[0m bit_field v0.10.3
2025-11-02T06:05:59.3884140Z [1m[92m  Downloaded[0m arrayvec v0.7.6
2025-11-02T06:05:59.3896701Z [1m[92m  Downloaded[0m either v1.15.0
2025-11-02T06:05:59.3906195Z [1m[92m  Downloaded[0m drm-ffi v0.8.0
2025-11-02T06:05:59.3940300Z [1m[92m  Downloaded[0m downcast-rs v1.2.1
2025-11-02T06:05:59.3948162Z [1m[92m  Downloaded[0m cpufeatures v0.2.17
2025-11-02T06:05:59.3956420Z [1m[92m  Downloaded[0m cookie v0.17.0
2025-11-02T06:05:59.3970423Z [1m[92m  Downloaded[0m const-random-macro v0.1.16
2025-11-02T06:05:59.3975716Z [1m[92m  Downloaded[0m clipboard_x11 v0.4.2
2025-11-02T06:05:59.3980582Z [1m[92m  Downloaded[0m by_address v1.2.1
2025-11-02T06:05:59.3985957Z [1m[92m  Downloaded[0m dirs-sys v0.4.1
2025-11-02T06:05:59.3993384Z [1m[92m  Downloaded[0m crc32fast v1.5.0
2025-11-02T06:05:59.4006991Z [1m[92m  Downloaded[0m config v0.14.1
2025-11-02T06:05:59.4034033Z [1m[92m  Downloaded[0m codespan-reporting v0.11.1
2025-11-02T06:05:59.4071272Z [1m[92m  Downloaded[0m colorchoice v1.0.4
2025-11-02T06:05:59.4078146Z [1m[92m  Downloaded[0m cfg_aliases v0.2.1
2025-11-02T06:05:59.4084052Z [1m[92m  Downloaded[0m aho-corasick v1.1.4
2025-11-02T06:05:59.4118417Z [1m[92m  Downloaded[0m color_quant v1.1.0
2025-11-02T06:05:59.4124541Z [1m[92m  Downloaded[0m cfg_aliases v0.1.1
2025-11-02T06:05:59.4130040Z [1m[92m  Downloaded[0m ahash v0.8.12
2025-11-02T06:05:59.4144894Z [1m[92m  Downloaded[0m font-types v0.7.3
2025-11-02T06:05:59.4155356Z [1m[92m  Downloaded[0m clap v4.5.51
2025-11-02T06:05:59.4204607Z [1m[92m  Downloaded[0m displaydoc v0.2.5
2025-11-02T06:05:59.4221344Z [1m[92m  Downloaded[0m digest v0.10.7
2025-11-02T06:05:59.4232451Z [1m[92m  Downloaded[0m cursor-icon v1.2.0
2025-11-02T06:05:59.4240242Z [1m[92m  Downloaded[0m clap_lex v0.7.6
2025-11-02T06:05:59.4247765Z [1m[92m  Downloaded[0m ab_glyph_rasterizer v0.1.10
2025-11-02T06:05:59.4255076Z [1m[92m  Downloaded[0m ab_glyph v0.2.32
2025-11-02T06:05:59.4279497Z [1m[92m  Downloaded[0m image v0.24.9
2025-11-02T06:05:59.5240215Z [1m[92m   Compiling[0m proc-macro2 v1.0.103
2025-11-02T06:05:59.5240947Z [1m[92m   Compiling[0m quote v1.0.41
2025-11-02T06:05:59.5241969Z [1m[92m   Compiling[0m unicode-ident v1.0.22
2025-11-02T06:05:59.5297994Z [1m[92m   Compiling[0m libc v0.2.177
2025-11-02T06:05:59.5910656Z [1m[92m   Compiling[0m serde_core v1.0.228
2025-11-02T06:05:59.6811695Z [1m[92m   Compiling[0m cfg-if v1.0.4
2025-11-02T06:05:59.7148812Z [1m[92m   Compiling[0m version_check v0.9.5
2025-11-02T06:05:59.9379176Z [1m[92m   Compiling[0m once_cell v1.21.3
2025-11-02T06:06:00.1113383Z [1m[92m   Compiling[0m serde v1.0.228
2025-11-02T06:06:00.3131319Z [1m[92m   Compiling[0m smallvec v1.15.1
2025-11-02T06:06:00.4698941Z [1m[92m   Compiling[0m syn v2.0.108
2025-11-02T06:06:00.5035804Z [1m[92m   Compiling[0m stable_deref_trait v1.2.1
2025-11-02T06:06:00.5609184Z [1m[92m   Compiling[0m memchr v2.7.6
2025-11-02T06:06:01.3491129Z [1m[92m   Compiling[0m itoa v1.0.15
2025-11-02T06:06:01.4311618Z [1m[92m   Compiling[0m shlex v1.3.0
2025-11-02T06:06:01.5454806Z [1m[92m   Compiling[0m pin-project-lite v0.2.16
2025-11-02T06:06:01.5883064Z [1m[92m   Compiling[0m find-msvc-tools v0.1.4
2025-11-02T06:06:01.7408619Z [1m[92m   Compiling[0m cc v1.2.44
2025-11-02T06:06:01.8230940Z [1m[92m   Compiling[0m vcpkg v0.2.15
2025-11-02T06:06:02.0990532Z [1m[92m   Compiling[0m writeable v0.6.2
2025-11-02T06:06:02.2669185Z [1m[92m   Compiling[0m pkg-config v0.3.32
2025-11-02T06:06:02.3891508Z [1m[92m   Compiling[0m litemap v0.8.1
2025-11-02T06:06:02.5559209Z [1m[92m   Compiling[0m parking_lot_core v0.9.12
2025-11-02T06:06:02.6627020Z [1m[92m   Compiling[0m bitflags v2.10.0
2025-11-02T06:06:02.6791258Z [1m[92m   Compiling[0m bytes v1.10.1
2025-11-02T06:06:02.9619042Z [1m[92m   Compiling[0m openssl-sys v0.9.110
2025-11-02T06:06:03.0213055Z [1m[92m   Compiling[0m icu_properties_data v2.1.1
2025-11-02T06:06:03.0928745Z [1m[92m   Compiling[0m hashbrown v0.16.0
2025-11-02T06:06:03.2768490Z [1m[92m   Compiling[0m icu_normalizer_data v2.1.1
2025-11-02T06:06:03.3510012Z [1m[92m   Compiling[0m getrandom v0.3.4
2025-11-02T06:06:03.5065007Z [1m[92m   Compiling[0m crunchy v0.2.4
2025-11-02T06:06:03.6134486Z [1m[92m   Compiling[0m scopeguard v1.2.0
2025-11-02T06:06:03.6606793Z [1m[92m   Compiling[0m zerocopy v0.8.27
2025-11-02T06:06:03.7353198Z [1m[92m   Compiling[0m synstructure v0.13.2
2025-11-02T06:06:03.7863033Z [1m[92m   Compiling[0m equivalent v1.0.2
2025-11-02T06:06:03.8238987Z [1m[92m   Compiling[0m indexmap v2.12.0
2025-11-02T06:06:03.9121494Z [1m[92m   Compiling[0m lock_api v0.4.14
2025-11-02T06:06:04.2879007Z [1m[92m   Compiling[0m tracing-core v0.1.34
2025-11-02T06:06:04.4127334Z [1m[92m   Compiling[0m ahash v0.8.12
2025-11-02T06:06:04.4958437Z [1m[92m   Compiling[0m tiny-keccak v2.0.2
2025-11-02T06:06:04.5896363Z [1m[92m   Compiling[0m parking_lot v0.12.5
2025-11-02T06:06:05.3149817Z [1m[92m   Compiling[0m signal-hook-registry v1.4.6
2025-11-02T06:06:05.3292917Z [1m[92m   Compiling[0m zerofrom-derive v0.1.6
2025-11-02T06:06:05.5207976Z [1m[92m   Compiling[0m yoke-derive v0.8.1
2025-11-02T06:06:05.8384489Z [1m[92m   Compiling[0m serde_derive v1.0.228
2025-11-02T06:06:05.9772050Z [1m[92m   Compiling[0m zerovec-derive v0.11.2
2025-11-02T06:06:06.3165986Z [1m[92m   Compiling[0m displaydoc v0.2.5
2025-11-02T06:06:06.3787981Z [1m[92m   Compiling[0m zerofrom v0.1.6
2025-11-02T06:06:06.4536924Z [1m[92m   Compiling[0m yoke v0.8.1
2025-11-02T06:06:06.5966026Z [1m[92m   Compiling[0m zerocopy-derive v0.8.27
2025-11-02T06:06:06.7655212Z [1m[92m   Compiling[0m zerotrie v0.2.3
2025-11-02T06:06:06.9084035Z [1m[92m   Compiling[0m zerovec v0.11.5
2025-11-02T06:06:07.1504897Z [1m[92m   Compiling[0m tokio-macros v2.6.0
2025-11-02T06:06:07.4905380Z [1m[92m   Compiling[0m tinystr v0.8.2
2025-11-02T06:06:07.6298731Z [1m[92m   Compiling[0m icu_locale_core v2.1.1
2025-11-02T06:06:07.6416599Z [1m[92m   Compiling[0m potential_utf v0.1.4
2025-11-02T06:06:07.7458219Z [1m[92m   Compiling[0m icu_collections v2.1.1
2025-11-02T06:06:08.4272326Z [1m[92m   Compiling[0m icu_provider v2.1.1
2025-11-02T06:06:08.7791536Z [1m[92m   Compiling[0m mio v1.1.0
2025-11-02T06:06:09.2561206Z [1m[92m   Compiling[0m socket2 v0.6.1
2025-11-02T06:06:09.4902627Z [1m[92m   Compiling[0m futures-core v0.3.31
2025-11-02T06:06:09.5014475Z [1m[92m   Compiling[0m log v0.4.28
2025-11-02T06:06:09.6293420Z [1m[92m   Compiling[0m typenum v1.19.0
2025-11-02T06:06:09.7256841Z [1m[92m   Compiling[0m futures-sink v0.3.31
2025-11-02T06:06:09.7801229Z [1m[92m   Compiling[0m ryu v1.0.20
2025-11-02T06:06:09.8319423Z [1m[92m   Compiling[0m getrandom v0.2.16
2025-11-02T06:06:09.9389023Z [1m[92m   Compiling[0m tokio v1.48.0
2025-11-02T06:06:10.2317351Z [1m[92m   Compiling[0m icu_properties v2.1.1
2025-11-02T06:06:10.2404107Z [1m[92m   Compiling[0m icu_normalizer v2.1.1
2025-11-02T06:06:10.4356353Z [1m[92m   Compiling[0m tracing-attributes v0.1.30
2025-11-02T06:06:11.5757221Z [1m[92m   Compiling[0m generic-array v0.14.9
2025-11-02T06:06:11.5866432Z [1m[92m   Compiling[0m ucd-trie v0.1.7
2025-11-02T06:06:11.6481405Z [1m[92m   Compiling[0m foreign-types-shared v0.1.1
2025-11-02T06:06:11.7425694Z [1m[92m   Compiling[0m openssl v0.10.74
2025-11-02T06:06:11.7742848Z [1m[92m   Compiling[0m percent-encoding v2.3.2
2025-11-02T06:06:11.8508927Z [1m[92m   Compiling[0m serde_json v1.0.145
2025-11-02T06:06:11.9314189Z [1m[92m   Compiling[0m allocator-api2 v0.2.21
2025-11-02T06:06:11.9571673Z [1m[92m   Compiling[0m fnv v1.0.7
2025-11-02T06:06:12.0030757Z [1m[92m   Compiling[0m http v0.2.12
2025-11-02T06:06:12.2874055Z [1m[92m   Compiling[0m hashbrown v0.14.5
2025-11-02T06:06:12.5346464Z [1m[92m   Compiling[0m pest v2.8.3
2025-11-02T06:06:12.9430858Z [1m[92m   Compiling[0m const-random-macro v0.1.16
2025-11-02T06:06:13.1184103Z [1m[92m   Compiling[0m foreign-types v0.3.2
2025-11-02T06:06:13.1912849Z [1m[92m   Compiling[0m tracing v0.1.41
2025-11-02T06:06:13.4906077Z [1m[92m   Compiling[0m idna_adapter v1.2.1
2025-11-02T06:06:13.7769022Z [1m[92m   Compiling[0m futures-channel v0.3.31
2025-11-02T06:06:13.9591053Z [1m[92m   Compiling[0m futures-macro v0.3.31
2025-11-02T06:06:14.0432819Z [1m[92m   Compiling[0m openssl-macros v0.1.1
2025-11-02T06:06:14.2035617Z [1m[92m   Compiling[0m tinyvec_macros v0.1.1
2025-11-02T06:06:14.2383569Z [1m[92m   Compiling[0m num-conv v0.1.0
2025-11-02T06:06:14.3288223Z [1m[92m   Compiling[0m futures-io v0.3.31
2025-11-02T06:06:14.4494970Z [1m[92m   Compiling[0m slab v0.4.11
2025-11-02T06:06:14.5542066Z [1m[92m   Compiling[0m httparse v1.10.1
2025-11-02T06:06:14.5964555Z [1m[92m   Compiling[0m utf8_iter v1.0.4
2025-11-02T06:06:14.6918856Z [1m[92m   Compiling[0m powerfmt v0.2.0
2025-11-02T06:06:14.7287250Z [1m[92m   Compiling[0m futures-task v0.3.31
2025-11-02T06:06:14.8273423Z [1m[92m   Compiling[0m native-tls v0.2.14
2025-11-02T06:06:14.8786176Z [1m[92m   Compiling[0m pin-utils v0.1.0
2025-11-02T06:06:14.9094631Z [1m[92m   Compiling[0m time-core v0.1.6
2025-11-02T06:06:14.9213646Z [1m[92m   Compiling[0m futures-util v0.3.31
2025-11-02T06:06:15.0128541Z [1m[92m   Compiling[0m time-macros v0.2.24
2025-11-02T06:06:15.9445189Z [1m[92m   Compiling[0m deranged v0.5.5
2025-11-02T06:06:17.2136721Z [1m[92m   Compiling[0m idna v1.1.0
2025-11-02T06:06:17.8616035Z [1m[92m   Compiling[0m tokio-util v0.7.16
2025-11-02T06:06:18.9207390Z [1m[92m   Compiling[0m tinyvec v1.10.0
2025-11-02T06:06:19.5687998Z [1m[92m   Compiling[0m pest_meta v2.8.3
2025-11-02T06:06:19.9603544Z [1m[92m   Compiling[0m const-random v0.1.18
2025-11-02T06:06:21.1115001Z [1m[92m   Compiling[0m form_urlencoded v1.2.2
2025-11-02T06:06:21.3147072Z [1m[92m   Compiling[0m cookie v0.17.0
2025-11-02T06:06:21.5015620Z [1m[92m   Compiling[0m base64 v0.21.7
2025-11-02T06:06:21.5897824Z [1m[92m   Compiling[0m openssl-probe v0.1.6
2025-11-02T06:06:21.8084324Z [1m[92m   Compiling[0m try-lock v0.2.5
2025-11-02T06:06:21.8609535Z [1m[92m   Compiling[0m want v0.3.1
2025-11-02T06:06:21.9756731Z [1m[92m   Compiling[0m time v0.3.44
2025-11-02T06:06:22.4759154Z [1m[92m   Compiling[0m pest_generator v2.8.3
2025-11-02T06:06:23.0488727Z [1m[92m   Compiling[0m dlv-list v0.5.2
2025-11-02T06:06:23.1176815Z [1m[92m   Compiling[0m unicode-normalization v0.1.25
2025-11-02T06:06:23.2662606Z [1m[92m   Compiling[0m h2 v0.3.27
2025-11-02T06:06:24.0975664Z [1m[92m   Compiling[0m http-body v0.4.6
2025-11-02T06:06:24.2316010Z [1m[92m   Compiling[0m toml_datetime v0.6.11
2025-11-02T06:06:24.2959250Z [1m[92m   Compiling[0m serde_spanned v0.6.9
2025-11-02T06:06:24.3767887Z [1m[92m   Compiling[0m socket2 v0.5.10
2025-11-02T06:06:24.5617395Z [1m[92m   Compiling[0m encoding_rs v0.8.35
2025-11-02T06:06:25.3381510Z [1m[92m   Compiling[0m toml_write v0.1.2
2025-11-02T06:06:25.4737464Z [1m[92m   Compiling[0m httpdate v1.0.3
2025-11-02T06:06:25.5178265Z [1m[92m   Compiling[0m rustix v0.38.44
2025-11-02T06:06:25.6979104Z [1m[92m   Compiling[0m psl-types v2.0.11
2025-11-02T06:06:25.7733028Z [1m[92m   Compiling[0m portable-atomic v1.11.1
2025-11-02T06:06:25.8040730Z [1m[92m   Compiling[0m winnow v0.7.13
2025-11-02T06:06:26.5845492Z [1m[92m   Compiling[0m unicode-bidi v0.3.18
2025-11-02T06:06:27.8836298Z [1m[92m   Compiling[0m utf8parse v0.2.2
2025-11-02T06:06:27.9286086Z [1m[92m   Compiling[0m tower-service v0.3.3
2025-11-02T06:06:27.9375596Z [1m[92m   Compiling[0m anstyle-parse v0.2.7
2025-11-02T06:06:27.9740189Z [1m[92m   Compiling[0m hyper v0.14.32
2025-11-02T06:06:28.0911391Z [1m[92m   Compiling[0m toml_edit v0.22.27
2025-11-02T06:06:29.9677931Z [1m[92m   Compiling[0m idna v0.3.0
2025-11-02T06:06:31.9753530Z [1m[92m   Compiling[0m publicsuffix v2.3.0
2025-11-02T06:06:32.3738724Z [1m[92m   Compiling[0m ordered-multimap v0.7.3
2025-11-02T06:06:32.6442150Z [1m[92m   Compiling[0m pest_derive v2.8.3
2025-11-02T06:06:32.7916785Z [1m[92m   Compiling[0m tokio-native-tls v0.3.1
2025-11-02T06:06:32.8982005Z [1m[92m   Compiling[0m url v2.5.7
2025-11-02T06:06:33.8653054Z [1m[92m   Compiling[0m crypto-common v0.1.6
2025-11-02T06:06:33.9412659Z [1m[92m   Compiling[0m block-buffer v0.10.4
2025-11-02T06:06:34.0287357Z [1m[92m   Compiling[0m hashlink v0.8.4
2025-11-02T06:06:34.2776130Z [1m[92m   Compiling[0m aho-corasick v1.1.4
2025-11-02T06:06:34.3502847Z [1m[92m   Compiling[0m linux-raw-sys v0.4.15
2025-11-02T06:06:34.7159649Z [1m[92m   Compiling[0m unicode-width v0.2.2
2025-11-02T06:06:34.9274110Z [1m[92m   Compiling[0m minimal-lexical v0.2.1
2025-11-02T06:06:35.1884786Z [1m[92m   Compiling[0m colorchoice v1.0.4
2025-11-02T06:06:35.2406783Z [1m[92m   Compiling[0m is_terminal_polyfill v1.70.2
2025-11-02T06:06:35.2818596Z [1m[92m   Compiling[0m arraydeque v0.5.1
2025-11-02T06:06:35.4522019Z [1m[92m   Compiling[0m bitflags v1.3.2
2025-11-02T06:06:35.4888811Z [1m[92m   Compiling[0m option-ext v0.2.0
2025-11-02T06:06:35.5315481Z [1m[92m   Compiling[0m thiserror v1.0.69
2025-11-02T06:06:35.6755981Z [1m[92m   Compiling[0m unicode-segmentation v1.12.0
2025-11-02T06:06:35.7775177Z [1m[92m   Compiling[0m anyhow v1.0.100
2025-11-02T06:06:35.9339734Z [1m[92m   Compiling[0m anstyle-query v1.1.4
2025-11-02T06:06:35.9856802Z [1m[92m   Compiling[0m regex-syntax v0.8.8
2025-11-02T06:06:36.2382088Z [1m[92m   Compiling[0m anstyle v1.0.13
2025-11-02T06:06:36.4399427Z [1m[92m   Compiling[0m anstream v0.6.21
2025-11-02T06:06:36.9013552Z [1m[92m   Compiling[0m convert_case v0.6.0
2025-11-02T06:06:38.1009296Z [1m[92m   Compiling[0m regex-automata v0.4.13
2025-11-02T06:06:39.1271134Z [1m[92m   Compiling[0m dirs-sys v0.4.1
2025-11-02T06:06:39.6048903Z [1m[92m   Compiling[0m nix v0.26.4
2025-11-02T06:06:40.9586419Z [1m[92m   Compiling[0m yaml-rust2 v0.8.1
2025-11-02T06:06:40.9968116Z [1m[92m   Compiling[0m nom v7.1.3
2025-11-02T06:06:42.8991659Z [1m[92m   Compiling[0m console v0.15.11
2025-11-02T06:06:44.4163606Z [1m[92m   Compiling[0m digest v0.10.7
2025-11-02T06:06:44.5801018Z [1m[92m   Compiling[0m cookie_store v0.20.0
2025-11-02T06:06:45.5344446Z [1m[92m   Compiling[0m hyper-tls v0.5.0
2025-11-02T06:06:45.7147129Z [1m[92m   Compiling[0m json5 v0.4.1
2025-11-02T06:06:46.6970870Z [1m[92m   Compiling[0m rust-ini v0.20.0
2025-11-02T06:06:48.6515715Z [1m[92m   Compiling[0m toml v0.8.23
2025-11-02T06:06:48.9505929Z [1m[92m   Compiling[0m ron v0.8.1
2025-11-02T06:06:51.4706072Z [1m[92m   Compiling[0m rustls-pemfile v1.0.4
2025-11-02T06:06:51.6949574Z [1m[92m   Compiling[0m serde_urlencoded v0.7.1
2025-11-02T06:06:51.8100236Z [1m[92m   Compiling[0m async-trait v0.1.89
2025-11-02T06:06:51.9223541Z [1m[92m   Compiling[0m thiserror-impl v1.0.69
2025-11-02T06:06:51.9769774Z [1m[92m   Compiling[0m heck v0.5.0
2025-11-02T06:06:52.1241533Z [1m[92m   Compiling[0m number_prefix v0.4.0
2025-11-02T06:06:52.2057223Z [1m[92m   Compiling[0m lazy_static v1.5.0
2025-11-02T06:06:52.2492055Z [1m[92m   Compiling[0m cpufeatures v0.2.17
2025-11-02T06:06:52.2849748Z [1m[92m   Compiling[0m sync_wrapper v0.1.2
2025-11-02T06:06:52.3331547Z [1m[92m   Compiling[0m either v1.15.0
2025-11-02T06:06:52.4884940Z [1m[92m   Compiling[0m same-file v1.0.6
2025-11-02T06:06:52.5045740Z [1m[92m   Compiling[0m home v0.5.12
2025-11-02T06:06:52.5871830Z [1m[92m   Compiling[0m clap_lex v0.7.6
2025-11-02T06:06:52.6004733Z [1m[92m   Compiling[0m unsafe-libyaml v0.2.11
2025-11-02T06:06:52.8811469Z [1m[92m   Compiling[0m ipnet v2.11.0
2025-11-02T06:06:52.8879982Z [1m[92m   Compiling[0m strsim v0.11.1
2025-11-02T06:06:53.7303804Z [1m[92m   Compiling[0m pathdiff v0.2.3
2025-11-02T06:06:53.7836687Z [1m[92m   Compiling[0m mime v0.3.17
2025-11-02T06:06:54.2271241Z [1m[92m   Compiling[0m reqwest v0.11.27
2025-11-02T06:06:54.2474762Z [1m[92m   Compiling[0m config v0.14.1
2025-11-02T06:06:55.1615575Z [1m[92m   Compiling[0m serde_yaml v0.9.34+deprecated
2025-11-02T06:06:56.5968348Z [1m[92m   Compiling[0m clap_builder v4.5.51
2025-11-02T06:06:59.6169745Z [1m[92m   Compiling[0m which v6.0.3
2025-11-02T06:07:00.1457365Z [1m[92m   Compiling[0m walkdir v2.5.0
2025-11-02T06:07:00.9451073Z [1m[92m   Compiling[0m sha2 v0.10.9
2025-11-02T06:07:02.4048637Z [1m[92m   Compiling[0m sharded-slab v0.1.7
2025-11-02T06:07:02.4976077Z [1m[92m   Compiling[0m indicatif v0.17.11
2025-11-02T06:07:03.0380604Z [1m[92m   Compiling[0m clap_derive v4.5.49
2025-11-02T06:07:04.6458256Z [1m[92m   Compiling[0m matchers v0.2.0
2025-11-02T06:07:04.7318902Z [1m[92m   Compiling[0m command-group v2.1.0
2025-11-02T06:07:04.9152605Z [1m[92m   Compiling[0m dirs v5.0.1
2025-11-02T06:07:05.6930960Z [1m[92m   Compiling[0m tracing-log v0.2.0
2025-11-02T06:07:06.0095316Z [1m[92m   Compiling[0m tracing-serde v0.2.0
2025-11-02T06:07:06.0626529Z [1m[92m   Compiling[0m thread_local v1.1.9
2025-11-02T06:07:06.1307856Z [1m[92m   Compiling[0m glob v0.3.3
2025-11-02T06:07:06.3360741Z [1m[92m   Compiling[0m nu-ansi-term v0.50.3
2025-11-02T06:07:06.8703595Z [1m[92m   Compiling[0m tracing-subscriber v0.3.20
2025-11-02T06:07:07.2204375Z [1m[92m   Compiling[0m winetricks-lib v0.1.0 (/home/runner/work/winetricks/winetricks/winetricks-lib)
2025-11-02T06:07:09.6823210Z [1m[92m   Compiling[0m clap v4.5.51
2025-11-02T06:07:11.9346163Z [1m[92m   Compiling[0m winetricks-cli v0.1.0 (/home/runner/work/winetricks/winetricks/winetricks-cli)
2025-11-02T06:07:15.7947189Z [1m[92m    Finished[0m `release` profile [optimized] target(s) in 1m 20s
2025-11-02T06:07:16.1116949Z [1m[92m   Compiling[0m libloading v0.8.9
2025-11-02T06:07:16.1118085Z [1m[92m   Compiling[0m rustix v1.1.2
2025-11-02T06:07:16.1119593Z [1m[92m   Compiling[0m linux-raw-sys v0.11.0
2025-11-02T06:07:16.1120106Z [1m[92m   Compiling[0m bytemuck_derive v1.10.2
2025-11-02T06:07:16.2741583Z [1m[92m   Compiling[0m dlib v0.5.2
2025-11-02T06:07:16.3356603Z [1m[92m   Compiling[0m wayland-sys v0.31.7
2025-11-02T06:07:16.3869428Z [1m[92m   Compiling[0m wayland-backend v0.3.11
2025-11-02T06:07:16.4209532Z [1m[92m   Compiling[0m autocfg v1.5.0
2025-11-02T06:07:16.7064044Z [1m[92m   Compiling[0m num-traits v0.2.19
2025-11-02T06:07:16.7765841Z [1m[92m   Compiling[0m scoped-tls v1.0.1
2025-11-02T06:07:16.8268942Z [1m[92m   Compiling[0m downcast-rs v1.2.1
2025-11-02T06:07:16.9340250Z [1m[92m   Compiling[0m quick-xml v0.37.5
2025-11-02T06:07:17.0396205Z [1m[92m   Compiling[0m wayland-client v0.31.11
2025-11-02T06:07:17.1245606Z [1m[92m   Compiling[0m bytemuck v1.24.0
2025-11-02T06:07:17.3423533Z [1m[92m   Compiling[0m arrayvec v0.7.6
2025-11-02T06:07:17.5367838Z [1m[92m   Compiling[0m simd-adler32 v0.3.7
2025-11-02T06:07:17.5983687Z [1m[92m   Compiling[0m wayland-scanner v0.31.7
2025-11-02T06:07:17.7874998Z [1m[92m   Compiling[0m adler2 v2.0.1
2025-11-02T06:07:17.8816191Z [1m[92m   Compiling[0m crc32fast v1.5.0
2025-11-02T06:07:17.8975470Z [1m[92m   Compiling[0m miniz_oxide v0.8.9
2025-11-02T06:07:18.0136892Z [1m[92m   Compiling[0m cfg_aliases v0.1.1
2025-11-02T06:07:18.0437819Z [1m[92m   Compiling[0m crossbeam-utils v0.8.21
2025-11-02T06:07:18.3608039Z [1m[92m   Compiling[0m flate2 v1.1.5
2025-11-02T06:07:18.9841412Z [1m[92m   Compiling[0m float-cmp v0.9.0
2025-11-02T06:07:19.0547938Z [1m[92m   Compiling[0m rand_core v0.6.4
2025-11-02T06:07:19.1521649Z [1m[92m   Compiling[0m siphasher v1.0.1
2025-11-02T06:07:19.2762722Z [1m[92m   Compiling[0m phf_shared v0.11.3
2025-11-02T06:07:19.3813732Z [1m[92m   Compiling[0m crossbeam-epoch v0.9.18
2025-11-02T06:07:19.4957190Z [1m[92m   Compiling[0m rand v0.8.5
2025-11-02T06:07:19.6072299Z [1m[92m   Compiling[0m strict-num v0.1.1
2025-11-02T06:07:19.7049543Z [1m[92m   Compiling[0m slotmap v1.0.7
2025-11-02T06:07:19.7764922Z [1m[92m   Compiling[0m raw-window-handle v0.6.2
2025-11-02T06:07:19.8038269Z [1m[92m   Compiling[0m arrayref v0.3.9
2025-11-02T06:07:19.8363286Z [1m[92m   Compiling[0m rayon-core v1.13.0
2025-11-02T06:07:19.9136524Z [1m[92m   Compiling[0m tiny-skia-path v0.11.4
2025-11-02T06:07:19.9612167Z [1m[92m   Compiling[0m phf_generator v0.11.3
2025-11-02T06:07:20.0376246Z [1m[92m   Compiling[0m crossbeam-deque v0.8.6
2025-11-02T06:07:20.1885400Z [1m[92m   Compiling[0m unicode-script v0.5.7
2025-11-02T06:07:20.2252207Z [1m[92m   Compiling[0m ttf-parser v0.19.2
2025-11-02T06:07:20.6847059Z [1m[92m   Compiling[0m unicode-ccc v0.1.2
2025-11-02T06:07:20.7938739Z [1m[92m   Compiling[0m unicode-properties v0.1.4
2025-11-02T06:07:20.9426265Z [1m[92m   Compiling[0m unicode-bidi-mirroring v0.1.0
2025-11-02T06:07:21.0125742Z [1m[92m   Compiling[0m roxmltree v0.20.0
2025-11-02T06:07:24.6430533Z [1m[92m   Compiling[0m fontconfig-parser v0.5.8
2025-11-02T06:07:24.8171832Z [1m[92m   Compiling[0m polling v3.11.0
2025-11-02T06:07:25.4858028Z [1m[92m   Compiling[0m phf_macros v0.11.3
2025-11-02T06:07:26.3163335Z [1m[92m   Compiling[0m fdeflate v0.3.7
2025-11-02T06:07:27.0138583Z [1m[92m   Compiling[0m memmap2 v0.8.0
2025-11-02T06:07:27.2269265Z [1m[92m   Compiling[0m memmap2 v0.9.9
2025-11-02T06:07:27.2805412Z [1m[92m   Compiling[0m palette v0.7.6
2025-11-02T06:07:27.2933899Z [1m[92m   Compiling[0m by_address v1.2.1
2025-11-02T06:07:27.3454861Z [1m[92m   Compiling[0m rustc-hash v1.1.0
2025-11-02T06:07:27.3991304Z [1m[92m   Compiling[0m palette_derive v0.7.6
2025-11-02T06:07:27.4361769Z [1m[92m   Compiling[0m fontdb v0.15.0
2025-11-02T06:07:27.4734520Z [1m[92m   Compiling[0m png v0.17.16
2025-11-02T06:07:28.1097226Z [1m[92m   Compiling[0m phf v0.11.3
2025-11-02T06:07:28.2285639Z [1m[92m   Compiling[0m approx v0.5.1
2025-11-02T06:07:28.3235946Z [1m[92m   Compiling[0m font-types v0.7.3
2025-11-02T06:07:28.6707124Z [1m[92m   Compiling[0m libm v0.2.15
2025-11-02T06:07:28.8139635Z [1m[92m   Compiling[0m smol_str v0.2.2
2025-11-02T06:07:28.8286808Z [1m[92m   Compiling[0m weezl v0.1.10
2025-11-02T06:07:29.0648117Z [1m[92m   Compiling[0m fast-srgb8 v1.0.0
2025-11-02T06:07:29.4640451Z [1m[92m   Compiling[0m read-fonts v0.22.7
2025-11-02T06:07:30.0669642Z [1m[92m   Compiling[0m rayon v1.11.0
2025-11-02T06:07:30.0712594Z [1m[92m   Compiling[0m kurbo v0.9.5
2025-11-02T06:07:32.4978787Z [1m[92m   Compiling[0m num_cpus v1.17.0
2025-11-02T06:07:32.8553677Z [1m[92m   Compiling[0m glam v0.25.0
2025-11-02T06:07:33.4102098Z [1m[92m   Compiling[0m web-time v0.2.4
2025-11-02T06:07:33.4429997Z [1m[92m   Compiling[0m color_quant v1.1.0
2025-11-02T06:07:33.6921311Z [1m[92m   Compiling[0m xxhash-rust v0.8.15
2025-11-02T06:07:34.1853970Z [1m[92m   Compiling[0m siphasher v0.3.11
2025-11-02T06:07:34.3255180Z [1m[92m   Compiling[0m as-raw-xcb-connection v1.0.1
2025-11-02T06:07:34.3630506Z [1m[92m   Compiling[0m svgtypes v0.12.0
2025-11-02T06:07:34.9696678Z [1m[92m   Compiling[0m futures-executor v0.3.31
2025-11-02T06:07:35.7811417Z [1m[92m   Compiling[0m iced_core v0.12.3
2025-11-02T06:07:35.8971190Z [1m[92m   Compiling[0m skrifa v0.22.3
2025-11-02T06:07:36.6354903Z [1m[92m   Compiling[0m jpeg-decoder v0.3.2
2025-11-02T06:07:38.7960059Z [1m[92m   Compiling[0m gethostname v1.1.0
2025-11-02T06:07:38.8487709Z [1m[92m   Compiling[0m yazi v0.1.6
2025-11-02T06:07:40.0695142Z [1m[92m   Compiling[0m xcursor v0.3.10
2025-11-02T06:07:40.5290160Z [1m[92m   Compiling[0m ash v0.37.3+1.3.251
2025-11-02T06:07:40.5952186Z [1m[92m   Compiling[0m cursor-icon v1.2.0
2025-11-02T06:07:40.6733679Z [1m[92m   Compiling[0m khronos-egl v6.0.0
2025-11-02T06:07:40.7389575Z [1m[92m   Compiling[0m rctree v0.5.0
2025-11-02T06:07:40.8530628Z [1m[92m   Compiling[0m unicode-width v0.1.14
2025-11-02T06:07:41.0553050Z [1m[92m   Compiling[0m xkeysym v0.2.1
2025-11-02T06:07:41.0825947Z [1m[92m   Compiling[0m bit-vec v0.6.3
2025-11-02T06:07:41.2918339Z [1m[92m   Compiling[0m x11rb-protocol v0.13.2
2025-11-02T06:07:43.4302733Z [1m[92m   Compiling[0m termcolor v1.4.1
2025-11-02T06:07:43.8615328Z [1m[92m   Compiling[0m zeno v0.2.3
2025-11-02T06:07:44.8335169Z [1m[92m   Compiling[0m ttf-parser v0.20.0
2025-11-02T06:07:48.8250000Z [1m[92m   Compiling[0m rustybuzz v0.11.0
2025-11-02T06:07:50.1737186Z [1m[92m   Compiling[0m swash v0.1.19
2025-11-02T06:07:52.1523259Z [1m[92m   Compiling[0m x11rb v0.13.2
2025-11-02T06:07:55.4878829Z [1m[92m   Compiling[0m codespan-reporting v0.11.1
2025-11-02T06:07:56.6730766Z [1m[92m   Compiling[0m bit-set v0.5.3
2025-11-02T06:07:56.7913377Z [1m[92m   Compiling[0m usvg-tree v0.36.0
2025-11-02T06:07:57.8045399Z [1m[92m   Compiling[0m wayland-csd-frame v0.3.0
2025-11-02T06:07:58.1636819Z [1m[92m   Compiling[0m wayland-cursor v0.31.11
2025-11-02T06:07:58.1750708Z [1m[92m   Compiling[0m futures v0.3.31
2025-11-02T06:07:58.2152582Z [1m[92m   Compiling[0m tiny-skia v0.11.4
2025-11-02T06:07:58.8837108Z [1m[92m   Compiling[0m wgpu-hal v0.19.5
2025-11-02T06:07:59.0406634Z [1m[92m   Compiling[0m zune-inflate v0.2.54
2025-11-02T06:07:59.5847397Z [1m[92m   Compiling[0m half v2.7.1
2025-11-02T06:08:00.1131984Z [1m[92m   Compiling[0m gpu-alloc-types v0.3.0
2025-11-02T06:08:00.4430224Z [1m[92m   Compiling[0m spirv v0.3.0+sdk-1.3.268.0
2025-11-02T06:08:02.5331323Z [1m[92m   Compiling[0m gpu-descriptor-types v0.1.2
2025-11-02T06:08:02.7595249Z [1m[92m   Compiling[0m libloading v0.7.4
2025-11-02T06:08:02.9157963Z [1m[92m   Compiling[0m xmlparser v0.13.6
2025-11-02T06:08:04.0238654Z [1m[92m   Compiling[0m drm-sys v0.7.0
2025-11-02T06:08:04.0949814Z [1m[92m   Compiling[0m rangemap v1.6.0
2025-11-02T06:08:04.3898914Z [1m[92m   Compiling[0m unicode-xid v0.2.6
2025-11-02T06:08:04.4615726Z [1m[92m   Compiling[0m sys-locale v0.3.2
2025-11-02T06:08:04.6850799Z [1m[92m   Compiling[0m unicode-linebreak v0.1.5
2025-11-02T06:08:04.8972469Z [1m[92m   Compiling[0m hexf-parse v0.2.1
2025-11-02T06:08:05.0358128Z [1m[92m   Compiling[0m self_cell v1.2.1
2025-11-02T06:08:05.0889412Z [1m[92m   Compiling[0m bit_field v0.10.3
2025-11-02T06:08:05.1831888Z [1m[92m   Compiling[0m lebe v0.5.3
2025-11-02T06:08:05.3317111Z [1m[92m   Compiling[0m exr v1.73.0
2025-11-02T06:08:05.5426506Z [1m[92m   Compiling[0m cosmic-text v0.10.0
2025-11-02T06:08:06.9572434Z [1m[92m   Compiling[0m naga v0.19.2
2025-11-02T06:08:11.4299572Z [1m[92m   Compiling[0m roxmltree v0.18.1
2025-11-02T06:08:13.5129682Z [1m[92m   Compiling[0m gpu-descriptor v0.2.4
2025-11-02T06:08:13.7960441Z [1m[92m   Compiling[0m gpu-alloc v0.6.0
2025-11-02T06:08:15.0181180Z [1m[92m   Compiling[0m iced_futures v0.12.0
2025-11-02T06:08:15.8749663Z [1m[92m   Compiling[0m tiff v0.9.1
2025-11-02T06:08:17.5879562Z [1m[92m   Compiling[0m gif v0.13.3
2025-11-02T06:08:18.2145667Z [1m[92m   Compiling[0m rustybuzz v0.10.0
2025-11-02T06:08:19.1608258Z [1m[92m   Compiling[0m wgpu-core v0.19.4
2025-11-02T06:08:19.3132653Z [1m[92m   Compiling[0m qoi v0.4.1
2025-11-02T06:08:19.5127378Z [1m[92m   Compiling[0m wgpu-types v0.19.2
2025-11-02T06:08:21.4312433Z [1m[92m   Compiling[0m simplecss v0.2.2
2025-11-02T06:08:22.8446590Z [1m[92m   Compiling[0m data-url v0.3.2
2025-11-02T06:08:22.9906118Z [1m[92m   Compiling[0m imagesize v0.12.0
2025-11-02T06:08:23.6138912Z [1m[92m   Compiling[0m renderdoc-sys v1.1.0
2025-11-02T06:08:23.7177404Z [1m[92m   Compiling[0m unicode-vo v0.1.0
2025-11-02T06:08:23.8228320Z [1m[92m   Compiling[0m profiling v1.0.17
2025-11-02T06:08:23.8531506Z [1m[92m   Compiling[0m drm-fourcc v2.2.0
2025-11-02T06:08:23.9213622Z [1m[92m   Compiling[0m mutate_once v0.1.2
2025-11-02T06:08:23.9810591Z [1m[92m   Compiling[0m glow v0.13.1
2025-11-02T06:08:23.9881915Z [1m[92m   Compiling[0m byteorder v1.5.0
2025-11-02T06:08:24.2035014Z [1m[92m   Compiling[0m linux-raw-sys v0.6.5
2025-11-02T06:08:24.7994809Z [1m[92m   Compiling[0m image v0.24.9
2025-11-02T06:08:27.7602881Z [1m[92m   Compiling[0m kamadak-exif v0.5.5
2025-11-02T06:08:29.8565422Z [1m[92m   Compiling[0m usvg-text-layout v0.36.0
2025-11-02T06:08:33.8643602Z [1m[92m   Compiling[0m usvg-parser v0.36.0
2025-11-02T06:08:37.3440493Z [1m[92m   Compiling[0m calloop v0.13.0
2025-11-02T06:08:38.5031876Z [1m[92m   Compiling[0m wayland-protocols v0.32.9
2025-11-02T06:08:41.3669014Z [1m[92m   Compiling[0m wayland-protocols v0.31.2
2025-11-02T06:08:43.6274443Z [1m[92m   Compiling[0m wgpu v0.19.4
2025-11-02T06:08:43.8102194Z [1m[92m   Compiling[0m euclid v0.22.11
2025-11-02T06:08:44.4909524Z [1m[92m   Compiling[0m tiny-xlib v0.2.4
2025-11-02T06:08:44.6059579Z [1m[92m   Compiling[0m cfg_aliases v0.2.1
2025-11-02T06:08:44.6376379Z [1m[92m   Compiling[0m pico-args v0.5.0
2025-11-02T06:08:44.8963194Z [1m[92m   Compiling[0m svg_fmt v0.4.5
2025-11-02T06:08:45.1466340Z [1m[92m   Compiling[0m xmlwriter v0.1.0
2025-11-02T06:08:45.5534258Z [1m[92m   Compiling[0m smithay-client-toolkit v0.19.2
2025-11-02T06:08:45.6199362Z [1m[92m   Compiling[0m foldhash v0.1.5
2025-11-02T06:08:45.7774391Z [1m[92m   Compiling[0m hashbrown v0.15.5
2025-11-02T06:08:46.4599842Z [1m[92m   Compiling[0m usvg v0.36.0
2025-11-02T06:08:47.6591043Z [1m[92m   Compiling[0m softbuffer v0.4.6
2025-11-02T06:08:47.9575576Z [1m[92m   Compiling[0m wayland-protocols-wlr v0.3.9
2025-11-02T06:08:52.8091311Z [1m[92m   Compiling[0m calloop-wayland-source v0.3.0
2025-11-02T06:08:56.6899743Z [1m[92m   Compiling[0m iced_graphics v0.12.1
2025-11-02T06:09:00.1773851Z [1m[92m   Compiling[0m drm-ffi v0.8.0
2025-11-02T06:09:00.7619778Z [1m[92m   Compiling[0m gif v0.12.0
2025-11-02T06:09:01.0711694Z [1m[92m   Compiling[0m calloop v0.12.4
2025-11-02T06:09:02.1322571Z [1m[92m   Compiling[0m rgb v0.8.52
2025-11-02T06:09:02.2277402Z [1m[92m   Compiling[0m smithay-client-toolkit v0.18.1
2025-11-02T06:09:02.2915365Z [1m[92m   Compiling[0m ctor-lite v0.1.0
2025-11-02T06:09:02.3228150Z [1m[92m   Compiling[0m ttf-parser v0.25.1
2025-11-02T06:09:02.4473443Z [1m[92m   Compiling[0m static_assertions v1.1.0
2025-11-02T06:09:02.4817160Z [1m[92m   Compiling[0m resvg v0.36.0
2025-11-02T06:09:08.8008010Z [1m[92m   Compiling[0m owned_ttf_parser v0.25.1
2025-11-02T06:09:09.5833241Z [1m[92m   Compiling[0m calloop-wayland-source v0.2.0
2025-11-02T06:09:09.6578956Z [1m[92m   Compiling[0m drm v0.12.0
2025-11-02T06:09:12.9247480Z [1m[92m   Compiling[0m lru v0.12.5
2025-11-02T06:09:13.0528751Z [1m[92m   Compiling[0m etagere v0.2.15
2025-11-02T06:09:13.5429668Z [1m[92m   Compiling[0m wayland-protocols-wlr v0.2.0
2025-11-02T06:09:14.0775051Z [1m[92m   Compiling[0m x11-dl v2.21.0
2025-11-02T06:09:14.1750007Z [1m[92m   Compiling[0m fastrand v2.3.0
2025-11-02T06:09:14.3987914Z [1m[92m   Compiling[0m ab_glyph_rasterizer v0.1.10
2025-11-02T06:09:14.6079670Z [1m[92m   Compiling[0m ab_glyph v0.2.32
2025-11-02T06:09:17.0793031Z [1m[92m   Compiling[0m glyphon v0.5.0
2025-11-02T06:09:17.9396911Z [1m[92m   Compiling[0m smithay-clipboard v0.7.2
2025-11-02T06:09:18.0523071Z [1m[92m   Compiling[0m guillotiere v0.6.2
2025-11-02T06:09:18.4341619Z [1m[92m   Compiling[0m winit v0.29.15
2025-11-02T06:09:18.6395652Z [1m[92m   Compiling[0m kurbo v0.10.4
2025-11-02T06:09:18.7823533Z [1m[92m   Compiling[0m clipboard_wayland v0.2.2
2025-11-02T06:09:19.4994432Z [1m[92m   Compiling[0m iced_tiny_skia v0.12.1
2025-11-02T06:09:21.9149198Z [1m[92m   Compiling[0m iced_wgpu v0.12.1
2025-11-02T06:09:24.0263610Z [1m[92m   Compiling[0m sctk-adwaita v0.8.3
2025-11-02T06:09:25.7116409Z [1m[92m   Compiling[0m wayland-protocols-plasma v0.2.0
2025-11-02T06:09:25.9096967Z [1m[92m   Compiling[0m iced_runtime v0.12.1
2025-11-02T06:09:26.2878265Z [1m[92m   Compiling[0m clipboard_x11 v0.4.2
2025-11-02T06:09:28.1338876Z [1m[92m   Compiling[0m xkbcommon-dl v0.4.2
2025-11-02T06:09:29.1560920Z [1m[92m   Compiling[0m iced_style v0.12.1
2025-11-02T06:09:30.8933862Z [1m[92m   Compiling[0m window_clipboard v0.4.1
2025-11-02T06:09:31.0750692Z [1m[92m   Compiling[0m iced_renderer v0.12.1
2025-11-02T06:09:31.7144828Z [1m[92m   Compiling[0m iced_widget v0.12.3
2025-11-02T06:09:34.0674968Z [1m[92m   Compiling[0m iced_winit v0.12.2
2025-11-02T06:09:34.8127766Z [1m[92m   Compiling[0m iced v0.12.1
2025-11-02T06:09:47.8043498Z [1m[92m   Compiling[0m winetricks-gui v0.1.0 (/home/runner/work/winetricks/winetricks/winetricks-gui)
2025-11-02T06:09:54.7106119Z [1m[92m    Finished[0m `release` profile [optimized] target(s) in 2m 38s
2025-11-02T06:09:54.7379343Z ##[group]Run ccache -s
2025-11-02T06:09:54.7379566Z [36;1mccache -s[0m
2025-11-02T06:09:54.7397671Z shell: /usr/bin/bash -e {0}
2025-11-02T06:09:54.7397958Z env:
2025-11-02T06:09:54.7398136Z   CARGO_HOME: /home/runner/.cargo
2025-11-02T06:09:54.7398360Z   CARGO_INCREMENTAL: 0
2025-11-02T06:09:54.7398552Z   CARGO_TERM_COLOR: always
2025-11-02T06:09:54.7398746Z   CCACHE_DIR: ~/.ccache
2025-11-02T06:09:54.7398924Z ##[endgroup]
2025-11-02T06:09:54.7453183Z Local storage:
2025-11-02T06:09:54.7453533Z   Cache size (GB): 0.0 / 0.5 ( 0.00%)
2025-11-02T06:09:54.7472842Z ##[group]Run # Get version from workspace Cargo.toml (where version is actually defined)
2025-11-02T06:09:54.7473353Z [36;1m# Get version from workspace Cargo.toml (where version is actually defined)[0m
2025-11-02T06:09:54.7473863Z [36;1mVERSION=$(grep -m1 '^version\s*=' Cargo.toml | cut -d'"' -f2 | tr -d '[:space:]' || echo "0.1.0")[0m
2025-11-02T06:09:54.7474266Z [36;1msed -i "s/^pkgver=.*/pkgver=${VERSION}/" PKGBUILD[0m
2025-11-02T06:09:54.7474578Z [36;1mecho "Updated PKGBUILD pkgver to: ${VERSION}"[0m
2025-11-02T06:09:54.7474839Z [36;1mgrep "^pkgver=" PKGBUILD[0m
2025-11-02T06:09:54.7490387Z shell: /usr/bin/bash -e {0}
2025-11-02T06:09:54.7490610Z env:
2025-11-02T06:09:54.7490788Z   CARGO_HOME: /home/runner/.cargo
2025-11-02T06:09:54.7491016Z   CARGO_INCREMENTAL: 0
2025-11-02T06:09:54.7491214Z   CARGO_TERM_COLOR: always
2025-11-02T06:09:54.7491399Z ##[endgroup]
2025-11-02T06:09:54.7551538Z Updated PKGBUILD pkgver to: 0.1.0
2025-11-02T06:09:54.7559826Z pkgver=0.1.0
2025-11-02T06:09:54.7577389Z ##[group]Run bash .github/scripts/build-arch.sh
2025-11-02T06:09:54.7578073Z [36;1mbash .github/scripts/build-arch.sh[0m
2025-11-02T06:09:54.7593080Z shell: /usr/bin/bash -e {0}
2025-11-02T06:09:54.7593303Z env:
2025-11-02T06:09:54.7593480Z   CARGO_HOME: /home/runner/.cargo
2025-11-02T06:09:54.7593700Z   CARGO_INCREMENTAL: 0
2025-11-02T06:09:54.7593885Z   CARGO_TERM_COLOR: always
2025-11-02T06:09:54.7594079Z ##[endgroup]
2025-11-02T06:09:54.7652416Z Building Arch package for version: 0.1.0
2025-11-02T06:09:54.7888909Z Unable to find image 'archlinux:latest' locally
2025-11-02T06:09:55.5489524Z latest: Pulling from library/archlinux
2025-11-02T06:09:55.7347832Z a59b1e251b85: Pulling fs layer
2025-11-02T06:09:55.7348235Z 849b0775ea0f: Pulling fs layer
2025-11-02T06:09:56.0249864Z 849b0775ea0f: Verifying Checksum
2025-11-02T06:09:56.0250339Z 849b0775ea0f: Download complete
2025-11-02T06:09:56.9844720Z a59b1e251b85: Verifying Checksum
2025-11-02T06:09:56.9845201Z a59b1e251b85: Download complete
2025-11-02T06:10:00.7535386Z a59b1e251b85: Pull complete
2025-11-02T06:10:01.9541971Z 849b0775ea0f: Pull complete
2025-11-02T06:10:01.9577863Z Digest: sha256:c136b06a4f786b84c1cc0d2494fabdf9be8811d15051cd4404deb5c3dc0b2e57
2025-11-02T06:10:01.9771389Z Status: Downloaded newer image for archlinux:latest
2025-11-02T06:10:02.1035080Z :: Synchronizing package databases...
2025-11-02T06:10:03.1155672Z  core downloading...
2025-11-02T06:10:03.1156786Z  extra downloading...
2025-11-02T06:10:03.2812939Z warning: openssl-3.6.0-1 is up to date -- reinstalling
2025-11-02T06:10:03.2813623Z :: There are 2 providers available for cargo:
2025-11-02T06:10:03.2814108Z :: Repository extra
2025-11-02T06:10:03.2814447Z    1) rust  2) rustup
2025-11-02T06:10:03.2814666Z 
2025-11-02T06:10:03.2814815Z Enter a number (default=1): 
2025-11-02T06:10:03.2815259Z :: Starting full system upgrade...
2025-11-02T06:10:03.2828433Z resolving dependencies...
2025-11-02T06:10:03.2852563Z looking for conflicting packages...
2025-11-02T06:10:03.2885509Z 
2025-11-02T06:10:03.2886216Z Package (44)            Old Version   New Version                 Net Change  Download Size
2025-11-02T06:10:03.2886614Z 
2025-11-02T06:10:03.2888585Z core/archlinux-keyring  20251012-1    20251027-3                    0.00 MiB       1.19 MiB
2025-11-02T06:10:03.2889152Z core/audit              4.0.5-1       4.1.2-1                      -0.06 MiB       0.38 MiB
2025-11-02T06:10:03.2889717Z core/autoconf                         2.72-1                        2.22 MiB       0.64 MiB
2025-11-02T06:10:03.2890266Z core/automake                         1.18.1-1                      1.64 MiB       0.62 MiB
2025-11-02T06:10:03.2890880Z core/binutils                         2.45+r29+g2b2e51a31ec7-1     42.74 MiB       7.79 MiB
2025-11-02T06:10:03.2891432Z core/bison                            3.8.2-8                       2.52 MiB       0.75 MiB
2025-11-02T06:10:03.2891986Z core/db5.3                            5.3.28-5                      6.45 MiB       1.18 MiB
2025-11-02T06:10:03.2892584Z core/debugedit                        5.2-1                         0.11 MiB       0.05 MiB
2025-11-02T06:10:03.2893177Z core/device-mapper      2.03.35-1     2.03.36-1                     0.00 MiB       0.28 MiB
2025-11-02T06:10:03.2893775Z core/diffutils                        3.12-2                        1.50 MiB       0.33 MiB
2025-11-02T06:10:03.2894346Z core/fakeroot                         1.37.1.2-1                    0.14 MiB       0.08 MiB
2025-11-02T06:10:03.2894989Z core/filesystem         2025.05.03-1  2025.10.12-1                  0.00 MiB       0.01 MiB
2025-11-02T06:10:03.2895416Z core/flex                             2.6.4-5                       0.93 MiB       0.30 MiB
2025-11-02T06:10:03.2895730Z core/gc                               8.2.10-2                      0.76 MiB       0.23 MiB
2025-11-02T06:10:03.2896067Z core/gcc                              15.2.1+r22+gc4e96a094636-1  208.47 MiB      54.05 MiB
2025-11-02T06:10:03.2896698Z core/glib2              2.86.0-2      2.86.1-1                      0.12 MiB       4.93 MiB
2025-11-02T06:10:03.2897062Z core/gnupg              2.4.8-1       2.4.8-3                       0.20 MiB       2.82 MiB
2025-11-02T06:10:03.2897394Z core/groff                            1.23.0-7                      8.84 MiB       2.26 MiB
2025-11-02T06:10:03.2897886Z core/guile                            3.0.10-1                     54.73 MiB       8.31 MiB
2025-11-02T06:10:03.2898300Z core/jansson                          2.14.1-1                      0.27 MiB       0.09 MiB
2025-11-02T06:10:03.2898658Z core/leancrypto         1.5.1-1       1.6.0-1                       1.04 MiB       1.36 MiB
2025-11-02T06:10:03.2899016Z core/libcap             2.76-1        2.77-1                        0.07 MiB       0.78 MiB
2025-11-02T06:10:03.2899357Z core/libedit                          20250104_3.1-1                0.26 MiB       0.11 MiB
2025-11-02T06:10:03.2899806Z core/libelf             0.193-5       0.194-1                       0.03 MiB       0.62 MiB
2025-11-02T06:10:03.2900355Z core/libisl                           0.27-1                        5.75 MiB       0.87 MiB
2025-11-02T06:10:03.2900877Z core/libmpc                           1.3.1-2                       0.18 MiB       0.08 MiB
2025-11-02T06:10:03.2901346Z core/libnghttp2         1.67.1-1      1.68.0-1                      0.00 MiB       0.09 MiB
2025-11-02T06:10:03.2901938Z core/libtool                          2.6.0-1                       2.33 MiB       0.42 MiB
2025-11-02T06:10:03.2902263Z extra/lld                             21.1.4-1                      6.83 MiB       1.99 MiB
2025-11-02T06:10:03.2902597Z extra/llvm-libs                       21.1.4-1                    150.01 MiB      38.45 MiB
2025-11-02T06:10:03.2902921Z core/m4                               1.4.20-1                      0.70 MiB       0.26 MiB
2025-11-02T06:10:03.2903229Z core/make                             4.4.1-2                       1.67 MiB       0.51 MiB
2025-11-02T06:10:03.2903613Z core/pacman-mirrorlist  20251003-1    20251021-1                    0.00 MiB       0.01 MiB
2025-11-02T06:10:03.2904005Z core/patch                            2.8-1                         0.17 MiB       0.08 MiB
2025-11-02T06:10:03.2904474Z core/pcre2              10.46-1       10.47-1                       0.19 MiB       1.62 MiB
2025-11-02T06:10:03.2904825Z core/perl                             5.42.0-1                     69.88 MiB      20.40 MiB
2025-11-02T06:10:03.2905152Z core/pkgconf                          2.5.1-1                       0.20 MiB       0.07 MiB
2025-11-02T06:10:03.2905479Z core/sudo                             1.9.17.p2-1                   7.83 MiB       1.84 MiB
2025-11-02T06:10:03.2905807Z core/texinfo                          7.2-1                        11.51 MiB       1.99 MiB
2025-11-02T06:10:03.2906127Z core/which                            2.23-1                        0.03 MiB       0.02 MiB
2025-11-02T06:10:03.2906461Z extra/xxhash                          0.8.3-1                       0.39 MiB       0.10 MiB
2025-11-02T06:10:03.2906803Z core/base-devel                       1-2                           0.00 MiB       0.00 MiB
2025-11-02T06:10:03.2907143Z core/openssl            3.6.0-1       3.6.0-1                       0.00 MiB       5.35 MiB
2025-11-02T06:10:03.2907491Z extra/rust                            1:1.90.0-4                  266.52 MiB      67.40 MiB
2025-11-02T06:10:03.2907910Z 
2025-11-02T06:10:03.2908000Z Total Download Size:   230.70 MiB
2025-11-02T06:10:03.2908239Z Total Installed Size:  937.33 MiB
2025-11-02T06:10:03.2908457Z Net Upgrade Size:      857.17 MiB
2025-11-02T06:10:03.2908601Z 
2025-11-02T06:10:03.2908735Z :: Proceed with installation? [Y/n] 
2025-11-02T06:10:03.2908983Z :: Retrieving packages...
2025-11-02T06:10:05.1183253Z  rust-1:1.90.0-4-x86_64 downloading...
2025-11-02T06:10:05.1183734Z  gcc-15.2.1+r22+gc4e96a094636-1-x86_64 downloading...
2025-11-02T06:10:05.1184150Z  llvm-libs-21.1.4-1-x86_64 downloading...
2025-11-02T06:10:05.1184787Z  perl-5.42.0-1-x86_64 downloading...
2025-11-02T06:10:05.1185137Z  guile-3.0.10-1-x86_64 downloading...
2025-11-02T06:10:05.1185555Z  binutils-2.45+r29+g2b2e51a31ec7-1-x86_64 downloading...
2025-11-02T06:10:05.1185989Z  openssl-3.6.0-1-x86_64 downloading...
2025-11-02T06:10:05.1186353Z  glib2-2.86.1-1-x86_64 downloading...
2025-11-02T06:10:05.1186695Z  gnupg-2.4.8-3-x86_64 downloading...
2025-11-02T06:10:05.1187023Z  groff-1.23.0-7-x86_64 downloading...
2025-11-02T06:10:05.1187365Z  lld-21.1.4-1-x86_64 downloading...
2025-11-02T06:10:05.1187856Z  texinfo-7.2-1-x86_64 downloading...
2025-11-02T06:10:05.1188197Z  sudo-1.9.17.p2-1-x86_64 downloading...
2025-11-02T06:10:05.1188532Z  pcre2-10.47-1-x86_64 downloading...
2025-11-02T06:10:05.1188883Z  leancrypto-1.6.0-1-x86_64 downloading...
2025-11-02T06:10:05.1189270Z  archlinux-keyring-20251027-3-any downloading...
2025-11-02T06:10:05.1189656Z  db5.3-5.3.28-5-x86_64 downloading...
2025-11-02T06:10:05.1189980Z  libisl-0.27-1-x86_64 downloading...
2025-11-02T06:10:05.1190295Z  libcap-2.77-1-x86_64 downloading...
2025-11-02T06:10:05.1190602Z  bison-3.8.2-8-x86_64 downloading...
2025-11-02T06:10:05.1190921Z  autoconf-2.72-1-any downloading...
2025-11-02T06:10:05.1191265Z  libelf-0.194-1-x86_64 downloading...
2025-11-02T06:10:05.1191616Z  automake-1.18.1-1-any downloading...
2025-11-02T06:10:05.1191956Z  make-4.4.1-2-x86_64 downloading...
2025-11-02T06:10:05.1192291Z  libtool-2.6.0-1-x86_64 downloading...
2025-11-02T06:10:05.1192636Z  audit-4.1.2-1-x86_64 downloading...
2025-11-02T06:10:05.1192978Z  diffutils-3.12-2-x86_64 downloading...
2025-11-02T06:10:05.1193374Z  flex-2.6.4-5-x86_64 downloading...
2025-11-02T06:10:05.1193742Z  device-mapper-2.03.36-1-x86_64 downloading...
2025-11-02T06:10:05.1194121Z  m4-1.4.20-1-x86_64 downloading...
2025-11-02T06:10:05.1194434Z  gc-8.2.10-2-x86_64 downloading...
2025-11-02T06:10:05.1194659Z  libedit-20250104_3.1-1-x86_64 downloading...
2025-11-02T06:10:05.1194900Z  xxhash-0.8.3-1-x86_64 downloading...
2025-11-02T06:10:05.1195134Z  libnghttp2-1.68.0-1-x86_64 downloading...
2025-11-02T06:10:05.1195374Z  jansson-2.14.1-1-x86_64 downloading...
2025-11-02T06:10:05.1195605Z  patch-2.8-1-x86_64 downloading...
2025-11-02T06:10:05.1195818Z  libmpc-1.3.1-2-x86_64 downloading...
2025-11-02T06:10:05.1196214Z  fakeroot-1.37.1.2-1-x86_64 downloading...
2025-11-02T06:10:05.1196445Z  pkgconf-2.5.1-1-x86_64 downloading...
2025-11-02T06:10:05.1196677Z  debugedit-5.2-1-x86_64 downloading...
2025-11-02T06:10:05.1196896Z  which-2.23-1-x86_64 downloading...
2025-11-02T06:10:05.1197136Z  filesystem-2025.10.12-1-any downloading...
2025-11-02T06:10:05.1197404Z  pacman-mirrorlist-20251021-1-any downloading...
2025-11-02T06:10:05.1197835Z  base-devel-1-2-any downloading...
2025-11-02T06:10:05.1198058Z checking keyring...
2025-11-02T06:10:05.2186948Z checking package integrity...
2025-11-02T06:10:06.2918164Z loading package files...
2025-11-02T06:10:06.3584043Z checking for file conflicts...
2025-11-02T06:10:06.3711455Z :: Processing package changes...
2025-11-02T06:10:06.3711956Z upgrading filesystem...
2025-11-02T06:10:06.3828129Z warning: directory permissions differ on /srv/ftp/
2025-11-02T06:10:06.3828478Z filesystem: 755  package: 555
2025-11-02T06:10:06.3853686Z installing jansson...
2025-11-02T06:10:06.3881506Z reinstalling openssl...
2025-11-02T06:10:06.4516030Z upgrading libnghttp2...
2025-11-02T06:10:06.4563553Z upgrading audit...
2025-11-02T06:10:06.4737341Z New optional dependencies for audit
2025-11-02T06:10:06.4737984Z     audispd-plugins: for audit event dispatcher plugins
2025-11-02T06:10:06.4738407Z     audispd-plugins-zos: for z/OS audit event dispatcher plugin
2025-11-02T06:10:06.4738758Z upgrading libcap...
2025-11-02T06:10:06.4826624Z upgrading libelf...
2025-11-02T06:10:06.4923059Z installing binutils...
2025-11-02T06:10:06.5673941Z Optional dependencies for binutils
2025-11-02T06:10:06.5674364Z     debuginfod: for debuginfod server/client functionality
2025-11-02T06:10:06.5674704Z installing libmpc...
2025-11-02T06:10:06.5684908Z installing libisl...
2025-11-02T06:10:06.5798645Z installing gcc...
2025-11-02T06:10:07.0390339Z Optional dependencies for gcc
2025-11-02T06:10:07.0390919Z     lib32-gcc-libs: for generating code for 32-bit ABI
2025-11-02T06:10:07.0392845Z installing libedit...
2025-11-02T06:10:07.0407937Z installing llvm-libs...
2025-11-02T06:10:07.3411888Z installing lld...
2025-11-02T06:10:07.3572429Z installing rust...
2025-11-02T06:10:07.8610746Z Optional dependencies for rust
2025-11-02T06:10:07.8611194Z     gdb: rust-gdb script
2025-11-02T06:10:07.8611505Z     lldb: rust-lldb script
2025-11-02T06:10:07.8611703Z upgrading leancrypto...
2025-11-02T06:10:07.8771403Z upgrading pcre2...
2025-11-02T06:10:07.8932629Z upgrading glib2...
2025-11-02T06:10:07.9905946Z upgrading gnupg...
2025-11-02T06:10:08.0779111Z upgrading pacman-mirrorlist...
2025-11-02T06:10:08.0792120Z upgrading device-mapper...
2025-11-02T06:10:08.0871602Z upgrading archlinux-keyring...
2025-11-02T06:10:08.2277834Z ==> ERROR: There is no secret key available to sign with.
2025-11-02T06:10:08.2296487Z ==> Use 'pacman-key --init' to generate a default secret key.
2025-11-02T06:10:08.2299665Z error: command failed to execute correctly
2025-11-02T06:10:08.2300085Z installing m4...
2025-11-02T06:10:08.2324741Z installing diffutils...
2025-11-02T06:10:08.2355391Z installing db5.3...
2025-11-02T06:10:08.2479628Z installing perl...
2025-11-02T06:10:08.4912558Z installing autoconf...
2025-11-02T06:10:08.4975390Z installing automake...
2025-11-02T06:10:08.5054124Z installing bison...
2025-11-02T06:10:08.5127402Z installing xxhash...
2025-11-02T06:10:08.5145258Z installing debugedit...
2025-11-02T06:10:08.5154343Z installing fakeroot...
2025-11-02T06:10:08.5882982Z installing flex...
2025-11-02T06:10:08.5914618Z installing groff...
2025-11-02T06:10:08.6313189Z Optional dependencies for groff
2025-11-02T06:10:08.6313950Z     netpbm: for use together with man -H command interaction in browsers
2025-11-02T06:10:08.6314711Z     psutils: for use together with man -H command interaction in browsers
2025-11-02T06:10:08.6315260Z     libxaw: for gxditview
2025-11-02T06:10:08.6315601Z     perl-file-homedir: for use with glilypond
2025-11-02T06:10:08.6315974Z installing libtool...
2025-11-02T06:10:08.6378345Z installing gc...
2025-11-02T06:10:08.6413499Z installing guile...
2025-11-02T06:10:08.7768267Z installing make...
2025-11-02T06:10:08.7802644Z installing patch...
2025-11-02T06:10:08.7813003Z Optional dependencies for patch
2025-11-02T06:10:08.7813521Z     ed: for patch -e functionality
2025-11-02T06:10:08.7813803Z installing pkgconf...
2025-11-02T06:10:08.7846180Z installing sudo...
2025-11-02T06:10:08.8001536Z installing texinfo...
2025-11-02T06:10:08.8444451Z Optional dependencies for texinfo
2025-11-02T06:10:08.8445018Z     perl-archive-zip: EPUB file output via texi2any
2025-11-02T06:10:08.8445450Z installing which...
2025-11-02T06:10:08.8448689Z installing base-devel...
2025-11-02T06:10:09.8016891Z :: Running post-transaction hooks...
2025-11-02T06:10:09.8017330Z (1/9) Creating system user accounts...
2025-11-02T06:10:09.8634398Z (2/9) Reloading system manager configuration...
2025-11-02T06:10:09.9246854Z   Skipped: Current root is not booted.
2025-11-02T06:10:09.9247300Z (3/9) Reloading user manager configuration...
2025-11-02T06:10:09.9845661Z   Skipped: Current root is not booted.
2025-11-02T06:10:09.9845978Z (4/9) Restarting marked services...
2025-11-02T06:10:10.0439071Z   Skipped: Current root is not booted.
2025-11-02T06:10:10.0439585Z (5/9) Applying kernel sysctl settings...
2025-11-02T06:10:10.1051033Z   Skipped: Current root is not booted.
2025-11-02T06:10:10.1051547Z (6/9) Creating temporary files...
2025-11-02T06:10:10.1704115Z /usr/lib/tmpfiles.d/journal-nocow.conf:26: Failed to resolve specifier: uninitialized /etc/ detected, skipping.
2025-11-02T06:10:10.1704786Z All rules containing unresolvable specifiers will be skipped.
2025-11-02T06:10:10.1830791Z (7/9) Reloading device manager configuration...
2025-11-02T06:10:10.2442061Z   Skipped: Current root is not booted.
2025-11-02T06:10:10.2442665Z (8/9) Arming ConditionNeedsUpdate...
2025-11-02T06:10:10.3019826Z (9/9) Checking for old perl modules...
2025-11-02T06:10:12.0737644Z ==> Making package: winetricks 0.1.0-1 (Sun Nov  2 06:10:12 2025)
2025-11-02T06:10:12.0778163Z ==> WARNING: Skipping dependency checks.
2025-11-02T06:10:12.0835111Z ==> Retrieving sources...
2025-11-02T06:10:12.0917291Z ==> ERROR: winetricks-0.1.0.tar.gz was not found in the build directory and is not a URL.
2025-11-02T06:10:12.0926097Z makepkg failed, trying without skipinteg...
2025-11-02T06:10:12.8503540Z ==> Making package: winetricks 0.1.0-1 (Sun Nov  2 06:10:12 2025)
2025-11-02T06:10:12.8548023Z ==> WARNING: Skipping dependency checks.
2025-11-02T06:10:12.8603170Z ==> Retrieving sources...
2025-11-02T06:10:12.8685215Z ==> ERROR: winetricks-0.1.0.tar.gz was not found in the build directory and is not a URL.
2025-11-02T06:10:12.8823825Z Package search complete
2025-11-02T06:10:12.8844244Z No packages found in /build
2025-11-02T06:10:16.4136463Z Error: Package file not found
2025-11-02T06:10:16.4137034Z Searching for any .pkg.tar files...
2025-11-02T06:10:16.4222878Z 
2025-11-02T06:10:16.4223430Z Listing current directory contents:
2025-11-02T06:10:16.4234923Z total 372
2025-11-02T06:10:16.4235278Z drwxr-xr-x 11 runner runner   4096 Nov  2 06:09 .
2025-11-02T06:10:16.4235773Z drwxr-xr-x  3 runner runner   4096 Nov  2 06:05 ..
2025-11-02T06:10:16.4236132Z drwxr-xr-x  7 runner runner   4096 Nov  2 06:05 .git
2025-11-02T06:10:16.4236432Z drwxr-xr-x  4 runner runner   4096 Nov  2 06:05 .github
2025-11-02T06:10:16.4236738Z -rw-r--r--  1 runner runner    294 Nov  2 06:05 .gitignore
2025-11-02T06:10:16.4237045Z -rw-r--r--  1 runner runner  26530 Nov  2 06:05 COPYING
2025-11-02T06:10:16.4237333Z -rw-r--r--  1 runner runner 146576 Nov  2 06:05 Cargo.lock
2025-11-02T06:10:16.4237732Z -rw-r--r--  1 runner runner   1025 Nov  2 06:05 Cargo.toml
2025-11-02T06:10:16.4238026Z -rw-r--r--  1 runner runner    688 Nov  2 06:09 PKGBUILD
2025-11-02T06:10:16.4238319Z -rw-r--r--  1 runner runner   3105 Nov  2 06:05 README.md
2025-11-02T06:10:16.4238600Z -rw-r--r--  1 runner runner   1283 Nov  2 06:05 RELEASE.md
2025-11-02T06:10:16.4238905Z -rw-r--r--  1 runner runner 137362 Nov  2 06:05 job-logs.txt
2025-11-02T06:10:16.4239739Z drwxr-xr-x  3 runner runner   4096 Nov  2 06:07 target
2025-11-02T06:10:16.4240265Z drwxr-xr-x  3 runner runner   4096 Nov  2 06:05 verbs_metadata
2025-11-02T06:10:16.4240735Z drwxr-xr-x  4 runner runner   4096 Nov  2 06:05 winetricks-cli
2025-11-02T06:10:16.4241070Z drwxr-xr-x  3 runner runner   4096 Nov  2 06:05 winetricks-converter
2025-11-02T06:10:16.4241415Z drwxr-xr-x  3 runner runner   4096 Nov  2 06:05 winetricks-gui
2025-11-02T06:10:16.4241723Z drwxr-xr-x  3 runner runner   4096 Nov  2 06:05 winetricks-lib
2025-11-02T06:10:16.4242015Z drwxr-xr-x  3 runner runner   4096 Nov  2 06:05 ~
2025-11-02T06:10:16.4274682Z ##[group]Run actions/upload-artifact@v4
2025-11-02T06:10:16.4274926Z with:
2025-11-02T06:10:16.4275087Z   name: arch-package
2025-11-02T06:10:16.4275284Z   path: Winetricks.rs-*.pkg.tar.zst
2025-11-02T06:10:16.4275505Z   if-no-files-found: warn
2025-11-02T06:10:16.4275751Z   compression-level: 6
2025-11-02T06:10:16.4275942Z   overwrite: false
2025-11-02T06:10:16.4276134Z   include-hidden-files: false
2025-11-02T06:10:16.4276335Z env:
2025-11-02T06:10:16.4276491Z   CARGO_HOME: /home/runner/.cargo
2025-11-02T06:10:16.4276706Z   CARGO_INCREMENTAL: 0
2025-11-02T06:10:16.4276890Z   CARGO_TERM_COLOR: always
2025-11-02T06:10:16.4277082Z ##[endgroup]
2025-11-02T06:10:16.6278642Z ##[warning]No files were found with the provided path: Winetricks.rs-*.pkg.tar.zst. No artifacts will be uploaded.
2025-11-02T06:10:16.9450318Z Post job cleanup.
2025-11-02T06:10:17.0672870Z [warning]Path Validation Error: Path(s) specified in the action for caching do(es) not exist, hence no cache is being saved.
2025-11-02T06:10:17.0747437Z Post job cleanup.
2025-11-02T06:10:17.1596578Z [command]/usr/bin/git version
2025-11-02T06:10:17.1628573Z git version 2.51.2
2025-11-02T06:10:17.1667095Z Temporarily overriding HOME='/home/runner/work/_temp/1189a777-f245-44c5-b174-588bef6fd049' before making global git config changes
2025-11-02T06:10:17.1668490Z Adding repository directory to the temporary git global config as a safe directory
2025-11-02T06:10:17.1673212Z [command]/usr/bin/git config --global --add safe.directory /home/runner/work/winetricks/winetricks
2025-11-02T06:10:17.1704253Z [command]/usr/bin/git config --local --name-only --get-regexp core\.sshCommand
2025-11-02T06:10:17.1731319Z [command]/usr/bin/git submodule foreach --recursive sh -c "git config --local --name-only --get-regexp 'core\.sshCommand' && git config --local --unset-all 'core.sshCommand' || :"
2025-11-02T06:10:17.1905794Z [command]/usr/bin/git config --local --name-only --get-regexp http\.https\:\/\/github\.com\/\.extraheader
2025-11-02T06:10:17.1922912Z http.https://github.com/.extraheader
2025-11-02T06:10:17.1933421Z [command]/usr/bin/git config --local --unset-all http.https://github.com/.extraheader
2025-11-02T06:10:17.1961825Z [command]/usr/bin/git submodule foreach --recursive sh -c "git config --local --name-only --get-regexp 'http\.https\:\/\/github\.com\/\.extraheader' && git config --local --unset-all 'http.https://github.com/.extraheader' || :"
2025-11-02T06:10:17.2217177Z Cleaning up orphan processes
