2025-11-02T06:14:53.7729595Z Current runner version: '2.329.0'
2025-11-02T06:14:53.7754685Z ##[group]Runner Image Provisioner
2025-11-02T06:14:53.7755767Z Hosted Compute Agent
2025-11-02T06:14:53.7756444Z Version: 20251016.436
2025-11-02T06:14:53.7757100Z Commit: 8ab8ac8bfd662a3739dab9fe09456aba92132568
2025-11-02T06:14:53.7757768Z Build Date: 2025-10-15T20:44:12Z
2025-11-02T06:14:53.7758420Z ##[endgroup]
2025-11-02T06:14:53.7758996Z ##[group]Operating System
2025-11-02T06:14:53.7759549Z Ubuntu
2025-11-02T06:14:53.7760111Z 24.04.3
2025-11-02T06:14:53.7760602Z LTS
2025-11-02T06:14:53.7761098Z ##[endgroup]
2025-11-02T06:14:53.7761574Z ##[group]Runner Image
2025-11-02T06:14:53.7762205Z Image: ubuntu-24.04
2025-11-02T06:14:53.7762673Z Version: 20251030.96.2
2025-11-02T06:14:53.7763643Z Included Software: https://github.com/actions/runner-images/blob/ubuntu24/20251030.96/images/ubuntu/Ubuntu2404-Readme.md
2025-11-02T06:14:53.7765504Z Image Release: https://github.com/actions/runner-images/releases/tag/ubuntu24%2F20251030.96
2025-11-02T06:14:53.7766547Z ##[endgroup]
2025-11-02T06:14:53.7768954Z ##[group]GITHUB_TOKEN Permissions
2025-11-02T06:14:53.7771222Z Actions: write
2025-11-02T06:14:53.7771761Z Attestations: write
2025-11-02T06:14:53.7772274Z Checks: write
2025-11-02T06:14:53.7772738Z Contents: write
2025-11-02T06:14:53.7773311Z Deployments: write
2025-11-02T06:14:53.7773782Z Discussions: write
2025-11-02T06:14:53.7774308Z Issues: write
2025-11-02T06:14:53.7775148Z Metadata: read
2025-11-02T06:14:53.7775666Z Models: read
2025-11-02T06:14:53.7776188Z Packages: write
2025-11-02T06:14:53.7776748Z Pages: write
2025-11-02T06:14:53.7777288Z PullRequests: write
2025-11-02T06:14:53.7778189Z RepositoryProjects: write
2025-11-02T06:14:53.7778887Z SecurityEvents: write
2025-11-02T06:14:53.7779513Z Statuses: write
2025-11-02T06:14:53.7779963Z ##[endgroup]
2025-11-02T06:14:53.7782437Z Secret source: Actions
2025-11-02T06:14:53.7783432Z Prepare workflow directory
2025-11-02T06:14:53.8108977Z Prepare all required actions
2025-11-02T06:14:53.8147118Z Getting action download info
2025-11-02T06:14:54.1600425Z Download action repository 'actions/checkout@v4' (SHA:08eba0b27e820071cde6df949e0beb9ba4906955)
2025-11-02T06:14:54.3987905Z Download action repository 'dtolnay/rust-toolchain@stable' (SHA:5d458579430fc14a04a08a1e7d3694f545e91ce6)
2025-11-02T06:14:54.5465863Z Download action repository 'actions/cache@v4' (SHA:0057852bfaa89a56745cba8c7296529d2fc39830)
2025-11-02T06:14:54.8746511Z Download action repository 'actions/upload-artifact@v4' (SHA:ea165f8d65b6e75b540449e92b4886f43607fa02)
2025-11-02T06:14:55.4001493Z Complete job name: Build Arch Package
2025-11-02T06:14:55.4817759Z ##[group]Run actions/checkout@v4
2025-11-02T06:14:55.4819087Z with:
2025-11-02T06:14:55.4819851Z   repository: ryzendew/winetricks
2025-11-02T06:14:55.4821075Z   token: ***
2025-11-02T06:14:55.4821828Z   ssh-strict: true
2025-11-02T06:14:55.4822597Z   ssh-user: git
2025-11-02T06:14:55.4823389Z   persist-credentials: true
2025-11-02T06:14:55.4824274Z   clean: true
2025-11-02T06:14:55.4825275Z   sparse-checkout-cone-mode: true
2025-11-02T06:14:55.4826241Z   fetch-depth: 1
2025-11-02T06:14:55.4827012Z   fetch-tags: false
2025-11-02T06:14:55.4827800Z   show-progress: true
2025-11-02T06:14:55.4828613Z   lfs: false
2025-11-02T06:14:55.4829368Z   submodules: false
2025-11-02T06:14:55.4830178Z   set-safe-directory: true
2025-11-02T06:14:55.4831292Z ##[endgroup]
2025-11-02T06:14:55.5929032Z Syncing repository: ryzendew/winetricks
2025-11-02T06:14:55.5931804Z ##[group]Getting Git version info
2025-11-02T06:14:55.5933209Z Working directory is '/home/runner/work/winetricks/winetricks'
2025-11-02T06:14:55.5935343Z [command]/usr/bin/git version
2025-11-02T06:14:55.6013204Z git version 2.51.2
2025-11-02T06:14:55.6040474Z ##[endgroup]
2025-11-02T06:14:55.6056236Z Temporarily overriding HOME='/home/runner/work/_temp/b1982f26-2e7a-4dc1-81ad-bfb11c92354c' before making global git config changes
2025-11-02T06:14:55.6059133Z Adding repository directory to the temporary git global config as a safe directory
2025-11-02T06:14:55.6068874Z [command]/usr/bin/git config --global --add safe.directory /home/runner/work/winetricks/winetricks
2025-11-02T06:14:55.6106738Z Deleting the contents of '/home/runner/work/winetricks/winetricks'
2025-11-02T06:14:55.6110884Z ##[group]Initializing the repository
2025-11-02T06:14:55.6115038Z [command]/usr/bin/git init /home/runner/work/winetricks/winetricks
2025-11-02T06:14:55.6212706Z hint: Using 'master' as the name for the initial branch. This default branch name
2025-11-02T06:14:55.6216163Z hint: is subject to change. To configure the initial branch name to use in all
2025-11-02T06:14:55.6218733Z hint: of your new repositories, which will suppress this warning, call:
2025-11-02T06:14:55.6220071Z hint:
2025-11-02T06:14:55.6220986Z hint: 	git config --global init.defaultBranch <name>
2025-11-02T06:14:55.6222374Z hint:
2025-11-02T06:14:55.6223713Z hint: Names commonly chosen instead of 'master' are 'main', 'trunk' and
2025-11-02T06:14:55.6225813Z hint: 'development'. The just-created branch can be renamed via this command:
2025-11-02T06:14:55.6227282Z hint:
2025-11-02T06:14:55.6228423Z hint: 	git branch -m <name>
2025-11-02T06:14:55.6229339Z hint:
2025-11-02T06:14:55.6230490Z hint: Disable this message with "git config set advice.defaultBranchName false"
2025-11-02T06:14:55.6232455Z Initialized empty Git repository in /home/runner/work/winetricks/winetricks/.git/
2025-11-02T06:14:55.6235958Z [command]/usr/bin/git remote add origin https://github.com/ryzendew/winetricks
2025-11-02T06:14:55.6266566Z ##[endgroup]
2025-11-02T06:14:55.6268033Z ##[group]Disabling automatic garbage collection
2025-11-02T06:14:55.6269794Z [command]/usr/bin/git config --local gc.auto 0
2025-11-02T06:14:55.6299483Z ##[endgroup]
2025-11-02T06:14:55.6300925Z ##[group]Setting up auth
2025-11-02T06:14:55.6304673Z [command]/usr/bin/git config --local --name-only --get-regexp core\.sshCommand
2025-11-02T06:14:55.6335667Z [command]/usr/bin/git submodule foreach --recursive sh -c "git config --local --name-only --get-regexp 'core\.sshCommand' && git config --local --unset-all 'core.sshCommand' || :"
2025-11-02T06:14:55.6799264Z [command]/usr/bin/git config --local --name-only --get-regexp http\.https\:\/\/github\.com\/\.extraheader
2025-11-02T06:14:55.6828575Z [command]/usr/bin/git submodule foreach --recursive sh -c "git config --local --name-only --get-regexp 'http\.https\:\/\/github\.com\/\.extraheader' && git config --local --unset-all 'http.https://github.com/.extraheader' || :"
2025-11-02T06:14:55.7055922Z [command]/usr/bin/git config --local http.https://github.com/.extraheader AUTHORIZATION: basic ***
2025-11-02T06:14:55.7101345Z ##[endgroup]
2025-11-02T06:14:55.7103063Z ##[group]Fetching the repository
2025-11-02T06:14:55.7110733Z [command]/usr/bin/git -c protocol.version=2 fetch --no-tags --prune --no-recurse-submodules --depth=1 origin +ebf5bb3c235de0b1cbe017464e4685f64bd21d0d:refs/remotes/origin/master
2025-11-02T06:14:55.8963575Z From https://github.com/ryzendew/winetricks
2025-11-02T06:14:55.8965608Z  * [new ref]         ebf5bb3c235de0b1cbe017464e4685f64bd21d0d -> origin/master
2025-11-02T06:14:55.8996550Z ##[endgroup]
2025-11-02T06:14:55.8998324Z ##[group]Determining the checkout info
2025-11-02T06:14:55.8999936Z ##[endgroup]
2025-11-02T06:14:55.9003476Z [command]/usr/bin/git sparse-checkout disable
2025-11-02T06:14:55.9289930Z [command]/usr/bin/git config --local --unset-all extensions.worktreeConfig
2025-11-02T06:14:55.9320917Z ##[group]Checking out the ref
2025-11-02T06:14:55.9324329Z [command]/usr/bin/git checkout --progress --force -B master refs/remotes/origin/master
2025-11-02T06:14:55.9422419Z Reset branch 'master'
2025-11-02T06:14:55.9424252Z branch 'master' set up to track 'origin/master'.
2025-11-02T06:14:55.9432471Z ##[endgroup]
2025-11-02T06:14:55.9467376Z [command]/usr/bin/git log -1 --format=%H
2025-11-02T06:14:55.9489519Z ebf5bb3c235de0b1cbe017464e4685f64bd21d0d
2025-11-02T06:14:55.9914538Z ##[group]Run dtolnay/rust-toolchain@stable
2025-11-02T06:14:55.9915765Z with:
2025-11-02T06:14:55.9916463Z   toolchain: stable
2025-11-02T06:14:55.9917443Z ##[endgroup]
2025-11-02T06:14:56.0147486Z ##[group]Run : parse toolchain version
2025-11-02T06:14:56.0148650Z [36;1m: parse toolchain version[0m
2025-11-02T06:14:56.0149620Z [36;1mif [[ -z $toolchain ]]; then[0m
2025-11-02T06:14:56.0151283Z [36;1m  # GitHub does not enforce `required: true` inputs itself. https://github.com/actions/runner/issues/1070[0m
2025-11-02T06:14:56.0153074Z [36;1m  echo "'toolchain' is a required input" >&2[0m
2025-11-02T06:14:56.0154099Z [36;1m  exit 1[0m
2025-11-02T06:14:56.0155441Z [36;1melif [[ $toolchain =~ ^stable' '[0-9]+' '(year|month|week|day)s?' 'ago$ ]]; then[0m
2025-11-02T06:14:56.0156804Z [36;1m  if [[ Linux == macOS ]]; then[0m
2025-11-02T06:14:56.0158511Z [36;1m    echo "toolchain=1.$((($(date -v-$(sed 's/stable \([0-9]*\) \(.\).*/\1\2/' <<< $toolchain) +%s)/60/60/24-16569)/7/6))" >> $GITHUB_OUTPUT[0m
2025-11-02T06:14:56.0160115Z [36;1m  else[0m
2025-11-02T06:14:56.0161421Z [36;1m    echo "toolchain=1.$((($(date --date "${toolchain#stable }" +%s)/60/60/24-16569)/7/6))" >> $GITHUB_OUTPUT[0m
2025-11-02T06:14:56.0162921Z [36;1m  fi[0m
2025-11-02T06:14:56.0163940Z [36;1melif [[ $toolchain =~ ^stable' 'minus' '[0-9]+' 'releases?$ ]]; then[0m
2025-11-02T06:14:56.0165851Z [36;1m  echo "toolchain=1.$((($(date +%s)/60/60/24-16569)/7/6-${toolchain//[^0-9]/}))" >> $GITHUB_OUTPUT[0m
2025-11-02T06:14:56.0167389Z [36;1melif [[ $toolchain =~ ^1\.[0-9]+$ ]]; then[0m
2025-11-02T06:14:56.0169080Z [36;1m  echo "toolchain=1.$((i=${toolchain#1.}, c=($(date +%s)/60/60/24-16569)/7/6, i+9*i*(10*i<=c)+90*i*(100*i<=c)))" >> $GITHUB_OUTPUT[0m
2025-11-02T06:14:56.0170669Z [36;1melse[0m
2025-11-02T06:14:56.0171543Z [36;1m  echo "toolchain=$toolchain" >> $GITHUB_OUTPUT[0m
2025-11-02T06:14:56.0172589Z [36;1mfi[0m
2025-11-02T06:14:56.0212783Z shell: /usr/bin/bash --noprofile --norc -e -o pipefail {0}
2025-11-02T06:14:56.0213958Z env:
2025-11-02T06:14:56.0214640Z   toolchain: stable
2025-11-02T06:14:56.0215697Z ##[endgroup]
2025-11-02T06:14:56.0387831Z ##[group]Run : construct rustup command line
2025-11-02T06:14:56.0388928Z [36;1m: construct rustup command line[0m
2025-11-02T06:14:56.0390398Z [36;1mecho "targets=$(for t in ${targets//,/ }; do echo -n ' --target' $t; done)" >> $GITHUB_OUTPUT[0m
2025-11-02T06:14:56.0392391Z [36;1mecho "components=$(for c in ${components//,/ }; do echo -n ' --component' $c; done)" >> $GITHUB_OUTPUT[0m
2025-11-02T06:14:56.0394020Z [36;1mecho "downgrade=" >> $GITHUB_OUTPUT[0m
2025-11-02T06:14:56.0427904Z shell: /usr/bin/bash --noprofile --norc -e -o pipefail {0}
2025-11-02T06:14:56.0429038Z env:
2025-11-02T06:14:56.0429691Z   targets: 
2025-11-02T06:14:56.0430374Z   components: 
2025-11-02T06:14:56.0431091Z ##[endgroup]
2025-11-02T06:14:56.0543833Z ##[group]Run : set $CARGO_HOME
2025-11-02T06:14:56.0544923Z [36;1m: set $CARGO_HOME[0m
2025-11-02T06:14:56.0546201Z [36;1mecho CARGO_HOME=${CARGO_HOME:-"$HOME/.cargo"} >> $GITHUB_ENV[0m
2025-11-02T06:14:56.0581463Z shell: /usr/bin/bash --noprofile --norc -e -o pipefail {0}
2025-11-02T06:14:56.0582646Z ##[endgroup]
2025-11-02T06:14:56.0700910Z ##[group]Run : install rustup if needed
2025-11-02T06:14:56.0701945Z [36;1m: install rustup if needed[0m
2025-11-02T06:14:56.0702991Z [36;1mif ! command -v rustup &>/dev/null; then[0m
2025-11-02T06:14:56.0705516Z [36;1m  curl --proto '=https' --tlsv1.2 --retry 10 --retry-connrefused --location --silent --show-error --fail https://sh.rustup.rs | sh -s -- --default-toolchain none -y[0m
2025-11-02T06:14:56.0707823Z [36;1m  echo "$CARGO_HOME/bin" >> $GITHUB_PATH[0m
2025-11-02T06:14:56.0708830Z [36;1mfi[0m
2025-11-02T06:14:56.0743331Z shell: /usr/bin/bash --noprofile --norc -e -o pipefail {0}
2025-11-02T06:14:56.0744466Z env:
2025-11-02T06:14:56.0745400Z   CARGO_HOME: /home/runner/.cargo
2025-11-02T06:14:56.0746284Z ##[endgroup]
2025-11-02T06:14:56.0859920Z ##[group]Run rustup toolchain install stable --profile minimal --no-self-update
2025-11-02T06:14:56.0861734Z [36;1mrustup toolchain install stable --profile minimal --no-self-update[0m
2025-11-02T06:14:56.0898112Z shell: /usr/bin/bash --noprofile --norc -e -o pipefail {0}
2025-11-02T06:14:56.0899243Z env:
2025-11-02T06:14:56.0899953Z   CARGO_HOME: /home/runner/.cargo
2025-11-02T06:14:56.0900834Z ##[endgroup]
2025-11-02T06:15:03.9447769Z info: syncing channel updates for 'stable-x86_64-unknown-linux-gnu'
2025-11-02T06:15:04.5621335Z info: latest update on 2025-10-30, rust version 1.91.0 (f8297e351 2025-10-28)
2025-11-02T06:15:04.6326143Z info: downloading component 'clippy'
2025-11-02T06:15:04.6840940Z info: downloading component 'rustfmt'
2025-11-02T06:15:04.7066562Z info: downloading component 'cargo'
2025-11-02T06:15:04.7509963Z info: downloading component 'rust-std'
2025-11-02T06:15:04.9678509Z info: downloading component 'rustc'
2025-11-02T06:15:05.1873245Z info: removing previous version of component 'clippy'
2025-11-02T06:15:05.2831161Z info: removing previous version of component 'rustfmt'
2025-11-02T06:15:05.3328854Z info: removing previous version of component 'cargo'
2025-11-02T06:15:05.5002335Z info: removing previous version of component 'rust-std'
2025-11-02T06:15:05.7503285Z info: removing previous version of component 'rustc'
2025-11-02T06:15:06.0893305Z info: installing component 'clippy'
2025-11-02T06:15:06.4642497Z info: installing component 'rustfmt'
2025-11-02T06:15:06.6989762Z info: installing component 'cargo'
2025-11-02T06:15:07.4011027Z info: installing component 'rust-std'
2025-11-02T06:15:09.2954074Z info: installing component 'rustc'
2025-11-02T06:15:14.0019321Z 
2025-11-02T06:15:14.0118950Z   stable-x86_64-unknown-linux-gnu updated - rustc 1.91.0 (f8297e351 2025-10-28) (from rustc 1.90.0 (1159e78c4 2025-09-14))
2025-11-02T06:15:14.0119705Z 
2025-11-02T06:15:14.0179685Z ##[group]Run rustup default stable
2025-11-02T06:15:14.0179966Z [36;1mrustup default stable[0m
2025-11-02T06:15:14.0212476Z shell: /usr/bin/bash --noprofile --norc -e -o pipefail {0}
2025-11-02T06:15:14.0212788Z env:
2025-11-02T06:15:14.0212968Z   CARGO_HOME: /home/runner/.cargo
2025-11-02T06:15:14.0213195Z ##[endgroup]
2025-11-02T06:15:14.0317830Z info: using existing install for 'stable-x86_64-unknown-linux-gnu'
2025-11-02T06:15:14.0685421Z info: default toolchain set to 'stable-x86_64-unknown-linux-gnu'
2025-11-02T06:15:14.0685922Z 
2025-11-02T06:15:14.0778142Z   stable-x86_64-unknown-linux-gnu unchanged - rustc 1.91.0 (f8297e351 2025-10-28)
2025-11-02T06:15:14.0778719Z 
2025-11-02T06:15:14.0824026Z ##[group]Run : create cachekey
2025-11-02T06:15:14.0824292Z [36;1m: create cachekey[0m
2025-11-02T06:15:14.0824724Z [36;1mDATE=$(rustc +stable --version --verbose | sed -ne 's/^commit-date: \(20[0-9][0-9]\)-\([01][0-9]\)-\([0-3][0-9]\)$/\1\2\3/p')[0m
2025-11-02T06:15:14.0825671Z [36;1mHASH=$(rustc +stable --version --verbose | sed -ne 's/^commit-hash: //p')[0m
2025-11-02T06:15:14.0826145Z [36;1mecho "cachekey=$(echo $DATE$HASH | head -c12)" >> $GITHUB_OUTPUT[0m
2025-11-02T06:15:14.0859429Z shell: /usr/bin/bash --noprofile --norc -e -o pipefail {0}
2025-11-02T06:15:14.0859768Z env:
2025-11-02T06:15:14.0859950Z   CARGO_HOME: /home/runner/.cargo
2025-11-02T06:15:14.0860163Z ##[endgroup]
2025-11-02T06:15:14.1273730Z ##[group]Run : disable incremental compilation
2025-11-02T06:15:14.1274076Z [36;1m: disable incremental compilation[0m
2025-11-02T06:15:14.1274359Z [36;1mif [ -z "${CARGO_INCREMENTAL+set}" ]; then[0m
2025-11-02T06:15:14.1274657Z [36;1m  echo CARGO_INCREMENTAL=0 >> $GITHUB_ENV[0m
2025-11-02T06:15:14.1275150Z [36;1mfi[0m
2025-11-02T06:15:14.1308115Z shell: /usr/bin/bash --noprofile --norc -e -o pipefail {0}
2025-11-02T06:15:14.1308425Z env:
2025-11-02T06:15:14.1308595Z   CARGO_HOME: /home/runner/.cargo
2025-11-02T06:15:14.1308822Z ##[endgroup]
2025-11-02T06:15:14.1380150Z ##[group]Run : enable colors in Cargo output
2025-11-02T06:15:14.1380444Z [36;1m: enable colors in Cargo output[0m
2025-11-02T06:15:14.1380959Z [36;1mif [ -z "${CARGO_TERM_COLOR+set}" ]; then[0m
2025-11-02T06:15:14.1381272Z [36;1m  echo CARGO_TERM_COLOR=always >> $GITHUB_ENV[0m
2025-11-02T06:15:14.1381658Z [36;1mfi[0m
2025-11-02T06:15:14.1411919Z shell: /usr/bin/bash --noprofile --norc -e -o pipefail {0}
2025-11-02T06:15:14.1412219Z env:
2025-11-02T06:15:14.1412386Z   CARGO_HOME: /home/runner/.cargo
2025-11-02T06:15:14.1412611Z   CARGO_INCREMENTAL: 0
2025-11-02T06:15:14.1412790Z ##[endgroup]
2025-11-02T06:15:14.1483531Z ##[group]Run : enable Cargo sparse registry
2025-11-02T06:15:14.1483832Z [36;1m: enable Cargo sparse registry[0m
2025-11-02T06:15:14.1484146Z [36;1m# implemented in 1.66, stabilized in 1.68, made default in 1.70[0m
2025-11-02T06:15:14.1485008Z [36;1mif [ -z "${CARGO_REGISTRIES_CRATES_IO_PROTOCOL+set}" -o -f "/home/runner/work/_temp"/.implicit_cargo_registries_crates_io_protocol ]; then[0m
2025-11-02T06:15:14.1485658Z [36;1m  if rustc +stable --version --verbose | grep -q '^release: 1\.6[89]\.'; then[0m
2025-11-02T06:15:14.1486174Z [36;1m    touch "/home/runner/work/_temp"/.implicit_cargo_registries_crates_io_protocol || true[0m
2025-11-02T06:15:14.1486644Z [36;1m    echo CARGO_REGISTRIES_CRATES_IO_PROTOCOL=sparse >> $GITHUB_ENV[0m
2025-11-02T06:15:14.1487068Z [36;1m  elif rustc +stable --version --verbose | grep -q '^release: 1\.6[67]\.'; then[0m
2025-11-02T06:15:14.1487560Z [36;1m    touch "/home/runner/work/_temp"/.implicit_cargo_registries_crates_io_protocol || true[0m
2025-11-02T06:15:14.1488014Z [36;1m    echo CARGO_REGISTRIES_CRATES_IO_PROTOCOL=git >> $GITHUB_ENV[0m
2025-11-02T06:15:14.1488306Z [36;1m  fi[0m
2025-11-02T06:15:14.1488471Z [36;1mfi[0m
2025-11-02T06:15:14.1518585Z shell: /usr/bin/bash --noprofile --norc -e -o pipefail {0}
2025-11-02T06:15:14.1518890Z env:
2025-11-02T06:15:14.1519062Z   CARGO_HOME: /home/runner/.cargo
2025-11-02T06:15:14.1519300Z   CARGO_INCREMENTAL: 0
2025-11-02T06:15:14.1519500Z   CARGO_TERM_COLOR: always
2025-11-02T06:15:14.1519691Z ##[endgroup]
2025-11-02T06:15:14.1898727Z ##[group]Run : work around spurious network errors in curl 8.0
2025-11-02T06:15:14.1899138Z [36;1m: work around spurious network errors in curl 8.0[0m
2025-11-02T06:15:14.1899659Z [36;1m# https://rust-lang.zulipchat.com/#narrow/stream/246057-t-cargo/topic/timeout.20investigation[0m
2025-11-02T06:15:14.1900239Z [36;1mif rustc +stable --version --verbose | grep -q '^release: 1\.7[01]\.'; then[0m
2025-11-02T06:15:14.1900641Z [36;1m  echo CARGO_HTTP_MULTIPLEXING=false >> $GITHUB_ENV[0m
2025-11-02T06:15:14.1900906Z [36;1mfi[0m
2025-11-02T06:15:14.1934163Z shell: /usr/bin/bash --noprofile --norc -e -o pipefail {0}
2025-11-02T06:15:14.1934468Z env:
2025-11-02T06:15:14.1934662Z   CARGO_HOME: /home/runner/.cargo
2025-11-02T06:15:14.1935229Z   CARGO_INCREMENTAL: 0
2025-11-02T06:15:14.1935457Z   CARGO_TERM_COLOR: always
2025-11-02T06:15:14.1935657Z ##[endgroup]
2025-11-02T06:15:14.2162012Z ##[group]Run rustc +stable --version --verbose
2025-11-02T06:15:14.2162347Z [36;1mrustc +stable --version --verbose[0m
2025-11-02T06:15:14.2196012Z shell: /usr/bin/bash --noprofile --norc -e -o pipefail {0}
2025-11-02T06:15:14.2196322Z env:
2025-11-02T06:15:14.2196517Z   CARGO_HOME: /home/runner/.cargo
2025-11-02T06:15:14.2196736Z   CARGO_INCREMENTAL: 0
2025-11-02T06:15:14.2196932Z   CARGO_TERM_COLOR: always
2025-11-02T06:15:14.2197121Z ##[endgroup]
2025-11-02T06:15:14.2379318Z rustc 1.91.0 (f8297e351 2025-10-28)
2025-11-02T06:15:14.2379797Z binary: rustc
2025-11-02T06:15:14.2380053Z commit-hash: f8297e351a40c1439a467bbbb6879088047f50b3
2025-11-02T06:15:14.2380346Z commit-date: 2025-10-28
2025-11-02T06:15:14.2380613Z host: x86_64-unknown-linux-gnu
2025-11-02T06:15:14.2381248Z release: 1.91.0
2025-11-02T06:15:14.2381586Z LLVM version: 21.1.2
2025-11-02T06:15:14.2479023Z ##[group]Run sudo apt-get update
2025-11-02T06:15:14.2479340Z [36;1msudo apt-get update[0m
2025-11-02T06:15:14.2479570Z [36;1msudo apt-get install -y \[0m
2025-11-02T06:15:14.2479811Z [36;1m  build-essential \[0m
2025-11-02T06:15:14.2480019Z [36;1m  libssl-dev \[0m
2025-11-02T06:15:14.2480221Z [36;1m  pkg-config \[0m
2025-11-02T06:15:14.2480408Z [36;1m  ccache[0m
2025-11-02T06:15:14.2480830Z [36;1m# Install Docker (avoid conflicts with existing containerd)[0m
2025-11-02T06:15:14.2481171Z [36;1msudo apt-get install -y docker.io || \[0m
2025-11-02T06:15:14.2481515Z [36;1m  (sudo apt-get remove -y containerd.io 2>/dev/null || true; \[0m
2025-11-02T06:15:14.2481850Z [36;1m   sudo apt-get install -y docker.io)[0m
2025-11-02T06:15:14.2482110Z [36;1msudo systemctl start docker || true[0m
2025-11-02T06:15:14.2482360Z [36;1m# Verify Docker works[0m
2025-11-02T06:15:14.2482631Z [36;1msudo docker ps || echo "Docker verification skipped"[0m
2025-11-02T06:15:14.2517173Z shell: /usr/bin/bash -e {0}
2025-11-02T06:15:14.2517406Z env:
2025-11-02T06:15:14.2517587Z   CARGO_HOME: /home/runner/.cargo
2025-11-02T06:15:14.2517807Z   CARGO_INCREMENTAL: 0
2025-11-02T06:15:14.2518008Z   CARGO_TERM_COLOR: always
2025-11-02T06:15:14.2518203Z ##[endgroup]
2025-11-02T06:15:14.6759110Z Hit:1 https://packages.microsoft.com/repos/azure-cli noble InRelease
2025-11-02T06:15:14.6762012Z Get:2 file:/etc/apt/apt-mirrors.txt Mirrorlist [144 B]
2025-11-02T06:15:14.6764217Z Get:3 https://packages.microsoft.com/ubuntu/24.04/prod noble InRelease [3600 B]
2025-11-02T06:15:14.7166078Z Hit:4 http://azure.archive.ubuntu.com/ubuntu noble InRelease
2025-11-02T06:15:14.7185807Z Get:5 http://azure.archive.ubuntu.com/ubuntu noble-updates InRelease [126 kB]
2025-11-02T06:15:14.7452180Z Get:6 http://azure.archive.ubuntu.com/ubuntu noble-backports InRelease [126 kB]
2025-11-02T06:15:14.7678137Z Get:7 http://azure.archive.ubuntu.com/ubuntu noble-security InRelease [126 kB]
2025-11-02T06:15:15.0316382Z Get:8 https://packages.microsoft.com/ubuntu/24.04/prod noble/main amd64 Packages [66.4 kB]
2025-11-02T06:15:15.0815504Z Get:9 https://packages.microsoft.com/ubuntu/24.04/prod noble/main armhf Packages [11.1 kB]
2025-11-02T06:15:15.0857309Z Get:10 https://packages.microsoft.com/ubuntu/24.04/prod noble/main arm64 Packages [48.8 kB]
2025-11-02T06:15:15.2046196Z Get:11 http://azure.archive.ubuntu.com/ubuntu noble-updates/main amd64 Packages [1573 kB]
2025-11-02T06:15:15.2298537Z Get:12 http://azure.archive.ubuntu.com/ubuntu noble-updates/main Translation-en [297 kB]
2025-11-02T06:15:15.2337483Z Get:13 http://azure.archive.ubuntu.com/ubuntu noble-updates/main amd64 Components [175 kB]
2025-11-02T06:15:15.2364643Z Get:14 http://azure.archive.ubuntu.com/ubuntu noble-updates/main amd64 c-n-f Metadata [15.4 kB]
2025-11-02T06:15:15.2387574Z Get:15 http://azure.archive.ubuntu.com/ubuntu noble-updates/universe amd64 Packages [1498 kB]
2025-11-02T06:15:15.2493853Z Get:16 http://azure.archive.ubuntu.com/ubuntu noble-updates/universe Translation-en [303 kB]
2025-11-02T06:15:15.2537128Z Get:17 http://azure.archive.ubuntu.com/ubuntu noble-updates/universe amd64 Components [378 kB]
2025-11-02T06:15:15.2563353Z Get:18 http://azure.archive.ubuntu.com/ubuntu noble-updates/universe amd64 c-n-f Metadata [31.4 kB]
2025-11-02T06:15:15.2573192Z Get:19 http://azure.archive.ubuntu.com/ubuntu noble-updates/restricted amd64 Packages [2226 kB]
2025-11-02T06:15:15.2704658Z Get:20 http://azure.archive.ubuntu.com/ubuntu noble-updates/restricted Translation-en [505 kB]
2025-11-02T06:15:15.3182058Z Get:21 http://azure.archive.ubuntu.com/ubuntu noble-updates/restricted amd64 Components [212 B]
2025-11-02T06:15:15.3197010Z Get:22 http://azure.archive.ubuntu.com/ubuntu noble-updates/multiverse amd64 Components [940 B]
2025-11-02T06:15:15.3241804Z Get:23 http://azure.archive.ubuntu.com/ubuntu noble-backports/main amd64 Components [7160 B]
2025-11-02T06:15:15.3243182Z Get:24 http://azure.archive.ubuntu.com/ubuntu noble-backports/universe amd64 Components [11.0 kB]
2025-11-02T06:15:15.3247892Z Get:25 http://azure.archive.ubuntu.com/ubuntu noble-backports/restricted amd64 Components [212 B]
2025-11-02T06:15:15.3264340Z Get:26 http://azure.archive.ubuntu.com/ubuntu noble-backports/multiverse amd64 Components [212 B]
2025-11-02T06:15:15.3281055Z Get:27 http://azure.archive.ubuntu.com/ubuntu noble-security/main amd64 Packages [1270 kB]
2025-11-02T06:15:15.3351871Z Get:28 http://azure.archive.ubuntu.com/ubuntu noble-security/main amd64 Components [21.5 kB]
2025-11-02T06:15:15.3365842Z Get:29 http://azure.archive.ubuntu.com/ubuntu noble-security/main amd64 c-n-f Metadata [9008 B]
2025-11-02T06:15:15.3380811Z Get:30 http://azure.archive.ubuntu.com/ubuntu noble-security/universe amd64 Packages [906 kB]
2025-11-02T06:15:15.3432187Z Get:31 http://azure.archive.ubuntu.com/ubuntu noble-security/universe Translation-en [203 kB]
2025-11-02T06:15:15.3458998Z Get:32 http://azure.archive.ubuntu.com/ubuntu noble-security/universe amd64 Components [52.2 kB]
2025-11-02T06:15:15.3476065Z Get:33 http://azure.archive.ubuntu.com/ubuntu noble-security/universe amd64 c-n-f Metadata [19.4 kB]
2025-11-02T06:15:15.3491549Z Get:34 http://azure.archive.ubuntu.com/ubuntu noble-security/restricted amd64 Components [212 B]
2025-11-02T06:15:15.3942236Z Get:35 http://azure.archive.ubuntu.com/ubuntu noble-security/multiverse amd64 Components [208 B]
2025-11-02T06:15:40.2526153Z Fetched 10.0 MB in 2s (5997 kB/s)
2025-11-02T06:15:41.0196053Z Reading package lists...
2025-11-02T06:15:41.0529599Z Reading package lists...
2025-11-02T06:15:41.2539251Z Building dependency tree...
2025-11-02T06:15:41.2547773Z Reading state information...
2025-11-02T06:15:41.4400046Z libssl-dev is already the newest version (3.0.13-0ubuntu3.6).
2025-11-02T06:15:41.4400639Z pkg-config is already the newest version (1.8.1-2build1).
2025-11-02T06:15:41.4401135Z The following additional packages will be installed:
2025-11-02T06:15:41.4405804Z   libhiredis1.1.0
2025-11-02T06:15:41.4413487Z Suggested packages:
2025-11-02T06:15:41.4413859Z   distcc | icecc
2025-11-02T06:15:41.5530773Z The following NEW packages will be installed:
2025-11-02T06:15:41.5543065Z   build-essential ccache libhiredis1.1.0
2025-11-02T06:15:41.5735614Z 0 upgraded, 3 newly installed, 0 to remove and 36 not upgraded.
2025-11-02T06:15:41.5736155Z Need to get 638 kB of archives.
2025-11-02T06:15:41.5737693Z After this operation, 1774 kB of additional disk space will be used.
2025-11-02T06:15:41.5738432Z Get:1 file:/etc/apt/apt-mirrors.txt Mirrorlist [144 B]
2025-11-02T06:15:41.6017835Z Get:2 http://azure.archive.ubuntu.com/ubuntu noble/main amd64 build-essential amd64 12.10ubuntu1 [4928 B]
2025-11-02T06:15:41.6093571Z Get:3 http://azure.archive.ubuntu.com/ubuntu noble/universe amd64 libhiredis1.1.0 amd64 1.2.0-6ubuntu3 [41.4 kB]
2025-11-02T06:15:41.6189355Z Get:4 http://azure.archive.ubuntu.com/ubuntu noble/universe amd64 ccache amd64 4.9.1-1 [592 kB]
2025-11-02T06:15:41.9547265Z Fetched 638 kB in 0s (10.1 MB/s)
2025-11-02T06:15:42.1555135Z Selecting previously unselected package build-essential.
2025-11-02T06:15:42.6719026Z (Reading database ... 
2025-11-02T06:15:42.6719596Z (Reading database ... 5%
2025-11-02T06:15:42.6719930Z (Reading database ... 10%
2025-11-02T06:15:42.6720314Z (Reading database ... 15%
2025-11-02T06:15:42.6720768Z (Reading database ... 20%
2025-11-02T06:15:42.6721182Z (Reading database ... 25%
2025-11-02T06:15:42.6721598Z (Reading database ... 30%
2025-11-02T06:15:42.6722021Z (Reading database ... 35%
2025-11-02T06:15:42.6722447Z (Reading database ... 40%
2025-11-02T06:15:42.6722865Z (Reading database ... 45%
2025-11-02T06:15:42.6723271Z (Reading database ... 50%
2025-11-02T06:15:43.1647891Z (Reading database ... 55%
2025-11-02T06:15:45.9480282Z (Reading database ... 60%
2025-11-02T06:15:49.0363114Z (Reading database ... 65%
2025-11-02T06:15:51.9608042Z (Reading database ... 70%
2025-11-02T06:15:54.7080961Z (Reading database ... 75%
2025-11-02T06:15:57.4950673Z (Reading database ... 80%
2025-11-02T06:16:00.3883798Z (Reading database ... 85%
2025-11-02T06:16:03.5339404Z (Reading database ... 90%
2025-11-02T06:16:06.5018867Z (Reading database ... 95%
2025-11-02T06:16:06.5019380Z (Reading database ... 100%
2025-11-02T06:16:06.5019890Z (Reading database ... 215550 files and directories currently installed.)
2025-11-02T06:16:06.5065779Z Preparing to unpack .../build-essential_12.10ubuntu1_amd64.deb ...
2025-11-02T06:16:06.5107397Z Unpacking build-essential (12.10ubuntu1) ...
2025-11-02T06:16:06.5526576Z Selecting previously unselected package libhiredis1.1.0:amd64.
2025-11-02T06:16:06.5659915Z Preparing to unpack .../libhiredis1.1.0_1.2.0-6ubuntu3_amd64.deb ...
2025-11-02T06:16:06.5847601Z Unpacking libhiredis1.1.0:amd64 (1.2.0-6ubuntu3) ...
2025-11-02T06:16:06.6262627Z Selecting previously unselected package ccache.
2025-11-02T06:16:06.6396158Z Preparing to unpack .../ccache_4.9.1-1_amd64.deb ...
2025-11-02T06:16:06.6407036Z Unpacking ccache (4.9.1-1) ...
2025-11-02T06:16:06.9874616Z Setting up build-essential (12.10ubuntu1) ...
2025-11-02T06:16:06.9901646Z Setting up libhiredis1.1.0:amd64 (1.2.0-6ubuntu3) ...
2025-11-02T06:16:06.9927798Z Setting up ccache (4.9.1-1) ...
2025-11-02T06:16:06.9954373Z Updating symlinks in /usr/lib/ccache ...
2025-11-02T06:16:07.0532867Z Processing triggers for libc-bin (2.39-0ubuntu8.6) ...
2025-11-02T06:16:07.4002157Z Processing triggers for man-db (2.12.0-4build2) ...
2025-11-02T06:22:51.4598160Z 
2025-11-02T06:22:51.4598640Z Running kernel seems to be up-to-date.
2025-11-02T06:22:51.4599028Z 
2025-11-02T06:22:52.5510435Z No services need to be restarted.
2025-11-02T06:22:52.5510695Z 
2025-11-02T06:22:52.5510795Z No containers need to be restarted.
2025-11-02T06:22:52.5510987Z 
2025-11-02T06:22:52.5511114Z No user sessions are running outdated binaries.
2025-11-02T06:22:52.5511325Z 
2025-11-02T06:22:52.5511523Z No VM guests are running outdated hypervisor (qemu) binaries on this host.
2025-11-02T06:22:52.5511909Z Reading package lists...
2025-11-02T06:22:52.7580430Z Building dependency tree...
2025-11-02T06:22:52.7588194Z Reading state information...
2025-11-02T06:22:52.8635945Z Some packages could not be installed. This may mean that you have
2025-11-02T06:22:52.8636555Z requested an impossible situation or if you are using the unstable
2025-11-02T06:22:52.8637097Z distribution that some required packages have not yet been created
2025-11-02T06:22:52.8637523Z or been moved out of Incoming.
2025-11-02T06:22:52.8637892Z The following information may help to resolve the situation:
2025-11-02T06:22:52.8638230Z 
2025-11-02T06:22:52.8638377Z The following packages have unmet dependencies:
2025-11-02T06:22:52.9589315Z  containerd.io : Conflicts: containerd
2025-11-02T06:22:52.9649453Z E: Error, pkgProblemResolver::Resolve generated breaks, this may be caused by held packages.
2025-11-02T06:22:52.9886496Z Reading package lists...
2025-11-02T06:22:53.2018049Z Building dependency tree...
2025-11-02T06:22:53.2026036Z Reading state information...
2025-11-02T06:22:53.4337672Z The following packages will be REMOVED:
2025-11-02T06:22:53.4350076Z   containerd.io docker-ce
2025-11-02T06:22:53.7545550Z 0 upgraded, 0 newly installed, 2 to remove and 36 not upgraded.
2025-11-02T06:22:53.7546207Z After this operation, 218 MB disk space will be freed.
2025-11-02T06:22:53.7720138Z (Reading database ... 
2025-11-02T06:22:53.7720598Z (Reading database ... 5%
2025-11-02T06:22:53.7720946Z (Reading database ... 10%
2025-11-02T06:22:53.7721291Z (Reading database ... 15%
2025-11-02T06:22:53.7721663Z (Reading database ... 20%
2025-11-02T06:22:53.7722084Z (Reading database ... 25%
2025-11-02T06:22:53.7723063Z (Reading database ... 30%
2025-11-02T06:22:53.7723468Z (Reading database ... 35%
2025-11-02T06:22:53.7723811Z (Reading database ... 40%
2025-11-02T06:22:53.7724156Z (Reading database ... 45%
2025-11-02T06:22:53.7724484Z (Reading database ... 50%
2025-11-02T06:22:53.7743078Z (Reading database ... 55%
2025-11-02T06:22:53.7855351Z (Reading database ... 60%
2025-11-02T06:22:53.7881074Z (Reading database ... 65%
2025-11-02T06:22:53.7898348Z (Reading database ... 70%
2025-11-02T06:22:53.7924165Z (Reading database ... 75%
2025-11-02T06:22:53.7957841Z (Reading database ... 80%
2025-11-02T06:22:53.8120799Z (Reading database ... 85%
2025-11-02T06:22:53.8414385Z (Reading database ... 90%
2025-11-02T06:22:53.8507885Z (Reading database ... 95%
2025-11-02T06:22:53.8508197Z (Reading database ... 100%
2025-11-02T06:22:53.8508537Z (Reading database ... 215580 files and directories currently installed.)
2025-11-02T06:22:53.8552085Z Removing docker-ce (5:28.0.4-1~ubuntu.24.04~noble) ...
2025-11-02T06:22:54.3512783Z Removing containerd.io (1.7.28-1~ubuntu.24.04~noble) ...
2025-11-02T06:22:54.8631563Z Processing triggers for man-db (2.12.0-4build2) ...
2025-11-02T06:23:04.3219648Z Reading package lists...
2025-11-02T06:23:04.5074692Z Building dependency tree...
2025-11-02T06:23:04.5082333Z Reading state information...
2025-11-02T06:23:04.6762585Z The following additional packages will be installed:
2025-11-02T06:23:04.6771233Z   bridge-utils containerd dns-root-data dnsmasq-base runc ubuntu-fan
2025-11-02T06:23:04.6777769Z Suggested packages:
2025-11-02T06:23:04.6778265Z   ifupdown aufs-tools cgroupfs-mount | cgroup-lite debootstrap docker-buildx
2025-11-02T06:23:04.6778771Z   docker-compose-v2 docker-doc rinse zfs-fuse | zfsutils
2025-11-02T06:23:04.7326596Z The following packages will be REMOVED:
2025-11-02T06:23:04.7345222Z   docker-ce-cli
2025-11-02T06:23:04.7345641Z The following NEW packages will be installed:
2025-11-02T06:23:04.7358452Z   bridge-utils containerd dns-root-data dnsmasq-base docker.io runc ubuntu-fan
2025-11-02T06:23:04.7541448Z 0 upgraded, 7 newly installed, 1 to remove and 36 not upgraded.
2025-11-02T06:23:04.7542059Z Need to get 75.9 MB of archives.
2025-11-02T06:23:04.7542589Z After this operation, 245 MB of additional disk space will be used.
2025-11-02T06:23:04.7543215Z Get:1 file:/etc/apt/apt-mirrors.txt Mirrorlist [144 B]
2025-11-02T06:23:04.7818848Z Get:2 http://azure.archive.ubuntu.com/ubuntu noble/main amd64 bridge-utils amd64 1.7.1-1ubuntu2 [33.9 kB]
2025-11-02T06:23:04.7916589Z Get:3 http://azure.archive.ubuntu.com/ubuntu noble-updates/main amd64 runc amd64 1.3.0-0ubuntu2~24.04.1 [8743 kB]
2025-11-02T06:23:04.8527671Z Get:4 http://azure.archive.ubuntu.com/ubuntu noble-updates/main amd64 containerd amd64 1.7.28-0ubuntu1~24.04.1 [38.4 MB]
2025-11-02T06:23:05.1068869Z Get:5 http://azure.archive.ubuntu.com/ubuntu noble-updates/main amd64 dns-root-data all 2024071801~ubuntu0.24.04.1 [5918 B]
2025-11-02T06:23:05.1147472Z Get:6 http://azure.archive.ubuntu.com/ubuntu noble-updates/main amd64 dnsmasq-base amd64 2.90-2ubuntu0.1 [376 kB]
2025-11-02T06:23:05.1270695Z Get:7 http://azure.archive.ubuntu.com/ubuntu noble-updates/universe amd64 docker.io amd64 28.2.2-0ubuntu1~24.04.1 [28.3 MB]
2025-11-02T06:23:05.3137598Z Get:8 http://azure.archive.ubuntu.com/ubuntu noble-updates/universe amd64 ubuntu-fan all 0.12.16+24.04.1 [34.2 kB]
2025-11-02T06:23:05.5414562Z Preconfiguring packages ...
2025-11-02T06:23:05.6200569Z Fetched 75.9 MB in 1s (133 MB/s)
2025-11-02T06:23:05.6377517Z (Reading database ... 
2025-11-02T06:23:05.6377958Z (Reading database ... 5%
2025-11-02T06:23:05.6378316Z (Reading database ... 10%
2025-11-02T06:23:05.6378657Z (Reading database ... 15%
2025-11-02T06:23:05.6378985Z (Reading database ... 20%
2025-11-02T06:23:05.6379812Z (Reading database ... 25%
2025-11-02T06:23:05.6380164Z (Reading database ... 30%
2025-11-02T06:23:05.6380492Z (Reading database ... 35%
2025-11-02T06:23:05.6380822Z (Reading database ... 40%
2025-11-02T06:23:05.6381165Z (Reading database ... 45%
2025-11-02T06:23:05.6381504Z (Reading database ... 50%
2025-11-02T06:23:05.6399446Z (Reading database ... 55%
2025-11-02T06:23:05.6516204Z (Reading database ... 60%
2025-11-02T06:23:05.6541786Z (Reading database ... 65%
2025-11-02T06:23:05.6558474Z (Reading database ... 70%
2025-11-02T06:23:05.6583029Z (Reading database ... 75%
2025-11-02T06:23:05.6615132Z (Reading database ... 80%
2025-11-02T06:23:05.6760840Z (Reading database ... 85%
2025-11-02T06:23:05.7017596Z (Reading database ... 90%
2025-11-02T06:23:05.7099793Z (Reading database ... 95%
2025-11-02T06:23:05.7100066Z (Reading database ... 100%
2025-11-02T06:23:05.7100384Z (Reading database ... 215556 files and directories currently installed.)
2025-11-02T06:23:05.7140943Z Removing docker-ce-cli (5:28.0.4-1~ubuntu.24.04~noble) ...
2025-11-02T06:23:05.9067395Z Selecting previously unselected package bridge-utils.
2025-11-02T06:23:05.9120723Z (Reading database ... 
2025-11-02T06:23:05.9121434Z (Reading database ... 5%
2025-11-02T06:23:05.9121799Z (Reading database ... 10%
2025-11-02T06:23:05.9122166Z (Reading database ... 15%
2025-11-02T06:23:05.9122516Z (Reading database ... 20%
2025-11-02T06:23:05.9122875Z (Reading database ... 25%
2025-11-02T06:23:05.9123234Z (Reading database ... 30%
2025-11-02T06:23:05.9123587Z (Reading database ... 35%
2025-11-02T06:23:05.9123938Z (Reading database ... 40%
2025-11-02T06:23:05.9124285Z (Reading database ... 45%
2025-11-02T06:23:05.9124613Z (Reading database ... 50%
2025-11-02T06:23:05.9139315Z (Reading database ... 55%
2025-11-02T06:23:05.9247101Z (Reading database ... 60%
2025-11-02T06:23:05.9272059Z (Reading database ... 65%
2025-11-02T06:23:05.9288596Z (Reading database ... 70%
2025-11-02T06:23:05.9313363Z (Reading database ... 75%
2025-11-02T06:23:05.9344670Z (Reading database ... 80%
2025-11-02T06:23:05.9491380Z (Reading database ... 85%
2025-11-02T06:23:05.9750838Z (Reading database ... 90%
2025-11-02T06:23:05.9832600Z (Reading database ... 95%
2025-11-02T06:23:05.9832870Z (Reading database ... 100%
2025-11-02T06:23:05.9833205Z (Reading database ... 215362 files and directories currently installed.)
2025-11-02T06:23:05.9875766Z Preparing to unpack .../0-bridge-utils_1.7.1-1ubuntu2_amd64.deb ...
2025-11-02T06:23:05.9888178Z Unpacking bridge-utils (1.7.1-1ubuntu2) ...
2025-11-02T06:23:06.0168122Z Selecting previously unselected package runc.
2025-11-02T06:23:06.0301175Z Preparing to unpack .../1-runc_1.3.0-0ubuntu2~24.04.1_amd64.deb ...
2025-11-02T06:23:06.0312227Z Unpacking runc (1.3.0-0ubuntu2~24.04.1) ...
2025-11-02T06:23:06.1786105Z Selecting previously unselected package containerd.
2025-11-02T06:23:06.1919798Z Preparing to unpack .../2-containerd_1.7.28-0ubuntu1~24.04.1_amd64.deb ...
2025-11-02T06:23:06.1930239Z Unpacking containerd (1.7.28-0ubuntu1~24.04.1) ...
2025-11-02T06:23:06.6879950Z Selecting previously unselected package dns-root-data.
2025-11-02T06:23:06.7014139Z Preparing to unpack .../3-dns-root-data_2024071801~ubuntu0.24.04.1_all.deb ...
2025-11-02T06:23:06.7024103Z Unpacking dns-root-data (2024071801~ubuntu0.24.04.1) ...
2025-11-02T06:23:06.7256389Z Selecting previously unselected package dnsmasq-base.
2025-11-02T06:23:06.7390352Z Preparing to unpack .../4-dnsmasq-base_2.90-2ubuntu0.1_amd64.deb ...
2025-11-02T06:23:06.7456831Z Unpacking dnsmasq-base (2.90-2ubuntu0.1) ...
2025-11-02T06:23:06.8134014Z Selecting previously unselected package docker.io.
2025-11-02T06:23:06.8269648Z Preparing to unpack .../5-docker.io_28.2.2-0ubuntu1~24.04.1_amd64.deb ...
2025-11-02T06:23:06.8302767Z Unpacking docker.io (28.2.2-0ubuntu1~24.04.1) ...
2025-11-02T06:23:07.2482975Z Selecting previously unselected package ubuntu-fan.
2025-11-02T06:23:07.2618459Z Preparing to unpack .../6-ubuntu-fan_0.12.16+24.04.1_all.deb ...
2025-11-02T06:23:07.2653462Z Unpacking ubuntu-fan (0.12.16+24.04.1) ...
2025-11-02T06:23:07.3077817Z Setting up dnsmasq-base (2.90-2ubuntu0.1) ...
2025-11-02T06:23:07.3506013Z Setting up runc (1.3.0-0ubuntu2~24.04.1) ...
2025-11-02T06:23:07.3532817Z Setting up dns-root-data (2024071801~ubuntu0.24.04.1) ...
2025-11-02T06:23:07.3559645Z Setting up bridge-utils (1.7.1-1ubuntu2) ...
2025-11-02T06:23:07.4345182Z Setting up containerd (1.7.28-0ubuntu1~24.04.1) ...
2025-11-02T06:23:07.9943189Z Setting up ubuntu-fan (0.12.16+24.04.1) ...
2025-11-02T06:23:08.1107923Z Created symlink /etc/systemd/system/multi-user.target.wants/ubuntu-fan.service → /usr/lib/systemd/system/ubuntu-fan.service.
2025-11-02T06:23:08.1108412Z 
2025-11-02T06:23:08.4758820Z Setting up docker.io (28.2.2-0ubuntu1~24.04.1) ...
2025-11-02T06:23:09.7583305Z Processing triggers for dbus (1.14.10-4ubuntu4.1) ...
2025-11-02T06:23:09.7997286Z Processing triggers for man-db (2.12.0-4build2) ...
2025-11-02T06:23:16.6891434Z 
2025-11-02T06:23:16.6892016Z Running kernel seems to be up-to-date.
2025-11-02T06:23:16.6892370Z 
2025-11-02T06:23:16.6892508Z No services need to be restarted.
2025-11-02T06:23:16.6892763Z 
2025-11-02T06:23:16.6892925Z No containers need to be restarted.
2025-11-02T06:23:16.6893701Z 
2025-11-02T06:23:16.6893872Z No user sessions are running outdated binaries.
2025-11-02T06:23:16.6894196Z 
2025-11-02T06:23:16.6894490Z No VM guests are running outdated hypervisor (qemu) binaries on this host.
2025-11-02T06:23:17.6829475Z CONTAINER ID   IMAGE     COMMAND   CREATED   STATUS    PORTS     NAMES
2025-11-02T06:23:17.7638808Z ##[group]Run actions/cache@v4
2025-11-02T06:23:17.7639059Z with:
2025-11-02T06:23:17.7639219Z   path: ~/.ccache
2025-11-02T06:23:17.7639397Z   key: Linux-ccache-
2025-11-02T06:23:17.7639589Z   restore-keys: Linux-ccache-

2025-11-02T06:23:17.7639814Z   enableCrossOsArchive: false
2025-11-02T06:23:17.7640023Z   fail-on-cache-miss: false
2025-11-02T06:23:17.7640222Z   lookup-only: false
2025-11-02T06:23:17.7640393Z   save-always: false
2025-11-02T06:23:17.7640558Z env:
2025-11-02T06:23:17.7640747Z   CARGO_HOME: /home/runner/.cargo
2025-11-02T06:23:17.7640967Z   CARGO_INCREMENTAL: 0
2025-11-02T06:23:17.7641150Z   CARGO_TERM_COLOR: always
2025-11-02T06:23:17.7641362Z ##[endgroup]
2025-11-02T06:23:18.1026812Z Cache not found for input keys: Linux-ccache-, Linux-ccache-
2025-11-02T06:23:18.1115885Z ##[group]Run ccache --set-config=compression=true
2025-11-02T06:23:18.1116307Z [36;1mccache --set-config=compression=true[0m
2025-11-02T06:23:18.1116638Z [36;1mccache --set-config=max_size=500M[0m
2025-11-02T06:23:18.1116880Z [36;1mccache -s[0m
2025-11-02T06:23:18.1149504Z shell: /usr/bin/bash -e {0}
2025-11-02T06:23:18.1149725Z env:
2025-11-02T06:23:18.1149894Z   CARGO_HOME: /home/runner/.cargo
2025-11-02T06:23:18.1150129Z   CARGO_INCREMENTAL: 0
2025-11-02T06:23:18.1150327Z   CARGO_TERM_COLOR: always
2025-11-02T06:23:18.1150515Z   CCACHE_DIR: ~/.ccache
2025-11-02T06:23:18.1150703Z ##[endgroup]
2025-11-02T06:23:18.1726960Z Local storage:
2025-11-02T06:23:18.1728804Z   Cache size (GB): 0.0 / 0.5 ( 0.00%)
2025-11-02T06:23:18.1768731Z ##[group]Run export CC="ccache gcc"
2025-11-02T06:23:18.1769053Z [36;1mexport CC="ccache gcc"[0m
2025-11-02T06:23:18.1769292Z [36;1mexport CXX="ccache g++"[0m
2025-11-02T06:23:18.1769563Z [36;1mcargo build --release --bin winetricks[0m
2025-11-02T06:23:18.1769866Z [36;1mcargo build --release --bin winetricks-gui[0m
2025-11-02T06:23:18.1801629Z shell: /usr/bin/bash -e {0}
2025-11-02T06:23:18.1801854Z env:
2025-11-02T06:23:18.1802024Z   CARGO_HOME: /home/runner/.cargo
2025-11-02T06:23:18.1802254Z   CARGO_INCREMENTAL: 0
2025-11-02T06:23:18.1802450Z   CARGO_TERM_COLOR: always
2025-11-02T06:23:18.1802649Z   CCACHE_DIR: ~/.ccache
2025-11-02T06:23:18.1802832Z ##[endgroup]
2025-11-02T06:23:18.2640553Z [1m[92m    Updating[0m crates.io index
2025-11-02T06:23:19.9033879Z [1m[92m     Locking[0m 591 packages to latest compatible versions
2025-11-02T06:23:19.9113992Z [1m[92m      Adding[0m command-group v2.1.0 [1m[33m(available: v5.0.1)[0m
2025-11-02T06:23:19.9117202Z [1m[92m      Adding[0m config v0.14.1 [1m[33m(available: v0.15.18)[0m
2025-11-02T06:23:19.9127773Z [1m[92m      Adding[0m cosmic-text v0.1.5 [1m[33m(available: v0.15.0)[0m
2025-11-02T06:23:19.9135071Z [1m[92m      Adding[0m dirs v5.0.1 [1m[33m(available: v6.0.0)[0m
2025-11-02T06:23:19.9205727Z [1m[92m      Adding[0m iced v0.12.1 [1m[33m(available: v0.13.1)[0m
2025-11-02T06:23:19.9227738Z [1m[92m      Adding[0m indicatif v0.17.11 [1m[33m(available: v0.18.2)[0m
2025-11-02T06:23:19.9411271Z [1m[92m      Adding[0m reqwest v0.11.27 [1m[33m(available: v0.12.24)[0m
2025-11-02T06:23:19.9601394Z [1m[92m      Adding[0m thiserror v1.0.69 [1m[33m(available: v2.0.17)[0m
2025-11-02T06:23:19.9674342Z [1m[92m      Adding[0m wasm-bindgen-futures v0.4.45 [1m[33m(available: v0.4.55)[0m
2025-11-02T06:23:19.9681711Z [1m[92m      Adding[0m wasm-streams v0.4.1 [1m[33m(available: v0.4.2)[0m
2025-11-02T06:23:19.9706411Z [1m[92m      Adding[0m web-sys v0.3.67 [1m[33m(available: v0.3.82)[0m
2025-11-02T06:23:19.9741877Z [1m[92m      Adding[0m which v6.0.3 [1m[33m(available: v8.0.0)[0m
2025-11-02T06:23:20.0035963Z [1m[92m Downloading[0m crates ...
2025-11-02T06:23:20.1605644Z [1m[92m  Downloaded[0m as-raw-xcb-connection v1.0.1
2025-11-02T06:23:20.1668275Z [1m[92m  Downloaded[0m futures-macro v0.3.31
2025-11-02T06:23:20.1695190Z [1m[92m  Downloaded[0m anstream v0.6.21
2025-11-02T06:23:20.1732246Z [1m[92m  Downloaded[0m byteorder v1.5.0
2025-11-02T06:23:20.1765406Z [1m[92m  Downloaded[0m clipboard_wayland v0.2.2
2025-11-02T06:23:20.1786599Z [1m[92m  Downloaded[0m anyhow v1.0.100
2025-11-02T06:23:20.1856218Z [1m[92m  Downloaded[0m num-traits v0.2.19
2025-11-02T06:23:20.1904076Z [1m[92m  Downloaded[0m getrandom v0.2.16
2025-11-02T06:23:20.1968664Z [1m[92m  Downloaded[0m mime v0.3.17
2025-11-02T06:23:20.2009606Z [1m[92m  Downloaded[0m gif v0.13.3
2025-11-02T06:23:20.2064713Z [1m[92m  Downloaded[0m pest_derive v2.8.3
2025-11-02T06:23:20.2129494Z [1m[92m  Downloaded[0m nu-ansi-term v0.50.3
2025-11-02T06:23:20.2200225Z [1m[92m  Downloaded[0m parking_lot v0.12.5
2025-11-02T06:23:20.2270970Z [1m[92m  Downloaded[0m slab v0.4.11
2025-11-02T06:23:20.2334120Z [1m[92m  Downloaded[0m rand_core v0.6.4
2025-11-02T06:23:20.2385504Z [1m[92m  Downloaded[0m tiny-xlib v0.2.4
2025-11-02T06:23:20.2436589Z [1m[92m  Downloaded[0m tracing-attributes v0.1.30
2025-11-02T06:23:20.2526792Z [1m[92m  Downloaded[0m wayland-csd-frame v0.3.0
2025-11-02T06:23:20.2558459Z [1m[92m  Downloaded[0m rustc-hash v1.1.0
2025-11-02T06:23:20.2590217Z [1m[92m  Downloaded[0m polling v3.11.0
2025-11-02T06:23:20.2683694Z [1m[92m  Downloaded[0m xmlparser v0.13.6
2025-11-02T06:23:20.2766816Z [1m[92m  Downloaded[0m zune-inflate v0.2.54
2025-11-02T06:23:20.2820532Z [1m[92m  Downloaded[0m sync_wrapper v0.1.2
2025-11-02T06:23:20.2861334Z [1m[92m  Downloaded[0m time-macros v0.2.24
2025-11-02T06:23:20.2923847Z [1m[92m  Downloaded[0m zerofrom v0.1.6
2025-11-02T06:23:20.2958214Z [1m[92m  Downloaded[0m ucd-trie v0.1.7
2025-11-02T06:23:20.2995677Z [1m[92m  Downloaded[0m unicode-ident v1.0.22
2025-11-02T06:23:20.3060060Z [1m[92m  Downloaded[0m unicode-vo v0.1.0
2025-11-02T06:23:20.3090361Z [1m[92m  Downloaded[0m unicode-script v0.5.7
2025-11-02T06:23:20.3126788Z [1m[92m  Downloaded[0m wayland-cursor v0.31.11
2025-11-02T06:23:20.3150777Z [1m[92m  Downloaded[0m window_clipboard v0.4.1
2025-11-02T06:23:20.3186564Z [1m[92m  Downloaded[0m zerovec-derive v0.11.2
2025-11-02T06:23:20.3216058Z [1m[92m  Downloaded[0m yoke v0.8.1
2025-11-02T06:23:20.3251061Z [1m[92m  Downloaded[0m want v0.3.1
2025-11-02T06:23:20.3267102Z [1m[92m  Downloaded[0m xkbcommon-dl v0.4.2
2025-11-02T06:23:20.3288110Z [1m[92m  Downloaded[0m zerofrom-derive v0.1.6
2025-11-02T06:23:20.3302636Z [1m[92m  Downloaded[0m zeno v0.2.3
2025-11-02T06:23:20.3330118Z [1m[92m  Downloaded[0m unicode-normalization v0.1.25
2025-11-02T06:23:20.3373604Z [1m[92m  Downloaded[0m unicode-width v0.1.14
2025-11-02T06:23:20.3434504Z [1m[92m  Downloaded[0m unicode-segmentation v1.12.0
2025-11-02T06:23:20.3469145Z [1m[92m  Downloaded[0m wayland-protocols v0.31.2
2025-11-02T06:23:20.3577648Z [1m[92m  Downloaded[0m typenum v1.19.0
2025-11-02T06:23:20.3608690Z [1m[92m  Downloaded[0m tokio v1.48.0
2025-11-02T06:23:20.4341418Z [1m[92m  Downloaded[0m yoke-derive v0.8.1
2025-11-02T06:23:20.4356117Z [1m[92m  Downloaded[0m writeable v0.6.2
2025-11-02T06:23:20.4377420Z [1m[92m  Downloaded[0m wayland-protocols-plasma v0.2.0
2025-11-02T06:23:20.4420630Z [1m[92m  Downloaded[0m xcursor v0.3.10
2025-11-02T06:23:20.4432160Z [1m[92m  Downloaded[0m ttf-parser v0.19.2
2025-11-02T06:23:20.4519940Z [1m[92m  Downloaded[0m ttf-parser v0.25.1
2025-11-02T06:23:20.4617076Z [1m[92m  Downloaded[0m wayland-client v0.31.11
2025-11-02T06:23:20.4638831Z [1m[92m  Downloaded[0m xkeysym v0.2.1
2025-11-02T06:23:20.4668163Z [1m[92m  Downloaded[0m wayland-protocols v0.32.9
2025-11-02T06:23:20.4753612Z [1m[92m  Downloaded[0m winnow v0.7.13
2025-11-02T06:23:20.4846700Z [1m[92m  Downloaded[0m wgpu v0.19.4
2025-11-02T06:23:20.4961397Z [1m[92m  Downloaded[0m winit v0.29.15
2025-11-02T06:23:20.5380916Z [1m[92m  Downloaded[0m wgpu-hal v0.19.5
2025-11-02T06:23:20.5461442Z [1m[92m  Downloaded[0m yaml-rust2 v0.8.1
2025-11-02T06:23:20.5740699Z [1m[92m  Downloaded[0m zerotrie v0.2.3
2025-11-02T06:23:20.5775987Z [1m[92m  Downloaded[0m zerovec v0.11.5
2025-11-02T06:23:20.5828856Z [1m[92m  Downloaded[0m zerocopy-derive v0.8.27
2025-11-02T06:23:20.6116743Z [1m[92m  Downloaded[0m x11rb v0.13.2
2025-11-02T06:23:20.6394429Z [1m[92m  Downloaded[0m x11-dl v2.21.0
2025-11-02T06:23:20.6426711Z [1m[92m  Downloaded[0m x11rb-protocol v0.13.2
2025-11-02T06:23:20.6552364Z [1m[92m  Downloaded[0m wgpu-core v0.19.4
2025-11-02T06:23:20.6614733Z [1m[92m  Downloaded[0m vcpkg v0.2.15
2025-11-02T06:23:20.7155414Z [1m[92m  Downloaded[0m wayland-backend v0.3.11
2025-11-02T06:23:20.7193698Z [1m[92m  Downloaded[0m url v2.5.7
2025-11-02T06:23:20.7220270Z [1m[92m  Downloaded[0m unicode-width v0.2.2
2025-11-02T06:23:20.7276994Z [1m[92m  Downloaded[0m zerocopy v0.8.27
2025-11-02T06:23:20.7530534Z [1m[92m  Downloaded[0m ttf-parser v0.20.0
2025-11-02T06:23:20.7617570Z [1m[92m  Downloaded[0m tracing-subscriber v0.3.20
2025-11-02T06:23:20.7699022Z [1m[92m  Downloaded[0m image v0.24.9
2025-11-02T06:23:20.8352003Z [1m[92m  Downloaded[0m weezl v0.1.10
2025-11-02T06:23:20.8376656Z [1m[92m  Downloaded[0m web-time v0.2.4
2025-11-02T06:23:20.8392026Z [1m[92m  Downloaded[0m wayland-sys v0.31.7
2025-11-02T06:23:20.8404295Z [1m[92m  Downloaded[0m wayland-scanner v0.31.7
2025-11-02T06:23:20.8425010Z [1m[92m  Downloaded[0m wayland-protocols-wlr v0.3.9
2025-11-02T06:23:20.8445397Z [1m[92m  Downloaded[0m wayland-protocols-wlr v0.2.0
2025-11-02T06:23:20.8464943Z [1m[92m  Downloaded[0m version_check v0.9.5
2025-11-02T06:23:20.8476984Z [1m[92m  Downloaded[0m utf8parse v0.2.2
2025-11-02T06:23:20.8486979Z [1m[92m  Downloaded[0m utf8_iter v1.0.4
2025-11-02T06:23:20.8496313Z [1m[92m  Downloaded[0m usvg-tree v0.36.0
2025-11-02T06:23:20.8506172Z [1m[92m  Downloaded[0m usvg-text-layout v0.36.0
2025-11-02T06:23:20.8514551Z [1m[92m  Downloaded[0m usvg-parser v0.36.0
2025-11-02T06:23:20.8539731Z [1m[92m  Downloaded[0m usvg v0.36.0
2025-11-02T06:23:20.8551971Z [1m[92m  Downloaded[0m walkdir v2.5.0
2025-11-02T06:23:20.8569672Z [1m[92m  Downloaded[0m unicode-xid v0.2.6
2025-11-02T06:23:20.8582184Z [1m[92m  Downloaded[0m xmlwriter v0.1.0
2025-11-02T06:23:20.8591669Z [1m[92m  Downloaded[0m unsafe-libyaml v0.2.11
2025-11-02T06:23:20.8623066Z [1m[92m  Downloaded[0m yazi v0.1.6
2025-11-02T06:23:20.8634489Z [1m[92m  Downloaded[0m xxhash-rust v0.8.15
2025-11-02T06:23:20.8650795Z [1m[92m  Downloaded[0m which v6.0.3
2025-11-02T06:23:20.8665583Z [1m[92m  Downloaded[0m tracing v0.1.41
2025-11-02T06:23:20.8703467Z [1m[92m  Downloaded[0m toml_edit v0.22.27
2025-11-02T06:23:20.8745666Z [1m[92m  Downloaded[0m tokio-util v0.7.16
2025-11-02T06:23:20.8817127Z [1m[92m  Downloaded[0m linux-raw-sys v0.11.0
2025-11-02T06:23:20.9363567Z [1m[92m  Downloaded[0m wgpu-types v0.19.2
2025-11-02T06:23:20.9379186Z [1m[92m  Downloaded[0m tiff v0.9.1
2025-11-02T06:23:20.9485772Z [1m[92m  Downloaded[0m linux-raw-sys v0.4.15
2025-11-02T06:23:20.9946111Z [1m[92m  Downloaded[0m unicode-linebreak v0.1.5
2025-11-02T06:23:20.9955555Z [1m[92m  Downloaded[0m try-lock v0.2.5
2025-11-02T06:23:20.9963986Z [1m[92m  Downloaded[0m time v0.3.44
2025-11-02T06:23:21.0044063Z [1m[92m  Downloaded[0m linux-raw-sys v0.6.5
2025-11-02T06:23:21.0433171Z [1m[92m  Downloaded[0m unicode-properties v0.1.4
2025-11-02T06:23:21.0451525Z [1m[92m  Downloaded[0m unicode-bidi-mirroring v0.1.0
2025-11-02T06:23:21.0460371Z [1m[92m  Downloaded[0m tinyvec v1.10.0
2025-11-02T06:23:21.0485594Z [1m[92m  Downloaded[0m tinystr v0.8.2
2025-11-02T06:23:21.0504384Z [1m[92m  Downloaded[0m tiny-skia v0.11.4
2025-11-02T06:23:21.0637324Z [1m[92m  Downloaded[0m rustix v1.1.2
2025-11-02T06:23:21.0903663Z [1m[92m  Downloaded[0m unicode-ccc v0.1.2
2025-11-02T06:23:21.0913356Z [1m[92m  Downloaded[0m unicode-bidi v0.3.18
2025-11-02T06:23:21.0937130Z [1m[92m  Downloaded[0m rustybuzz v0.11.0
2025-11-02T06:23:21.1012158Z [1m[92m  Downloaded[0m rustybuzz v0.10.0
2025-11-02T06:23:21.1088091Z [1m[92m  Downloaded[0m tracing-serde v0.2.0
2025-11-02T06:23:21.1096336Z [1m[92m  Downloaded[0m tracing-log v0.2.0
2025-11-02T06:23:21.1112013Z [1m[92m  Downloaded[0m tracing-core v0.1.34
2025-11-02T06:23:21.1138946Z [1m[92m  Downloaded[0m tower-service v0.3.3
2025-11-02T06:23:21.1146310Z [1m[92m  Downloaded[0m toml_write v0.1.2
2025-11-02T06:23:21.1158374Z [1m[92m  Downloaded[0m toml_datetime v0.6.11
2025-11-02T06:23:21.1168843Z [1m[92m  Downloaded[0m toml v0.8.23
2025-11-02T06:23:21.1191536Z [1m[92m  Downloaded[0m tokio-native-tls v0.3.1
2025-11-02T06:23:21.1207978Z [1m[92m  Downloaded[0m tinyvec_macros v0.1.1
2025-11-02T06:23:21.1215441Z [1m[92m  Downloaded[0m syn v2.0.108
2025-11-02T06:23:21.1318274Z [1m[92m  Downloaded[0m rayon v1.11.0
2025-11-02T06:23:21.1409855Z [1m[92m  Downloaded[0m tiny-skia-path v0.11.4
2025-11-02T06:23:21.1428155Z [1m[92m  Downloaded[0m tiny-keccak v2.0.2
2025-11-02T06:23:21.1451233Z [1m[92m  Downloaded[0m time-core v0.1.6
2025-11-02T06:23:21.1461094Z [1m[92m  Downloaded[0m thiserror-impl v1.0.69
2025-11-02T06:23:21.1473532Z [1m[92m  Downloaded[0m thiserror v1.0.69
2025-11-02T06:23:21.1527039Z [1m[92m  Downloaded[0m smithay-client-toolkit v0.19.2
2025-11-02T06:23:21.1589050Z [1m[92m  Downloaded[0m smithay-client-toolkit v0.18.1
2025-11-02T06:23:21.1650826Z [1m[92m  Downloaded[0m portable-atomic v1.11.1
2025-11-02T06:23:21.1719573Z [1m[92m  Downloaded[0m libc v0.2.177
2025-11-02T06:23:21.1986527Z [1m[92m  Downloaded[0m kurbo v0.10.4
2025-11-02T06:23:21.2131682Z [1m[92m  Downloaded[0m jpeg-decoder v0.3.2
2025-11-02T06:23:21.2189233Z [1m[92m  Downloaded[0m thread_local v1.1.9
2025-11-02T06:23:21.2203107Z [1m[92m  Downloaded[0m termcolor v1.4.1
2025-11-02T06:23:21.2215486Z [1m[92m  Downloaded[0m sys-locale v0.3.2
2025-11-02T06:23:21.2228119Z [1m[92m  Downloaded[0m synstructure v0.13.2
2025-11-02T06:23:21.2237532Z [1m[92m  Downloaded[0m swash v0.1.19
2025-11-02T06:23:21.2310480Z [1m[92m  Downloaded[0m strict-num v0.1.1
2025-11-02T06:23:21.2320087Z [1m[92m  Downloaded[0m serde_json v1.0.145
2025-11-02T06:23:21.2390458Z [1m[92m  Downloaded[0m serde v1.0.228
2025-11-02T06:23:21.2424323Z [1m[92m  Downloaded[0m svgtypes v0.12.0
2025-11-02T06:23:21.2445995Z [1m[92m  Downloaded[0m svg_fmt v0.4.5
2025-11-02T06:23:21.2454415Z [1m[92m  Downloaded[0m strsim v0.11.1
2025-11-02T06:23:21.2467418Z [1m[92m  Downloaded[0m static_assertions v1.1.0
2025-11-02T06:23:21.2481161Z [1m[92m  Downloaded[0m stable_deref_trait v1.2.1
2025-11-02T06:23:21.2489779Z [1m[92m  Downloaded[0m spirv v0.3.0+sdk-1.3.268.0
2025-11-02T06:23:21.2500301Z [1m[92m  Downloaded[0m softbuffer v0.4.6
2025-11-02T06:23:21.2530553Z [1m[92m  Downloaded[0m socket2 v0.6.1
2025-11-02T06:23:21.2548139Z [1m[92m  Downloaded[0m socket2 v0.5.10
2025-11-02T06:23:21.2565941Z [1m[92m  Downloaded[0m smol_str v0.2.2
2025-11-02T06:23:21.2580006Z [1m[92m  Downloaded[0m smithay-clipboard v0.7.2
2025-11-02T06:23:21.2595127Z [1m[92m  Downloaded[0m smallvec v1.15.1
2025-11-02T06:23:21.2615662Z [1m[92m  Downloaded[0m slotmap v1.0.7
2025-11-02T06:23:21.2636046Z [1m[92m  Downloaded[0m skrifa v0.22.3
2025-11-02T06:23:21.2719672Z [1m[92m  Downloaded[0m serde_derive v1.0.228
2025-11-02T06:23:21.2749358Z [1m[92m  Downloaded[0m rustix v0.38.44
2025-11-02T06:23:21.3003846Z [1m[92m  Downloaded[0m regex-syntax v0.8.8
2025-11-02T06:23:21.3071221Z [1m[92m  Downloaded[0m regex-automata v0.4.13
2025-11-02T06:23:21.3218820Z [1m[92m  Downloaded[0m read-fonts v0.22.7
2025-11-02T06:23:21.3349678Z [1m[92m  Downloaded[0m simplecss v0.2.2
2025-11-02T06:23:21.3367186Z [1m[92m  Downloaded[0m shlex v1.3.0
2025-11-02T06:23:21.3379666Z [1m[92m  Downloaded[0m sharded-slab v0.1.7
2025-11-02T06:23:21.3412748Z [1m[92m  Downloaded[0m sha2 v0.10.9
2025-11-02T06:23:21.3437935Z [1m[92m  Downloaded[0m serde_yaml v0.9.34+deprecated
2025-11-02T06:23:21.3470815Z [1m[92m  Downloaded[0m serde_urlencoded v0.7.1
2025-11-02T06:23:21.3487116Z [1m[92m  Downloaded[0m serde_spanned v0.6.9
2025-11-02T06:23:21.3497251Z [1m[92m  Downloaded[0m serde_core v1.0.228
2025-11-02T06:23:21.3523662Z [1m[92m  Downloaded[0m self_cell v1.2.1
2025-11-02T06:23:21.3532198Z [1m[92m  Downloaded[0m sctk-adwaita v0.8.3
2025-11-02T06:23:21.3556324Z [1m[92m  Downloaded[0m scopeguard v1.2.0
2025-11-02T06:23:21.3567982Z [1m[92m  Downloaded[0m scoped-tls v1.0.1
2025-11-02T06:23:21.3577539Z [1m[92m  Downloaded[0m ryu v1.0.20
2025-11-02T06:23:21.3608044Z [1m[92m  Downloaded[0m resvg v0.36.0
2025-11-02T06:23:21.3637700Z [1m[92m  Downloaded[0m reqwest v0.11.27
2025-11-02T06:23:21.3706610Z [1m[92m  Downloaded[0m regex v1.12.2
2025-11-02T06:23:21.3767990Z [1m[92m  Downloaded[0m naga v0.19.2
2025-11-02T06:23:21.3902385Z [1m[92m  Downloaded[0m indexmap v2.12.0
2025-11-02T06:23:21.3943596Z [1m[92m  Downloaded[0m siphasher v1.0.1
2025-11-02T06:23:21.3955189Z [1m[92m  Downloaded[0m siphasher v0.3.11
2025-11-02T06:23:21.3966975Z [1m[92m  Downloaded[0m simd-adler32 v0.3.7
2025-11-02T06:23:21.3983730Z [1m[92m  Downloaded[0m same-file v1.0.6
2025-11-02T06:23:21.3997126Z [1m[92m  Downloaded[0m rustls-pemfile v1.0.4
2025-11-02T06:23:21.4019091Z [1m[92m  Downloaded[0m raw-window-handle v0.6.2
2025-11-02T06:23:21.4036522Z [1m[92m  Downloaded[0m proc-macro2 v1.0.103
2025-11-02T06:23:21.4065405Z [1m[92m  Downloaded[0m potential_utf v0.1.4
2025-11-02T06:23:21.4075156Z [1m[92m  Downloaded[0m nix v0.26.4
2025-11-02T06:23:21.4172935Z [1m[92m  Downloaded[0m indicatif v0.17.11
2025-11-02T06:23:21.4208764Z [1m[92m  Downloaded[0m hyper v0.14.32
2025-11-02T06:23:21.4282576Z [1m[92m  Downloaded[0m hashbrown v0.14.5
2025-11-02T06:23:21.4328366Z [1m[92m  Downloaded[0m glow v0.13.1
2025-11-02T06:23:21.4370063Z [1m[92m  Downloaded[0m nom v7.1.3
2025-11-02T06:23:21.4419769Z [1m[92m  Downloaded[0m libm v0.2.15
2025-11-02T06:23:21.4540848Z [1m[92m  Downloaded[0m kurbo v0.9.5
2025-11-02T06:23:21.4583492Z [1m[92m  Downloaded[0m idna v0.3.0
2025-11-02T06:23:21.4636760Z [1m[92m  Downloaded[0m icu_collections v2.1.1
2025-11-02T06:23:21.4697323Z [1m[92m  Downloaded[0m hashbrown v0.16.0
2025-11-02T06:23:21.4746177Z [1m[92m  Downloaded[0m hashbrown v0.15.5
2025-11-02T06:23:21.4793859Z [1m[92m  Downloaded[0m rust-ini v0.20.0
2025-11-02T06:23:21.4807155Z [1m[92m  Downloaded[0m roxmltree v0.20.0
2025-11-02T06:23:21.4932491Z [1m[92m  Downloaded[0m ron v0.8.1
2025-11-02T06:23:21.4989098Z [1m[92m  Downloaded[0m renderdoc-sys v1.1.0
2025-11-02T06:23:21.4998827Z [1m[92m  Downloaded[0m rctree v0.5.0
2025-11-02T06:23:21.5009351Z [1m[92m  Downloaded[0m rayon-core v1.13.0
2025-11-02T06:23:21.5046073Z [1m[92m  Downloaded[0m powerfmt v0.2.0
2025-11-02T06:23:21.5056951Z [1m[92m  Downloaded[0m mio v1.1.0
2025-11-02T06:23:21.5113958Z [1m[92m  Downloaded[0m minimal-lexical v0.2.1
2025-11-02T06:23:21.5158413Z [1m[92m  Downloaded[0m memmap2 v0.9.9
2025-11-02T06:23:21.5175069Z [1m[92m  Downloaded[0m memchr v2.7.6
2025-11-02T06:23:21.5227872Z [1m[92m  Downloaded[0m kamadak-exif v0.5.5
2025-11-02T06:23:21.5254124Z [1m[92m  Downloaded[0m jobserver v0.1.34
2025-11-02T06:23:21.5273626Z [1m[92m  Downloaded[0m ipnet v2.11.0
2025-11-02T06:23:21.5288932Z [1m[92m  Downloaded[0m icu_properties_data v2.1.1
2025-11-02T06:23:21.5386222Z [1m[92m  Downloaded[0m icu_normalizer v2.1.1
2025-11-02T06:23:21.5419700Z [1m[92m  Downloaded[0m icu_locale_core v2.1.1
2025-11-02T06:23:21.5486415Z [1m[92m  Downloaded[0m iced_futures v0.12.0
2025-11-02T06:23:21.5503676Z [1m[92m  Downloaded[0m half v2.7.1
2025-11-02T06:23:21.5529837Z [1m[92m  Downloaded[0m gpu-alloc-types v0.3.0
2025-11-02T06:23:21.5537269Z [1m[92m  Downloaded[0m roxmltree v0.18.1
2025-11-02T06:23:21.5657011Z [1m[92m  Downloaded[0m rgb v0.8.52
2025-11-02T06:23:21.5680617Z [1m[92m  Downloaded[0m rand v0.8.5
2025-11-02T06:23:21.5713567Z [1m[92m  Downloaded[0m quick-xml v0.37.5
2025-11-02T06:23:21.5765065Z [1m[92m  Downloaded[0m num-conv v0.1.0
2025-11-02T06:23:21.5773640Z [1m[92m  Downloaded[0m miniz_oxide v0.8.9
2025-11-02T06:23:21.5797576Z [1m[92m  Downloaded[0m memmap2 v0.8.0
2025-11-02T06:23:21.5813694Z [1m[92m  Downloaded[0m lru v0.12.5
2025-11-02T06:23:21.5824445Z [1m[92m  Downloaded[0m libloading v0.8.9
2025-11-02T06:23:21.5847864Z [1m[92m  Downloaded[0m is_terminal_polyfill v1.70.2
2025-11-02T06:23:21.5856741Z [1m[92m  Downloaded[0m imagesize v0.12.0
2025-11-02T06:23:21.5880119Z [1m[92m  Downloaded[0m glyphon v0.5.0
2025-11-02T06:23:21.5911918Z [1m[92m  Downloaded[0m tokio-macros v2.6.0
2025-11-02T06:23:21.5922033Z [1m[92m  Downloaded[0m qoi v0.4.1
2025-11-02T06:23:21.5949995Z [1m[92m  Downloaded[0m publicsuffix v2.3.0
2025-11-02T06:23:21.5971781Z [1m[92m  Downloaded[0m matchers v0.2.0
2025-11-02T06:23:21.5981759Z [1m[92m  Downloaded[0m lock_api v0.4.14
2025-11-02T06:23:21.5993913Z [1m[92m  Downloaded[0m json5 v0.4.1
2025-11-02T06:23:21.6011757Z [1m[92m  Downloaded[0m itoa v1.0.15
2025-11-02T06:23:21.6024723Z [1m[92m  Downloaded[0m icu_normalizer_data v2.1.1
2025-11-02T06:23:21.6046289Z [1m[92m  Downloaded[0m iced_wgpu v0.12.1
2025-11-02T06:23:21.6082968Z [1m[92m  Downloaded[0m iced_runtime v0.12.1
2025-11-02T06:23:21.6104680Z [1m[92m  Downloaded[0m iced v0.12.1
2025-11-02T06:23:21.6166245Z [1m[92m  Downloaded[0m http v0.2.12
2025-11-02T06:23:21.6200307Z [1m[92m  Downloaded[0m rangemap v1.6.0
2025-11-02T06:23:21.6224507Z [1m[92m  Downloaded[0m quote v1.0.41
2025-11-02T06:23:21.6250495Z [1m[92m  Downloaded[0m png v0.17.16
2025-11-02T06:23:21.6288005Z [1m[92m  Downloaded[0m native-tls v0.2.14
2025-11-02T06:23:21.6307195Z [1m[92m  Downloaded[0m mutate_once v0.1.2
2025-11-02T06:23:21.6315471Z [1m[92m  Downloaded[0m log v0.4.28
2025-11-02T06:23:21.6338986Z [1m[92m  Downloaded[0m libloading v0.7.4
2025-11-02T06:23:21.6360880Z [1m[92m  Downloaded[0m khronos-egl v6.0.0
2025-11-02T06:23:21.6378972Z [1m[92m  Downloaded[0m iced_tiny_skia v0.12.1
2025-11-02T06:23:21.6391476Z [1m[92m  Downloaded[0m iced_style v0.12.1
2025-11-02T06:23:21.6408517Z [1m[92m  Downloaded[0m httpdate v1.0.3
2025-11-02T06:23:21.6419684Z [1m[92m  Downloaded[0m heck v0.5.0
2025-11-02T06:23:21.6431720Z [1m[92m  Downloaded[0m h2 v0.3.27
2025-11-02T06:23:21.6492896Z [1m[92m  Downloaded[0m psl-types v2.0.11
2025-11-02T06:23:21.6502244Z [1m[92m  Downloaded[0m profiling v1.0.17
2025-11-02T06:23:21.6513750Z [1m[92m  Downloaded[0m pkg-config v0.3.32
2025-11-02T06:23:21.6528757Z [1m[92m  Downloaded[0m pico-args v0.5.0
2025-11-02T06:23:21.6541593Z [1m[92m  Downloaded[0m phf_shared v0.11.3
2025-11-02T06:23:21.6550979Z [1m[92m  Downloaded[0m phf_macros v0.11.3
2025-11-02T06:23:21.6560202Z [1m[92m  Downloaded[0m pest_meta v2.8.3
2025-11-02T06:23:21.6583530Z [1m[92m  Downloaded[0m pest v2.8.3
2025-11-02T06:23:21.6630911Z [1m[92m  Downloaded[0m palette v0.7.6
2025-11-02T06:23:21.6740201Z [1m[92m  Downloaded[0m openssl-sys v0.9.110
2025-11-02T06:23:21.6794641Z [1m[92m  Downloaded[0m openssl v0.10.74
2025-11-02T06:23:21.6885068Z [1m[92m  Downloaded[0m litemap v0.8.1
2025-11-02T06:23:21.6906385Z [1m[92m  Downloaded[0m lebe v0.5.3
2025-11-02T06:23:21.6918496Z [1m[92m  Downloaded[0m lazy_static v1.5.0
2025-11-02T06:23:21.6935458Z [1m[92m  Downloaded[0m idna_adapter v1.2.1
2025-11-02T06:23:21.6944036Z [1m[92m  Downloaded[0m idna v1.1.0
2025-11-02T06:23:21.6978959Z [1m[92m  Downloaded[0m icu_provider v2.1.1
2025-11-02T06:23:21.7003313Z [1m[92m  Downloaded[0m icu_properties v2.1.1
2025-11-02T06:23:21.7023910Z [1m[92m  Downloaded[0m iced_widget v0.12.3
2025-11-02T06:23:21.7072971Z [1m[92m  Downloaded[0m iced_core v0.12.3
2025-11-02T06:23:21.7127630Z [1m[92m  Downloaded[0m hyper-tls v0.5.0
2025-11-02T06:23:21.7139705Z [1m[92m  Downloaded[0m http-body v0.4.6
2025-11-02T06:23:21.7156350Z [1m[92m  Downloaded[0m hexf-parse v0.2.1
2025-11-02T06:23:21.7162057Z [1m[92m  Downloaded[0m hashlink v0.8.4
2025-11-02T06:23:21.7178677Z [1m[92m  Downloaded[0m guillotiere v0.6.2
2025-11-02T06:23:21.7190520Z [1m[92m  Downloaded[0m gpu-descriptor v0.2.4
2025-11-02T06:23:21.7197876Z [1m[92m  Downloaded[0m gpu-alloc v0.6.0
2025-11-02T06:23:21.7210851Z [1m[92m  Downloaded[0m encoding_rs v0.8.35
2025-11-02T06:23:21.7408186Z [1m[92m  Downloaded[0m signal-hook-registry v1.4.6
2025-11-02T06:23:21.7419173Z [1m[92m  Downloaded[0m pin-utils v0.1.0
2025-11-02T06:23:21.7430701Z [1m[92m  Downloaded[0m pin-project-lite v0.2.16
2025-11-02T06:23:21.7486871Z [1m[92m  Downloaded[0m phf_generator v0.11.3
2025-11-02T06:23:21.7498010Z [1m[92m  Downloaded[0m phf v0.11.3
2025-11-02T06:23:21.7510072Z [1m[92m  Downloaded[0m pest_generator v2.8.3
2025-11-02T06:23:21.7525759Z [1m[92m  Downloaded[0m percent-encoding v2.3.2
2025-11-02T06:23:21.7534129Z [1m[92m  Downloaded[0m pathdiff v0.2.3
2025-11-02T06:23:21.7543264Z [1m[92m  Downloaded[0m parking_lot_core v0.9.12
2025-11-02T06:23:21.7563764Z [1m[92m  Downloaded[0m palette_derive v0.7.6
2025-11-02T06:23:21.7580992Z [1m[92m  Downloaded[0m owned_ttf_parser v0.25.1
2025-11-02T06:23:21.7590364Z [1m[92m  Downloaded[0m ordered-multimap v0.7.3
2025-11-02T06:23:21.7609348Z [1m[92m  Downloaded[0m openssl-probe v0.1.6
2025-11-02T06:23:21.7620294Z [1m[92m  Downloaded[0m iced_winit v0.12.2
2025-11-02T06:23:21.7636996Z [1m[92m  Downloaded[0m iced_renderer v0.12.1
2025-11-02T06:23:21.7646185Z [1m[92m  Downloaded[0m iced_graphics v0.12.1
2025-11-02T06:23:21.7688854Z [1m[92m  Downloaded[0m httparse v1.10.1
2025-11-02T06:23:21.7713344Z [1m[92m  Downloaded[0m gpu-descriptor-types v0.1.2
2025-11-02T06:23:21.7720413Z [1m[92m  Downloaded[0m cosmic-text v0.10.0
2025-11-02T06:23:21.7899683Z [1m[92m  Downloaded[0m option-ext v0.2.0
2025-11-02T06:23:21.7907978Z [1m[92m  Downloaded[0m openssl-macros v0.1.1
2025-11-02T06:23:21.7915059Z [1m[92m  Downloaded[0m once_cell v1.21.3
2025-11-02T06:23:21.7939371Z [1m[92m  Downloaded[0m number_prefix v0.4.0
2025-11-02T06:23:21.7948494Z [1m[92m  Downloaded[0m num_cpus v1.17.0
2025-11-02T06:23:21.7979377Z [1m[92m  Downloaded[0m home v0.5.12
2025-11-02T06:23:21.7989042Z [1m[92m  Downloaded[0m glob v0.3.3
2025-11-02T06:23:21.8003415Z [1m[92m  Downloaded[0m gif v0.12.0
2025-11-02T06:23:21.8055369Z [1m[92m  Downloaded[0m fontdb v0.15.0
2025-11-02T06:23:21.8078172Z [1m[92m  Downloaded[0m flate2 v1.1.5
2025-11-02T06:23:21.8123976Z [1m[92m  Downloaded[0m exr v1.73.0
2025-11-02T06:23:21.8216370Z [1m[92m  Downloaded[0m euclid v0.22.11
2025-11-02T06:23:21.8246699Z [1m[92m  Downloaded[0m glam v0.25.0
2025-11-02T06:23:21.8419508Z [1m[92m  Downloaded[0m fontconfig-parser v0.5.8
2025-11-02T06:23:21.8474577Z [1m[92m  Downloaded[0m either v1.15.0
2025-11-02T06:23:21.8488530Z [1m[92m  Downloaded[0m drm-fourcc v2.2.0
2025-11-02T06:23:21.8501089Z [1m[92m  Downloaded[0m drm v0.12.0
2025-11-02T06:23:21.8528785Z [1m[92m  Downloaded[0m downcast-rs v1.2.1
2025-11-02T06:23:21.8541564Z [1m[92m  Downloaded[0m dirs-sys v0.4.1
2025-11-02T06:23:21.8553651Z [1m[92m  Downloaded[0m dirs v5.0.1
2025-11-02T06:23:21.8565644Z [1m[92m  Downloaded[0m digest v0.10.7
2025-11-02T06:23:21.8582854Z [1m[92m  Downloaded[0m deranged v0.5.5
2025-11-02T06:23:21.8595858Z [1m[92m  Downloaded[0m data-url v0.3.2
2025-11-02T06:23:21.8611166Z [1m[92m  Downloaded[0m cursor-icon v1.2.0
2025-11-02T06:23:21.8623229Z [1m[92m  Downloaded[0m ctor-lite v0.1.0
2025-11-02T06:23:21.8636735Z [1m[92m  Downloaded[0m crypto-common v0.1.6
2025-11-02T06:23:21.8645345Z [1m[92m  Downloaded[0m crunchy v0.2.4
2025-11-02T06:23:21.8653198Z [1m[92m  Downloaded[0m crossbeam-deque v0.8.6
2025-11-02T06:23:21.8667254Z [1m[92m  Downloaded[0m command-group v2.1.0
2025-11-02T06:23:21.8706106Z [1m[92m  Downloaded[0m clap v4.5.51
2025-11-02T06:23:21.8797372Z [1m[92m  Downloaded[0m cc v1.2.44
2025-11-02T06:23:21.8825681Z [1m[92m  Downloaded[0m bytes v1.10.1
2025-11-02T06:23:21.8866174Z [1m[92m  Downloaded[0m base64 v0.21.7
2025-11-02T06:23:21.8902779Z [1m[92m  Downloaded[0m ash v0.37.3+1.3.251
2025-11-02T06:23:21.9045008Z [1m[92m  Downloaded[0m form_urlencoded v1.2.2
2025-11-02T06:23:21.9052579Z [1m[92m  Downloaded[0m font-types v0.7.3
2025-11-02T06:23:21.9069143Z [1m[92m  Downloaded[0m foldhash v0.1.5
2025-11-02T06:23:21.9080917Z [1m[92m  Downloaded[0m float-cmp v0.9.0
2025-11-02T06:23:21.9092127Z [1m[92m  Downloaded[0m find-msvc-tools v0.1.4
2025-11-02T06:23:21.9107346Z [1m[92m  Downloaded[0m fdeflate v0.3.7
2025-11-02T06:23:21.9122804Z [1m[92m  Downloaded[0m fastrand v2.3.0
2025-11-02T06:23:21.9135253Z [1m[92m  Downloaded[0m fast-srgb8 v1.0.0
2025-11-02T06:23:21.9146780Z [1m[92m  Downloaded[0m errno v0.3.14
2025-11-02T06:23:21.9161209Z [1m[92m  Downloaded[0m equivalent v1.0.2
2025-11-02T06:23:21.9170922Z [1m[92m  Downloaded[0m drm-sys v0.7.0
2025-11-02T06:23:21.9180187Z [1m[92m  Downloaded[0m dlv-list v0.5.2
2025-11-02T06:23:21.9198504Z [1m[92m  Downloaded[0m dlib v0.5.2
2025-11-02T06:23:21.9207479Z [1m[92m  Downloaded[0m colorchoice v1.0.4
2025-11-02T06:23:21.9216735Z [1m[92m  Downloaded[0m clap_builder v4.5.51
2025-11-02T06:23:21.9278180Z [1m[92m  Downloaded[0m calloop-wayland-source v0.2.0
2025-11-02T06:23:21.9289998Z [1m[92m  Downloaded[0m calloop v0.12.4
2025-11-02T06:23:21.9323308Z [1m[92m  Downloaded[0m by_address v1.2.1
2025-11-02T06:23:21.9331435Z [1m[92m  Downloaded[0m getrandom v0.3.4
2025-11-02T06:23:21.9364207Z [1m[92m  Downloaded[0m gethostname v1.1.0
2025-11-02T06:23:21.9374420Z [1m[92m  Downloaded[0m futures-util v0.3.31
2025-11-02T06:23:21.9501563Z [1m[92m  Downloaded[0m futures-executor v0.3.31
2025-11-02T06:23:21.9514661Z [1m[92m  Downloaded[0m futures-core v0.3.31
2025-11-02T06:23:21.9527294Z [1m[92m  Downloaded[0m futures v0.3.31
2025-11-02T06:23:21.9574260Z [1m[92m  Downloaded[0m foreign-types-shared v0.1.1
2025-11-02T06:23:21.9581038Z [1m[92m  Downloaded[0m foreign-types v0.3.2
2025-11-02T06:23:21.9588285Z [1m[92m  Downloaded[0m etagere v0.2.15
2025-11-02T06:23:21.9601954Z [1m[92m  Downloaded[0m displaydoc v0.2.5
2025-11-02T06:23:21.9631268Z [1m[92m  Downloaded[0m cpufeatures v0.2.17
2025-11-02T06:23:21.9645046Z [1m[92m  Downloaded[0m convert_case v0.6.0
2025-11-02T06:23:21.9658055Z [1m[92m  Downloaded[0m config v0.14.1
2025-11-02T06:23:21.9704650Z [1m[92m  Downloaded[0m color_quant v1.1.0
2025-11-02T06:23:21.9714726Z [1m[92m  Downloaded[0m codespan-reporting v0.11.1
2025-11-02T06:23:21.9785487Z [1m[92m  Downloaded[0m clipboard_x11 v0.4.2
2025-11-02T06:23:21.9792839Z [1m[92m  Downloaded[0m clap_lex v0.7.6
2025-11-02T06:23:21.9803263Z [1m[92m  Downloaded[0m cfg_aliases v0.1.1
2025-11-02T06:23:21.9811491Z [1m[92m  Downloaded[0m bytemuck_derive v1.10.2
2025-11-02T06:23:21.9824049Z [1m[92m  Downloaded[0m bytemuck v1.24.0
2025-11-02T06:23:21.9854683Z [1m[92m  Downloaded[0m block-buffer v0.10.4
2025-11-02T06:23:21.9865056Z [1m[92m  Downloaded[0m arrayvec v0.7.6
2025-11-02T06:23:21.9884567Z [1m[92m  Downloaded[0m futures-channel v0.3.31
2025-11-02T06:23:21.9902888Z [1m[92m  Downloaded[0m fnv v1.0.7
2025-11-02T06:23:21.9912628Z [1m[92m  Downloaded[0m drm-ffi v0.8.0
2025-11-02T06:23:21.9922478Z [1m[92m  Downloaded[0m crossbeam-utils v0.8.21
2025-11-02T06:23:21.9948588Z [1m[92m  Downloaded[0m crossbeam-epoch v0.9.18
2025-11-02T06:23:21.9972324Z [1m[92m  Downloaded[0m crc32fast v1.5.0
2025-11-02T06:23:21.9990520Z [1m[92m  Downloaded[0m cookie v0.17.0
2025-11-02T06:23:22.0012780Z [1m[92m  Downloaded[0m const-random v0.1.18
2025-11-02T06:23:22.0023282Z [1m[92m  Downloaded[0m console v0.15.11
2025-11-02T06:23:22.0052171Z [1m[92m  Downloaded[0m async-trait v0.1.89
2025-11-02T06:23:22.0088863Z [1m[92m  Downloaded[0m generic-array v0.14.9
2025-11-02T06:23:22.0102777Z [1m[92m  Downloaded[0m futures-task v0.3.31
2025-11-02T06:23:22.0114070Z [1m[92m  Downloaded[0m futures-sink v0.3.31
2025-11-02T06:23:22.0122040Z [1m[92m  Downloaded[0m futures-io v0.3.31
2025-11-02T06:23:22.0130162Z [1m[92m  Downloaded[0m cfg_aliases v0.2.1
2025-11-02T06:23:22.0139366Z [1m[92m  Downloaded[0m cfg-if v1.0.4
2025-11-02T06:23:22.0152075Z [1m[92m  Downloaded[0m calloop-wayland-source v0.3.0
2025-11-02T06:23:22.0163944Z [1m[92m  Downloaded[0m bitflags v2.10.0
2025-11-02T06:23:22.0205251Z [1m[92m  Downloaded[0m bit-vec v0.6.3
2025-11-02T06:23:22.0217565Z [1m[92m  Downloaded[0m autocfg v1.5.0
2025-11-02T06:23:22.0235908Z [1m[92m  Downloaded[0m aho-corasick v1.1.4
2025-11-02T06:23:22.0287965Z [1m[92m  Downloaded[0m cookie_store v0.20.0
2025-11-02T06:23:22.0306102Z [1m[92m  Downloaded[0m const-random-macro v0.1.16
2025-11-02T06:23:22.0313913Z [1m[92m  Downloaded[0m clap_derive v4.5.49
2025-11-02T06:23:22.0335179Z [1m[92m  Downloaded[0m bitflags v1.3.2
2025-11-02T06:23:22.0367150Z [1m[92m  Downloaded[0m bit_field v0.10.3
2025-11-02T06:23:22.0379133Z [1m[92m  Downloaded[0m allocator-api2 v0.2.21
2025-11-02T06:23:22.0403862Z [1m[92m  Downloaded[0m ahash v0.8.12
2025-11-02T06:23:22.0426858Z [1m[92m  Downloaded[0m calloop v0.13.0
2025-11-02T06:23:22.0459306Z [1m[92m  Downloaded[0m bit-set v0.5.3
2025-11-02T06:23:22.0469530Z [1m[92m  Downloaded[0m arraydeque v0.5.1
2025-11-02T06:23:22.0482044Z [1m[92m  Downloaded[0m anstyle v1.0.13
2025-11-02T06:23:22.0496068Z [1m[92m  Downloaded[0m ab_glyph_rasterizer v0.1.10
2025-11-02T06:23:22.0506997Z [1m[92m  Downloaded[0m arrayref v0.3.9
2025-11-02T06:23:22.0519282Z [1m[92m  Downloaded[0m approx v0.5.1
2025-11-02T06:23:22.0536337Z [1m[92m  Downloaded[0m anstyle-query v1.1.4
2025-11-02T06:23:22.0547614Z [1m[92m  Downloaded[0m anstyle-parse v0.2.7
2025-11-02T06:23:22.0563136Z [1m[92m  Downloaded[0m ab_glyph v0.2.32
2025-11-02T06:23:22.0579195Z [1m[92m  Downloaded[0m adler2 v2.0.1
2025-11-02T06:23:22.1240491Z [1m[92m   Compiling[0m proc-macro2 v1.0.103
2025-11-02T06:23:22.1241265Z [1m[92m   Compiling[0m quote v1.0.41
2025-11-02T06:23:22.1241933Z [1m[92m   Compiling[0m unicode-ident v1.0.22
2025-11-02T06:23:22.1242551Z [1m[92m   Compiling[0m libc v0.2.177
2025-11-02T06:23:22.1987766Z [1m[92m   Compiling[0m cfg-if v1.0.4
2025-11-02T06:23:22.2302784Z [1m[92m   Compiling[0m serde_core v1.0.228
2025-11-02T06:23:23.1367030Z [1m[92m   Compiling[0m once_cell v1.21.3
2025-11-02T06:23:23.3159303Z [1m[92m   Compiling[0m version_check v0.9.5
2025-11-02T06:23:23.5516394Z [1m[92m   Compiling[0m stable_deref_trait v1.2.1
2025-11-02T06:23:23.7876899Z [1m[92m   Compiling[0m syn v2.0.108
2025-11-02T06:23:23.8167350Z [1m[92m   Compiling[0m smallvec v1.15.1
2025-11-02T06:23:24.0260964Z [1m[92m   Compiling[0m serde v1.0.228
2025-11-02T06:23:24.2180469Z [1m[92m   Compiling[0m memchr v2.7.6
2025-11-02T06:23:24.9318530Z [1m[92m   Compiling[0m itoa v1.0.15
2025-11-02T06:23:25.0277420Z [1m[92m   Compiling[0m pin-project-lite v0.2.16
2025-11-02T06:23:25.0776952Z [1m[92m   Compiling[0m find-msvc-tools v0.1.4
2025-11-02T06:23:25.2465642Z [1m[92m   Compiling[0m shlex v1.3.0
2025-11-02T06:23:25.3722367Z [1m[92m   Compiling[0m cc v1.2.44
2025-11-02T06:23:25.5164037Z [1m[92m   Compiling[0m vcpkg v0.2.15
2025-11-02T06:23:25.7326400Z [1m[92m   Compiling[0m pkg-config v0.3.32
2025-11-02T06:23:26.1258108Z [1m[92m   Compiling[0m writeable v0.6.2
2025-11-02T06:23:26.1970735Z [1m[92m   Compiling[0m litemap v0.8.1
2025-11-02T06:23:26.3017498Z [1m[92m   Compiling[0m parking_lot_core v0.9.12
2025-11-02T06:23:26.3638999Z [1m[92m   Compiling[0m bitflags v2.10.0
2025-11-02T06:23:26.4345768Z [1m[92m   Compiling[0m icu_normalizer_data v2.1.1
2025-11-02T06:23:26.5304466Z [1m[92m   Compiling[0m scopeguard v1.2.0
2025-11-02T06:23:26.6105891Z [1m[92m   Compiling[0m hashbrown v0.16.0
2025-11-02T06:23:26.7365284Z [1m[92m   Compiling[0m icu_properties_data v2.1.1
2025-11-02T06:23:26.7419682Z [1m[92m   Compiling[0m openssl-sys v0.9.110
2025-11-02T06:23:26.8215670Z [1m[92m   Compiling[0m bytes v1.10.1
2025-11-02T06:23:27.2788483Z [1m[92m   Compiling[0m equivalent v1.0.2
2025-11-02T06:23:27.3153576Z [1m[92m   Compiling[0m getrandom v0.3.4
2025-11-02T06:23:27.3246218Z [1m[92m   Compiling[0m zerocopy v0.8.27
2025-11-02T06:23:27.4931889Z [1m[92m   Compiling[0m synstructure v0.13.2
2025-11-02T06:23:27.5639734Z [1m[92m   Compiling[0m crunchy v0.2.4
2025-11-02T06:23:27.7585414Z [1m[92m   Compiling[0m indexmap v2.12.0
2025-11-02T06:23:27.9640838Z [1m[92m   Compiling[0m lock_api v0.4.14
2025-11-02T06:23:28.3588564Z [1m[92m   Compiling[0m ahash v0.8.12
2025-11-02T06:23:28.4412423Z [1m[92m   Compiling[0m tracing-core v0.1.34
2025-11-02T06:23:28.4491255Z [1m[92m   Compiling[0m tiny-keccak v2.0.2
2025-11-02T06:23:28.5606463Z [1m[92m   Compiling[0m parking_lot v0.12.5
2025-11-02T06:23:28.8912616Z [1m[92m   Compiling[0m zerofrom-derive v0.1.6
2025-11-02T06:23:29.3380860Z [1m[92m   Compiling[0m yoke-derive v0.8.1
2025-11-02T06:23:29.3442780Z [1m[92m   Compiling[0m serde_derive v1.0.228
2025-11-02T06:23:29.4497792Z [1m[92m   Compiling[0m zerovec-derive v0.11.2
2025-11-02T06:23:29.8786957Z [1m[92m   Compiling[0m zerofrom v0.1.6
2025-11-02T06:23:29.9626185Z [1m[92m   Compiling[0m displaydoc v0.2.5
2025-11-02T06:23:30.1925557Z [1m[92m   Compiling[0m yoke v0.8.1
2025-11-02T06:23:30.3391731Z [1m[92m   Compiling[0m zerocopy-derive v0.8.27
2025-11-02T06:23:30.4244971Z [1m[92m   Compiling[0m zerovec v0.11.5
2025-11-02T06:23:30.4504236Z [1m[92m   Compiling[0m zerotrie v0.2.3
2025-11-02T06:23:30.8407945Z [1m[92m   Compiling[0m tokio-macros v2.6.0
2025-11-02T06:23:31.0260189Z [1m[92m   Compiling[0m tinystr v0.8.2
2025-11-02T06:23:31.1887096Z [1m[92m   Compiling[0m icu_locale_core v2.1.1
2025-11-02T06:23:31.3601366Z [1m[92m   Compiling[0m potential_utf v0.1.4
2025-11-02T06:23:31.4694143Z [1m[92m   Compiling[0m icu_collections v2.1.1
2025-11-02T06:23:32.1495626Z [1m[92m   Compiling[0m icu_provider v2.1.1
2025-11-02T06:23:33.2726572Z [1m[92m   Compiling[0m mio v1.1.0
2025-11-02T06:23:33.4939895Z [1m[92m   Compiling[0m socket2 v0.6.1
2025-11-02T06:23:33.7240940Z [1m[92m   Compiling[0m signal-hook-registry v1.4.6
2025-11-02T06:23:33.9896989Z [1m[92m   Compiling[0m log v0.4.28
2025-11-02T06:23:34.0063559Z [1m[92m   Compiling[0m futures-sink v0.3.31
2025-11-02T06:23:34.0678822Z [1m[92m   Compiling[0m typenum v1.19.0
2025-11-02T06:23:34.1963243Z [1m[92m   Compiling[0m futures-core v0.3.31
2025-11-02T06:23:34.2632881Z [1m[92m   Compiling[0m ryu v1.0.20
2025-11-02T06:23:34.3206301Z [1m[92m   Compiling[0m getrandom v0.2.16
2025-11-02T06:23:34.4173671Z [1m[92m   Compiling[0m tokio v1.48.0
2025-11-02T06:23:34.5307428Z [1m[92m   Compiling[0m icu_properties v2.1.1
2025-11-02T06:23:34.6389461Z [1m[92m   Compiling[0m icu_normalizer v2.1.1
2025-11-02T06:23:34.6646496Z [1m[92m   Compiling[0m tracing-attributes v0.1.30
2025-11-02T06:23:35.8301587Z [1m[92m   Compiling[0m generic-array v0.14.9
2025-11-02T06:23:35.9215361Z [1m[92m   Compiling[0m ucd-trie v0.1.7
2025-11-02T06:23:36.0024062Z [1m[92m   Compiling[0m fnv v1.0.7
2025-11-02T06:23:36.0526756Z [1m[92m   Compiling[0m openssl v0.10.74
2025-11-02T06:23:36.0847825Z [1m[92m   Compiling[0m foreign-types-shared v0.1.1
2025-11-02T06:23:36.1253163Z [1m[92m   Compiling[0m allocator-api2 v0.2.21
2025-11-02T06:23:36.1711850Z [1m[92m   Compiling[0m serde_json v1.0.145
2025-11-02T06:23:36.3591006Z [1m[92m   Compiling[0m percent-encoding v2.3.2
2025-11-02T06:23:36.4946530Z [1m[92m   Compiling[0m hashbrown v0.14.5
2025-11-02T06:23:36.5666215Z [1m[92m   Compiling[0m const-random-macro v0.1.16
2025-11-02T06:23:36.7830987Z [1m[92m   Compiling[0m pest v2.8.3
2025-11-02T06:23:36.9682085Z [1m[92m   Compiling[0m foreign-types v0.3.2
2025-11-02T06:23:37.0056488Z [1m[92m   Compiling[0m http v0.2.12
2025-11-02T06:23:37.2480188Z [1m[92m   Compiling[0m tracing v0.1.41
2025-11-02T06:23:37.5696156Z [1m[92m   Compiling[0m idna_adapter v1.2.1
2025-11-02T06:23:38.0765352Z [1m[92m   Compiling[0m futures-channel v0.3.31
2025-11-02T06:23:38.2679883Z [1m[92m   Compiling[0m futures-macro v0.3.31
2025-11-02T06:23:38.9097920Z [1m[92m   Compiling[0m openssl-macros v0.1.1
2025-11-02T06:23:39.0508875Z [1m[92m   Compiling[0m httparse v1.10.1
2025-11-02T06:23:39.0950186Z [1m[92m   Compiling[0m futures-task v0.3.31
2025-11-02T06:23:39.2120843Z [1m[92m   Compiling[0m slab v0.4.11
2025-11-02T06:23:39.2182295Z [1m[92m   Compiling[0m futures-io v0.3.31
2025-11-02T06:23:39.2335285Z [1m[92m   Compiling[0m time-core v0.1.6
2025-11-02T06:23:39.3482982Z [1m[92m   Compiling[0m native-tls v0.2.14
2025-11-02T06:23:39.3506815Z [1m[92m   Compiling[0m utf8_iter v1.0.4
2025-11-02T06:23:39.3640507Z [1m[92m   Compiling[0m pin-utils v0.1.0
2025-11-02T06:23:39.4028320Z [1m[92m   Compiling[0m num-conv v0.1.0
2025-11-02T06:23:39.4440849Z [1m[92m   Compiling[0m powerfmt v0.2.0
2025-11-02T06:23:39.4545424Z [1m[92m   Compiling[0m tinyvec_macros v0.1.1
2025-11-02T06:23:39.4897055Z [1m[92m   Compiling[0m tinyvec v1.10.0
2025-11-02T06:23:39.5134636Z [1m[92m   Compiling[0m time-macros v0.2.24
2025-11-02T06:23:39.6394567Z [1m[92m   Compiling[0m deranged v0.5.5
2025-11-02T06:23:39.9552304Z [1m[92m   Compiling[0m idna v1.1.0
2025-11-02T06:23:40.5736739Z [1m[92m   Compiling[0m futures-util v0.3.31
2025-11-02T06:23:41.1250179Z [1m[92m   Compiling[0m tokio-util v0.7.16
2025-11-02T06:23:43.0403432Z [1m[92m   Compiling[0m pest_meta v2.8.3
2025-11-02T06:23:44.7706908Z [1m[92m   Compiling[0m const-random v0.1.18
2025-11-02T06:23:44.8090651Z [1m[92m   Compiling[0m form_urlencoded v1.2.2
2025-11-02T06:23:45.0222120Z [1m[92m   Compiling[0m cookie v0.17.0
2025-11-02T06:23:45.2106051Z [1m[92m   Compiling[0m try-lock v0.2.5
2025-11-02T06:23:45.2685065Z [1m[92m   Compiling[0m openssl-probe v0.1.6
2025-11-02T06:23:45.6084051Z [1m[92m   Compiling[0m base64 v0.21.7
2025-11-02T06:23:46.1014102Z [1m[92m   Compiling[0m time v0.3.44
2025-11-02T06:23:47.3298141Z [1m[92m   Compiling[0m want v0.3.1
2025-11-02T06:23:47.4638478Z [1m[92m   Compiling[0m dlv-list v0.5.2
2025-11-02T06:23:47.6804447Z [1m[92m   Compiling[0m pest_generator v2.8.3
2025-11-02T06:23:48.4001555Z [1m[92m   Compiling[0m h2 v0.3.27
2025-11-02T06:23:48.9929001Z [1m[92m   Compiling[0m unicode-normalization v0.1.25
2025-11-02T06:23:49.3595332Z [1m[92m   Compiling[0m http-body v0.4.6
2025-11-02T06:23:49.5356406Z [1m[92m   Compiling[0m serde_spanned v0.6.9
2025-11-02T06:23:49.5770673Z [1m[92m   Compiling[0m toml_datetime v0.6.11
2025-11-02T06:23:49.6329947Z [1m[92m   Compiling[0m socket2 v0.5.10
2025-11-02T06:23:49.7419387Z [1m[92m   Compiling[0m encoding_rs v0.8.35
2025-11-02T06:23:49.9234027Z [1m[92m   Compiling[0m tower-service v0.3.3
2025-11-02T06:23:49.9722613Z [1m[92m   Compiling[0m httpdate v1.0.3
2025-11-02T06:23:50.3081169Z [1m[92m   Compiling[0m portable-atomic v1.11.1
2025-11-02T06:23:50.6328877Z [1m[92m   Compiling[0m toml_write v0.1.2
2025-11-02T06:23:50.8880239Z [1m[92m   Compiling[0m unicode-bidi v0.3.18
2025-11-02T06:23:51.2187694Z [1m[92m   Compiling[0m psl-types v2.0.11
2025-11-02T06:23:51.3002441Z [1m[92m   Compiling[0m winnow v0.7.13
2025-11-02T06:23:52.2729124Z [1m[92m   Compiling[0m utf8parse v0.2.2
2025-11-02T06:23:52.3308781Z [1m[92m   Compiling[0m rustix v0.38.44
2025-11-02T06:23:52.5846507Z [1m[92m   Compiling[0m anstyle-parse v0.2.7
2025-11-02T06:23:52.7397162Z [1m[92m   Compiling[0m idna v0.3.0
2025-11-02T06:23:53.5748088Z [1m[92m   Compiling[0m toml_edit v0.22.27
2025-11-02T06:23:54.6831443Z [1m[92m   Compiling[0m hyper v0.14.32
2025-11-02T06:23:55.1883383Z [1m[92m   Compiling[0m publicsuffix v2.3.0
2025-11-02T06:23:55.9540934Z [1m[92m   Compiling[0m pest_derive v2.8.3
2025-11-02T06:23:57.1506796Z [1m[92m   Compiling[0m ordered-multimap v0.7.3
2025-11-02T06:23:57.4340259Z [1m[92m   Compiling[0m tokio-native-tls v0.3.1
2025-11-02T06:23:57.5486047Z [1m[92m   Compiling[0m url v2.5.7
2025-11-02T06:23:58.0132165Z [1m[92m   Compiling[0m crypto-common v0.1.6
2025-11-02T06:23:58.0940709Z [1m[92m   Compiling[0m block-buffer v0.10.4
2025-11-02T06:23:58.1880339Z [1m[92m   Compiling[0m hashlink v0.8.4
2025-11-02T06:23:58.5106207Z [1m[92m   Compiling[0m aho-corasick v1.1.4
2025-11-02T06:24:00.4341546Z [1m[92m   Compiling[0m unicode-width v0.2.2
2025-11-02T06:24:00.6560610Z [1m[92m   Compiling[0m linux-raw-sys v0.4.15
2025-11-02T06:24:01.1018778Z [1m[92m   Compiling[0m unicode-segmentation v1.12.0
2025-11-02T06:24:01.1539360Z [1m[92m   Compiling[0m arraydeque v0.5.1
2025-11-02T06:24:01.3443091Z [1m[92m   Compiling[0m anstyle-query v1.1.4
2025-11-02T06:24:01.3999898Z [1m[92m   Compiling[0m anyhow v1.0.100
2025-11-02T06:24:01.5797990Z [1m[92m   Compiling[0m bitflags v1.3.2
2025-11-02T06:24:01.6213022Z [1m[92m   Compiling[0m option-ext v0.2.0
2025-11-02T06:24:01.6746591Z [1m[92m   Compiling[0m anstyle v1.0.13
2025-11-02T06:24:01.6860458Z [1m[92m   Compiling[0m minimal-lexical v0.2.1
2025-11-02T06:24:01.9045291Z [1m[92m   Compiling[0m regex-syntax v0.8.8
2025-11-02T06:24:01.9624455Z [1m[92m   Compiling[0m thiserror v1.0.69
2025-11-02T06:24:02.1263506Z [1m[92m   Compiling[0m is_terminal_polyfill v1.70.2
2025-11-02T06:24:02.1746568Z [1m[92m   Compiling[0m colorchoice v1.0.4
2025-11-02T06:24:02.2346486Z [1m[92m   Compiling[0m anstream v0.6.21
2025-11-02T06:24:02.7599503Z [1m[92m   Compiling[0m nom v7.1.3
2025-11-02T06:24:04.7485911Z [1m[92m   Compiling[0m regex-automata v0.4.13
2025-11-02T06:24:04.7548396Z [1m[92m   Compiling[0m dirs-sys v0.4.1
2025-11-02T06:24:05.2430342Z [1m[92m   Compiling[0m nix v0.26.4
2025-11-02T06:24:05.3570398Z [1m[92m   Compiling[0m convert_case v0.6.0
2025-11-02T06:24:06.5873640Z [1m[92m   Compiling[0m yaml-rust2 v0.8.1
2025-11-02T06:24:10.4861779Z [1m[92m   Compiling[0m console v0.15.11
2025-11-02T06:24:11.1620202Z [1m[92m   Compiling[0m digest v0.10.7
2025-11-02T06:24:11.3406666Z [1m[92m   Compiling[0m cookie_store v0.20.0
2025-11-02T06:24:12.0139563Z [1m[92m   Compiling[0m hyper-tls v0.5.0
2025-11-02T06:24:12.2183743Z [1m[92m   Compiling[0m rust-ini v0.20.0
2025-11-02T06:24:13.4981002Z [1m[92m   Compiling[0m json5 v0.4.1
2025-11-02T06:24:14.1499013Z [1m[92m   Compiling[0m toml v0.8.23
2025-11-02T06:24:14.5073895Z [1m[92m   Compiling[0m rustls-pemfile v1.0.4
2025-11-02T06:24:14.8387122Z [1m[92m   Compiling[0m ron v0.8.1
2025-11-02T06:24:16.4544052Z [1m[92m   Compiling[0m serde_urlencoded v0.7.1
2025-11-02T06:24:16.7039792Z [1m[92m   Compiling[0m thiserror-impl v1.0.69
2025-11-02T06:24:17.4466867Z [1m[92m   Compiling[0m async-trait v0.1.89
2025-11-02T06:24:17.6073130Z [1m[92m   Compiling[0m cpufeatures v0.2.17
2025-11-02T06:24:17.6484962Z [1m[92m   Compiling[0m unsafe-libyaml v0.2.11
2025-11-02T06:24:17.7782246Z [1m[92m   Compiling[0m home v0.5.12
2025-11-02T06:24:17.8776932Z [1m[92m   Compiling[0m heck v0.5.0
2025-11-02T06:24:18.0384460Z [1m[92m   Compiling[0m strsim v0.11.1
2025-11-02T06:24:18.1973306Z [1m[92m   Compiling[0m number_prefix v0.4.0
2025-11-02T06:24:18.2859602Z [1m[92m   Compiling[0m pathdiff v0.2.3
2025-11-02T06:24:18.3448611Z [1m[92m   Compiling[0m either v1.15.0
2025-11-02T06:24:18.5332826Z [1m[92m   Compiling[0m sync_wrapper v0.1.2
2025-11-02T06:24:18.5835969Z [1m[92m   Compiling[0m mime v0.3.17
2025-11-02T06:24:18.8773958Z [1m[92m   Compiling[0m same-file v1.0.6
2025-11-02T06:24:18.9776833Z [1m[92m   Compiling[0m clap_lex v0.7.6
2025-11-02T06:24:19.0512070Z [1m[92m   Compiling[0m ipnet v2.11.0
2025-11-02T06:24:19.2862933Z [1m[92m   Compiling[0m lazy_static v1.5.0
2025-11-02T06:24:19.3379110Z [1m[92m   Compiling[0m sharded-slab v0.1.7
2025-11-02T06:24:20.0286735Z [1m[92m   Compiling[0m reqwest v0.11.27
2025-11-02T06:24:20.2962931Z [1m[92m   Compiling[0m clap_builder v4.5.51
2025-11-02T06:24:20.4061944Z [1m[92m   Compiling[0m walkdir v2.5.0
2025-11-02T06:24:21.2068716Z [1m[92m   Compiling[0m which v6.0.3
2025-11-02T06:24:21.7282923Z [1m[92m   Compiling[0m serde_yaml v0.9.34+deprecated
2025-11-02T06:24:23.4423287Z [1m[92m   Compiling[0m config v0.14.1
2025-11-02T06:24:26.1413631Z [1m[92m   Compiling[0m indicatif v0.17.11
2025-11-02T06:24:29.7000157Z [1m[92m   Compiling[0m clap_derive v4.5.49
2025-11-02T06:24:31.4636582Z [1m[92m   Compiling[0m sha2 v0.10.9
2025-11-02T06:24:31.5312002Z [1m[92m   Compiling[0m matchers v0.2.0
2025-11-02T06:24:31.6208284Z [1m[92m   Compiling[0m command-group v2.1.0
2025-11-02T06:24:32.4915867Z [1m[92m   Compiling[0m dirs v5.0.1
2025-11-02T06:24:32.5942866Z [1m[92m   Compiling[0m tracing-log v0.2.0
2025-11-02T06:24:32.9074525Z [1m[92m   Compiling[0m tracing-serde v0.2.0
2025-11-02T06:24:33.0213301Z [1m[92m   Compiling[0m thread_local v1.1.9
2025-11-02T06:24:33.0618785Z [1m[92m   Compiling[0m glob v0.3.3
2025-11-02T06:24:33.2886549Z [1m[92m   Compiling[0m nu-ansi-term v0.50.3
2025-11-02T06:24:33.4573327Z [1m[92m   Compiling[0m winetricks-lib v0.1.0 (/home/runner/work/winetricks/winetricks/winetricks-lib)
2025-11-02T06:24:33.8226850Z [1m[92m   Compiling[0m tracing-subscriber v0.3.20
2025-11-02T06:24:34.1429520Z [1m[92m   Compiling[0m clap v4.5.51
2025-11-02T06:24:37.8744228Z [1m[92m   Compiling[0m winetricks-cli v0.1.0 (/home/runner/work/winetricks/winetricks/winetricks-cli)
2025-11-02T06:24:41.7566535Z [1m[92m    Finished[0m `release` profile [optimized] target(s) in 1m 23s
2025-11-02T06:24:42.1433023Z [1m[92m   Compiling[0m libloading v0.8.9
2025-11-02T06:24:42.1433631Z [1m[92m   Compiling[0m rustix v1.1.2
2025-11-02T06:24:42.1434164Z [1m[92m   Compiling[0m linux-raw-sys v0.11.0
2025-11-02T06:24:42.1495805Z [1m[92m   Compiling[0m bytemuck_derive v1.10.2
2025-11-02T06:24:42.3062727Z [1m[92m   Compiling[0m dlib v0.5.2
2025-11-02T06:24:42.3681144Z [1m[92m   Compiling[0m wayland-sys v0.31.7
2025-11-02T06:24:42.4447118Z [1m[92m   Compiling[0m wayland-backend v0.3.11
2025-11-02T06:24:42.4715004Z [1m[92m   Compiling[0m autocfg v1.5.0
2025-11-02T06:24:42.7936245Z [1m[92m   Compiling[0m num-traits v0.2.19
2025-11-02T06:24:42.8728328Z [1m[92m   Compiling[0m scoped-tls v1.0.1
2025-11-02T06:24:42.9298141Z [1m[92m   Compiling[0m downcast-rs v1.2.1
2025-11-02T06:24:43.0422581Z [1m[92m   Compiling[0m quick-xml v0.37.5
2025-11-02T06:24:43.1068876Z [1m[92m   Compiling[0m wayland-client v0.31.11
2025-11-02T06:24:43.2693623Z [1m[92m   Compiling[0m bytemuck v1.24.0
2025-11-02T06:24:43.5006152Z [1m[92m   Compiling[0m simd-adler32 v0.3.7
2025-11-02T06:24:43.7558710Z [1m[92m   Compiling[0m wayland-scanner v0.31.7
2025-11-02T06:24:43.7604385Z [1m[92m   Compiling[0m arrayvec v0.7.6
2025-11-02T06:24:43.9572587Z [1m[92m   Compiling[0m adler2 v2.0.1
2025-11-02T06:24:44.0568906Z [1m[92m   Compiling[0m crc32fast v1.5.0
2025-11-02T06:24:44.0990106Z [1m[92m   Compiling[0m miniz_oxide v0.8.9
2025-11-02T06:24:44.2069252Z [1m[92m   Compiling[0m cfg_aliases v0.1.1
2025-11-02T06:24:44.2426080Z [1m[92m   Compiling[0m crossbeam-utils v0.8.21
2025-11-02T06:24:44.5717022Z [1m[92m   Compiling[0m flate2 v1.1.5
2025-11-02T06:24:45.3217580Z [1m[92m   Compiling[0m siphasher v1.0.1
2025-11-02T06:24:45.4595426Z [1m[92m   Compiling[0m rand_core v0.6.4
2025-11-02T06:24:45.5635542Z [1m[92m   Compiling[0m float-cmp v0.9.0
2025-11-02T06:24:45.6415885Z [1m[92m   Compiling[0m strict-num v0.1.1
2025-11-02T06:24:45.7433195Z [1m[92m   Compiling[0m crossbeam-epoch v0.9.18
2025-11-02T06:24:45.7709533Z [1m[92m   Compiling[0m rand v0.8.5
2025-11-02T06:24:45.8485270Z [1m[92m   Compiling[0m phf_shared v0.11.3
2025-11-02T06:24:45.9671885Z [1m[92m   Compiling[0m slotmap v1.0.7
2025-11-02T06:24:46.0586241Z [1m[92m   Compiling[0m rayon-core v1.13.0
2025-11-02T06:24:46.1367481Z [1m[92m   Compiling[0m raw-window-handle v0.6.2
2025-11-02T06:24:46.1842840Z [1m[92m   Compiling[0m arrayref v0.3.9
2025-11-02T06:24:46.2201354Z [1m[92m   Compiling[0m tiny-skia-path v0.11.4
2025-11-02T06:24:46.2786448Z [1m[92m   Compiling[0m phf_generator v0.11.3
2025-11-02T06:24:46.4102720Z [1m[92m   Compiling[0m crossbeam-deque v0.8.6
2025-11-02T06:24:46.4276130Z [1m[92m   Compiling[0m unicode-ccc v0.1.2
2025-11-02T06:24:46.5751784Z [1m[92m   Compiling[0m unicode-properties v0.1.4
2025-11-02T06:24:46.6990803Z [1m[92m   Compiling[0m roxmltree v0.20.0
2025-11-02T06:24:46.7285651Z [1m[92m   Compiling[0m unicode-bidi-mirroring v0.1.0
2025-11-02T06:24:46.8000904Z [1m[92m   Compiling[0m unicode-script v0.5.7
2025-11-02T06:24:47.3117956Z [1m[92m   Compiling[0m ttf-parser v0.19.2
2025-11-02T06:24:47.8514595Z [1m[92m   Compiling[0m fontconfig-parser v0.5.8
2025-11-02T06:24:51.2651648Z [1m[92m   Compiling[0m polling v3.11.0
2025-11-02T06:24:52.5853748Z [1m[92m   Compiling[0m phf_macros v0.11.3
2025-11-02T06:24:52.6940278Z [1m[92m   Compiling[0m fdeflate v0.3.7
2025-11-02T06:24:53.0616478Z [1m[92m   Compiling[0m memmap2 v0.9.9
2025-11-02T06:24:53.2995071Z [1m[92m   Compiling[0m memmap2 v0.8.0
2025-11-02T06:24:53.4811303Z [1m[92m   Compiling[0m by_address v1.2.1
2025-11-02T06:24:53.5377465Z [1m[92m   Compiling[0m palette v0.7.6
2025-11-02T06:24:53.5459547Z [1m[92m   Compiling[0m rustc-hash v1.1.0
2025-11-02T06:24:53.6072536Z [1m[92m   Compiling[0m palette_derive v0.7.6
2025-11-02T06:24:53.7190016Z [1m[92m   Compiling[0m fontdb v0.15.0
2025-11-02T06:24:53.7475620Z [1m[92m   Compiling[0m phf v0.11.3
2025-11-02T06:24:53.8722392Z [1m[92m   Compiling[0m png v0.17.16
2025-11-02T06:24:54.3848466Z [1m[92m   Compiling[0m approx v0.5.1
2025-11-02T06:24:54.4839631Z [1m[92m   Compiling[0m font-types v0.7.3
2025-11-02T06:24:54.8460682Z [1m[92m   Compiling[0m libm v0.2.15
2025-11-02T06:24:55.0025575Z [1m[92m   Compiling[0m smol_str v0.2.2
2025-11-02T06:24:55.2524373Z [1m[92m   Compiling[0m weezl v0.1.10
2025-11-02T06:24:55.7383978Z [1m[92m   Compiling[0m fast-srgb8 v1.0.0
2025-11-02T06:24:56.1994421Z [1m[92m   Compiling[0m read-fonts v0.22.7
2025-11-02T06:24:56.4819068Z [1m[92m   Compiling[0m rayon v1.11.0
2025-11-02T06:24:56.5103761Z [1m[92m   Compiling[0m kurbo v0.9.5
2025-11-02T06:24:59.0368071Z [1m[92m   Compiling[0m num_cpus v1.17.0
2025-11-02T06:24:59.3222855Z [1m[92m   Compiling[0m siphasher v0.3.11
2025-11-02T06:24:59.4784501Z [1m[92m   Compiling[0m xxhash-rust v0.8.15
2025-11-02T06:24:59.9614177Z [1m[92m   Compiling[0m color_quant v1.1.0
2025-11-02T06:24:59.9708204Z [1m[92m   Compiling[0m glam v0.25.0
2025-11-02T06:25:00.2289546Z [1m[92m   Compiling[0m as-raw-xcb-connection v1.0.1
2025-11-02T06:25:00.2681415Z [1m[92m   Compiling[0m web-time v0.2.4
2025-11-02T06:25:00.3048643Z [1m[92m   Compiling[0m svgtypes v0.12.0
2025-11-02T06:25:01.8901891Z [1m[92m   Compiling[0m futures-executor v0.3.31
2025-11-02T06:25:02.1503698Z [1m[92m   Compiling[0m jpeg-decoder v0.3.2
2025-11-02T06:25:03.2846025Z [1m[92m   Compiling[0m iced_core v0.12.3
2025-11-02T06:25:03.5374445Z [1m[92m   Compiling[0m skrifa v0.22.3
2025-11-02T06:25:05.5945984Z [1m[92m   Compiling[0m gethostname v1.1.0
2025-11-02T06:25:05.6510449Z [1m[92m   Compiling[0m yazi v0.1.6
2025-11-02T06:25:06.3859117Z [1m[92m   Compiling[0m xcursor v0.3.10
2025-11-02T06:25:07.3119646Z [1m[92m   Compiling[0m x11rb-protocol v0.13.2
2025-11-02T06:25:07.3236055Z [1m[92m   Compiling[0m cursor-icon v1.2.0
2025-11-02T06:25:07.4009983Z [1m[92m   Compiling[0m termcolor v1.4.1
2025-11-02T06:25:07.8258553Z [1m[92m   Compiling[0m xkeysym v0.2.1
2025-11-02T06:25:10.5533276Z [1m[92m   Compiling[0m bit-vec v0.6.3
2025-11-02T06:25:10.7665801Z [1m[92m   Compiling[0m zeno v0.2.3
2025-11-02T06:25:11.7711996Z [1m[92m   Compiling[0m khronos-egl v6.0.0
2025-11-02T06:25:11.8438351Z [1m[92m   Compiling[0m ash v0.37.3+1.3.251
2025-11-02T06:25:11.9193329Z [1m[92m   Compiling[0m unicode-width v0.1.14
2025-11-02T06:25:12.1217942Z [1m[92m   Compiling[0m rctree v0.5.0
2025-11-02T06:25:12.2427228Z [1m[92m   Compiling[0m ttf-parser v0.20.0
2025-11-02T06:25:16.4445567Z [1m[92m   Compiling[0m rustybuzz v0.11.0
2025-11-02T06:25:17.6637368Z [1m[92m   Compiling[0m usvg-tree v0.36.0
2025-11-02T06:25:18.6752672Z [1m[92m   Compiling[0m x11rb v0.13.2
2025-11-02T06:25:19.3890879Z [1m[92m   Compiling[0m codespan-reporting v0.11.1
2025-11-02T06:25:20.6189060Z [1m[92m   Compiling[0m swash v0.1.19
2025-11-02T06:25:22.0848426Z [1m[92m   Compiling[0m bit-set v0.5.3
2025-11-02T06:25:22.2093419Z [1m[92m   Compiling[0m wayland-csd-frame v0.3.0
2025-11-02T06:25:22.5728190Z [1m[92m   Compiling[0m wayland-cursor v0.31.11
2025-11-02T06:25:23.2901025Z [1m[92m   Compiling[0m futures v0.3.31
2025-11-02T06:25:23.3289121Z [1m[92m   Compiling[0m tiny-skia v0.11.4
2025-11-02T06:25:25.8502728Z [1m[92m   Compiling[0m wgpu-hal v0.19.5
2025-11-02T06:25:26.0238540Z [1m[92m   Compiling[0m zune-inflate v0.2.54
2025-11-02T06:25:26.5652895Z [1m[92m   Compiling[0m half v2.7.1
2025-11-02T06:25:27.0980433Z [1m[92m   Compiling[0m spirv v0.3.0+sdk-1.3.268.0
2025-11-02T06:25:29.2976382Z [1m[92m   Compiling[0m gpu-descriptor-types v0.1.2
2025-11-02T06:25:29.5314404Z [1m[92m   Compiling[0m gpu-alloc-types v0.3.0
2025-11-02T06:25:29.8668542Z [1m[92m   Compiling[0m libloading v0.7.4
2025-11-02T06:25:30.0334587Z [1m[92m   Compiling[0m drm-sys v0.7.0
2025-11-02T06:25:30.1120830Z [1m[92m   Compiling[0m unicode-xid v0.2.6
2025-11-02T06:25:30.1828910Z [1m[92m   Compiling[0m sys-locale v0.3.2
2025-11-02T06:25:30.4011253Z [1m[92m   Compiling[0m lebe v0.5.3
2025-11-02T06:25:30.5563107Z [1m[92m   Compiling[0m self_cell v1.2.1
2025-11-02T06:25:30.5636955Z [1m[92m   Compiling[0m bit_field v0.10.3
2025-11-02T06:25:30.6206144Z [1m[92m   Compiling[0m unicode-linebreak v0.1.5
2025-11-02T06:25:30.6847952Z [1m[92m   Compiling[0m hexf-parse v0.2.1
2025-11-02T06:25:30.8243714Z [1m[92m   Compiling[0m rangemap v1.6.0
2025-11-02T06:25:30.8326120Z [1m[92m   Compiling[0m xmlparser v0.13.6
2025-11-02T06:25:31.1151001Z [1m[92m   Compiling[0m cosmic-text v0.10.0
2025-11-02T06:25:31.9237810Z [1m[92m   Compiling[0m roxmltree v0.18.1
2025-11-02T06:25:33.3070261Z [1m[92m   Compiling[0m naga v0.19.2
2025-11-02T06:25:36.9453878Z [1m[92m   Compiling[0m exr v1.73.0
2025-11-02T06:25:45.1432242Z [1m[92m   Compiling[0m gpu-alloc v0.6.0
2025-11-02T06:25:45.1668922Z [1m[92m   Compiling[0m gpu-descriptor v0.2.4
2025-11-02T06:25:45.4618486Z [1m[92m   Compiling[0m iced_futures v0.12.0
2025-11-02T06:25:46.3389376Z [1m[92m   Compiling[0m tiff v0.9.1
2025-11-02T06:25:46.3977574Z [1m[92m   Compiling[0m gif v0.13.3
2025-11-02T06:25:48.0133265Z [1m[92m   Compiling[0m rustybuzz v0.10.0
2025-11-02T06:25:48.1090274Z [1m[92m   Compiling[0m wgpu-core v0.19.4
2025-11-02T06:25:48.2786055Z [1m[92m   Compiling[0m qoi v0.4.1
2025-11-02T06:25:48.4772204Z [1m[92m   Compiling[0m simplecss v0.2.2
2025-11-02T06:25:48.5235662Z [1m[92m   Compiling[0m wgpu-types v0.19.2
2025-11-02T06:25:49.8786947Z [1m[92m   Compiling[0m profiling v1.0.17
2025-11-02T06:25:49.9160669Z [1m[92m   Compiling[0m data-url v0.3.2
2025-11-02T06:25:50.4647535Z [1m[92m   Compiling[0m linux-raw-sys v0.6.5
2025-11-02T06:25:50.6708616Z [1m[92m   Compiling[0m drm-fourcc v2.2.0
2025-11-02T06:25:50.7506784Z [1m[92m   Compiling[0m imagesize v0.12.0
2025-11-02T06:25:50.7788395Z [1m[92m   Compiling[0m byteorder v1.5.0
2025-11-02T06:25:50.9944985Z [1m[92m   Compiling[0m unicode-vo v0.1.0
2025-11-02T06:25:51.1019262Z [1m[92m   Compiling[0m mutate_once v0.1.2
2025-11-02T06:25:51.1640535Z [1m[92m   Compiling[0m glow v0.13.1
2025-11-02T06:25:51.7435893Z [1m[92m   Compiling[0m renderdoc-sys v1.1.0
2025-11-02T06:25:51.8497520Z [1m[92m   Compiling[0m kamadak-exif v0.5.5
2025-11-02T06:25:53.9583830Z [1m[92m   Compiling[0m usvg-text-layout v0.36.0
2025-11-02T06:25:57.6861251Z [1m[92m   Compiling[0m usvg-parser v0.36.0
2025-11-02T06:25:57.9098444Z [1m[92m   Compiling[0m image v0.24.9
2025-11-02T06:26:04.1817266Z [1m[92m   Compiling[0m wayland-protocols v0.31.2
2025-11-02T06:26:05.1536041Z [1m[92m   Compiling[0m wayland-protocols v0.32.9
2025-11-02T06:26:10.8826360Z [1m[92m   Compiling[0m calloop v0.13.0
2025-11-02T06:26:12.0306847Z [1m[92m   Compiling[0m wgpu v0.19.4
2025-11-02T06:26:12.2349986Z [1m[92m   Compiling[0m euclid v0.22.11
2025-11-02T06:26:12.9667564Z [1m[92m   Compiling[0m tiny-xlib v0.2.4
2025-11-02T06:26:13.0888521Z [1m[92m   Compiling[0m cfg_aliases v0.2.1
2025-11-02T06:26:13.1243660Z [1m[92m   Compiling[0m foldhash v0.1.5
2025-11-02T06:26:13.2835784Z [1m[92m   Compiling[0m smithay-client-toolkit v0.19.2
2025-11-02T06:26:13.3613298Z [1m[92m   Compiling[0m xmlwriter v0.1.0
2025-11-02T06:26:13.7556627Z [1m[92m   Compiling[0m svg_fmt v0.4.5
2025-11-02T06:26:14.0106894Z [1m[92m   Compiling[0m pico-args v0.5.0
2025-11-02T06:26:14.2710982Z [1m[92m   Compiling[0m usvg v0.36.0
2025-11-02T06:26:15.4609877Z [1m[92m   Compiling[0m hashbrown v0.15.5
2025-11-02T06:26:16.1273219Z [1m[92m   Compiling[0m softbuffer v0.4.6
2025-11-02T06:26:17.1599474Z [1m[92m   Compiling[0m calloop-wayland-source v0.3.0
2025-11-02T06:26:17.2392423Z [1m[92m   Compiling[0m wayland-protocols-wlr v0.3.9
2025-11-02T06:26:22.3011773Z [1m[92m   Compiling[0m drm-ffi v0.8.0
2025-11-02T06:26:22.8863861Z [1m[92m   Compiling[0m iced_graphics v0.12.1
2025-11-02T06:26:26.6422136Z [1m[92m   Compiling[0m gif v0.12.0
2025-11-02T06:26:27.1872148Z [1m[92m   Compiling[0m calloop v0.12.4
2025-11-02T06:26:28.0103459Z [1m[92m   Compiling[0m rgb v0.8.52
2025-11-02T06:26:28.3312126Z [1m[92m   Compiling[0m static_assertions v1.1.0
2025-11-02T06:26:28.3548019Z [1m[92m   Compiling[0m smithay-client-toolkit v0.18.1
2025-11-02T06:26:28.3639317Z [1m[92m   Compiling[0m ttf-parser v0.25.1
2025-11-02T06:26:28.4340993Z [1m[92m   Compiling[0m ctor-lite v0.1.0
2025-11-02T06:26:28.9497112Z [1m[92m   Compiling[0m resvg v0.36.0
2025-11-02T06:26:34.4549815Z [1m[92m   Compiling[0m owned_ttf_parser v0.25.1
2025-11-02T06:26:34.9156719Z [1m[92m   Compiling[0m calloop-wayland-source v0.2.0
2025-11-02T06:26:34.9941881Z [1m[92m   Compiling[0m drm v0.12.0
2025-11-02T06:26:39.4530874Z [1m[92m   Compiling[0m lru v0.12.5
2025-11-02T06:26:39.5742375Z [1m[92m   Compiling[0m etagere v0.2.15
2025-11-02T06:26:40.0593954Z [1m[92m   Compiling[0m wayland-protocols-wlr v0.2.0
2025-11-02T06:26:40.2355959Z [1m[92m   Compiling[0m x11-dl v2.21.0
2025-11-02T06:26:40.3432082Z [1m[92m   Compiling[0m fastrand v2.3.0
2025-11-02T06:26:40.5655260Z [1m[92m   Compiling[0m ab_glyph_rasterizer v0.1.10
2025-11-02T06:26:40.7805315Z [1m[92m   Compiling[0m ab_glyph v0.2.32
2025-11-02T06:26:45.0256477Z [1m[92m   Compiling[0m glyphon v0.5.0
2025-11-02T06:26:45.8996410Z [1m[92m   Compiling[0m smithay-clipboard v0.7.2
2025-11-02T06:26:46.0652148Z [1m[92m   Compiling[0m guillotiere v0.6.2
2025-11-02T06:26:46.7870621Z [1m[92m   Compiling[0m winit v0.29.15
2025-11-02T06:26:47.0117806Z [1m[92m   Compiling[0m kurbo v0.10.4
2025-11-02T06:26:47.6989832Z [1m[92m   Compiling[0m iced_wgpu v0.12.1
2025-11-02T06:26:50.2609038Z [1m[92m   Compiling[0m iced_tiny_skia v0.12.1
2025-11-02T06:26:51.4968261Z [1m[92m   Compiling[0m clipboard_wayland v0.2.2
2025-11-02T06:26:52.2072543Z [1m[92m   Compiling[0m sctk-adwaita v0.8.3
2025-11-02T06:26:53.5259972Z [1m[92m   Compiling[0m wayland-protocols-plasma v0.2.0
2025-11-02T06:26:54.1106381Z [1m[92m   Compiling[0m iced_runtime v0.12.1
2025-11-02T06:26:54.4941320Z [1m[92m   Compiling[0m clipboard_x11 v0.4.2
2025-11-02T06:26:56.3486871Z [1m[92m   Compiling[0m xkbcommon-dl v0.4.2
2025-11-02T06:26:57.3856232Z [1m[92m   Compiling[0m iced_style v0.12.1
2025-11-02T06:27:00.2674735Z [1m[92m   Compiling[0m window_clipboard v0.4.1
2025-11-02T06:27:00.4516470Z [1m[92m   Compiling[0m iced_renderer v0.12.1
2025-11-02T06:27:01.1030442Z [1m[92m   Compiling[0m iced_widget v0.12.3
2025-11-02T06:27:01.9125569Z [1m[92m   Compiling[0m iced_winit v0.12.2
2025-11-02T06:27:03.2376519Z [1m[92m   Compiling[0m iced v0.12.1
2025-11-02T06:27:15.7850744Z [1m[92m   Compiling[0m winetricks-gui v0.1.0 (/home/runner/work/winetricks/winetricks/winetricks-gui)
2025-11-02T06:27:22.5364550Z [1m[92m    Finished[0m `release` profile [optimized] target(s) in 2m 40s
2025-11-02T06:27:22.5709941Z ##[group]Run ccache -s
2025-11-02T06:27:22.5710201Z [36;1mccache -s[0m
2025-11-02T06:27:22.5742027Z shell: /usr/bin/bash -e {0}
2025-11-02T06:27:22.5742247Z env:
2025-11-02T06:27:22.5742414Z   CARGO_HOME: /home/runner/.cargo
2025-11-02T06:27:22.5742639Z   CARGO_INCREMENTAL: 0
2025-11-02T06:27:22.5742831Z   CARGO_TERM_COLOR: always
2025-11-02T06:27:22.5743022Z   CCACHE_DIR: ~/.ccache
2025-11-02T06:27:22.5743203Z ##[endgroup]
2025-11-02T06:27:22.5819684Z Local storage:
2025-11-02T06:27:22.5820027Z   Cache size (GB): 0.0 / 0.5 ( 0.00%)
2025-11-02T06:27:22.5851092Z ##[group]Run # Get version from workspace Cargo.toml (where version is actually defined)
2025-11-02T06:27:22.5852073Z [36;1m# Get version from workspace Cargo.toml (where version is actually defined)[0m
2025-11-02T06:27:22.5853041Z [36;1mVERSION=$(grep -m1 '^version\s*=' Cargo.toml | cut -d'"' -f2 | tr -d '[:space:]' || echo "0.1.0")[0m
2025-11-02T06:27:22.5853845Z [36;1msed -i "s/^pkgver=.*/pkgver=${VERSION}/" PKGBUILD[0m
2025-11-02T06:27:22.5854435Z [36;1mecho "Updated PKGBUILD pkgver to: ${VERSION}"[0m
2025-11-02T06:27:22.5854730Z [36;1mgrep "^pkgver=" PKGBUILD[0m
2025-11-02T06:27:22.5885558Z shell: /usr/bin/bash -e {0}
2025-11-02T06:27:22.5885783Z env:
2025-11-02T06:27:22.5885959Z   CARGO_HOME: /home/runner/.cargo
2025-11-02T06:27:22.5886190Z   CARGO_INCREMENTAL: 0
2025-11-02T06:27:22.5886384Z   CARGO_TERM_COLOR: always
2025-11-02T06:27:22.5886572Z ##[endgroup]
2025-11-02T06:27:22.5975281Z Updated PKGBUILD pkgver to: 0.1.0
2025-11-02T06:27:22.5986226Z pkgver=0.1.0
2025-11-02T06:27:22.6022587Z ##[group]Run bash .github/scripts/build-arch.sh
2025-11-02T06:27:22.6023196Z [36;1mbash .github/scripts/build-arch.sh[0m
2025-11-02T06:27:22.6069326Z shell: /usr/bin/bash -e {0}
2025-11-02T06:27:22.6069730Z env:
2025-11-02T06:27:22.6070027Z   CARGO_HOME: /home/runner/.cargo
2025-11-02T06:27:22.6070427Z   CARGO_INCREMENTAL: 0
2025-11-02T06:27:22.6070747Z   CARGO_TERM_COLOR: always
2025-11-02T06:27:22.6071089Z ##[endgroup]
2025-11-02T06:27:22.6169963Z Building Arch package for version: 0.1.0
2025-11-02T06:27:22.6449426Z Unable to find image 'archlinux:latest' locally
2025-11-02T06:27:22.9678534Z latest: Pulling from library/archlinux
2025-11-02T06:27:23.0163138Z a59b1e251b85: Pulling fs layer
2025-11-02T06:27:23.0163621Z 849b0775ea0f: Pulling fs layer
2025-11-02T06:27:23.1062744Z 849b0775ea0f: Verifying Checksum
2025-11-02T06:27:23.1063246Z 849b0775ea0f: Download complete
2025-11-02T06:27:23.8644266Z a59b1e251b85: Verifying Checksum
2025-11-02T06:27:23.8645015Z a59b1e251b85: Download complete
2025-11-02T06:27:28.6407846Z a59b1e251b85: Pull complete
2025-11-02T06:27:29.6203172Z 849b0775ea0f: Pull complete
2025-11-02T06:27:29.6238508Z Digest: sha256:c136b06a4f786b84c1cc0d2494fabdf9be8811d15051cd4404deb5c3dc0b2e57
2025-11-02T06:27:29.6248997Z Status: Downloaded newer image for archlinux:latest
2025-11-02T06:27:29.7695707Z :: Synchronizing package databases...
2025-11-02T06:27:31.0017551Z  core downloading...
2025-11-02T06:27:31.0017965Z  extra downloading...
2025-11-02T06:27:31.1778084Z warning: openssl-3.6.0-1 is up to date -- reinstalling
2025-11-02T06:27:31.1778832Z :: There are 2 providers available for cargo:
2025-11-02T06:27:31.1779186Z :: Repository extra
2025-11-02T06:27:31.1779439Z    1) rust  2) rustup
2025-11-02T06:27:31.1779599Z 
2025-11-02T06:27:31.1779719Z Enter a number (default=1): 
2025-11-02T06:27:31.1782174Z :: Starting full system upgrade...
2025-11-02T06:27:31.1790688Z resolving dependencies...
2025-11-02T06:27:31.1821443Z looking for conflicting packages...
2025-11-02T06:27:31.1861865Z 
2025-11-02T06:27:31.1862880Z Package (44)            Old Version   New Version                 Net Change  Download Size
2025-11-02T06:27:31.1863359Z 
2025-11-02T06:27:31.1864358Z core/archlinux-keyring  20251012-1    20251027-3                    0.00 MiB       1.19 MiB
2025-11-02T06:27:31.1865188Z core/audit              4.0.5-1       4.1.2-1                      -0.06 MiB       0.38 MiB
2025-11-02T06:27:31.1865653Z core/autoconf                         2.72-1                        2.22 MiB       0.64 MiB
2025-11-02T06:27:31.1866117Z core/automake                         1.18.1-1                      1.64 MiB       0.62 MiB
2025-11-02T06:27:31.1866496Z core/binutils                         2.45+r29+g2b2e51a31ec7-1     42.74 MiB       7.79 MiB
2025-11-02T06:27:31.1867120Z core/bison                            3.8.2-8                       2.52 MiB       0.75 MiB
2025-11-02T06:27:31.1867446Z core/db5.3                            5.3.28-5                      6.45 MiB       1.18 MiB
2025-11-02T06:27:31.1867827Z core/debugedit                        5.2-1                         0.11 MiB       0.05 MiB
2025-11-02T06:27:31.1868367Z core/device-mapper      2.03.35-1     2.03.36-1                     0.00 MiB       0.28 MiB
2025-11-02T06:27:31.1868915Z core/diffutils                        3.12-2                        1.50 MiB       0.33 MiB
2025-11-02T06:27:31.1869279Z core/fakeroot                         1.37.1.2-1                    0.14 MiB       0.08 MiB
2025-11-02T06:27:31.1869709Z core/filesystem         2025.05.03-1  2025.10.12-1                  0.00 MiB       0.01 MiB
2025-11-02T06:27:31.1870268Z core/flex                             2.6.4-5                       0.93 MiB       0.30 MiB
2025-11-02T06:27:31.1870576Z core/gc                               8.2.10-2                      0.76 MiB       0.23 MiB
2025-11-02T06:27:31.1870976Z core/gcc                              15.2.1+r22+gc4e96a094636-1  208.47 MiB      54.05 MiB
2025-11-02T06:27:31.1871718Z core/glib2              2.86.0-2      2.86.1-1                      0.12 MiB       4.93 MiB
2025-11-02T06:27:31.1872223Z core/gnupg              2.4.8-1       2.4.8-3                       0.20 MiB       2.82 MiB
2025-11-02T06:27:31.1872582Z core/groff                            1.23.0-7                      8.84 MiB       2.26 MiB
2025-11-02T06:27:31.1872942Z core/guile                            3.0.10-1                     54.73 MiB       8.31 MiB
2025-11-02T06:27:31.1873566Z core/jansson                          2.14.1-1                      0.27 MiB       0.09 MiB
2025-11-02T06:27:31.1874199Z core/leancrypto         1.5.1-1       1.6.0-1                       1.04 MiB       1.36 MiB
2025-11-02T06:27:31.1875010Z core/libcap             2.76-1        2.77-1                        0.07 MiB       0.78 MiB
2025-11-02T06:27:31.1875396Z core/libedit                          20250104_3.1-1                0.26 MiB       0.11 MiB
2025-11-02T06:27:31.1875760Z core/libelf             0.193-5       0.194-1                       0.03 MiB       0.62 MiB
2025-11-02T06:27:31.1876107Z core/libisl                           0.27-1                        5.75 MiB       0.87 MiB
2025-11-02T06:27:31.1876428Z core/libmpc                           1.3.1-2                       0.18 MiB       0.08 MiB
2025-11-02T06:27:31.1876800Z core/libnghttp2         1.67.1-1      1.68.0-1                      0.00 MiB       0.09 MiB
2025-11-02T06:27:31.1877190Z core/libtool                          2.6.0-1                       2.33 MiB       0.42 MiB
2025-11-02T06:27:31.1877527Z extra/lld                             21.1.4-1                      6.83 MiB       1.99 MiB
2025-11-02T06:27:31.1877867Z extra/llvm-libs                       21.1.4-1                    150.01 MiB      38.45 MiB
2025-11-02T06:27:31.1878194Z core/m4                               1.4.20-1                      0.70 MiB       0.26 MiB
2025-11-02T06:27:31.1878508Z core/make                             4.4.1-2                       1.67 MiB       0.51 MiB
2025-11-02T06:27:31.1878903Z core/pacman-mirrorlist  20251003-1    20251021-1                    0.00 MiB       0.01 MiB
2025-11-02T06:27:31.1879321Z core/patch                            2.8-1                         0.17 MiB       0.08 MiB
2025-11-02T06:27:31.1879853Z core/pcre2              10.46-1       10.47-1                       0.19 MiB       1.62 MiB
2025-11-02T06:27:31.1880185Z core/perl                             5.42.0-1                     69.88 MiB      20.40 MiB
2025-11-02T06:27:31.1880516Z core/pkgconf                          2.5.1-1                       0.20 MiB       0.07 MiB
2025-11-02T06:27:31.1880845Z core/sudo                             1.9.17.p2-1                   7.83 MiB       1.84 MiB
2025-11-02T06:27:31.1881176Z core/texinfo                          7.2-1                        11.51 MiB       1.99 MiB
2025-11-02T06:27:31.1881503Z core/which                            2.23-1                        0.03 MiB       0.02 MiB
2025-11-02T06:27:31.1881835Z extra/xxhash                          0.8.3-1                       0.39 MiB       0.10 MiB
2025-11-02T06:27:31.1882184Z core/base-devel                       1-2                           0.00 MiB       0.00 MiB
2025-11-02T06:27:31.1882548Z core/openssl            3.6.0-1       3.6.0-1                       0.00 MiB       5.35 MiB
2025-11-02T06:27:31.1882905Z extra/rust                            1:1.90.0-4                  266.52 MiB      67.40 MiB
2025-11-02T06:27:31.1883119Z 
2025-11-02T06:27:31.1883206Z Total Download Size:   230.70 MiB
2025-11-02T06:27:31.1883425Z Total Installed Size:  937.33 MiB
2025-11-02T06:27:31.1883642Z Net Upgrade Size:      857.17 MiB
2025-11-02T06:27:31.1883781Z 
2025-11-02T06:27:31.1883918Z :: Proceed with installation? [Y/n] 
2025-11-02T06:27:31.1884156Z :: Retrieving packages...
2025-11-02T06:27:34.6020823Z  rust-1:1.90.0-4-x86_64 downloading...
2025-11-02T06:27:34.6021355Z  gcc-15.2.1+r22+gc4e96a094636-1-x86_64 downloading...
2025-11-02T06:27:34.6021687Z  llvm-libs-21.1.4-1-x86_64 downloading...
2025-11-02T06:27:34.6022252Z  perl-5.42.0-1-x86_64 downloading...
2025-11-02T06:27:34.6022539Z  guile-3.0.10-1-x86_64 downloading...
2025-11-02T06:27:34.6022854Z  binutils-2.45+r29+g2b2e51a31ec7-1-x86_64 downloading...
2025-11-02T06:27:34.6023183Z  openssl-3.6.0-1-x86_64 downloading...
2025-11-02T06:27:34.6023454Z  glib2-2.86.1-1-x86_64 downloading...
2025-11-02T06:27:34.6023709Z  gnupg-2.4.8-3-x86_64 downloading...
2025-11-02T06:27:34.6023961Z  groff-1.23.0-7-x86_64 downloading...
2025-11-02T06:27:34.6024206Z  lld-21.1.4-1-x86_64 downloading...
2025-11-02T06:27:34.6024456Z  texinfo-7.2-1-x86_64 downloading...
2025-11-02T06:27:34.6024709Z  sudo-1.9.17.p2-1-x86_64 downloading...
2025-11-02T06:27:34.6025284Z  pcre2-10.47-1-x86_64 downloading...
2025-11-02T06:27:34.6025546Z  leancrypto-1.6.0-1-x86_64 downloading...
2025-11-02T06:27:34.6025856Z  archlinux-keyring-20251027-3-any downloading...
2025-11-02T06:27:34.6026149Z  db5.3-5.3.28-5-x86_64 downloading...
2025-11-02T06:27:34.6026397Z  libisl-0.27-1-x86_64 downloading...
2025-11-02T06:27:34.6026646Z  libcap-2.77-1-x86_64 downloading...
2025-11-02T06:27:34.6026894Z  bison-3.8.2-8-x86_64 downloading...
2025-11-02T06:27:34.6027144Z  autoconf-2.72-1-any downloading...
2025-11-02T06:27:34.6027395Z  libelf-0.194-1-x86_64 downloading...
2025-11-02T06:27:34.6027656Z  automake-1.18.1-1-any downloading...
2025-11-02T06:27:34.6027901Z  make-4.4.1-2-x86_64 downloading...
2025-11-02T06:27:34.6028153Z  libtool-2.6.0-1-x86_64 downloading...
2025-11-02T06:27:34.6028405Z  audit-4.1.2-1-x86_64 downloading...
2025-11-02T06:27:34.6028657Z  diffutils-3.12-2-x86_64 downloading...
2025-11-02T06:27:34.6028880Z  flex-2.6.4-5-x86_64 downloading...
2025-11-02T06:27:34.6029120Z  device-mapper-2.03.36-1-x86_64 downloading...
2025-11-02T06:27:34.6029369Z  m4-1.4.20-1-x86_64 downloading...
2025-11-02T06:27:34.6029575Z  gc-8.2.10-2-x86_64 downloading...
2025-11-02T06:27:34.6029800Z  libedit-20250104_3.1-1-x86_64 downloading...
2025-11-02T06:27:34.6030040Z  xxhash-0.8.3-1-x86_64 downloading...
2025-11-02T06:27:34.6030284Z  libnghttp2-1.68.0-1-x86_64 downloading...
2025-11-02T06:27:34.6030528Z  jansson-2.14.1-1-x86_64 downloading...
2025-11-02T06:27:34.6030767Z  patch-2.8-1-x86_64 downloading...
2025-11-02T06:27:34.6030989Z  libmpc-1.3.1-2-x86_64 downloading...
2025-11-02T06:27:34.6031413Z  fakeroot-1.37.1.2-1-x86_64 downloading...
2025-11-02T06:27:34.6031661Z  pkgconf-2.5.1-1-x86_64 downloading...
2025-11-02T06:27:34.6031889Z  debugedit-5.2-1-x86_64 downloading...
2025-11-02T06:27:34.6032134Z  which-2.23-1-x86_64 downloading...
2025-11-02T06:27:34.6032377Z  filesystem-2025.10.12-1-any downloading...
2025-11-02T06:27:34.6032648Z  pacman-mirrorlist-20251021-1-any downloading...
2025-11-02T06:27:34.6032923Z  base-devel-1-2-any downloading...
2025-11-02T06:27:34.6033145Z checking keyring...
2025-11-02T06:27:34.7231505Z checking package integrity...
2025-11-02T06:27:36.0612928Z loading package files...
2025-11-02T06:27:36.1257804Z checking for file conflicts...
2025-11-02T06:27:36.1491496Z :: Processing package changes...
2025-11-02T06:27:36.1491956Z upgrading filesystem...
2025-11-02T06:27:36.1628003Z warning: directory permissions differ on /srv/ftp/
2025-11-02T06:27:36.1628552Z filesystem: 755  package: 555
2025-11-02T06:27:36.1670461Z installing jansson...
2025-11-02T06:27:36.1698651Z reinstalling openssl...
2025-11-02T06:27:36.2623625Z upgrading libnghttp2...
2025-11-02T06:27:36.2671274Z upgrading audit...
2025-11-02T06:27:36.2907291Z New optional dependencies for audit
2025-11-02T06:27:36.2907842Z     audispd-plugins: for audit event dispatcher plugins
2025-11-02T06:27:36.2908474Z     audispd-plugins-zos: for z/OS audit event dispatcher plugin
2025-11-02T06:27:36.2909002Z upgrading libcap...
2025-11-02T06:27:36.3028360Z upgrading libelf...
2025-11-02T06:27:36.3165774Z installing binutils...
2025-11-02T06:27:36.4061318Z Optional dependencies for binutils
2025-11-02T06:27:36.4061896Z     debuginfod: for debuginfod server/client functionality
2025-11-02T06:27:36.4062391Z installing libmpc...
2025-11-02T06:27:36.4073065Z installing libisl...
2025-11-02T06:27:36.4234510Z installing gcc...
2025-11-02T06:27:37.0303631Z Optional dependencies for gcc
2025-11-02T06:27:37.0304142Z     lib32-gcc-libs: for generating code for 32-bit ABI
2025-11-02T06:27:37.0304614Z installing libedit...
2025-11-02T06:27:37.0326116Z installing llvm-libs...
2025-11-02T06:27:37.3733220Z installing lld...
2025-11-02T06:27:37.3926215Z installing rust...
2025-11-02T06:27:37.9736494Z Optional dependencies for rust
2025-11-02T06:27:37.9736934Z     gdb: rust-gdb script
2025-11-02T06:27:37.9737289Z     lldb: rust-lldb script
2025-11-02T06:27:37.9737642Z upgrading leancrypto...
2025-11-02T06:27:37.9987286Z upgrading pcre2...
2025-11-02T06:27:38.0198489Z upgrading glib2...
2025-11-02T06:27:38.1500965Z upgrading gnupg...
2025-11-02T06:27:38.2543962Z upgrading pacman-mirrorlist...
2025-11-02T06:27:38.2559782Z upgrading device-mapper...
2025-11-02T06:27:38.2662224Z upgrading archlinux-keyring...
2025-11-02T06:27:38.4268249Z ==> ERROR: There is no secret key available to sign with.
2025-11-02T06:27:38.4290217Z ==> Use 'pacman-key --init' to generate a default secret key.
2025-11-02T06:27:38.4295554Z error: command failed to execute correctly
2025-11-02T06:27:38.4297212Z installing m4...
2025-11-02T06:27:38.4323969Z installing diffutils...
2025-11-02T06:27:38.4361568Z installing db5.3...
2025-11-02T06:27:38.4525306Z installing perl...
2025-11-02T06:27:38.8388226Z installing autoconf...
2025-11-02T06:27:38.8486011Z installing automake...
2025-11-02T06:27:38.8623790Z installing bison...
2025-11-02T06:27:38.8721407Z installing xxhash...
2025-11-02T06:27:38.8748383Z installing debugedit...
2025-11-02T06:27:38.8759239Z installing fakeroot...
2025-11-02T06:27:38.9637863Z installing flex...
2025-11-02T06:27:38.9677870Z installing groff...
2025-11-02T06:27:39.0357642Z Optional dependencies for groff
2025-11-02T06:27:39.0358385Z     netpbm: for use together with man -H command interaction in browsers
2025-11-02T06:27:39.0358994Z     psutils: for use together with man -H command interaction in browsers
2025-11-02T06:27:39.0359457Z     libxaw: for gxditview
2025-11-02T06:27:39.0359761Z     perl-file-homedir: for use with glilypond
2025-11-02T06:27:39.0360043Z installing libtool...
2025-11-02T06:27:39.0455439Z installing gc...
2025-11-02T06:27:39.0507711Z installing guile...
2025-11-02T06:27:39.2465773Z installing make...
2025-11-02T06:27:39.2503419Z installing patch...
2025-11-02T06:27:39.2515513Z Optional dependencies for patch
2025-11-02T06:27:39.2515914Z     ed: for patch -e functionality
2025-11-02T06:27:39.2516163Z installing pkgconf...
2025-11-02T06:27:39.2558803Z installing sudo...
2025-11-02T06:27:39.2737387Z installing texinfo...
2025-11-02T06:27:39.3534493Z Optional dependencies for texinfo
2025-11-02T06:27:39.3535163Z     perl-archive-zip: EPUB file output via texi2any
2025-11-02T06:27:39.3535635Z installing which...
2025-11-02T06:27:39.3540335Z installing base-devel...
2025-11-02T06:27:40.3935300Z :: Running post-transaction hooks...
2025-11-02T06:27:40.3935873Z (1/9) Creating system user accounts...
2025-11-02T06:27:40.4617018Z (2/9) Reloading system manager configuration...
2025-11-02T06:27:40.5290524Z   Skipped: Current root is not booted.
2025-11-02T06:27:40.5291451Z (3/9) Reloading user manager configuration...
2025-11-02T06:27:40.5962937Z   Skipped: Current root is not booted.
2025-11-02T06:27:40.5963446Z (4/9) Restarting marked services...
2025-11-02T06:27:40.6636793Z   Skipped: Current root is not booted.
2025-11-02T06:27:40.6637744Z (5/9) Applying kernel sysctl settings...
2025-11-02T06:27:40.7308908Z   Skipped: Current root is not booted.
2025-11-02T06:27:40.7309428Z (6/9) Creating temporary files...
2025-11-02T06:27:40.7978911Z /usr/lib/tmpfiles.d/journal-nocow.conf:26: Failed to resolve specifier: uninitialized /etc/ detected, skipping.
2025-11-02T06:27:40.7979888Z All rules containing unresolvable specifiers will be skipped.
2025-11-02T06:27:40.8218225Z (7/9) Reloading device manager configuration...
2025-11-02T06:27:40.8893962Z   Skipped: Current root is not booted.
2025-11-02T06:27:40.8895081Z (8/9) Arming ConditionNeedsUpdate...
2025-11-02T06:27:40.9534345Z (9/9) Checking for old perl modules...
2025-11-02T06:27:43.6963867Z ==> Making package: winetricks 0.1.0-1 (Sun Nov  2 06:27:43 2025)
2025-11-02T06:27:43.7011145Z ==> WARNING: Skipping dependency checks.
2025-11-02T06:27:43.7079196Z ==> Retrieving sources...
2025-11-02T06:27:43.7128825Z ==> WARNING: Skipping all source file integrity checks.
2025-11-02T06:27:43.7154500Z ==> Extracting sources...
2025-11-02T06:27:43.7254975Z ==> Starting build()...
2025-11-02T06:27:43.7282239Z ==> Entering fakeroot environment...
2025-11-02T06:27:44.7373499Z ==> Starting package()...
2025-11-02T06:27:44.7400307Z install: cannot stat 'target/release/winetricks': No such file or directory
2025-11-02T06:27:44.7458755Z ==> ERROR: A failure occurred in package().
2025-11-02T06:27:44.7487464Z     Aborting...
2025-11-02T06:27:44.7508525Z makepkg failed, trying without skipinteg...
2025-11-02T06:27:45.6679046Z ==> Making package: winetricks 0.1.0-1 (Sun Nov  2 06:27:45 2025)
2025-11-02T06:27:45.6727931Z ==> WARNING: Skipping dependency checks.
2025-11-02T06:27:45.6794126Z ==> Retrieving sources...
2025-11-02T06:27:45.6839667Z ==> Extracting sources...
2025-11-02T06:27:45.6867271Z ==> Removing existing $pkgdir/ directory...
2025-11-02T06:27:45.6988337Z ==> Starting build()...
2025-11-02T06:27:45.7017016Z ==> Entering fakeroot environment...
2025-11-02T06:27:46.7131005Z ==> Starting package()...
2025-11-02T06:27:46.7158298Z install: cannot stat 'target/release/winetricks': No such file or directory
2025-11-02T06:27:46.7217721Z ==> ERROR: A failure occurred in package().
2025-11-02T06:27:46.7247024Z     Aborting...
2025-11-02T06:27:46.7496606Z Package search complete
2025-11-02T06:27:46.7519433Z No packages found in /build
2025-11-02T06:27:50.0935824Z Error: Package file not found
2025-11-02T06:27:50.0936312Z Searching for any .pkg.tar files...
2025-11-02T06:27:50.1082614Z 
2025-11-02T06:27:50.1082862Z Listing current directory contents:
2025-11-02T06:27:50.1097408Z total 364
2025-11-02T06:27:50.1097821Z drwxr-xr-x 11 runner runner   4096 Nov  2 06:27 .
2025-11-02T06:27:50.1098342Z drwxr-xr-x  3 runner runner   4096 Nov  2 06:14 ..
2025-11-02T06:27:50.1098854Z drwxr-xr-x  7 runner runner   4096 Nov  2 06:14 .git
2025-11-02T06:27:50.1099826Z drwxr-xr-x  4 runner runner   4096 Nov  2 06:14 .github
2025-11-02T06:27:50.1100400Z -rw-r--r--  1 runner runner    294 Nov  2 06:14 .gitignore
2025-11-02T06:27:50.1100949Z -rw-r--r--  1 runner runner  26530 Nov  2 06:14 COPYING
2025-11-02T06:27:50.1101443Z -rw-r--r--  1 runner runner 146576 Nov  2 06:23 Cargo.lock
2025-11-02T06:27:50.1101909Z -rw-r--r--  1 runner runner   1025 Nov  2 06:14 Cargo.toml
2025-11-02T06:27:50.1102247Z -rw-r--r--  1 runner runner    644 Nov  2 06:27 PKGBUILD
2025-11-02T06:27:50.1102567Z -rw-r--r--  1 runner runner   3105 Nov  2 06:14 README.md
2025-11-02T06:27:50.1102911Z -rw-r--r--  1 runner runner   1283 Nov  2 06:14 RELEASE.md
2025-11-02T06:27:50.1103263Z -rw-r--r--  1 runner runner 130160 Nov  2 06:14 job-logs.txt
2025-11-02T06:27:50.1103622Z drwxr-xr-x  3 runner runner   4096 Nov  2 06:24 target
2025-11-02T06:27:50.1103980Z drwxr-xr-x  3 runner runner   4096 Nov  2 06:14 verbs_metadata
2025-11-02T06:27:50.1104580Z drwxr-xr-x  4 runner runner   4096 Nov  2 06:14 winetricks-cli
2025-11-02T06:27:50.1105403Z drwxr-xr-x  3 runner runner   4096 Nov  2 06:14 winetricks-converter
2025-11-02T06:27:50.1106059Z drwxr-xr-x  3 runner runner   4096 Nov  2 06:14 winetricks-gui
2025-11-02T06:27:50.1106522Z drwxr-xr-x  3 runner runner   4096 Nov  2 06:14 winetricks-lib
2025-11-02T06:27:50.1106867Z drwxr-xr-x  3 runner runner   4096 Nov  2 06:23 ~
2025-11-02T06:27:50.1153386Z ##[group]Run actions/upload-artifact@v4
2025-11-02T06:27:50.1153642Z with:
2025-11-02T06:27:50.1153805Z   name: arch-package
2025-11-02T06:27:50.1154008Z   path: Winetricks.rs-*.pkg.tar.zst
2025-11-02T06:27:50.1154268Z   if-no-files-found: warn
2025-11-02T06:27:50.1154461Z   compression-level: 6
2025-11-02T06:27:50.1154640Z   overwrite: false
2025-11-02T06:27:50.1155071Z   include-hidden-files: false
2025-11-02T06:27:50.1155281Z env:
2025-11-02T06:27:50.1155439Z   CARGO_HOME: /home/runner/.cargo
2025-11-02T06:27:50.1155654Z   CARGO_INCREMENTAL: 0
2025-11-02T06:27:50.1155843Z   CARGO_TERM_COLOR: always
2025-11-02T06:27:50.1156029Z ##[endgroup]
2025-11-02T06:27:50.3335165Z ##[warning]No files were found with the provided path: Winetricks.rs-*.pkg.tar.zst. No artifacts will be uploaded.
2025-11-02T06:27:50.7404708Z Post job cleanup.
2025-11-02T06:27:50.8778440Z [warning]Path Validation Error: Path(s) specified in the action for caching do(es) not exist, hence no cache is being saved.
2025-11-02T06:27:50.8871979Z Post job cleanup.
2025-11-02T06:27:50.9810457Z [command]/usr/bin/git version
2025-11-02T06:27:50.9847305Z git version 2.51.2
2025-11-02T06:27:50.9890925Z Temporarily overriding HOME='/home/runner/work/_temp/30c544e5-7e5c-4a99-8173-61fd649d862e' before making global git config changes
2025-11-02T06:27:50.9891779Z Adding repository directory to the temporary git global config as a safe directory
2025-11-02T06:27:50.9896628Z [command]/usr/bin/git config --global --add safe.directory /home/runner/work/winetricks/winetricks
2025-11-02T06:27:50.9943429Z [command]/usr/bin/git config --local --name-only --get-regexp core\.sshCommand
2025-11-02T06:27:50.9982959Z [command]/usr/bin/git submodule foreach --recursive sh -c "git config --local --name-only --get-regexp 'core\.sshCommand' && git config --local --unset-all 'core.sshCommand' || :"
2025-11-02T06:27:51.0244039Z [command]/usr/bin/git config --local --name-only --get-regexp http\.https\:\/\/github\.com\/\.extraheader
2025-11-02T06:27:51.0269940Z http.https://github.com/.extraheader
2025-11-02T06:27:51.0286796Z [command]/usr/bin/git config --local --unset-all http.https://github.com/.extraheader
2025-11-02T06:27:51.0322963Z [command]/usr/bin/git submodule foreach --recursive sh -c "git config --local --name-only --get-regexp 'http\.https\:\/\/github\.com\/\.extraheader' && git config --local --unset-all 'http.https://github.com/.extraheader' || :"
2025-11-02T06:27:51.0704435Z Cleaning up orphan processes
