2025-11-02T05:54:08.5157116Z Current runner version: '2.329.0'
2025-11-02T05:54:08.5179326Z ##[group]Runner Image Provisioner
2025-11-02T05:54:08.5180234Z Hosted Compute Agent
2025-11-02T05:54:08.5180755Z Version: 20251016.436
2025-11-02T05:54:08.5181343Z Commit: 8ab8ac8bfd662a3739dab9fe09456aba92132568
2025-11-02T05:54:08.5181970Z Build Date: 2025-10-15T20:44:12Z
2025-11-02T05:54:08.5182637Z ##[endgroup]
2025-11-02T05:54:08.5183147Z ##[group]Operating System
2025-11-02T05:54:08.5183682Z Ubuntu
2025-11-02T05:54:08.5184208Z 24.04.3
2025-11-02T05:54:08.5184625Z LTS
2025-11-02T05:54:08.5185056Z ##[endgroup]
2025-11-02T05:54:08.5185573Z ##[group]Runner Image
2025-11-02T05:54:08.5186311Z Image: ubuntu-24.04
2025-11-02T05:54:08.5186778Z Version: 20251030.96.2
2025-11-02T05:54:08.5187819Z Included Software: https://github.com/actions/runner-images/blob/ubuntu24/20251030.96/images/ubuntu/Ubuntu2404-Readme.md
2025-11-02T05:54:08.5189278Z Image Release: https://github.com/actions/runner-images/releases/tag/ubuntu24%2F20251030.96
2025-11-02T05:54:08.5190301Z ##[endgroup]
2025-11-02T05:54:08.5192902Z ##[group]GITHUB_TOKEN Permissions
2025-11-02T05:54:08.5194935Z Actions: write
2025-11-02T05:54:08.5195449Z Attestations: write
2025-11-02T05:54:08.5196261Z Checks: write
2025-11-02T05:54:08.5196761Z Contents: write
2025-11-02T05:54:08.5197307Z Deployments: write
2025-11-02T05:54:08.5197769Z Discussions: write
2025-11-02T05:54:08.5198283Z Issues: write
2025-11-02T05:54:08.5198735Z Metadata: read
2025-11-02T05:54:08.5199213Z Models: read
2025-11-02T05:54:08.5199724Z Packages: write
2025-11-02T05:54:08.5200231Z Pages: write
2025-11-02T05:54:08.5200715Z PullRequests: write
2025-11-02T05:54:08.5201181Z RepositoryProjects: write
2025-11-02T05:54:08.5201795Z SecurityEvents: write
2025-11-02T05:54:08.5202381Z Statuses: write
2025-11-02T05:54:08.5203239Z ##[endgroup]
2025-11-02T05:54:08.5205309Z Secret source: Actions
2025-11-02T05:54:08.5206364Z Prepare workflow directory
2025-11-02T05:54:08.5515469Z Prepare all required actions
2025-11-02T05:54:08.5552335Z Getting action download info
2025-11-02T05:54:08.9562145Z Download action repository 'actions/checkout@v4' (SHA:08eba0b27e820071cde6df949e0beb9ba4906955)
2025-11-02T05:54:09.1544455Z Download action repository 'dtolnay/rust-toolchain@stable' (SHA:5d458579430fc14a04a08a1e7d3694f545e91ce6)
2025-11-02T05:54:09.3362330Z Download action repository 'actions/cache@v4' (SHA:0057852bfaa89a56745cba8c7296529d2fc39830)
2025-11-02T05:54:09.4797098Z Download action repository 'actions/upload-artifact@v4' (SHA:ea165f8d65b6e75b540449e92b4886f43607fa02)
2025-11-02T05:54:09.7309551Z Complete job name: Build Arch Package
2025-11-02T05:54:09.8090558Z ##[group]Run actions/checkout@v4
2025-11-02T05:54:09.8091795Z with:
2025-11-02T05:54:09.8092535Z   repository: ryzendew/winetricks
2025-11-02T05:54:09.8093715Z   token: ***
2025-11-02T05:54:09.8094432Z   ssh-strict: true
2025-11-02T05:54:09.8095184Z   ssh-user: git
2025-11-02T05:54:09.8096119Z   persist-credentials: true
2025-11-02T05:54:09.8096978Z   clean: true
2025-11-02T05:54:09.8097765Z   sparse-checkout-cone-mode: true
2025-11-02T05:54:09.8098690Z   fetch-depth: 1
2025-11-02T05:54:09.8099438Z   fetch-tags: false
2025-11-02T05:54:09.8100244Z   show-progress: true
2025-11-02T05:54:09.8101008Z   lfs: false
2025-11-02T05:54:09.8101705Z   submodules: false
2025-11-02T05:54:09.8102488Z   set-safe-directory: true
2025-11-02T05:54:09.8103582Z ##[endgroup]
2025-11-02T05:54:09.9205458Z Syncing repository: ryzendew/winetricks
2025-11-02T05:54:09.9208477Z ##[group]Getting Git version info
2025-11-02T05:54:09.9209899Z Working directory is '/home/runner/work/winetricks/winetricks'
2025-11-02T05:54:09.9211780Z [command]/usr/bin/git version
2025-11-02T05:54:09.9252323Z git version 2.51.2
2025-11-02T05:54:09.9279565Z ##[endgroup]
2025-11-02T05:54:09.9295020Z Temporarily overriding HOME='/home/runner/work/_temp/e193b376-a74d-4189-9319-ed44385351b9' before making global git config changes
2025-11-02T05:54:09.9300000Z Adding repository directory to the temporary git global config as a safe directory
2025-11-02T05:54:09.9308845Z [command]/usr/bin/git config --global --add safe.directory /home/runner/work/winetricks/winetricks
2025-11-02T05:54:09.9345256Z Deleting the contents of '/home/runner/work/winetricks/winetricks'
2025-11-02T05:54:09.9349106Z ##[group]Initializing the repository
2025-11-02T05:54:09.9353653Z [command]/usr/bin/git init /home/runner/work/winetricks/winetricks
2025-11-02T05:54:09.9484490Z hint: Using 'master' as the name for the initial branch. This default branch name
2025-11-02T05:54:09.9487901Z hint: is subject to change. To configure the initial branch name to use in all
2025-11-02T05:54:09.9490440Z hint: of your new repositories, which will suppress this warning, call:
2025-11-02T05:54:09.9491718Z hint:
2025-11-02T05:54:09.9492583Z hint: 	git config --global init.defaultBranch <name>
2025-11-02T05:54:09.9494058Z hint:
2025-11-02T05:54:09.9495313Z hint: Names commonly chosen instead of 'master' are 'main', 'trunk' and
2025-11-02T05:54:09.9497417Z hint: 'development'. The just-created branch can be renamed via this command:
2025-11-02T05:54:09.9499061Z hint:
2025-11-02T05:54:09.9500228Z hint: 	git branch -m <name>
2025-11-02T05:54:09.9501590Z hint:
2025-11-02T05:54:09.9502931Z hint: Disable this message with "git config set advice.defaultBranchName false"
2025-11-02T05:54:09.9504791Z Initialized empty Git repository in /home/runner/work/winetricks/winetricks/.git/
2025-11-02T05:54:09.9508066Z [command]/usr/bin/git remote add origin https://github.com/ryzendew/winetricks
2025-11-02T05:54:09.9539138Z ##[endgroup]
2025-11-02T05:54:09.9540640Z ##[group]Disabling automatic garbage collection
2025-11-02T05:54:09.9542648Z [command]/usr/bin/git config --local gc.auto 0
2025-11-02T05:54:09.9570053Z ##[endgroup]
2025-11-02T05:54:09.9571501Z ##[group]Setting up auth
2025-11-02T05:54:09.9574887Z [command]/usr/bin/git config --local --name-only --get-regexp core\.sshCommand
2025-11-02T05:54:09.9604475Z [command]/usr/bin/git submodule foreach --recursive sh -c "git config --local --name-only --get-regexp 'core\.sshCommand' && git config --local --unset-all 'core.sshCommand' || :"
2025-11-02T05:54:09.9937537Z [command]/usr/bin/git config --local --name-only --get-regexp http\.https\:\/\/github\.com\/\.extraheader
2025-11-02T05:54:09.9965649Z [command]/usr/bin/git submodule foreach --recursive sh -c "git config --local --name-only --get-regexp 'http\.https\:\/\/github\.com\/\.extraheader' && git config --local --unset-all 'http.https://github.com/.extraheader' || :"
2025-11-02T05:54:10.0184752Z [command]/usr/bin/git config --local http.https://github.com/.extraheader AUTHORIZATION: basic ***
2025-11-02T05:54:10.0217391Z ##[endgroup]
2025-11-02T05:54:10.0218747Z ##[group]Fetching the repository
2025-11-02T05:54:10.0233542Z [command]/usr/bin/git -c protocol.version=2 fetch --no-tags --prune --no-recurse-submodules --depth=1 origin +b78dec11d554b9547b81d8b4d08d015c01ea9cc8:refs/remotes/origin/master
2025-11-02T05:54:10.2165103Z From https://github.com/ryzendew/winetricks
2025-11-02T05:54:10.2169124Z  * [new ref]         b78dec11d554b9547b81d8b4d08d015c01ea9cc8 -> origin/master
2025-11-02T05:54:10.2197821Z ##[endgroup]
2025-11-02T05:54:10.2200009Z ##[group]Determining the checkout info
2025-11-02T05:54:10.2202381Z ##[endgroup]
2025-11-02T05:54:10.2204957Z [command]/usr/bin/git sparse-checkout disable
2025-11-02T05:54:10.2246006Z [command]/usr/bin/git config --local --unset-all extensions.worktreeConfig
2025-11-02T05:54:10.2274656Z ##[group]Checking out the ref
2025-11-02T05:54:10.2278097Z [command]/usr/bin/git checkout --progress --force -B master refs/remotes/origin/master
2025-11-02T05:54:10.2370382Z Reset branch 'master'
2025-11-02T05:54:10.2373214Z branch 'master' set up to track 'origin/master'.
2025-11-02T05:54:10.2380389Z ##[endgroup]
2025-11-02T05:54:10.2412363Z [command]/usr/bin/git log -1 --format=%H
2025-11-02T05:54:10.2433506Z b78dec11d554b9547b81d8b4d08d015c01ea9cc8
2025-11-02T05:54:10.2860930Z ##[group]Run dtolnay/rust-toolchain@stable
2025-11-02T05:54:10.2861919Z with:
2025-11-02T05:54:10.2862569Z   toolchain: stable
2025-11-02T05:54:10.2863496Z ##[endgroup]
2025-11-02T05:54:10.3010019Z ##[group]Run : parse toolchain version
2025-11-02T05:54:10.3011071Z [36;1m: parse toolchain version[0m
2025-11-02T05:54:10.3012004Z [36;1mif [[ -z $toolchain ]]; then[0m
2025-11-02T05:54:10.3013602Z [36;1m  # GitHub does not enforce `required: true` inputs itself. https://github.com/actions/runner/issues/1070[0m
2025-11-02T05:54:10.3015305Z [36;1m  echo "'toolchain' is a required input" >&2[0m
2025-11-02T05:54:10.3016442Z [36;1m  exit 1[0m
2025-11-02T05:54:10.3017488Z [36;1melif [[ $toolchain =~ ^stable' '[0-9]+' '(year|month|week|day)s?' 'ago$ ]]; then[0m
2025-11-02T05:54:10.3018795Z [36;1m  if [[ Linux == macOS ]]; then[0m
2025-11-02T05:54:10.3020401Z [36;1m    echo "toolchain=1.$((($(date -v-$(sed 's/stable \([0-9]*\) \(.\).*/\1\2/' <<< $toolchain) +%s)/60/60/24-16569)/7/6))" >> $GITHUB_OUTPUT[0m
2025-11-02T05:54:10.3021950Z [36;1m  else[0m
2025-11-02T05:54:10.3023205Z [36;1m    echo "toolchain=1.$((($(date --date "${toolchain#stable }" +%s)/60/60/24-16569)/7/6))" >> $GITHUB_OUTPUT[0m
2025-11-02T05:54:10.3024652Z [36;1m  fi[0m
2025-11-02T05:54:10.3025612Z [36;1melif [[ $toolchain =~ ^stable' 'minus' '[0-9]+' 'releases?$ ]]; then[0m
2025-11-02T05:54:10.3027377Z [36;1m  echo "toolchain=1.$((($(date +%s)/60/60/24-16569)/7/6-${toolchain//[^0-9]/}))" >> $GITHUB_OUTPUT[0m
2025-11-02T05:54:10.3028837Z [36;1melif [[ $toolchain =~ ^1\.[0-9]+$ ]]; then[0m
2025-11-02T05:54:10.3030459Z [36;1m  echo "toolchain=1.$((i=${toolchain#1.}, c=($(date +%s)/60/60/24-16569)/7/6, i+9*i*(10*i<=c)+90*i*(100*i<=c)))" >> $GITHUB_OUTPUT[0m
2025-11-02T05:54:10.3031996Z [36;1melse[0m
2025-11-02T05:54:10.3032798Z [36;1m  echo "toolchain=$toolchain" >> $GITHUB_OUTPUT[0m
2025-11-02T05:54:10.3033841Z [36;1mfi[0m
2025-11-02T05:54:10.3071144Z shell: /usr/bin/bash --noprofile --norc -e -o pipefail {0}
2025-11-02T05:54:10.3072258Z env:
2025-11-02T05:54:10.3072894Z   toolchain: stable
2025-11-02T05:54:10.3137156Z ##[endgroup]
2025-11-02T05:54:10.3300980Z ##[group]Run : construct rustup command line
2025-11-02T05:54:10.3302030Z [36;1m: construct rustup command line[0m
2025-11-02T05:54:10.3303436Z [36;1mecho "targets=$(for t in ${targets//,/ }; do echo -n ' --target' $t; done)" >> $GITHUB_OUTPUT[0m
2025-11-02T05:54:10.3305382Z [36;1mecho "components=$(for c in ${components//,/ }; do echo -n ' --component' $c; done)" >> $GITHUB_OUTPUT[0m
2025-11-02T05:54:10.3307169Z [36;1mecho "downgrade=" >> $GITHUB_OUTPUT[0m
2025-11-02T05:54:10.3337951Z shell: /usr/bin/bash --noprofile --norc -e -o pipefail {0}
2025-11-02T05:54:10.3339033Z env:
2025-11-02T05:54:10.3339646Z   targets: 
2025-11-02T05:54:10.3340294Z   components: 
2025-11-02T05:54:10.3340966Z ##[endgroup]
2025-11-02T05:54:10.3442073Z ##[group]Run : set $CARGO_HOME
2025-11-02T05:54:10.3442928Z [36;1m: set $CARGO_HOME[0m
2025-11-02T05:54:10.3444031Z [36;1mecho CARGO_HOME=${CARGO_HOME:-"$HOME/.cargo"} >> $GITHUB_ENV[0m
2025-11-02T05:54:10.3474766Z shell: /usr/bin/bash --noprofile --norc -e -o pipefail {0}
2025-11-02T05:54:10.3476049Z ##[endgroup]
2025-11-02T05:54:10.3578020Z ##[group]Run : install rustup if needed
2025-11-02T05:54:10.3579015Z [36;1m: install rustup if needed[0m
2025-11-02T05:54:10.3580004Z [36;1mif ! command -v rustup &>/dev/null; then[0m
2025-11-02T05:54:10.3582243Z [36;1m  curl --proto '=https' --tlsv1.2 --retry 10 --retry-connrefused --location --silent --show-error --fail https://sh.rustup.rs | sh -s -- --default-toolchain none -y[0m
2025-11-02T05:54:10.3584475Z [36;1m  echo "$CARGO_HOME/bin" >> $GITHUB_PATH[0m
2025-11-02T05:54:10.3585414Z [36;1mfi[0m
2025-11-02T05:54:10.3615337Z shell: /usr/bin/bash --noprofile --norc -e -o pipefail {0}
2025-11-02T05:54:10.3616691Z env:
2025-11-02T05:54:10.3617397Z   CARGO_HOME: /home/runner/.cargo
2025-11-02T05:54:10.3618265Z ##[endgroup]
2025-11-02T05:54:10.3721528Z ##[group]Run rustup toolchain install stable --profile minimal --no-self-update
2025-11-02T05:54:10.3723235Z [36;1mrustup toolchain install stable --profile minimal --no-self-update[0m
2025-11-02T05:54:10.3754268Z shell: /usr/bin/bash --noprofile --norc -e -o pipefail {0}
2025-11-02T05:54:10.3755350Z env:
2025-11-02T05:54:10.3756187Z   CARGO_HOME: /home/runner/.cargo
2025-11-02T05:54:10.3757038Z ##[endgroup]
2025-11-02T05:54:10.7159856Z info: syncing channel updates for 'stable-x86_64-unknown-linux-gnu'
2025-11-02T05:54:11.0009745Z info: latest update on 2025-10-30, rust version 1.91.0 (f8297e351 2025-10-28)
2025-11-02T05:54:11.0358288Z info: downloading component 'clippy'
2025-11-02T05:54:11.1554906Z info: downloading component 'rustfmt'
2025-11-02T05:54:11.2488222Z info: downloading component 'cargo'
2025-11-02T05:54:11.4149199Z info: downloading component 'rust-std'
2025-11-02T05:54:11.7308679Z info: downloading component 'rustc'
2025-11-02T05:54:12.4291223Z info: removing previous version of component 'clippy'
2025-11-02T05:54:12.4440225Z info: removing previous version of component 'rustfmt'
2025-11-02T05:54:12.4502667Z info: removing previous version of component 'cargo'
2025-11-02T05:54:12.4788840Z info: removing previous version of component 'rust-std'
2025-11-02T05:54:12.4897336Z info: removing previous version of component 'rustc'
2025-11-02T05:54:12.5154216Z info: installing component 'clippy'
2025-11-02T05:54:12.8880106Z info: installing component 'rustfmt'
2025-11-02T05:54:13.1217481Z info: installing component 'cargo'
2025-11-02T05:54:13.8116144Z info: installing component 'rust-std'
2025-11-02T05:54:15.6949223Z info: installing component 'rustc'
2025-11-02T05:54:20.2656240Z 
2025-11-02T05:54:20.2755659Z   stable-x86_64-unknown-linux-gnu updated - rustc 1.91.0 (f8297e351 2025-10-28) (from rustc 1.90.0 (1159e78c4 2025-09-14))
2025-11-02T05:54:20.2756633Z 
2025-11-02T05:54:20.2818096Z ##[group]Run rustup default stable
2025-11-02T05:54:20.2818409Z [36;1mrustup default stable[0m
2025-11-02T05:54:20.2853073Z shell: /usr/bin/bash --noprofile --norc -e -o pipefail {0}
2025-11-02T05:54:20.2853398Z env:
2025-11-02T05:54:20.2853606Z   CARGO_HOME: /home/runner/.cargo
2025-11-02T05:54:20.2853847Z ##[endgroup]
2025-11-02T05:54:20.2958033Z info: using existing install for 'stable-x86_64-unknown-linux-gnu'
2025-11-02T05:54:20.3319523Z info: default toolchain set to 'stable-x86_64-unknown-linux-gnu'
2025-11-02T05:54:20.3319991Z 
2025-11-02T05:54:20.3408431Z   stable-x86_64-unknown-linux-gnu unchanged - rustc 1.91.0 (f8297e351 2025-10-28)
2025-11-02T05:54:20.3408924Z 
2025-11-02T05:54:20.3454856Z ##[group]Run : create cachekey
2025-11-02T05:54:20.3455132Z [36;1m: create cachekey[0m
2025-11-02T05:54:20.3455578Z [36;1mDATE=$(rustc +stable --version --verbose | sed -ne 's/^commit-date: \(20[0-9][0-9]\)-\([01][0-9]\)-\([0-3][0-9]\)$/\1\2\3/p')[0m
2025-11-02T05:54:20.3456449Z [36;1mHASH=$(rustc +stable --version --verbose | sed -ne 's/^commit-hash: //p')[0m
2025-11-02T05:54:20.3456972Z [36;1mecho "cachekey=$(echo $DATE$HASH | head -c12)" >> $GITHUB_OUTPUT[0m
2025-11-02T05:54:20.3491895Z shell: /usr/bin/bash --noprofile --norc -e -o pipefail {0}
2025-11-02T05:54:20.3492232Z env:
2025-11-02T05:54:20.3492425Z   CARGO_HOME: /home/runner/.cargo
2025-11-02T05:54:20.3492654Z ##[endgroup]
2025-11-02T05:54:20.3885614Z ##[group]Run : disable incremental compilation
2025-11-02T05:54:20.3886503Z [36;1m: disable incremental compilation[0m
2025-11-02T05:54:20.3886810Z [36;1mif [ -z "${CARGO_INCREMENTAL+set}" ]; then[0m
2025-11-02T05:54:20.3887114Z [36;1m  echo CARGO_INCREMENTAL=0 >> $GITHUB_ENV[0m
2025-11-02T05:54:20.3887368Z [36;1mfi[0m
2025-11-02T05:54:20.3921568Z shell: /usr/bin/bash --noprofile --norc -e -o pipefail {0}
2025-11-02T05:54:20.3921896Z env:
2025-11-02T05:54:20.3922078Z   CARGO_HOME: /home/runner/.cargo
2025-11-02T05:54:20.3922310Z ##[endgroup]
2025-11-02T05:54:20.3992701Z ##[group]Run : enable colors in Cargo output
2025-11-02T05:54:20.3993000Z [36;1m: enable colors in Cargo output[0m
2025-11-02T05:54:20.3993519Z [36;1mif [ -z "${CARGO_TERM_COLOR+set}" ]; then[0m
2025-11-02T05:54:20.3993845Z [36;1m  echo CARGO_TERM_COLOR=always >> $GITHUB_ENV[0m
2025-11-02T05:54:20.3994254Z [36;1mfi[0m
2025-11-02T05:54:20.4026865Z shell: /usr/bin/bash --noprofile --norc -e -o pipefail {0}
2025-11-02T05:54:20.4027180Z env:
2025-11-02T05:54:20.4027365Z   CARGO_HOME: /home/runner/.cargo
2025-11-02T05:54:20.4027596Z   CARGO_INCREMENTAL: 0
2025-11-02T05:54:20.4027791Z ##[endgroup]
2025-11-02T05:54:20.4099170Z ##[group]Run : enable Cargo sparse registry
2025-11-02T05:54:20.4099479Z [36;1m: enable Cargo sparse registry[0m
2025-11-02T05:54:20.4099829Z [36;1m# implemented in 1.66, stabilized in 1.68, made default in 1.70[0m
2025-11-02T05:54:20.4100449Z [36;1mif [ -z "${CARGO_REGISTRIES_CRATES_IO_PROTOCOL+set}" -o -f "/home/runner/work/_temp"/.implicit_cargo_registries_crates_io_protocol ]; then[0m
2025-11-02T05:54:20.4101082Z [36;1m  if rustc +stable --version --verbose | grep -q '^release: 1\.6[89]\.'; then[0m
2025-11-02T05:54:20.4101596Z [36;1m    touch "/home/runner/work/_temp"/.implicit_cargo_registries_crates_io_protocol || true[0m
2025-11-02T05:54:20.4102067Z [36;1m    echo CARGO_REGISTRIES_CRATES_IO_PROTOCOL=sparse >> $GITHUB_ENV[0m
2025-11-02T05:54:20.4102520Z [36;1m  elif rustc +stable --version --verbose | grep -q '^release: 1\.6[67]\.'; then[0m
2025-11-02T05:54:20.4103014Z [36;1m    touch "/home/runner/work/_temp"/.implicit_cargo_registries_crates_io_protocol || true[0m
2025-11-02T05:54:20.4103478Z [36;1m    echo CARGO_REGISTRIES_CRATES_IO_PROTOCOL=git >> $GITHUB_ENV[0m
2025-11-02T05:54:20.4103789Z [36;1m  fi[0m
2025-11-02T05:54:20.4103961Z [36;1mfi[0m
2025-11-02T05:54:20.4136957Z shell: /usr/bin/bash --noprofile --norc -e -o pipefail {0}
2025-11-02T05:54:20.4137261Z env:
2025-11-02T05:54:20.4137450Z   CARGO_HOME: /home/runner/.cargo
2025-11-02T05:54:20.4137694Z   CARGO_INCREMENTAL: 0
2025-11-02T05:54:20.4137895Z   CARGO_TERM_COLOR: always
2025-11-02T05:54:20.4138099Z ##[endgroup]
2025-11-02T05:54:20.4502226Z ##[group]Run : work around spurious network errors in curl 8.0
2025-11-02T05:54:20.4502668Z [36;1m: work around spurious network errors in curl 8.0[0m
2025-11-02T05:54:20.4503373Z [36;1m# https://rust-lang.zulipchat.com/#narrow/stream/246057-t-cargo/topic/timeout.20investigation[0m
2025-11-02T05:54:20.4503938Z [36;1mif rustc +stable --version --verbose | grep -q '^release: 1\.7[01]\.'; then[0m
2025-11-02T05:54:20.4504358Z [36;1m  echo CARGO_HTTP_MULTIPLEXING=false >> $GITHUB_ENV[0m
2025-11-02T05:54:20.4504649Z [36;1mfi[0m
2025-11-02T05:54:20.4541440Z shell: /usr/bin/bash --noprofile --norc -e -o pipefail {0}
2025-11-02T05:54:20.4541767Z env:
2025-11-02T05:54:20.4541961Z   CARGO_HOME: /home/runner/.cargo
2025-11-02T05:54:20.4542318Z   CARGO_INCREMENTAL: 0
2025-11-02T05:54:20.4542557Z   CARGO_TERM_COLOR: always
2025-11-02T05:54:20.4542772Z ##[endgroup]
2025-11-02T05:54:20.4761316Z ##[group]Run rustc +stable --version --verbose
2025-11-02T05:54:20.4761663Z [36;1mrustc +stable --version --verbose[0m
2025-11-02T05:54:20.4798445Z shell: /usr/bin/bash --noprofile --norc -e -o pipefail {0}
2025-11-02T05:54:20.4798760Z env:
2025-11-02T05:54:20.4798961Z   CARGO_HOME: /home/runner/.cargo
2025-11-02T05:54:20.4799201Z   CARGO_INCREMENTAL: 0
2025-11-02T05:54:20.4799412Z   CARGO_TERM_COLOR: always
2025-11-02T05:54:20.4799626Z ##[endgroup]
2025-11-02T05:54:20.4973603Z rustc 1.91.0 (f8297e351 2025-10-28)
2025-11-02T05:54:20.4974325Z binary: rustc
2025-11-02T05:54:20.4974799Z commit-hash: f8297e351a40c1439a467bbbb6879088047f50b3
2025-11-02T05:54:20.4975436Z commit-date: 2025-10-28
2025-11-02T05:54:20.4976187Z host: x86_64-unknown-linux-gnu
2025-11-02T05:54:20.4976500Z release: 1.91.0
2025-11-02T05:54:20.4976771Z LLVM version: 21.1.2
2025-11-02T05:54:20.5071657Z ##[group]Run sudo apt-get update
2025-11-02T05:54:20.5071969Z [36;1msudo apt-get update[0m
2025-11-02T05:54:20.5072204Z [36;1msudo apt-get install -y \[0m
2025-11-02T05:54:20.5072451Z [36;1m  build-essential \[0m
2025-11-02T05:54:20.5072665Z [36;1m  libssl-dev \[0m
2025-11-02T05:54:20.5072874Z [36;1m  pkg-config \[0m
2025-11-02T05:54:20.5073068Z [36;1m  ccache[0m
2025-11-02T05:54:20.5073520Z [36;1m# Install Docker (avoid conflicts with existing containerd)[0m
2025-11-02T05:54:20.5073872Z [36;1msudo apt-get install -y docker.io || \[0m
2025-11-02T05:54:20.5074238Z [36;1m  (sudo apt-get remove -y containerd.io 2>/dev/null || true; \[0m
2025-11-02T05:54:20.5074589Z [36;1m   sudo apt-get install -y docker.io)[0m
2025-11-02T05:54:20.5074866Z [36;1msudo systemctl start docker || true[0m
2025-11-02T05:54:20.5075123Z [36;1m# Verify Docker works[0m
2025-11-02T05:54:20.5075407Z [36;1msudo docker ps || echo "Docker verification skipped"[0m
2025-11-02T05:54:20.5111894Z shell: /usr/bin/bash -e {0}
2025-11-02T05:54:20.5112126Z env:
2025-11-02T05:54:20.5112314Z   CARGO_HOME: /home/runner/.cargo
2025-11-02T05:54:20.5112553Z   CARGO_INCREMENTAL: 0
2025-11-02T05:54:20.5112761Z   CARGO_TERM_COLOR: always
2025-11-02T05:54:20.5112961Z ##[endgroup]
2025-11-02T05:54:20.6454976Z Get:1 file:/etc/apt/apt-mirrors.txt Mirrorlist [144 B]
2025-11-02T05:54:20.6923037Z Hit:2 http://azure.archive.ubuntu.com/ubuntu noble InRelease
2025-11-02T05:54:20.6928008Z Hit:6 https://packages.microsoft.com/repos/azure-cli noble InRelease
2025-11-02T05:54:20.6932192Z Get:7 https://packages.microsoft.com/ubuntu/24.04/prod noble InRelease [3600 B]
2025-11-02T05:54:20.6979332Z Get:3 http://azure.archive.ubuntu.com/ubuntu noble-updates InRelease [126 kB]
2025-11-02T05:54:20.7032385Z Get:4 http://azure.archive.ubuntu.com/ubuntu noble-backports InRelease [126 kB]
2025-11-02T05:54:20.7074571Z Get:5 http://azure.archive.ubuntu.com/ubuntu noble-security InRelease [126 kB]
2025-11-02T05:54:20.8999888Z Get:8 https://packages.microsoft.com/ubuntu/24.04/prod noble/main arm64 Packages [48.8 kB]
2025-11-02T05:54:20.9190409Z Get:9 https://packages.microsoft.com/ubuntu/24.04/prod noble/main amd64 Packages [66.4 kB]
2025-11-02T05:54:20.9213482Z Get:10 https://packages.microsoft.com/ubuntu/24.04/prod noble/main armhf Packages [11.1 kB]
2025-11-02T05:54:20.9492458Z Get:11 http://azure.archive.ubuntu.com/ubuntu noble-updates/main amd64 Packages [1573 kB]
2025-11-02T05:54:20.9592050Z Get:12 http://azure.archive.ubuntu.com/ubuntu noble-updates/main Translation-en [297 kB]
2025-11-02T05:54:20.9618621Z Get:13 http://azure.archive.ubuntu.com/ubuntu noble-updates/main amd64 Components [175 kB]
2025-11-02T05:54:20.9642805Z Get:14 http://azure.archive.ubuntu.com/ubuntu noble-updates/main amd64 c-n-f Metadata [15.4 kB]
2025-11-02T05:54:20.9650660Z Get:15 http://azure.archive.ubuntu.com/ubuntu noble-updates/universe amd64 Packages [1498 kB]
2025-11-02T05:54:20.9736594Z Get:16 http://azure.archive.ubuntu.com/ubuntu noble-updates/universe Translation-en [303 kB]
2025-11-02T05:54:20.9766754Z Get:17 http://azure.archive.ubuntu.com/ubuntu noble-updates/universe amd64 Components [378 kB]
2025-11-02T05:54:20.9800975Z Get:18 http://azure.archive.ubuntu.com/ubuntu noble-updates/universe amd64 c-n-f Metadata [31.4 kB]
2025-11-02T05:54:20.9814298Z Get:19 http://azure.archive.ubuntu.com/ubuntu noble-updates/restricted amd64 Packages [2226 kB]
2025-11-02T05:54:20.9939055Z Get:20 http://azure.archive.ubuntu.com/ubuntu noble-updates/restricted Translation-en [505 kB]
2025-11-02T05:54:21.0478747Z Get:21 http://azure.archive.ubuntu.com/ubuntu noble-updates/restricted amd64 Components [212 B]
2025-11-02T05:54:21.0491926Z Get:22 http://azure.archive.ubuntu.com/ubuntu noble-updates/multiverse amd64 Components [940 B]
2025-11-02T05:54:21.0493033Z Get:23 http://azure.archive.ubuntu.com/ubuntu noble-backports/main amd64 Components [7160 B]
2025-11-02T05:54:21.0498500Z Get:24 http://azure.archive.ubuntu.com/ubuntu noble-backports/universe amd64 Components [11.0 kB]
2025-11-02T05:54:21.0516970Z Get:25 http://azure.archive.ubuntu.com/ubuntu noble-backports/restricted amd64 Components [212 B]
2025-11-02T05:54:21.0528567Z Get:26 http://azure.archive.ubuntu.com/ubuntu noble-backports/multiverse amd64 Components [212 B]
2025-11-02T05:54:21.0911614Z Get:27 http://azure.archive.ubuntu.com/ubuntu noble-security/main amd64 Packages [1270 kB]
2025-11-02T05:54:21.0987831Z Get:28 http://azure.archive.ubuntu.com/ubuntu noble-security/main amd64 Components [21.5 kB]
2025-11-02T05:54:21.0995150Z Get:29 http://azure.archive.ubuntu.com/ubuntu noble-security/main amd64 c-n-f Metadata [9008 B]
2025-11-02T05:54:21.1007406Z Get:30 http://azure.archive.ubuntu.com/ubuntu noble-security/universe amd64 Packages [906 kB]
2025-11-02T05:54:21.1060170Z Get:31 http://azure.archive.ubuntu.com/ubuntu noble-security/universe Translation-en [203 kB]
2025-11-02T05:54:21.1079878Z Get:32 http://azure.archive.ubuntu.com/ubuntu noble-security/universe amd64 Components [52.2 kB]
2025-11-02T05:54:21.1088983Z Get:33 http://azure.archive.ubuntu.com/ubuntu noble-security/universe amd64 c-n-f Metadata [19.4 kB]
2025-11-02T05:54:21.1097393Z Get:34 http://azure.archive.ubuntu.com/ubuntu noble-security/restricted amd64 Components [212 B]
2025-11-02T05:54:21.1523798Z Get:35 http://azure.archive.ubuntu.com/ubuntu noble-security/multiverse amd64 Components [208 B]
2025-11-02T05:54:31.8608761Z Fetched 10.0 MB in 1s (7621 kB/s)
2025-11-02T05:54:32.5775039Z Reading package lists...
2025-11-02T05:54:32.6100624Z Reading package lists...
2025-11-02T05:54:32.7604279Z Building dependency tree...
2025-11-02T05:54:32.7611414Z Reading state information...
2025-11-02T05:54:32.9023412Z libssl-dev is already the newest version (3.0.13-0ubuntu3.6).
2025-11-02T05:54:32.9023955Z pkg-config is already the newest version (1.8.1-2build1).
2025-11-02T05:54:32.9024399Z The following additional packages will be installed:
2025-11-02T05:54:32.9027763Z   libhiredis1.1.0
2025-11-02T05:54:32.9033026Z Suggested packages:
2025-11-02T05:54:32.9033392Z   distcc | icecc
2025-11-02T05:54:32.9345089Z The following NEW packages will be installed:
2025-11-02T05:54:32.9351640Z   build-essential ccache libhiredis1.1.0
2025-11-02T05:54:32.9525633Z 0 upgraded, 3 newly installed, 0 to remove and 36 not upgraded.
2025-11-02T05:54:32.9526376Z Need to get 638 kB of archives.
2025-11-02T05:54:32.9526762Z After this operation, 1774 kB of additional disk space will be used.
2025-11-02T05:54:32.9527169Z Get:1 file:/etc/apt/apt-mirrors.txt Mirrorlist [144 B]
2025-11-02T05:54:32.9749600Z Get:2 http://azure.archive.ubuntu.com/ubuntu noble/main amd64 build-essential amd64 12.10ubuntu1 [4928 B]
2025-11-02T05:54:32.9770385Z Get:3 http://azure.archive.ubuntu.com/ubuntu noble/universe amd64 libhiredis1.1.0 amd64 1.2.0-6ubuntu3 [41.4 kB]
2025-11-02T05:54:32.9792172Z Get:4 http://azure.archive.ubuntu.com/ubuntu noble/universe amd64 ccache amd64 4.9.1-1 [592 kB]
2025-11-02T05:54:33.2388620Z Fetched 638 kB in 0s (15.5 MB/s)
2025-11-02T05:54:33.2909170Z Selecting previously unselected package build-essential.
2025-11-02T05:54:33.3967198Z (Reading database ... 
2025-11-02T05:54:33.3967902Z (Reading database ... 5%
2025-11-02T05:54:33.3968380Z (Reading database ... 10%
2025-11-02T05:54:33.3968826Z (Reading database ... 15%
2025-11-02T05:54:33.3969210Z (Reading database ... 20%
2025-11-02T05:54:33.3969520Z (Reading database ... 25%
2025-11-02T05:54:33.3969905Z (Reading database ... 30%
2025-11-02T05:54:33.3970156Z (Reading database ... 35%
2025-11-02T05:54:33.3970425Z (Reading database ... 40%
2025-11-02T05:54:33.3970658Z (Reading database ... 45%
2025-11-02T05:54:33.3970920Z (Reading database ... 50%
2025-11-02T05:54:33.4797446Z (Reading database ... 55%
2025-11-02T05:54:33.9986706Z (Reading database ... 60%
2025-11-02T05:54:34.4678168Z (Reading database ... 65%
2025-11-02T05:54:34.9164851Z (Reading database ... 70%
2025-11-02T05:54:35.3461521Z (Reading database ... 75%
2025-11-02T05:54:35.9008814Z (Reading database ... 80%
2025-11-02T05:54:36.4423392Z (Reading database ... 85%
2025-11-02T05:54:37.0551812Z (Reading database ... 90%
2025-11-02T05:54:37.5653375Z (Reading database ... 95%
2025-11-02T05:54:37.5653903Z (Reading database ... 100%
2025-11-02T05:54:37.5654525Z (Reading database ... 215550 files and directories currently installed.)
2025-11-02T05:54:37.5698391Z Preparing to unpack .../build-essential_12.10ubuntu1_amd64.deb ...
2025-11-02T05:54:37.5725929Z Unpacking build-essential (12.10ubuntu1) ...
2025-11-02T05:54:37.6016332Z Selecting previously unselected package libhiredis1.1.0:amd64.
2025-11-02T05:54:37.6146222Z Preparing to unpack .../libhiredis1.1.0_1.2.0-6ubuntu3_amd64.deb ...
2025-11-02T05:54:37.6200653Z Unpacking libhiredis1.1.0:amd64 (1.2.0-6ubuntu3) ...
2025-11-02T05:54:37.6529175Z Selecting previously unselected package ccache.
2025-11-02T05:54:37.6658547Z Preparing to unpack .../ccache_4.9.1-1_amd64.deb ...
2025-11-02T05:54:37.6670779Z Unpacking ccache (4.9.1-1) ...
2025-11-02T05:54:37.7749234Z Setting up build-essential (12.10ubuntu1) ...
2025-11-02T05:54:37.7805117Z Setting up libhiredis1.1.0:amd64 (1.2.0-6ubuntu3) ...
2025-11-02T05:54:37.7854108Z Setting up ccache (4.9.1-1) ...
2025-11-02T05:54:37.7894633Z Updating symlinks in /usr/lib/ccache ...
2025-11-02T05:54:37.8239652Z Processing triggers for libc-bin (2.39-0ubuntu8.6) ...
2025-11-02T05:54:39.7221292Z Processing triggers for man-db (2.12.0-4build2) ...
2025-11-02T05:55:52.3081868Z 
2025-11-02T05:55:52.3082298Z Running kernel seems to be up-to-date.
2025-11-02T05:55:52.3082692Z 
2025-11-02T05:55:52.3082838Z No services need to be restarted.
2025-11-02T05:55:52.3083112Z 
2025-11-02T05:55:52.3083271Z No containers need to be restarted.
2025-11-02T05:55:52.3083548Z 
2025-11-02T05:55:52.3083729Z No user sessions are running outdated binaries.
2025-11-02T05:55:52.3084034Z 
2025-11-02T05:55:52.3084239Z No VM guests are running outdated hypervisor (qemu) binaries on this host.
2025-11-02T05:55:53.1682099Z Reading package lists...
2025-11-02T05:55:53.3356027Z Building dependency tree...
2025-11-02T05:55:53.3363727Z Reading state information...
2025-11-02T05:55:53.4044111Z Some packages could not be installed. This may mean that you have
2025-11-02T05:55:53.4044967Z requested an impossible situation or if you are using the unstable
2025-11-02T05:55:53.4046010Z distribution that some required packages have not yet been created
2025-11-02T05:55:53.4046699Z or been moved out of Incoming.
2025-11-02T05:55:53.4047293Z The following information may help to resolve the situation:
2025-11-02T05:55:53.4047716Z 
2025-11-02T05:55:53.4047871Z The following packages have unmet dependencies:
2025-11-02T05:55:53.4805563Z  containerd.io : Conflicts: containerd
2025-11-02T05:55:53.4867472Z E: Error, pkgProblemResolver::Resolve generated breaks, this may be caused by held packages.
2025-11-02T05:55:53.5096196Z Reading package lists...
2025-11-02T05:55:53.6687526Z Building dependency tree...
2025-11-02T05:55:53.6694992Z Reading state information...
2025-11-02T05:55:53.8336767Z The following packages will be REMOVED:
2025-11-02T05:55:53.8344171Z   containerd.io docker-ce
2025-11-02T05:55:54.0752708Z 0 upgraded, 0 newly installed, 2 to remove and 36 not upgraded.
2025-11-02T05:55:54.0753140Z After this operation, 218 MB disk space will be freed.
2025-11-02T05:55:54.0933139Z (Reading database ... 
2025-11-02T05:55:54.0933735Z (Reading database ... 5%
2025-11-02T05:55:54.0934074Z (Reading database ... 10%
2025-11-02T05:55:54.0934443Z (Reading database ... 15%
2025-11-02T05:55:54.0936296Z (Reading database ... 20%
2025-11-02T05:55:54.0936696Z (Reading database ... 25%
2025-11-02T05:55:54.0937077Z (Reading database ... 30%
2025-11-02T05:55:54.0937448Z (Reading database ... 35%
2025-11-02T05:55:54.0937703Z (Reading database ... 40%
2025-11-02T05:55:54.0937945Z (Reading database ... 45%
2025-11-02T05:55:54.0938176Z (Reading database ... 50%
2025-11-02T05:55:54.0953278Z (Reading database ... 55%
2025-11-02T05:55:54.1053982Z (Reading database ... 60%
2025-11-02T05:55:54.1076993Z (Reading database ... 65%
2025-11-02T05:55:54.1092256Z (Reading database ... 70%
2025-11-02T05:55:54.1115107Z (Reading database ... 75%
2025-11-02T05:55:54.1143977Z (Reading database ... 80%
2025-11-02T05:55:54.1280200Z (Reading database ... 85%
2025-11-02T05:55:54.1522852Z (Reading database ... 90%
2025-11-02T05:55:54.1600101Z (Reading database ... 95%
2025-11-02T05:55:54.1600553Z (Reading database ... 100%
2025-11-02T05:55:54.1601153Z (Reading database ... 215580 files and directories currently installed.)
2025-11-02T05:55:54.1639357Z Removing docker-ce (5:28.0.4-1~ubuntu.24.04~noble) ...
2025-11-02T05:55:54.5408207Z Removing containerd.io (1.7.28-1~ubuntu.24.04~noble) ...
2025-11-02T05:55:54.9123113Z Processing triggers for man-db (2.12.0-4build2) ...
2025-11-02T05:55:57.7472573Z Reading package lists...
2025-11-02T05:55:57.9087011Z Building dependency tree...
2025-11-02T05:55:57.9094317Z Reading state information...
2025-11-02T05:55:58.0642548Z The following additional packages will be installed:
2025-11-02T05:55:58.0650448Z   bridge-utils containerd dns-root-data dnsmasq-base runc ubuntu-fan
2025-11-02T05:55:58.0656740Z Suggested packages:
2025-11-02T05:55:58.0657278Z   ifupdown aufs-tools cgroupfs-mount | cgroup-lite debootstrap docker-buildx
2025-11-02T05:55:58.0657739Z   docker-compose-v2 docker-doc rinse zfs-fuse | zfsutils
2025-11-02T05:55:58.0911345Z The following packages will be REMOVED:
2025-11-02T05:55:58.0928256Z   docker-ce-cli
2025-11-02T05:55:58.0928589Z The following NEW packages will be installed:
2025-11-02T05:55:58.0940322Z   bridge-utils containerd dns-root-data dnsmasq-base docker.io runc ubuntu-fan
2025-11-02T05:55:58.1121272Z 0 upgraded, 7 newly installed, 1 to remove and 36 not upgraded.
2025-11-02T05:55:58.1121648Z Need to get 75.9 MB of archives.
2025-11-02T05:55:58.1121958Z After this operation, 245 MB of additional disk space will be used.
2025-11-02T05:55:58.1122326Z Get:1 file:/etc/apt/apt-mirrors.txt Mirrorlist [144 B]
2025-11-02T05:55:58.1319644Z Get:2 http://azure.archive.ubuntu.com/ubuntu noble/main amd64 bridge-utils amd64 1.7.1-1ubuntu2 [33.9 kB]
2025-11-02T05:55:58.1342520Z Get:3 http://azure.archive.ubuntu.com/ubuntu noble-updates/main amd64 runc amd64 1.3.0-0ubuntu2~24.04.1 [8743 kB]
2025-11-02T05:55:58.2152504Z Get:4 http://azure.archive.ubuntu.com/ubuntu noble-updates/main amd64 containerd amd64 1.7.28-0ubuntu1~24.04.1 [38.4 MB]
2025-11-02T05:55:58.4358993Z Get:5 http://azure.archive.ubuntu.com/ubuntu noble-updates/main amd64 dns-root-data all 2024071801~ubuntu0.24.04.1 [5918 B]
2025-11-02T05:55:58.4379979Z Get:6 http://azure.archive.ubuntu.com/ubuntu noble-updates/main amd64 dnsmasq-base amd64 2.90-2ubuntu0.1 [376 kB]
2025-11-02T05:55:58.4450217Z Get:7 http://azure.archive.ubuntu.com/ubuntu noble-updates/universe amd64 docker.io amd64 28.2.2-0ubuntu1~24.04.1 [28.3 MB]
2025-11-02T05:55:58.6086930Z Get:8 http://azure.archive.ubuntu.com/ubuntu noble-updates/universe amd64 ubuntu-fan all 0.12.16+24.04.1 [34.2 kB]
2025-11-02T05:55:58.8231980Z Preconfiguring packages ...
2025-11-02T05:55:58.8939470Z Fetched 75.9 MB in 1s (150 MB/s)
2025-11-02T05:55:58.9110523Z (Reading database ... 
2025-11-02T05:55:58.9110964Z (Reading database ... 5%
2025-11-02T05:55:58.9111328Z (Reading database ... 10%
2025-11-02T05:55:58.9111682Z (Reading database ... 15%
2025-11-02T05:55:58.9112019Z (Reading database ... 20%
2025-11-02T05:55:58.9112367Z (Reading database ... 25%
2025-11-02T05:55:58.9112693Z (Reading database ... 30%
2025-11-02T05:55:58.9113017Z (Reading database ... 35%
2025-11-02T05:55:58.9113345Z (Reading database ... 40%
2025-11-02T05:55:58.9113676Z (Reading database ... 45%
2025-11-02T05:55:58.9114003Z (Reading database ... 50%
2025-11-02T05:55:58.9130110Z (Reading database ... 55%
2025-11-02T05:55:58.9231244Z (Reading database ... 60%
2025-11-02T05:55:58.9254444Z (Reading database ... 65%
2025-11-02T05:55:58.9270133Z (Reading database ... 70%
2025-11-02T05:55:58.9292907Z (Reading database ... 75%
2025-11-02T05:55:58.9321770Z (Reading database ... 80%
2025-11-02T05:55:58.9455983Z (Reading database ... 85%
2025-11-02T05:55:58.9693801Z (Reading database ... 90%
2025-11-02T05:55:58.9769601Z (Reading database ... 95%
2025-11-02T05:55:58.9769883Z (Reading database ... 100%
2025-11-02T05:55:58.9770284Z (Reading database ... 215556 files and directories currently installed.)
2025-11-02T05:55:58.9806366Z Removing docker-ce-cli (5:28.0.4-1~ubuntu.24.04~noble) ...
2025-11-02T05:55:59.0480802Z Selecting previously unselected package bridge-utils.
2025-11-02T05:55:59.0532365Z (Reading database ... 
2025-11-02T05:55:59.0533294Z (Reading database ... 5%
2025-11-02T05:55:59.0534437Z (Reading database ... 10%
2025-11-02T05:55:59.0534837Z (Reading database ... 15%
2025-11-02T05:55:59.0535185Z (Reading database ... 20%
2025-11-02T05:55:59.0535532Z (Reading database ... 25%
2025-11-02T05:55:59.0536133Z (Reading database ... 30%
2025-11-02T05:55:59.0536484Z (Reading database ... 35%
2025-11-02T05:55:59.0536819Z (Reading database ... 40%
2025-11-02T05:55:59.0537162Z (Reading database ... 45%
2025-11-02T05:55:59.0537498Z (Reading database ... 50%
2025-11-02T05:55:59.0552519Z (Reading database ... 55%
2025-11-02T05:55:59.0652590Z (Reading database ... 60%
2025-11-02T05:55:59.0675545Z (Reading database ... 65%
2025-11-02T05:55:59.0691027Z (Reading database ... 70%
2025-11-02T05:55:59.0713763Z (Reading database ... 75%
2025-11-02T05:55:59.0742182Z (Reading database ... 80%
2025-11-02T05:55:59.0876933Z (Reading database ... 85%
2025-11-02T05:55:59.1115009Z (Reading database ... 90%
2025-11-02T05:55:59.1189524Z (Reading database ... 95%
2025-11-02T05:55:59.1189985Z (Reading database ... 100%
2025-11-02T05:55:59.1190615Z (Reading database ... 215362 files and directories currently installed.)
2025-11-02T05:55:59.1227208Z Preparing to unpack .../0-bridge-utils_1.7.1-1ubuntu2_amd64.deb ...
2025-11-02T05:55:59.1239833Z Unpacking bridge-utils (1.7.1-1ubuntu2) ...
2025-11-02T05:55:59.1490434Z Selecting previously unselected package runc.
2025-11-02T05:55:59.1616310Z Preparing to unpack .../1-runc_1.3.0-0ubuntu2~24.04.1_amd64.deb ...
2025-11-02T05:55:59.1626381Z Unpacking runc (1.3.0-0ubuntu2~24.04.1) ...
2025-11-02T05:55:59.3069711Z Selecting previously unselected package containerd.
2025-11-02T05:55:59.3199766Z Preparing to unpack .../2-containerd_1.7.28-0ubuntu1~24.04.1_amd64.deb ...
2025-11-02T05:55:59.3208900Z Unpacking containerd (1.7.28-0ubuntu1~24.04.1) ...
2025-11-02T05:55:59.8142363Z Selecting previously unselected package dns-root-data.
2025-11-02T05:55:59.8272414Z Preparing to unpack .../3-dns-root-data_2024071801~ubuntu0.24.04.1_all.deb ...
2025-11-02T05:55:59.8283004Z Unpacking dns-root-data (2024071801~ubuntu0.24.04.1) ...
2025-11-02T05:55:59.8508047Z Selecting previously unselected package dnsmasq-base.
2025-11-02T05:55:59.8637468Z Preparing to unpack .../4-dnsmasq-base_2.90-2ubuntu0.1_amd64.deb ...
2025-11-02T05:55:59.8700149Z Unpacking dnsmasq-base (2.90-2ubuntu0.1) ...
2025-11-02T05:55:59.9116529Z Selecting previously unselected package docker.io.
2025-11-02T05:55:59.9246930Z Preparing to unpack .../5-docker.io_28.2.2-0ubuntu1~24.04.1_amd64.deb ...
2025-11-02T05:55:59.9290398Z Unpacking docker.io (28.2.2-0ubuntu1~24.04.1) ...
2025-11-02T05:56:00.3448567Z Selecting previously unselected package ubuntu-fan.
2025-11-02T05:56:00.3578835Z Preparing to unpack .../6-ubuntu-fan_0.12.16+24.04.1_all.deb ...
2025-11-02T05:56:00.3612587Z Unpacking ubuntu-fan (0.12.16+24.04.1) ...
2025-11-02T05:56:00.4050415Z Setting up dnsmasq-base (2.90-2ubuntu0.1) ...
2025-11-02T05:56:00.4357122Z Setting up runc (1.3.0-0ubuntu2~24.04.1) ...
2025-11-02T05:56:00.4389885Z Setting up dns-root-data (2024071801~ubuntu0.24.04.1) ...
2025-11-02T05:56:00.4426694Z Setting up bridge-utils (1.7.1-1ubuntu2) ...
2025-11-02T05:56:00.5209232Z Setting up containerd (1.7.28-0ubuntu1~24.04.1) ...
2025-11-02T05:56:00.9768059Z Setting up ubuntu-fan (0.12.16+24.04.1) ...
2025-11-02T05:56:01.0910408Z Created symlink /etc/systemd/system/multi-user.target.wants/ubuntu-fan.service → /usr/lib/systemd/system/ubuntu-fan.service.
2025-11-02T05:56:01.0910889Z 
2025-11-02T05:56:01.4489000Z Setting up docker.io (28.2.2-0ubuntu1~24.04.1) ...
2025-11-02T05:56:02.4518390Z Processing triggers for dbus (1.14.10-4ubuntu4.1) ...
2025-11-02T05:56:02.4631056Z Processing triggers for man-db (2.12.0-4build2) ...
2025-11-02T05:56:07.4429513Z 
2025-11-02T05:56:07.4430094Z Running kernel seems to be up-to-date.
2025-11-02T05:56:07.4430459Z 
2025-11-02T05:56:07.4430608Z No services need to be restarted.
2025-11-02T05:56:07.4430829Z 
2025-11-02T05:56:07.4430964Z No containers need to be restarted.
2025-11-02T05:56:07.4431583Z 
2025-11-02T05:56:07.4431730Z No user sessions are running outdated binaries.
2025-11-02T05:56:07.4431998Z 
2025-11-02T05:56:07.4432237Z No VM guests are running outdated hypervisor (qemu) binaries on this host.
2025-11-02T05:56:08.2824917Z CONTAINER ID   IMAGE     COMMAND   CREATED   STATUS    PORTS     NAMES
2025-11-02T05:56:08.3602837Z ##[group]Run actions/cache@v4
2025-11-02T05:56:08.3603094Z with:
2025-11-02T05:56:08.3603260Z   path: ~/.ccache
2025-11-02T05:56:08.3603452Z   key: Linux-ccache-
2025-11-02T05:56:08.3603657Z   restore-keys: Linux-ccache-

2025-11-02T05:56:08.3603893Z   enableCrossOsArchive: false
2025-11-02T05:56:08.3604123Z   fail-on-cache-miss: false
2025-11-02T05:56:08.3604331Z   lookup-only: false
2025-11-02T05:56:08.3604511Z   save-always: false
2025-11-02T05:56:08.3604684Z env:
2025-11-02T05:56:08.3604853Z   CARGO_HOME: /home/runner/.cargo
2025-11-02T05:56:08.3605088Z   CARGO_INCREMENTAL: 0
2025-11-02T05:56:08.3605285Z   CARGO_TERM_COLOR: always
2025-11-02T05:56:08.3605494Z ##[endgroup]
2025-11-02T05:56:08.5993183Z Cache not found for input keys: Linux-ccache-, Linux-ccache-
2025-11-02T05:56:08.6059704Z ##[group]Run ccache --set-config=compression=true
2025-11-02T05:56:08.6060094Z [36;1mccache --set-config=compression=true[0m
2025-11-02T05:56:08.6060388Z [36;1mccache --set-config=max_size=500M[0m
2025-11-02T05:56:08.6060633Z [36;1mccache -s[0m
2025-11-02T05:56:08.6092636Z shell: /usr/bin/bash -e {0}
2025-11-02T05:56:08.6092875Z env:
2025-11-02T05:56:08.6093052Z   CARGO_HOME: /home/runner/.cargo
2025-11-02T05:56:08.6093295Z   CARGO_INCREMENTAL: 0
2025-11-02T05:56:08.6093492Z   CARGO_TERM_COLOR: always
2025-11-02T05:56:08.6093694Z   CCACHE_DIR: ~/.ccache
2025-11-02T05:56:08.6093899Z ##[endgroup]
2025-11-02T05:56:08.6247365Z Local storage:
2025-11-02T05:56:08.6247745Z   Cache size (GB): 0.0 / 0.5 ( 0.00%)
2025-11-02T05:56:08.6281410Z ##[group]Run export CC="ccache gcc"
2025-11-02T05:56:08.6281928Z [36;1mexport CC="ccache gcc"[0m
2025-11-02T05:56:08.6282340Z [36;1mexport CXX="ccache g++"[0m
2025-11-02T05:56:08.6282833Z [36;1mcargo build --release --bin winetricks[0m
2025-11-02T05:56:08.6283379Z [36;1mcargo build --release --bin winetricks-gui[0m
2025-11-02T05:56:08.6311843Z shell: /usr/bin/bash -e {0}
2025-11-02T05:56:08.6312074Z env:
2025-11-02T05:56:08.6312248Z   CARGO_HOME: /home/runner/.cargo
2025-11-02T05:56:08.6312481Z   CARGO_INCREMENTAL: 0
2025-11-02T05:56:08.6312683Z   CARGO_TERM_COLOR: always
2025-11-02T05:56:08.6312884Z   CCACHE_DIR: ~/.ccache
2025-11-02T05:56:08.6313074Z ##[endgroup]
2025-11-02T05:56:08.7125521Z [1m[92m    Updating[0m crates.io index
2025-11-02T05:56:10.9180735Z [1m[92m     Locking[0m 591 packages to latest compatible versions
2025-11-02T05:56:10.9251131Z [1m[92m      Adding[0m command-group v2.1.0 [1m[33m(available: v5.0.1)[0m
2025-11-02T05:56:10.9253627Z [1m[92m      Adding[0m config v0.14.1 [1m[33m(available: v0.15.18)[0m
2025-11-02T05:56:10.9262688Z [1m[92m      Adding[0m cosmic-text v0.1.5 [1m[33m(available: v0.15.0)[0m
2025-11-02T05:56:10.9269059Z [1m[92m      Adding[0m dirs v5.0.1 [1m[33m(available: v6.0.0)[0m
2025-11-02T05:56:10.9332652Z [1m[92m      Adding[0m iced v0.12.1 [1m[33m(available: v0.13.1)[0m
2025-11-02T05:56:10.9352782Z [1m[92m      Adding[0m indicatif v0.17.11 [1m[33m(available: v0.18.2)[0m
2025-11-02T05:56:10.9507579Z [1m[92m      Adding[0m reqwest v0.11.27 [1m[33m(available: v0.12.24)[0m
2025-11-02T05:56:10.9681718Z [1m[92m      Adding[0m thiserror v1.0.69 [1m[33m(available: v2.0.17)[0m
2025-11-02T05:56:10.9750060Z [1m[92m      Adding[0m wasm-bindgen-futures v0.4.45 [1m[33m(available: v0.4.55)[0m
2025-11-02T05:56:10.9756528Z [1m[92m      Adding[0m wasm-streams v0.4.1 [1m[33m(available: v0.4.2)[0m
2025-11-02T05:56:10.9778348Z [1m[92m      Adding[0m web-sys v0.3.67 [1m[33m(available: v0.3.82)[0m
2025-11-02T05:56:10.9806514Z [1m[92m      Adding[0m which v6.0.3 [1m[33m(available: v8.0.0)[0m
2025-11-02T05:56:11.0062561Z [1m[92m Downloading[0m crates ...
2025-11-02T05:56:11.2049380Z [1m[92m  Downloaded[0m anstyle-query v1.1.4
2025-11-02T05:56:11.2144736Z [1m[92m  Downloaded[0m ab_glyph_rasterizer v0.1.10
2025-11-02T05:56:11.2197299Z [1m[92m  Downloaded[0m ahash v0.8.12
2025-11-02T05:56:11.2234962Z [1m[92m  Downloaded[0m adler2 v2.0.1
2025-11-02T05:56:11.2261934Z [1m[92m  Downloaded[0m as-raw-xcb-connection v1.0.1
2025-11-02T05:56:11.2287255Z [1m[92m  Downloaded[0m cfg_aliases v0.2.1
2025-11-02T05:56:11.2346950Z [1m[92m  Downloaded[0m futures-task v0.3.31
2025-11-02T05:56:11.2377587Z [1m[92m  Downloaded[0m cfg_aliases v0.1.1
2025-11-02T05:56:11.2404104Z [1m[92m  Downloaded[0m bitflags v1.3.2
2025-11-02T05:56:11.2455580Z [1m[92m  Downloaded[0m cfg-if v1.0.4
2025-11-02T05:56:11.2497627Z [1m[92m  Downloaded[0m futures v0.3.31
2025-11-02T05:56:11.2574017Z [1m[92m  Downloaded[0m foreign-types-shared v0.1.1
2025-11-02T05:56:11.2616352Z [1m[92m  Downloaded[0m form_urlencoded v1.2.2
2025-11-02T05:56:11.2640566Z [1m[92m  Downloaded[0m getrandom v0.3.4
2025-11-02T05:56:11.2732163Z [1m[92m  Downloaded[0m number_prefix v0.4.0
2025-11-02T05:56:11.2764170Z [1m[92m  Downloaded[0m pin-utils v0.1.0
2025-11-02T05:56:11.2789390Z [1m[92m  Downloaded[0m matchers v0.2.0
2025-11-02T05:56:11.2859521Z [1m[92m  Downloaded[0m jobserver v0.1.34
2025-11-02T05:56:11.2941941Z [1m[92m  Downloaded[0m rand_core v0.6.4
2025-11-02T05:56:11.2996467Z [1m[92m  Downloaded[0m spirv v0.3.0+sdk-1.3.268.0
2025-11-02T05:56:11.3024620Z [1m[92m  Downloaded[0m resvg v0.36.0
2025-11-02T05:56:11.3109422Z [1m[92m  Downloaded[0m smithay-client-toolkit v0.19.2
2025-11-02T05:56:11.3272901Z [1m[92m  Downloaded[0m toml v0.8.23
2025-11-02T05:56:11.3371908Z [1m[92m  Downloaded[0m unicode-segmentation v1.12.0
2025-11-02T05:56:11.3464398Z [1m[92m  Downloaded[0m tracing-subscriber v0.3.20
2025-11-02T05:56:11.3608005Z [1m[92m  Downloaded[0m xmlparser v0.13.6
2025-11-02T05:56:11.3666384Z [1m[92m  Downloaded[0m try-lock v0.2.5
2025-11-02T05:56:11.3722285Z [1m[92m  Downloaded[0m zerocopy-derive v0.8.27
2025-11-02T05:56:11.3841729Z [1m[92m  Downloaded[0m x11-dl v2.21.0
2025-11-02T05:56:11.3891222Z [1m[92m  Downloaded[0m wayland-cursor v0.31.11
2025-11-02T05:56:11.3914063Z [1m[92m  Downloaded[0m typenum v1.19.0
2025-11-02T05:56:11.3967150Z [1m[92m  Downloaded[0m zerofrom v0.1.6
2025-11-02T05:56:11.3988792Z [1m[92m  Downloaded[0m zerofrom-derive v0.1.6
2025-11-02T05:56:11.4011308Z [1m[92m  Downloaded[0m yoke v0.8.1
2025-11-02T05:56:11.4049601Z [1m[92m  Downloaded[0m wayland-client v0.31.11
2025-11-02T05:56:11.4082310Z [1m[92m  Downloaded[0m winnow v0.7.13
2025-11-02T05:56:11.4203404Z [1m[92m  Downloaded[0m nix v0.26.4
2025-11-02T05:56:11.4316737Z [1m[92m  Downloaded[0m wayland-backend v0.3.11
2025-11-02T05:56:11.4365182Z [1m[92m  Downloaded[0m nom v7.1.3
2025-11-02T05:56:11.4433935Z [1m[92m  Downloaded[0m minimal-lexical v0.2.1
2025-11-02T05:56:11.4491341Z [1m[92m  Downloaded[0m wgpu-hal v0.19.5
2025-11-02T05:56:11.4588510Z [1m[92m  Downloaded[0m memchr v2.7.6
2025-11-02T05:56:11.4700741Z [1m[92m  Downloaded[0m x11rb-protocol v0.13.2
2025-11-02T05:56:11.4836850Z [1m[92m  Downloaded[0m winit v0.29.15
2025-11-02T05:56:11.5073835Z [1m[92m  Downloaded[0m xkeysym v0.2.1
2025-11-02T05:56:11.5106061Z [1m[92m  Downloaded[0m zune-inflate v0.2.54
2025-11-02T05:56:11.5125496Z [1m[92m  Downloaded[0m x11rb v0.13.2
2025-11-02T05:56:11.5221637Z [1m[92m  Downloaded[0m zerovec-derive v0.11.2
2025-11-02T05:56:11.5239827Z [1m[92m  Downloaded[0m zerotrie v0.2.3
2025-11-02T05:56:11.5278018Z [1m[92m  Downloaded[0m jpeg-decoder v0.3.2
2025-11-02T05:56:11.5343104Z [1m[92m  Downloaded[0m weezl v0.1.10
2025-11-02T05:56:11.5370979Z [1m[92m  Downloaded[0m zerocopy v0.8.27
2025-11-02T05:56:11.5633784Z [1m[92m  Downloaded[0m wayland-scanner v0.31.7
2025-11-02T05:56:11.5656910Z [1m[92m  Downloaded[0m portable-atomic v1.11.1
2025-11-02T05:56:11.5776332Z [1m[92m  Downloaded[0m yaml-rust2 v0.8.1
2025-11-02T05:56:11.6065177Z [1m[92m  Downloaded[0m wayland-protocols-wlr v0.3.9
2025-11-02T05:56:11.6089027Z [1m[92m  Downloaded[0m wayland-protocols-wlr v0.2.0
2025-11-02T05:56:11.6111568Z [1m[92m  Downloaded[0m wayland-protocols-plasma v0.2.0
2025-11-02T05:56:11.6154187Z [1m[92m  Downloaded[0m web-time v0.2.4
2025-11-02T05:56:11.6175112Z [1m[92m  Downloaded[0m wayland-sys v0.31.7
2025-11-02T05:56:11.6188889Z [1m[92m  Downloaded[0m kurbo v0.9.5
2025-11-02T05:56:11.6234123Z [1m[92m  Downloaded[0m xcursor v0.3.10
2025-11-02T05:56:11.6244368Z [1m[92m  Downloaded[0m url v2.5.7
2025-11-02T05:56:11.6272684Z [1m[92m  Downloaded[0m time v0.3.44
2025-11-02T05:56:11.6391296Z [1m[92m  Downloaded[0m unicode-normalization v0.1.25
2025-11-02T05:56:11.6467999Z [1m[92m  Downloaded[0m tracing v0.1.41
2025-11-02T05:56:11.6507068Z [1m[92m  Downloaded[0m tiny-skia v0.11.4
2025-11-02T05:56:11.6639351Z [1m[92m  Downloaded[0m linux-raw-sys v0.4.15
2025-11-02T05:56:11.7096951Z [1m[92m  Downloaded[0m linux-raw-sys v0.11.0
2025-11-02T05:56:11.7636622Z [1m[92m  Downloaded[0m linux-raw-sys v0.6.5
2025-11-02T05:56:11.8024194Z [1m[92m  Downloaded[0m image v0.24.9
2025-11-02T05:56:11.8672177Z [1m[92m  Downloaded[0m indicatif v0.17.11
2025-11-02T05:56:11.8710095Z [1m[92m  Downloaded[0m iced v0.12.1
2025-11-02T05:56:11.8772933Z [1m[92m  Downloaded[0m zeno v0.2.3
2025-11-02T05:56:11.8792220Z [1m[92m  Downloaded[0m yoke-derive v0.8.1
2025-11-02T05:56:11.8801900Z [1m[92m  Downloaded[0m yazi v0.1.6
2025-11-02T05:56:11.8814293Z [1m[92m  Downloaded[0m xxhash-rust v0.8.15
2025-11-02T05:56:11.8831489Z [1m[92m  Downloaded[0m tiff v0.9.1
2025-11-02T05:56:11.8938778Z [1m[92m  Downloaded[0m vcpkg v0.2.15
2025-11-02T05:56:11.9476298Z [1m[92m  Downloaded[0m xmlwriter v0.1.0
2025-11-02T05:56:11.9486985Z [1m[92m  Downloaded[0m wgpu-types v0.19.2
2025-11-02T05:56:11.9502386Z [1m[92m  Downloaded[0m wgpu v0.19.4
2025-11-02T05:56:11.9613395Z [1m[92m  Downloaded[0m wayland-protocols v0.32.9
2025-11-02T05:56:11.9703103Z [1m[92m  Downloaded[0m zerovec v0.11.5
2025-11-02T05:56:11.9754740Z [1m[92m  Downloaded[0m wayland-protocols v0.31.2
2025-11-02T05:56:11.9852840Z [1m[92m  Downloaded[0m usvg-parser v0.36.0
2025-11-02T05:56:11.9877007Z [1m[92m  Downloaded[0m usvg v0.36.0
2025-11-02T05:56:11.9889113Z [1m[92m  Downloaded[0m unicode-ident v1.0.22
2025-11-02T05:56:11.9915788Z [1m[92m  Downloaded[0m toml_edit v0.22.27
2025-11-02T05:56:11.9957982Z [1m[92m  Downloaded[0m xkbcommon-dl v0.4.2
2025-11-02T05:56:11.9968214Z [1m[92m  Downloaded[0m writeable v0.6.2
2025-11-02T05:56:11.9985500Z [1m[92m  Downloaded[0m window_clipboard v0.4.1
2025-11-02T05:56:12.0002587Z [1m[92m  Downloaded[0m which v6.0.3
2025-11-02T05:56:12.0017556Z [1m[92m  Downloaded[0m usvg-tree v0.36.0
2025-11-02T05:56:12.0027528Z [1m[92m  Downloaded[0m usvg-text-layout v0.36.0
2025-11-02T05:56:12.0039763Z [1m[92m  Downloaded[0m unicode-width v0.2.2
2025-11-02T05:56:12.0091486Z [1m[92m  Downloaded[0m unicode-width v0.1.14
2025-11-02T05:56:12.0144522Z [1m[92m  Downloaded[0m unicode-linebreak v0.1.5
2025-11-02T05:56:12.0153038Z [1m[92m  Downloaded[0m unicode-ccc v0.1.2
2025-11-02T05:56:12.0161392Z [1m[92m  Downloaded[0m ttf-parser v0.25.1
2025-11-02T05:56:12.0254417Z [1m[92m  Downloaded[0m tower-service v0.3.3
2025-11-02T05:56:12.0261684Z [1m[92m  Downloaded[0m toml_write v0.1.2
2025-11-02T05:56:12.0273459Z [1m[92m  Downloaded[0m toml_datetime v0.6.11
2025-11-02T05:56:12.0283748Z [1m[92m  Downloaded[0m icu_normalizer v2.1.1
2025-11-02T05:56:12.0317295Z [1m[92m  Downloaded[0m ttf-parser v0.20.0
2025-11-02T05:56:12.0402164Z [1m[92m  Downloaded[0m ttf-parser v0.19.2
2025-11-02T05:56:12.0486142Z [1m[92m  Downloaded[0m tokio v1.48.0
2025-11-02T05:56:12.0896266Z [1m[92m  Downloaded[0m tiny-skia-path v0.11.4
2025-11-02T05:56:12.0914262Z [1m[92m  Downloaded[0m tiny-keccak v2.0.2
2025-11-02T05:56:12.0938487Z [1m[92m  Downloaded[0m time-macros v0.2.24
2025-11-02T05:56:12.0959272Z [1m[92m  Downloaded[0m walkdir v2.5.0
2025-11-02T05:56:12.0976985Z [1m[92m  Downloaded[0m version_check v0.9.5
2025-11-02T05:56:12.0988952Z [1m[92m  Downloaded[0m tokio-util v0.7.16
2025-11-02T05:56:12.1060581Z [1m[92m  Downloaded[0m time-core v0.1.6
2025-11-02T05:56:12.1070729Z [1m[92m  Downloaded[0m thiserror-impl v1.0.69
2025-11-02T05:56:12.1082705Z [1m[92m  Downloaded[0m thiserror v1.0.69
2025-11-02T05:56:12.1137241Z [1m[92m  Downloaded[0m termcolor v1.4.1
2025-11-02T05:56:12.1149214Z [1m[92m  Downloaded[0m sys-locale v0.3.2
2025-11-02T05:56:12.1161426Z [1m[92m  Downloaded[0m synstructure v0.13.2
2025-11-02T05:56:12.1171153Z [1m[92m  Downloaded[0m sharded-slab v0.1.7
2025-11-02T05:56:12.1203062Z [1m[92m  Downloaded[0m mio v1.1.0
2025-11-02T05:56:12.1260418Z [1m[92m  Downloaded[0m icu_properties_data v2.1.1
2025-11-02T05:56:12.1359108Z [1m[92m  Downloaded[0m iced_widget v0.12.3
2025-11-02T05:56:12.1408293Z [1m[92m  Downloaded[0m hashbrown v0.14.5
2025-11-02T05:56:12.1454395Z [1m[92m  Downloaded[0m wgpu-core v0.19.4
2025-11-02T05:56:12.1516295Z [1m[92m  Downloaded[0m utf8parse v0.2.2
2025-11-02T05:56:12.1525341Z [1m[92m  Downloaded[0m utf8_iter v1.0.4
2025-11-02T05:56:12.1535061Z [1m[92m  Downloaded[0m unicode-bidi v0.3.18
2025-11-02T05:56:12.1558737Z [1m[92m  Downloaded[0m swash v0.1.19
2025-11-02T05:56:12.1631045Z [1m[92m  Downloaded[0m serde_derive v1.0.228
2025-11-02T05:56:12.1660545Z [1m[92m  Downloaded[0m unsafe-libyaml v0.2.11
2025-11-02T05:56:12.1692527Z [1m[92m  Downloaded[0m unicode-xid v0.2.6
2025-11-02T05:56:12.1704702Z [1m[92m  Downloaded[0m unicode-vo v0.1.0
2025-11-02T05:56:12.1712964Z [1m[92m  Downloaded[0m unicode-script v0.5.7
2025-11-02T05:56:12.1729651Z [1m[92m  Downloaded[0m unicode-properties v0.1.4
2025-11-02T05:56:12.1748361Z [1m[92m  Downloaded[0m unicode-bidi-mirroring v0.1.0
2025-11-02T05:56:12.1756528Z [1m[92m  Downloaded[0m ucd-trie v0.1.7
2025-11-02T05:56:12.1770100Z [1m[92m  Downloaded[0m tracing-serde v0.2.0
2025-11-02T05:56:12.1778572Z [1m[92m  Downloaded[0m tracing-log v0.2.0
2025-11-02T05:56:12.1791236Z [1m[92m  Downloaded[0m tracing-core v0.1.34
2025-11-02T05:56:12.1817136Z [1m[92m  Downloaded[0m syn v2.0.108
2025-11-02T05:56:12.1920270Z [1m[92m  Downloaded[0m skrifa v0.22.3
2025-11-02T05:56:12.2005319Z [1m[92m  Downloaded[0m tracing-attributes v0.1.30
2025-11-02T05:56:12.2030851Z [1m[92m  Downloaded[0m tokio-native-tls v0.3.1
2025-11-02T05:56:12.2051039Z [1m[92m  Downloaded[0m tinyvec_macros v0.1.1
2025-11-02T05:56:12.2062350Z [1m[92m  Downloaded[0m tinystr v0.8.2
2025-11-02T05:56:12.2083960Z [1m[92m  Downloaded[0m tiny-xlib v0.2.4
2025-11-02T05:56:12.2101170Z [1m[92m  Downloaded[0m sync_wrapper v0.1.2
2025-11-02T05:56:12.2110098Z [1m[92m  Downloaded[0m svgtypes v0.12.0
2025-11-02T05:56:12.2131428Z [1m[92m  Downloaded[0m static_assertions v1.1.0
2025-11-02T05:56:12.2145494Z [1m[92m  Downloaded[0m socket2 v0.6.1
2025-11-02T05:56:12.2163035Z [1m[92m  Downloaded[0m smithay-client-toolkit v0.18.1
2025-11-02T05:56:12.2226367Z [1m[92m  Downloaded[0m smallvec v1.15.1
2025-11-02T05:56:12.2246889Z [1m[92m  Downloaded[0m slotmap v1.0.7
2025-11-02T05:56:12.2267070Z [1m[92m  Downloaded[0m serde_json v1.0.145
2025-11-02T05:56:12.2337307Z [1m[92m  Downloaded[0m rustix v0.38.44
2025-11-02T05:56:12.2592901Z [1m[92m  Downloaded[0m wayland-csd-frame v0.3.0
2025-11-02T05:56:12.2602354Z [1m[92m  Downloaded[0m want v0.3.1
2025-11-02T05:56:12.2610821Z [1m[92m  Downloaded[0m thread_local v1.1.9
2025-11-02T05:56:12.2625234Z [1m[92m  Downloaded[0m svg_fmt v0.4.5
2025-11-02T05:56:12.2633371Z [1m[92m  Downloaded[0m strsim v0.11.1
2025-11-02T05:56:12.2645600Z [1m[92m  Downloaded[0m strict-num v0.1.1
2025-11-02T05:56:12.2654991Z [1m[92m  Downloaded[0m stable_deref_trait v1.2.1
2025-11-02T05:56:12.2663528Z [1m[92m  Downloaded[0m softbuffer v0.4.6
2025-11-02T05:56:12.2694421Z [1m[92m  Downloaded[0m smol_str v0.2.2
2025-11-02T05:56:12.2707748Z [1m[92m  Downloaded[0m smithay-clipboard v0.7.2
2025-11-02T05:56:12.2722427Z [1m[92m  Downloaded[0m slab v0.4.11
2025-11-02T05:56:12.2734369Z [1m[92m  Downloaded[0m siphasher v0.3.11
2025-11-02T05:56:12.2745957Z [1m[92m  Downloaded[0m simplecss v0.2.2
2025-11-02T05:56:12.2763101Z [1m[92m  Downloaded[0m signal-hook-registry v1.4.6
2025-11-02T05:56:12.2773711Z [1m[92m  Downloaded[0m shlex v1.3.0
2025-11-02T05:56:12.2785972Z [1m[92m  Downloaded[0m serde v1.0.228
2025-11-02T05:56:12.2819908Z [1m[92m  Downloaded[0m rustybuzz v0.11.0
2025-11-02T05:56:12.2896163Z [1m[92m  Downloaded[0m rustybuzz v0.10.0
2025-11-02T05:56:12.2971886Z [1m[92m  Downloaded[0m rustix v1.1.2
2025-11-02T05:56:12.3238512Z [1m[92m  Downloaded[0m regex-syntax v0.8.8
2025-11-02T05:56:12.3306295Z [1m[92m  Downloaded[0m regex-automata v0.4.13
2025-11-02T05:56:12.3454297Z [1m[92m  Downloaded[0m read-fonts v0.22.7
2025-11-02T05:56:12.3585646Z [1m[92m  Downloaded[0m hyper v0.14.32
2025-11-02T05:56:12.3659769Z [1m[92m  Downloaded[0m sha2 v0.10.9
2025-11-02T05:56:12.3684626Z [1m[92m  Downloaded[0m reqwest v0.11.27
2025-11-02T05:56:12.3753799Z [1m[92m  Downloaded[0m regex v1.12.2
2025-11-02T05:56:12.3814452Z [1m[92m  Downloaded[0m rayon-core v1.13.0
2025-11-02T05:56:12.3850744Z [1m[92m  Downloaded[0m rayon v1.11.0
2025-11-02T05:56:12.3942506Z [1m[92m  Downloaded[0m quick-xml v0.37.5
2025-11-02T05:56:12.3995407Z [1m[92m  Downloaded[0m openssl-probe v0.1.6
2025-11-02T05:56:12.4006234Z [1m[92m  Downloaded[0m num_cpus v1.17.0
2025-11-02T05:56:12.4036896Z [1m[92m  Downloaded[0m native-tls v0.2.14
2025-11-02T05:56:12.4055291Z [1m[92m  Downloaded[0m mutate_once v0.1.2
2025-11-02T05:56:12.4063236Z [1m[92m  Downloaded[0m mime v0.3.17
2025-11-02T05:56:12.4075611Z [1m[92m  Downloaded[0m memmap2 v0.9.9
2025-11-02T05:56:12.4092386Z [1m[92m  Downloaded[0m lru v0.12.5
2025-11-02T05:56:12.4103350Z [1m[92m  Downloaded[0m lock_api v0.4.14
2025-11-02T05:56:12.4115398Z [1m[92m  Downloaded[0m litemap v0.8.1
2025-11-02T05:56:12.4136954Z [1m[92m  Downloaded[0m libloading v0.8.9
2025-11-02T05:56:12.4159138Z [1m[92m  Downloaded[0m libloading v0.7.4
2025-11-02T05:56:12.4180484Z [1m[92m  Downloaded[0m lebe v0.5.3
2025-11-02T05:56:12.4192055Z [1m[92m  Downloaded[0m lazy_static v1.5.0
2025-11-02T05:56:12.4208924Z [1m[92m  Downloaded[0m khronos-egl v6.0.0
2025-11-02T05:56:12.4226837Z [1m[92m  Downloaded[0m json5 v0.4.1
2025-11-02T05:56:12.4242964Z [1m[92m  Downloaded[0m ipnet v2.11.0
2025-11-02T05:56:12.4258305Z [1m[92m  Downloaded[0m indexmap v2.12.0
2025-11-02T05:56:12.4299512Z [1m[92m  Downloaded[0m idna v1.1.0
2025-11-02T05:56:12.4333615Z [1m[92m  Downloaded[0m http v0.2.12
2025-11-02T05:56:12.4367778Z [1m[92m  Downloaded[0m hashbrown v0.16.0
2025-11-02T05:56:12.4417150Z [1m[92m  Downloaded[0m hashbrown v0.15.5
2025-11-02T05:56:12.4464847Z [1m[92m  Downloaded[0m h2 v0.3.27
2025-11-02T05:56:12.4526134Z [1m[92m  Downloaded[0m glyphon v0.5.0
2025-11-02T05:56:12.4558287Z [1m[92m  Downloaded[0m serde_yaml v0.9.34+deprecated
2025-11-02T05:56:12.4590950Z [1m[92m  Downloaded[0m serde_urlencoded v0.7.1
2025-11-02T05:56:12.4606747Z [1m[92m  Downloaded[0m serde_spanned v0.6.9
2025-11-02T05:56:12.4616606Z [1m[92m  Downloaded[0m serde_core v1.0.228
2025-11-02T05:56:12.4643059Z [1m[92m  Downloaded[0m self_cell v1.2.1
2025-11-02T05:56:12.4651072Z [1m[92m  Downloaded[0m sctk-adwaita v0.8.3
2025-11-02T05:56:12.4674767Z [1m[92m  Downloaded[0m scopeguard v1.2.0
2025-11-02T05:56:12.4686084Z [1m[92m  Downloaded[0m scoped-tls v1.0.1
2025-11-02T05:56:12.4695223Z [1m[92m  Downloaded[0m same-file v1.0.6
2025-11-02T05:56:12.4708307Z [1m[92m  Downloaded[0m ryu v1.0.20
2025-11-02T05:56:12.4738762Z [1m[92m  Downloaded[0m rustls-pemfile v1.0.4
2025-11-02T05:56:12.4760534Z [1m[92m  Downloaded[0m rustc-hash v1.1.0
2025-11-02T05:56:12.4768988Z [1m[92m  Downloaded[0m rust-ini v0.20.0
2025-11-02T05:56:12.4781861Z [1m[92m  Downloaded[0m roxmltree v0.20.0
2025-11-02T05:56:12.4905394Z [1m[92m  Downloaded[0m roxmltree v0.18.1
2025-11-02T05:56:12.5026601Z [1m[92m  Downloaded[0m ron v0.8.1
2025-11-02T05:56:12.5081839Z [1m[92m  Downloaded[0m rgb v0.8.52
2025-11-02T05:56:12.5107352Z [1m[92m  Downloaded[0m renderdoc-sys v1.1.0
2025-11-02T05:56:12.5116013Z [1m[92m  Downloaded[0m rctree v0.5.0
2025-11-02T05:56:12.5125852Z [1m[92m  Downloaded[0m raw-window-handle v0.6.2
2025-11-02T05:56:12.5142928Z [1m[92m  Downloaded[0m rangemap v1.6.0
2025-11-02T05:56:12.5167300Z [1m[92m  Downloaded[0m rand v0.8.5
2025-11-02T05:56:12.5200284Z [1m[92m  Downloaded[0m qoi v0.4.1
2025-11-02T05:56:12.5227663Z [1m[92m  Downloaded[0m publicsuffix v2.3.0
2025-11-02T05:56:12.5249162Z [1m[92m  Downloaded[0m psl-types v2.0.11
2025-11-02T05:56:12.5258342Z [1m[92m  Downloaded[0m profiling v1.0.17
2025-11-02T05:56:12.5269586Z [1m[92m  Downloaded[0m num-traits v0.2.19
2025-11-02T05:56:12.5294316Z [1m[92m  Downloaded[0m num-conv v0.1.0
2025-11-02T05:56:12.5301862Z [1m[92m  Downloaded[0m nu-ansi-term v0.50.3
2025-11-02T05:56:12.5324706Z [1m[92m  Downloaded[0m memmap2 v0.8.0
2025-11-02T05:56:12.5341087Z [1m[92m  Downloaded[0m libc v0.2.177
2025-11-02T05:56:12.5610032Z [1m[92m  Downloaded[0m kurbo v0.10.4
2025-11-02T05:56:12.5758938Z [1m[92m  Downloaded[0m itoa v1.0.15
2025-11-02T05:56:12.5772414Z [1m[92m  Downloaded[0m imagesize v0.12.0
2025-11-02T05:56:12.5795500Z [1m[92m  Downloaded[0m idna v0.3.0
2025-11-02T05:56:12.5849818Z [1m[92m  Downloaded[0m icu_properties v2.1.1
2025-11-02T05:56:12.5870202Z [1m[92m  Downloaded[0m icu_locale_core v2.1.1
2025-11-02T05:56:12.5935908Z [1m[92m  Downloaded[0m icu_collections v2.1.1
2025-11-02T05:56:12.5996082Z [1m[92m  Downloaded[0m iced_winit v0.12.2
2025-11-02T05:56:12.6012378Z [1m[92m  Downloaded[0m iced_wgpu v0.12.1
2025-11-02T05:56:12.6049010Z [1m[92m  Downloaded[0m iced_core v0.12.3
2025-11-02T05:56:12.6103161Z [1m[92m  Downloaded[0m home v0.5.12
2025-11-02T05:56:12.6112204Z [1m[92m  Downloaded[0m hexf-parse v0.2.1
2025-11-02T05:56:12.6118450Z [1m[92m  Downloaded[0m glow v0.13.1
2025-11-02T05:56:12.6160509Z [1m[92m  Downloaded[0m gif v0.12.0
2025-11-02T05:56:12.6213016Z [1m[92m  Downloaded[0m tokio-macros v2.6.0
2025-11-02T05:56:12.6222929Z [1m[92m  Downloaded[0m tinyvec v1.10.0
2025-11-02T05:56:12.6247624Z [1m[92m  Downloaded[0m proc-macro2 v1.0.103
2025-11-02T05:56:12.6275641Z [1m[92m  Downloaded[0m powerfmt v0.2.0
2025-11-02T05:56:12.6286067Z [1m[92m  Downloaded[0m potential_utf v0.1.4
2025-11-02T05:56:12.6295115Z [1m[92m  Downloaded[0m png v0.17.16
2025-11-02T05:56:12.6332396Z [1m[92m  Downloaded[0m naga v0.19.2
2025-11-02T05:56:12.6468097Z [1m[92m  Downloaded[0m iced_runtime v0.12.1
2025-11-02T05:56:12.6489638Z [1m[92m  Downloaded[0m iced_renderer v0.12.1
2025-11-02T05:56:12.6498493Z [1m[92m  Downloaded[0m iced_futures v0.12.0
2025-11-02T05:56:12.6515513Z [1m[92m  Downloaded[0m hyper-tls v0.5.0
2025-11-02T05:56:12.6527526Z [1m[92m  Downloaded[0m httpdate v1.0.3
2025-11-02T05:56:12.6538623Z [1m[92m  Downloaded[0m hashlink v0.8.4
2025-11-02T05:56:12.6554997Z [1m[92m  Downloaded[0m guillotiere v0.6.2
2025-11-02T05:56:12.6566892Z [1m[92m  Downloaded[0m gpu-descriptor-types v0.1.2
2025-11-02T05:56:12.6573073Z [1m[92m  Downloaded[0m glam v0.25.0
2025-11-02T05:56:12.6747188Z [1m[92m  Downloaded[0m quote v1.0.41
2025-11-02T05:56:12.6773979Z [1m[92m  Downloaded[0m iced_graphics v0.12.1
2025-11-02T05:56:12.6816713Z [1m[92m  Downloaded[0m pico-args v0.5.0
2025-11-02T05:56:12.6829409Z [1m[92m  Downloaded[0m phf_shared v0.11.3
2025-11-02T05:56:12.6838172Z [1m[92m  Downloaded[0m phf_generator v0.11.3
2025-11-02T05:56:12.6848726Z [1m[92m  Downloaded[0m phf v0.11.3
2025-11-02T05:56:12.6860175Z [1m[92m  Downloaded[0m pest_meta v2.8.3
2025-11-02T05:56:12.6882443Z [1m[92m  Downloaded[0m pest v2.8.3
2025-11-02T05:56:12.6930332Z [1m[92m  Downloaded[0m palette v0.7.6
2025-11-02T05:56:12.7039932Z [1m[92m  Downloaded[0m libm v0.2.15
2025-11-02T05:56:12.7162042Z [1m[92m  Downloaded[0m idna_adapter v1.2.1
2025-11-02T05:56:12.7171203Z [1m[92m  Downloaded[0m iced_tiny_skia v0.12.1
2025-11-02T05:56:12.7184035Z [1m[92m  Downloaded[0m http-body v0.4.6
2025-11-02T05:56:12.7200395Z [1m[92m  Downloaded[0m futures-util v0.3.31
2025-11-02T05:56:12.7327740Z [1m[92m  Downloaded[0m socket2 v0.5.10
2025-11-02T05:56:12.7345470Z [1m[92m  Downloaded[0m siphasher v1.0.1
2025-11-02T05:56:12.7357106Z [1m[92m  Downloaded[0m simd-adler32 v0.3.7
2025-11-02T05:56:12.7374040Z [1m[92m  Downloaded[0m polling v3.11.0
2025-11-02T05:56:12.7403596Z [1m[92m  Downloaded[0m pkg-config v0.3.32
2025-11-02T05:56:12.7419318Z [1m[92m  Downloaded[0m pin-project-lite v0.2.16
2025-11-02T05:56:12.7475925Z [1m[92m  Downloaded[0m phf_macros v0.11.3
2025-11-02T05:56:12.7485098Z [1m[92m  Downloaded[0m pest_generator v2.8.3
2025-11-02T05:56:12.7501358Z [1m[92m  Downloaded[0m pest_derive v2.8.3
2025-11-02T05:56:12.7524738Z [1m[92m  Downloaded[0m openssl v0.10.74
2025-11-02T05:56:12.7616331Z [1m[92m  Downloaded[0m miniz_oxide v0.8.9
2025-11-02T05:56:12.7641109Z [1m[92m  Downloaded[0m httparse v1.10.1
2025-11-02T05:56:12.7665441Z [1m[92m  Downloaded[0m gpu-descriptor v0.2.4
2025-11-02T05:56:12.7673201Z [1m[92m  Downloaded[0m gpu-alloc-types v0.3.0
2025-11-02T05:56:12.7680714Z [1m[92m  Downloaded[0m encoding_rs v0.8.35
2025-11-02T05:56:12.7879796Z [1m[92m  Downloaded[0m cosmic-text v0.10.0
2025-11-02T05:56:12.8059178Z [1m[92m  Downloaded[0m pathdiff v0.2.3
2025-11-02T05:56:12.8068398Z [1m[92m  Downloaded[0m parking_lot_core v0.9.12
2025-11-02T05:56:12.8088929Z [1m[92m  Downloaded[0m parking_lot v0.12.5
2025-11-02T05:56:12.8113164Z [1m[92m  Downloaded[0m palette_derive v0.7.6
2025-11-02T05:56:12.8130789Z [1m[92m  Downloaded[0m ordered-multimap v0.7.3
2025-11-02T05:56:12.8149754Z [1m[92m  Downloaded[0m openssl-sys v0.9.110
2025-11-02T05:56:12.8204744Z [1m[92m  Downloaded[0m log v0.4.28
2025-11-02T05:56:12.8229112Z [1m[92m  Downloaded[0m kamadak-exif v0.5.5
2025-11-02T05:56:12.8256263Z [1m[92m  Downloaded[0m icu_provider v2.1.1
2025-11-02T05:56:12.8281798Z [1m[92m  Downloaded[0m icu_normalizer_data v2.1.1
2025-11-02T05:56:12.8302911Z [1m[92m  Downloaded[0m half v2.7.1
2025-11-02T05:56:12.8329272Z [1m[92m  Downloaded[0m flate2 v1.1.5
2025-11-02T05:56:12.8376009Z [1m[92m  Downloaded[0m arrayvec v0.7.6
2025-11-02T05:56:12.8395518Z [1m[92m  Downloaded[0m gif v0.13.3
2025-11-02T05:56:12.8412263Z [1m[92m  Downloaded[0m getrandom v0.2.16
2025-11-02T05:56:12.8440737Z [1m[92m  Downloaded[0m is_terminal_polyfill v1.70.2
2025-11-02T05:56:12.8449926Z [1m[92m  Downloaded[0m iced_style v0.12.1
2025-11-02T05:56:12.8467517Z [1m[92m  Downloaded[0m gpu-alloc v0.6.0
2025-11-02T05:56:12.8480723Z [1m[92m  Downloaded[0m fontdb v0.15.0
2025-11-02T05:56:12.8503842Z [1m[92m  Downloaded[0m percent-encoding v2.3.2
2025-11-02T05:56:12.8513931Z [1m[92m  Downloaded[0m owned_ttf_parser v0.25.1
2025-11-02T05:56:12.8523130Z [1m[92m  Downloaded[0m option-ext v0.2.0
2025-11-02T05:56:12.8531222Z [1m[92m  Downloaded[0m openssl-macros v0.1.1
2025-11-02T05:56:12.8538456Z [1m[92m  Downloaded[0m once_cell v1.21.3
2025-11-02T05:56:12.8562921Z [1m[92m  Downloaded[0m glob v0.3.3
2025-11-02T05:56:12.8577384Z [1m[92m  Downloaded[0m gethostname v1.1.0
2025-11-02T05:56:12.8587382Z [1m[92m  Downloaded[0m generic-array v0.14.9
2025-11-02T05:56:12.8601107Z [1m[92m  Downloaded[0m futures-sink v0.3.31
2025-11-02T05:56:12.8608841Z [1m[92m  Downloaded[0m futures-macro v0.3.31
2025-11-02T05:56:12.8618445Z [1m[92m  Downloaded[0m futures-io v0.3.31
2025-11-02T05:56:12.8626334Z [1m[92m  Downloaded[0m futures-executor v0.3.31
2025-11-02T05:56:12.8639405Z [1m[92m  Downloaded[0m futures-core v0.3.31
2025-11-02T05:56:12.8652208Z [1m[92m  Downloaded[0m futures-channel v0.3.31
2025-11-02T05:56:12.8669921Z [1m[92m  Downloaded[0m fontconfig-parser v0.5.8
2025-11-02T05:56:12.8724787Z [1m[92m  Downloaded[0m font-types v0.7.3
2025-11-02T05:56:12.8741437Z [1m[92m  Downloaded[0m fdeflate v0.3.7
2025-11-02T05:56:12.8757027Z [1m[92m  Downloaded[0m exr v1.73.0
2025-11-02T05:56:12.8849473Z [1m[92m  Downloaded[0m euclid v0.22.11
2025-11-02T05:56:12.8879532Z [1m[92m  Downloaded[0m drm v0.12.0
2025-11-02T05:56:12.8907267Z [1m[92m  Downloaded[0m crossbeam-epoch v0.9.18
2025-11-02T05:56:12.8930741Z [1m[92m  Downloaded[0m crc32fast v1.5.0
2025-11-02T05:56:12.8948850Z [1m[92m  Downloaded[0m config v0.14.1
2025-11-02T05:56:12.8994716Z [1m[92m  Downloaded[0m command-group v2.1.0
2025-11-02T05:56:12.9034134Z [1m[92m  Downloaded[0m codespan-reporting v0.11.1
2025-11-02T05:56:12.9104019Z [1m[92m  Downloaded[0m clap_builder v4.5.51
2025-11-02T05:56:12.9165648Z [1m[92m  Downloaded[0m cc v1.2.44
2025-11-02T05:56:12.9193942Z [1m[92m  Downloaded[0m calloop v0.13.0
2025-11-02T05:56:12.9226132Z [1m[92m  Downloaded[0m base64 v0.21.7
2025-11-02T05:56:12.9263479Z [1m[92m  Downloaded[0m ash v0.37.3+1.3.251
2025-11-02T05:56:12.9404921Z [1m[92m  Downloaded[0m aho-corasick v1.1.4
2025-11-02T05:56:12.9457496Z [1m[92m  Downloaded[0m heck v0.5.0
2025-11-02T05:56:12.9469417Z [1m[92m  Downloaded[0m foldhash v0.1.5
2025-11-02T05:56:12.9481182Z [1m[92m  Downloaded[0m fnv v1.0.7
2025-11-02T05:56:12.9489509Z [1m[92m  Downloaded[0m float-cmp v0.9.0
2025-11-02T05:56:12.9500485Z [1m[92m  Downloaded[0m displaydoc v0.2.5
2025-11-02T05:56:12.9529460Z [1m[92m  Downloaded[0m fastrand v2.3.0
2025-11-02T05:56:12.9541711Z [1m[92m  Downloaded[0m drm-ffi v0.8.0
2025-11-02T05:56:12.9551311Z [1m[92m  Downloaded[0m downcast-rs v1.2.1
2025-11-02T05:56:12.9563830Z [1m[92m  Downloaded[0m deranged v0.5.5
2025-11-02T05:56:12.9576827Z [1m[92m  Downloaded[0m cursor-icon v1.2.0
2025-11-02T05:56:12.9589025Z [1m[92m  Downloaded[0m ctor-lite v0.1.0
2025-11-02T05:56:12.9602326Z [1m[92m  Downloaded[0m crossbeam-deque v0.8.6
2025-11-02T05:56:12.9615544Z [1m[92m  Downloaded[0m cpufeatures v0.2.17
2025-11-02T05:56:12.9629140Z [1m[92m  Downloaded[0m cookie_store v0.20.0
2025-11-02T05:56:12.9646865Z [1m[92m  Downloaded[0m cookie v0.17.0
2025-11-02T05:56:12.9669428Z [1m[92m  Downloaded[0m convert_case v0.6.0
2025-11-02T05:56:12.9682026Z [1m[92m  Downloaded[0m console v0.15.11
2025-11-02T05:56:12.9710771Z [1m[92m  Downloaded[0m colorchoice v1.0.4
2025-11-02T05:56:12.9719881Z [1m[92m  Downloaded[0m clipboard_wayland v0.2.2
2025-11-02T05:56:12.9726248Z [1m[92m  Downloaded[0m clap_lex v0.7.6
2025-11-02T05:56:12.9736410Z [1m[92m  Downloaded[0m calloop v0.12.4
2025-11-02T05:56:12.9769726Z [1m[92m  Downloaded[0m bytes v1.10.1
2025-11-02T05:56:12.9809651Z [1m[92m  Downloaded[0m allocator-api2 v0.2.21
2025-11-02T05:56:12.9834318Z [1m[92m  Downloaded[0m fast-srgb8 v1.0.0
2025-11-02T05:56:12.9845631Z [1m[92m  Downloaded[0m errno v0.3.14
2025-11-02T05:56:12.9860599Z [1m[92m  Downloaded[0m drm-sys v0.7.0
2025-11-02T05:56:12.9869674Z [1m[92m  Downloaded[0m drm-fourcc v2.2.0
2025-11-02T05:56:12.9881950Z [1m[92m  Downloaded[0m dlib v0.5.2
2025-11-02T05:56:12.9890906Z [1m[92m  Downloaded[0m digest v0.10.7
2025-11-02T05:56:12.9908357Z [1m[92m  Downloaded[0m const-random-macro v0.1.16
2025-11-02T05:56:12.9916191Z [1m[92m  Downloaded[0m color_quant v1.1.0
2025-11-02T05:56:12.9925953Z [1m[92m  Downloaded[0m clap v4.5.51
2025-11-02T05:56:13.0017879Z [1m[92m  Downloaded[0m bytemuck v1.24.0
2025-11-02T05:56:13.0048018Z [1m[92m  Downloaded[0m bitflags v2.10.0
2025-11-02T05:56:13.0087908Z [1m[92m  Downloaded[0m anyhow v1.0.100
2025-11-02T05:56:13.0127227Z [1m[92m  Downloaded[0m foreign-types v0.3.2
2025-11-02T05:56:13.0133808Z [1m[92m  Downloaded[0m find-msvc-tools v0.1.4
2025-11-02T05:56:13.0148826Z [1m[92m  Downloaded[0m etagere v0.2.15
2025-11-02T05:56:13.0162230Z [1m[92m  Downloaded[0m data-url v0.3.2
2025-11-02T05:56:13.0176437Z [1m[92m  Downloaded[0m crunchy v0.2.4
2025-11-02T05:56:13.0184110Z [1m[92m  Downloaded[0m crossbeam-utils v0.8.21
2025-11-02T05:56:13.0209499Z [1m[92m  Downloaded[0m const-random v0.1.18
2025-11-02T05:56:13.0219658Z [1m[92m  Downloaded[0m clap_derive v4.5.49
2025-11-02T05:56:13.0239925Z [1m[92m  Downloaded[0m bytemuck_derive v1.10.2
2025-11-02T05:56:13.0252474Z [1m[92m  Downloaded[0m async-trait v0.1.89
2025-11-02T05:56:13.0288034Z [1m[92m  Downloaded[0m either v1.15.0
2025-11-02T05:56:13.0301417Z [1m[92m  Downloaded[0m dlv-list v0.5.2
2025-11-02T05:56:13.0320427Z [1m[92m  Downloaded[0m dirs-sys v0.4.1
2025-11-02T05:56:13.0331454Z [1m[92m  Downloaded[0m dirs v5.0.1
2025-11-02T05:56:13.0343200Z [1m[92m  Downloaded[0m crypto-common v0.1.6
2025-11-02T05:56:13.0351572Z [1m[92m  Downloaded[0m byteorder v1.5.0
2025-11-02T05:56:13.0366542Z [1m[92m  Downloaded[0m by_address v1.2.1
2025-11-02T05:56:13.0374406Z [1m[92m  Downloaded[0m block-buffer v0.10.4
2025-11-02T05:56:13.0383903Z [1m[92m  Downloaded[0m arraydeque v0.5.1
2025-11-02T05:56:13.0396264Z [1m[92m  Downloaded[0m anstream v0.6.21
2025-11-02T05:56:13.0414957Z [1m[92m  Downloaded[0m calloop-wayland-source v0.3.0
2025-11-02T05:56:13.0426581Z [1m[92m  Downloaded[0m bit_field v0.10.3
2025-11-02T05:56:13.0438075Z [1m[92m  Downloaded[0m bit-vec v0.6.3
2025-11-02T05:56:13.0449754Z [1m[92m  Downloaded[0m autocfg v1.5.0
2025-11-02T05:56:13.0468183Z [1m[92m  Downloaded[0m bit-set v0.5.3
2025-11-02T05:56:13.0477880Z [1m[92m  Downloaded[0m approx v0.5.1
2025-11-02T05:56:13.0494508Z [1m[92m  Downloaded[0m anstyle-parse v0.2.7
2025-11-02T05:56:13.0509299Z [1m[92m  Downloaded[0m ab_glyph v0.2.32
2025-11-02T05:56:13.0525112Z [1m[92m  Downloaded[0m calloop-wayland-source v0.2.0
2025-11-02T05:56:13.0536769Z [1m[92m  Downloaded[0m arrayref v0.3.9
2025-11-02T05:56:13.0548628Z [1m[92m  Downloaded[0m anstyle v1.0.13
2025-11-02T05:56:13.0562180Z [1m[92m  Downloaded[0m equivalent v1.0.2
2025-11-02T05:56:13.0571409Z [1m[92m  Downloaded[0m clipboard_x11 v0.4.2
2025-11-02T05:56:13.1205607Z [1m[92m   Compiling[0m proc-macro2 v1.0.103
2025-11-02T05:56:13.1206665Z [1m[92m   Compiling[0m quote v1.0.41
2025-11-02T05:56:13.1207410Z [1m[92m   Compiling[0m unicode-ident v1.0.22
2025-11-02T05:56:13.1208109Z [1m[92m   Compiling[0m libc v0.2.177
2025-11-02T05:56:13.1900125Z [1m[92m   Compiling[0m cfg-if v1.0.4
2025-11-02T05:56:13.2260039Z [1m[92m   Compiling[0m serde_core v1.0.228
2025-11-02T05:56:13.4429104Z [1m[92m   Compiling[0m once_cell v1.21.3
2025-11-02T05:56:13.6084261Z [1m[92m   Compiling[0m version_check v0.9.5
2025-11-02T05:56:13.8404393Z [1m[92m   Compiling[0m smallvec v1.15.1
2025-11-02T05:56:14.0733533Z [1m[92m   Compiling[0m stable_deref_trait v1.2.1
2025-11-02T05:56:14.1141957Z [1m[92m   Compiling[0m serde v1.0.228
2025-11-02T05:56:14.2932180Z [1m[92m   Compiling[0m syn v2.0.108
2025-11-02T05:56:14.3727168Z [1m[92m   Compiling[0m memchr v2.7.6
2025-11-02T05:56:15.2107140Z [1m[92m   Compiling[0m itoa v1.0.15
2025-11-02T05:56:15.2960448Z [1m[92m   Compiling[0m shlex v1.3.0
2025-11-02T05:56:15.4113154Z [1m[92m   Compiling[0m find-msvc-tools v0.1.4
2025-11-02T05:56:15.5708503Z [1m[92m   Compiling[0m pin-project-lite v0.2.16
2025-11-02T05:56:15.6193211Z [1m[92m   Compiling[0m cc v1.2.44
2025-11-02T05:56:15.6285193Z [1m[92m   Compiling[0m pkg-config v0.3.32
2025-11-02T05:56:15.9135321Z [1m[92m   Compiling[0m vcpkg v0.2.15
2025-11-02T05:56:16.0802049Z [1m[92m   Compiling[0m litemap v0.8.1
2025-11-02T05:56:16.2457923Z [1m[92m   Compiling[0m parking_lot_core v0.9.12
2025-11-02T05:56:16.3583205Z [1m[92m   Compiling[0m writeable v0.6.2
2025-11-02T05:56:16.5175262Z [1m[92m   Compiling[0m bitflags v2.10.0
2025-11-02T05:56:16.5273763Z [1m[92m   Compiling[0m getrandom v0.3.4
2025-11-02T05:56:16.6943617Z [1m[92m   Compiling[0m equivalent v1.0.2
2025-11-02T05:56:16.7347747Z [1m[92m   Compiling[0m crunchy v0.2.4
2025-11-02T05:56:16.8543878Z [1m[92m   Compiling[0m scopeguard v1.2.0
2025-11-02T05:56:16.8600055Z [1m[92m   Compiling[0m hashbrown v0.16.0
2025-11-02T05:56:16.8853107Z [1m[92m   Compiling[0m openssl-sys v0.9.110
2025-11-02T05:56:16.8997449Z [1m[92m   Compiling[0m icu_normalizer_data v2.1.1
2025-11-02T05:56:16.9850548Z [1m[92m   Compiling[0m icu_properties_data v2.1.1
2025-11-02T05:56:17.0710154Z [1m[92m   Compiling[0m zerocopy v0.8.27
2025-11-02T05:56:17.2285068Z [1m[92m   Compiling[0m bytes v1.10.1
2025-11-02T05:56:17.4963976Z [1m[92m   Compiling[0m indexmap v2.12.0
2025-11-02T05:56:17.8107166Z [1m[92m   Compiling[0m synstructure v0.13.2
2025-11-02T05:56:18.1992270Z [1m[92m   Compiling[0m lock_api v0.4.14
2025-11-02T05:56:18.3310806Z [1m[92m   Compiling[0m ahash v0.8.12
2025-11-02T05:56:18.3950415Z [1m[92m   Compiling[0m tracing-core v0.1.34
2025-11-02T05:56:18.4220677Z [1m[92m   Compiling[0m tiny-keccak v2.0.2
2025-11-02T05:56:18.5108743Z [1m[92m   Compiling[0m parking_lot v0.12.5
2025-11-02T05:56:19.3088860Z [1m[92m   Compiling[0m zerofrom-derive v0.1.6
2025-11-02T05:56:19.3812811Z [1m[92m   Compiling[0m yoke-derive v0.8.1
2025-11-02T05:56:19.4036516Z [1m[92m   Compiling[0m serde_derive v1.0.228
2025-11-02T05:56:19.9097279Z [1m[92m   Compiling[0m zerovec-derive v0.11.2
2025-11-02T05:56:20.2448324Z [1m[92m   Compiling[0m displaydoc v0.2.5
2025-11-02T05:56:20.4425092Z [1m[92m   Compiling[0m zerofrom v0.1.6
2025-11-02T05:56:20.5313285Z [1m[92m   Compiling[0m yoke v0.8.1
2025-11-02T05:56:20.6766699Z [1m[92m   Compiling[0m zerocopy-derive v0.8.27
2025-11-02T05:56:20.7214448Z [1m[92m   Compiling[0m zerotrie v0.2.3
2025-11-02T05:56:20.8409031Z [1m[92m   Compiling[0m zerovec v0.11.5
2025-11-02T05:56:21.1137809Z [1m[92m   Compiling[0m tokio-macros v2.6.0
2025-11-02T05:56:21.4379307Z [1m[92m   Compiling[0m tinystr v0.8.2
2025-11-02T05:56:21.5951827Z [1m[92m   Compiling[0m icu_locale_core v2.1.1
2025-11-02T05:56:21.6069033Z [1m[92m   Compiling[0m potential_utf v0.1.4
2025-11-02T05:56:21.7107192Z [1m[92m   Compiling[0m icu_collections v2.1.1
2025-11-02T05:56:22.3793988Z [1m[92m   Compiling[0m icu_provider v2.1.1
2025-11-02T05:56:22.7291808Z [1m[92m   Compiling[0m signal-hook-registry v1.4.6
2025-11-02T05:56:23.0541041Z [1m[92m   Compiling[0m socket2 v0.6.1
2025-11-02T05:56:23.3893065Z [1m[92m   Compiling[0m mio v1.1.0
2025-11-02T05:56:23.9201996Z [1m[92m   Compiling[0m futures-core v0.3.31
2025-11-02T05:56:24.0480921Z [1m[92m   Compiling[0m typenum v1.19.0
2025-11-02T05:56:24.1631987Z [1m[92m   Compiling[0m ryu v1.0.20
2025-11-02T05:56:24.1738443Z [1m[92m   Compiling[0m log v0.4.28
2025-11-02T05:56:24.2341607Z [1m[92m   Compiling[0m futures-sink v0.3.31
2025-11-02T05:56:24.3119955Z [1m[92m   Compiling[0m getrandom v0.2.16
2025-11-02T05:56:24.4164172Z [1m[92m   Compiling[0m tokio v1.48.0
2025-11-02T05:56:24.4341076Z [1m[92m   Compiling[0m icu_normalizer v2.1.1
2025-11-02T05:56:24.4420209Z [1m[92m   Compiling[0m icu_properties v2.1.1
2025-11-02T05:56:24.5614733Z [1m[92m   Compiling[0m tracing-attributes v0.1.30
2025-11-02T05:56:25.7695635Z [1m[92m   Compiling[0m generic-array v0.14.9
2025-11-02T05:56:25.8568113Z [1m[92m   Compiling[0m allocator-api2 v0.2.21
2025-11-02T05:56:26.1735150Z [1m[92m   Compiling[0m openssl v0.10.74
2025-11-02T05:56:26.1964444Z [1m[92m   Compiling[0m ucd-trie v0.1.7
2025-11-02T05:56:26.2871887Z [1m[92m   Compiling[0m serde_json v1.0.145
2025-11-02T05:56:26.3470039Z [1m[92m   Compiling[0m foreign-types-shared v0.1.1
2025-11-02T05:56:26.3857434Z [1m[92m   Compiling[0m percent-encoding v2.3.2
2025-11-02T05:56:26.4296743Z [1m[92m   Compiling[0m fnv v1.0.7
2025-11-02T05:56:26.4629341Z [1m[92m   Compiling[0m const-random-macro v0.1.16
2025-11-02T05:56:26.4787312Z [1m[92m   Compiling[0m http v0.2.12
2025-11-02T05:56:26.5795099Z [1m[92m   Compiling[0m foreign-types v0.3.2
2025-11-02T05:56:26.6419064Z [1m[92m   Compiling[0m pest v2.8.3
2025-11-02T05:56:26.6509519Z [1m[92m   Compiling[0m hashbrown v0.14.5
2025-11-02T05:56:27.3650018Z [1m[92m   Compiling[0m tracing v0.1.41
2025-11-02T05:56:27.6737047Z [1m[92m   Compiling[0m idna_adapter v1.2.1
2025-11-02T05:56:27.8806411Z [1m[92m   Compiling[0m futures-channel v0.3.31
2025-11-02T05:56:28.0650655Z [1m[92m   Compiling[0m futures-macro v0.3.31
2025-11-02T05:56:28.3017407Z [1m[92m   Compiling[0m openssl-macros v0.1.1
2025-11-02T05:56:28.4744667Z [1m[92m   Compiling[0m futures-io v0.3.31
2025-11-02T05:56:28.5971644Z [1m[92m   Compiling[0m httparse v1.10.1
2025-11-02T05:56:28.6886970Z [1m[92m   Compiling[0m tinyvec_macros v0.1.1
2025-11-02T05:56:28.7221772Z [1m[92m   Compiling[0m native-tls v0.2.14
2025-11-02T05:56:28.7668267Z [1m[92m   Compiling[0m pin-utils v0.1.0
2025-11-02T05:56:28.8053539Z [1m[92m   Compiling[0m time-core v0.1.6
2025-11-02T05:56:28.8173080Z [1m[92m   Compiling[0m utf8_iter v1.0.4
2025-11-02T05:56:28.9129967Z [1m[92m   Compiling[0m futures-task v0.3.31
2025-11-02T05:56:28.9196396Z [1m[92m   Compiling[0m powerfmt v0.2.0
2025-11-02T05:56:29.0112893Z [1m[92m   Compiling[0m num-conv v0.1.0
2025-11-02T05:56:29.1096684Z [1m[92m   Compiling[0m slab v0.4.11
2025-11-02T05:56:29.1147569Z [1m[92m   Compiling[0m time-macros v0.2.24
2025-11-02T05:56:29.2530490Z [1m[92m   Compiling[0m futures-util v0.3.31
2025-11-02T05:56:30.1051319Z [1m[92m   Compiling[0m deranged v0.5.5
2025-11-02T05:56:31.5027270Z [1m[92m   Compiling[0m tokio-util v0.7.16
2025-11-02T05:56:32.1660977Z [1m[92m   Compiling[0m idna v1.1.0
2025-11-02T05:56:32.5930041Z [1m[92m   Compiling[0m tinyvec v1.10.0
2025-11-02T05:56:33.6412105Z [1m[92m   Compiling[0m pest_meta v2.8.3
2025-11-02T05:56:34.5163287Z [1m[92m   Compiling[0m const-random v0.1.18
2025-11-02T05:56:35.2254767Z [1m[92m   Compiling[0m form_urlencoded v1.2.2
2025-11-02T05:56:35.4264016Z [1m[92m   Compiling[0m cookie v0.17.0
2025-11-02T05:56:35.6221109Z [1m[92m   Compiling[0m openssl-probe v0.1.6
2025-11-02T05:56:35.8310626Z [1m[92m   Compiling[0m try-lock v0.2.5
2025-11-02T05:56:35.8883330Z [1m[92m   Compiling[0m base64 v0.21.7
2025-11-02T05:56:35.9054719Z [1m[92m   Compiling[0m time v0.3.44
2025-11-02T05:56:36.3682425Z [1m[92m   Compiling[0m want v0.3.1
2025-11-02T05:56:36.9917343Z [1m[92m   Compiling[0m dlv-list v0.5.2
2025-11-02T05:56:37.2043965Z [1m[92m   Compiling[0m pest_generator v2.8.3
2025-11-02T05:56:37.5671628Z [1m[92m   Compiling[0m unicode-normalization v0.1.25
2025-11-02T05:56:38.1036397Z [1m[92m   Compiling[0m h2 v0.3.27
2025-11-02T05:56:38.3128480Z [1m[92m   Compiling[0m http-body v0.4.6
2025-11-02T05:56:38.4904425Z [1m[92m   Compiling[0m serde_spanned v0.6.9
2025-11-02T05:56:38.5204628Z [1m[92m   Compiling[0m toml_datetime v0.6.11
2025-11-02T05:56:38.5831304Z [1m[92m   Compiling[0m socket2 v0.5.10
2025-11-02T05:56:38.8422793Z [1m[92m   Compiling[0m encoding_rs v0.8.35
2025-11-02T05:56:39.4617981Z [1m[92m   Compiling[0m tower-service v0.3.3
2025-11-02T05:56:39.5119584Z [1m[92m   Compiling[0m unicode-bidi v0.3.18
2025-11-02T05:56:39.5567294Z [1m[92m   Compiling[0m winnow v0.7.13
2025-11-02T05:56:40.8299347Z [1m[92m   Compiling[0m httpdate v1.0.3
2025-11-02T05:56:41.1559700Z [1m[92m   Compiling[0m utf8parse v0.2.2
2025-11-02T05:56:41.6636019Z [1m[92m   Compiling[0m portable-atomic v1.11.1
2025-11-02T05:56:41.7369751Z [1m[92m   Compiling[0m toml_write v0.1.2
2025-11-02T05:56:41.9195461Z [1m[92m   Compiling[0m psl-types v2.0.11
2025-11-02T05:56:41.9632350Z [1m[92m   Compiling[0m rustix v0.38.44
2025-11-02T05:56:41.9901240Z [1m[92m   Compiling[0m publicsuffix v2.3.0
2025-11-02T05:56:42.1359813Z [1m[92m   Compiling[0m toml_edit v0.22.27
2025-11-02T05:56:43.9078293Z [1m[92m   Compiling[0m anstyle-parse v0.2.7
2025-11-02T05:56:44.0572883Z [1m[92m   Compiling[0m hyper v0.14.32
2025-11-02T05:56:44.2220656Z [1m[92m   Compiling[0m idna v0.3.0
2025-11-02T05:56:45.3073397Z [1m[92m   Compiling[0m pest_derive v2.8.3
2025-11-02T05:56:46.1154442Z [1m[92m   Compiling[0m ordered-multimap v0.7.3
2025-11-02T05:56:46.3872793Z [1m[92m   Compiling[0m tokio-native-tls v0.3.1
2025-11-02T05:56:46.4977333Z [1m[92m   Compiling[0m url v2.5.7
2025-11-02T05:56:47.1488065Z [1m[92m   Compiling[0m block-buffer v0.10.4
2025-11-02T05:56:47.2385581Z [1m[92m   Compiling[0m crypto-common v0.1.6
2025-11-02T05:56:47.3150287Z [1m[92m   Compiling[0m hashlink v0.8.4
2025-11-02T05:56:47.6211212Z [1m[92m   Compiling[0m aho-corasick v1.1.4
2025-11-02T05:56:49.2847013Z [1m[92m   Compiling[0m bitflags v1.3.2
2025-11-02T05:56:49.3232767Z [1m[92m   Compiling[0m is_terminal_polyfill v1.70.2
2025-11-02T05:56:49.3717620Z [1m[92m   Compiling[0m unicode-width v0.2.2
2025-11-02T05:56:49.5825312Z [1m[92m   Compiling[0m anstyle v1.0.13
2025-11-02T05:56:49.7900069Z [1m[92m   Compiling[0m minimal-lexical v0.2.1
2025-11-02T05:56:50.0493118Z [1m[92m   Compiling[0m option-ext v0.2.0
2025-11-02T05:56:50.0974988Z [1m[92m   Compiling[0m anyhow v1.0.100
2025-11-02T05:56:50.2429651Z [1m[92m   Compiling[0m anstyle-query v1.1.4
2025-11-02T05:56:50.2652763Z [1m[92m   Compiling[0m unicode-segmentation v1.12.0
2025-11-02T05:56:50.2985393Z [1m[92m   Compiling[0m regex-syntax v0.8.8
2025-11-02T05:56:50.8251905Z [1m[92m   Compiling[0m linux-raw-sys v0.4.15
2025-11-02T05:56:51.2521403Z [1m[92m   Compiling[0m colorchoice v1.0.4
2025-11-02T05:56:51.3104719Z [1m[92m   Compiling[0m arraydeque v0.5.1
2025-11-02T05:56:51.4833389Z [1m[92m   Compiling[0m thiserror v1.0.69
2025-11-02T05:56:51.6761637Z [1m[92m   Compiling[0m yaml-rust2 v0.8.1
2025-11-02T05:56:52.9224051Z [1m[92m   Compiling[0m regex-automata v0.4.13
2025-11-02T05:56:54.2607564Z [1m[92m   Compiling[0m anstream v0.6.21
2025-11-02T05:56:56.1090196Z [1m[92m   Compiling[0m convert_case v0.6.0
2025-11-02T05:56:57.3622786Z [1m[92m   Compiling[0m dirs-sys v0.4.1
2025-11-02T05:56:57.8285977Z [1m[92m   Compiling[0m nom v7.1.3
2025-11-02T05:56:58.5901601Z [1m[92m   Compiling[0m console v0.15.11
2025-11-02T05:56:59.7820772Z [1m[92m   Compiling[0m nix v0.26.4
2025-11-02T05:57:00.0652577Z [1m[92m   Compiling[0m digest v0.10.7
2025-11-02T05:57:00.2304506Z [1m[92m   Compiling[0m cookie_store v0.20.0
2025-11-02T05:57:01.1714393Z [1m[92m   Compiling[0m hyper-tls v0.5.0
2025-11-02T05:57:01.3513761Z [1m[92m   Compiling[0m rust-ini v0.20.0
2025-11-02T05:57:01.8147398Z [1m[92m   Compiling[0m json5 v0.4.1
2025-11-02T05:57:02.3191647Z [1m[92m   Compiling[0m toml v0.8.23
2025-11-02T05:57:03.5551080Z [1m[92m   Compiling[0m ron v0.8.1
2025-11-02T05:57:04.7080461Z [1m[92m   Compiling[0m rustls-pemfile v1.0.4
2025-11-02T05:57:05.0455116Z [1m[92m   Compiling[0m serde_urlencoded v0.7.1
2025-11-02T05:57:05.2730653Z [1m[92m   Compiling[0m async-trait v0.1.89
2025-11-02T05:57:05.5498567Z [1m[92m   Compiling[0m thiserror-impl v1.0.69
2025-11-02T05:57:06.0040307Z [1m[92m   Compiling[0m pathdiff v0.2.3
2025-11-02T05:57:06.0631149Z [1m[92m   Compiling[0m home v0.5.12
2025-11-02T05:57:06.1612270Z [1m[92m   Compiling[0m mime v0.3.17
2025-11-02T05:57:06.2311404Z [1m[92m   Compiling[0m either v1.15.0
2025-11-02T05:57:06.4129388Z [1m[92m   Compiling[0m heck v0.5.0
2025-11-02T05:57:06.5643596Z [1m[92m   Compiling[0m strsim v0.11.1
2025-11-02T05:57:06.5710004Z [1m[92m   Compiling[0m same-file v1.0.6
2025-11-02T05:57:06.6276281Z [1m[92m   Compiling[0m unsafe-libyaml v0.2.11
2025-11-02T05:57:06.6647752Z [1m[92m   Compiling[0m number_prefix v0.4.0
2025-11-02T05:57:06.7472039Z [1m[92m   Compiling[0m sync_wrapper v0.1.2
2025-11-02T05:57:06.7977586Z [1m[92m   Compiling[0m clap_lex v0.7.6
2025-11-02T05:57:07.0937350Z [1m[92m   Compiling[0m lazy_static v1.5.0
2025-11-02T05:57:07.1432203Z [1m[92m   Compiling[0m cpufeatures v0.2.17
2025-11-02T05:57:07.1820292Z [1m[92m   Compiling[0m ipnet v2.11.0
2025-11-02T05:57:07.3982211Z [1m[92m   Compiling[0m serde_yaml v0.9.34+deprecated
2025-11-02T05:57:08.5047092Z [1m[92m   Compiling[0m reqwest v0.11.27
2025-11-02T05:57:09.2396570Z [1m[92m   Compiling[0m sha2 v0.10.9
2025-11-02T05:57:10.8108436Z [1m[92m   Compiling[0m sharded-slab v0.1.7
2025-11-02T05:57:10.9425532Z [1m[92m   Compiling[0m clap_builder v4.5.51
2025-11-02T05:57:11.4731507Z [1m[92m   Compiling[0m indicatif v0.17.11
2025-11-02T05:57:11.7442673Z [1m[92m   Compiling[0m walkdir v2.5.0
2025-11-02T05:57:12.5216999Z [1m[92m   Compiling[0m clap_derive v4.5.49
2025-11-02T05:57:14.2588633Z [1m[92m   Compiling[0m which v6.0.3
2025-11-02T05:57:14.7642961Z [1m[92m   Compiling[0m config v0.14.1
2025-11-02T05:57:14.9458851Z [1m[92m   Compiling[0m command-group v2.1.0
2025-11-02T05:57:15.1323097Z [1m[92m   Compiling[0m dirs v5.0.1
2025-11-02T05:57:15.9101574Z [1m[92m   Compiling[0m matchers v0.2.0
2025-11-02T05:57:15.9968724Z [1m[92m   Compiling[0m tracing-log v0.2.0
2025-11-02T05:57:16.3149354Z [1m[92m   Compiling[0m tracing-serde v0.2.0
2025-11-02T05:57:16.4294921Z [1m[92m   Compiling[0m thread_local v1.1.9
2025-11-02T05:57:16.6833252Z [1m[92m   Compiling[0m nu-ansi-term v0.50.3
2025-11-02T05:57:17.2126403Z [1m[92m   Compiling[0m glob v0.3.3
2025-11-02T05:57:18.2630259Z [1m[92m   Compiling[0m winetricks-lib v0.1.0 (/home/runner/work/winetricks/winetricks/winetricks-lib)
2025-11-02T05:57:20.6383417Z [1m[92m   Compiling[0m tracing-subscriber v0.3.20
2025-11-02T05:57:22.7014710Z [1m[92m   Compiling[0m clap v4.5.51
2025-11-02T05:57:25.5034796Z [1m[92m   Compiling[0m winetricks-cli v0.1.0 (/home/runner/work/winetricks/winetricks/winetricks-cli)
2025-11-02T05:57:29.2353651Z [1m[92m    Finished[0m `release` profile [optimized] target(s) in 1m 20s
2025-11-02T05:57:29.6007305Z [1m[92m   Compiling[0m libloading v0.8.9
2025-11-02T05:57:29.6009564Z [1m[92m   Compiling[0m rustix v1.1.2
2025-11-02T05:57:29.6010436Z [1m[92m   Compiling[0m linux-raw-sys v0.11.0
2025-11-02T05:57:29.6010879Z [1m[92m   Compiling[0m bytemuck_derive v1.10.2
2025-11-02T05:57:29.7557762Z [1m[92m   Compiling[0m dlib v0.5.2
2025-11-02T05:57:29.8159485Z [1m[92m   Compiling[0m wayland-sys v0.31.7
2025-11-02T05:57:29.8860979Z [1m[92m   Compiling[0m wayland-backend v0.3.11
2025-11-02T05:57:29.9164824Z [1m[92m   Compiling[0m autocfg v1.5.0
2025-11-02T05:57:30.2254115Z [1m[92m   Compiling[0m num-traits v0.2.19
2025-11-02T05:57:30.3068690Z [1m[92m   Compiling[0m scoped-tls v1.0.1
2025-11-02T05:57:30.3547573Z [1m[92m   Compiling[0m downcast-rs v1.2.1
2025-11-02T05:57:30.4683052Z [1m[92m   Compiling[0m quick-xml v0.37.5
2025-11-02T05:57:30.5437464Z [1m[92m   Compiling[0m wayland-client v0.31.11
2025-11-02T05:57:30.6898020Z [1m[92m   Compiling[0m bytemuck v1.24.0
2025-11-02T05:57:30.9145390Z [1m[92m   Compiling[0m simd-adler32 v0.3.7
2025-11-02T05:57:31.1520171Z [1m[92m   Compiling[0m wayland-scanner v0.31.7
2025-11-02T05:57:31.1617840Z [1m[92m   Compiling[0m arrayvec v0.7.6
2025-11-02T05:57:31.3483206Z [1m[92m   Compiling[0m crc32fast v1.5.0
2025-11-02T05:57:31.4798002Z [1m[92m   Compiling[0m adler2 v2.0.1
2025-11-02T05:57:31.5306835Z [1m[92m   Compiling[0m miniz_oxide v0.8.9
2025-11-02T05:57:31.5950860Z [1m[92m   Compiling[0m crossbeam-utils v0.8.21
2025-11-02T05:57:31.7397979Z [1m[92m   Compiling[0m cfg_aliases v0.1.1
2025-11-02T05:57:31.9589076Z [1m[92m   Compiling[0m flate2 v1.1.5
2025-11-02T05:57:32.6136317Z [1m[92m   Compiling[0m rand_core v0.6.4
2025-11-02T05:57:32.7123176Z [1m[92m   Compiling[0m siphasher v1.0.1
2025-11-02T05:57:32.8422561Z [1m[92m   Compiling[0m float-cmp v0.9.0
2025-11-02T05:57:32.9149912Z [1m[92m   Compiling[0m strict-num v0.1.1
2025-11-02T05:57:33.0217524Z [1m[92m   Compiling[0m crossbeam-epoch v0.9.18
2025-11-02T05:57:33.1292826Z [1m[92m   Compiling[0m phf_shared v0.11.3
2025-11-02T05:57:33.2199412Z [1m[92m   Compiling[0m rand v0.8.5
2025-11-02T05:57:33.2408869Z [1m[92m   Compiling[0m slotmap v1.0.7
2025-11-02T05:57:33.3251819Z [1m[92m   Compiling[0m arrayref v0.3.9
2025-11-02T05:57:33.3582817Z [1m[92m   Compiling[0m rayon-core v1.13.0
2025-11-02T05:57:33.4327779Z [1m[92m   Compiling[0m raw-window-handle v0.6.2
2025-11-02T05:57:33.4426857Z [1m[92m   Compiling[0m tiny-skia-path v0.11.4
2025-11-02T05:57:33.6843153Z [1m[92m   Compiling[0m phf_generator v0.11.3
2025-11-02T05:57:33.7005998Z [1m[92m   Compiling[0m crossbeam-deque v0.8.6
2025-11-02T05:57:33.8091678Z [1m[92m   Compiling[0m unicode-bidi-mirroring v0.1.0
2025-11-02T05:57:33.8645874Z [1m[92m   Compiling[0m unicode-script v0.5.7
2025-11-02T05:57:33.8767083Z [1m[92m   Compiling[0m ttf-parser v0.19.2
2025-11-02T05:57:34.3716524Z [1m[92m   Compiling[0m unicode-ccc v0.1.2
2025-11-02T05:57:34.4797774Z [1m[92m   Compiling[0m unicode-properties v0.1.4
2025-11-02T05:57:34.7768062Z [1m[92m   Compiling[0m roxmltree v0.20.0
2025-11-02T05:57:38.3444563Z [1m[92m   Compiling[0m fontconfig-parser v0.5.8
2025-11-02T05:57:38.4108543Z [1m[92m   Compiling[0m polling v3.11.0
2025-11-02T05:57:39.1637235Z [1m[92m   Compiling[0m phf_macros v0.11.3
2025-11-02T05:57:40.0101097Z [1m[92m   Compiling[0m fdeflate v0.3.7
2025-11-02T05:57:40.3979213Z [1m[92m   Compiling[0m memmap2 v0.9.9
2025-11-02T05:57:40.6302595Z [1m[92m   Compiling[0m memmap2 v0.8.0
2025-11-02T05:57:40.8475537Z [1m[92m   Compiling[0m by_address v1.2.1
2025-11-02T05:57:40.9027540Z [1m[92m   Compiling[0m palette v0.7.6
2025-11-02T05:57:40.9425919Z [1m[92m   Compiling[0m rustc-hash v1.1.0
2025-11-02T05:57:40.9936479Z [1m[92m   Compiling[0m palette_derive v0.7.6
2025-11-02T05:57:40.9940584Z [1m[92m   Compiling[0m fontdb v0.15.0
2025-11-02T05:57:41.0696234Z [1m[92m   Compiling[0m png v0.17.16
2025-11-02T05:57:41.7506482Z [1m[92m   Compiling[0m phf v0.11.3
2025-11-02T05:57:41.8693680Z [1m[92m   Compiling[0m approx v0.5.1
2025-11-02T05:57:41.9641672Z [1m[92m   Compiling[0m font-types v0.7.3
2025-11-02T05:57:42.3126211Z [1m[92m   Compiling[0m fast-srgb8 v1.0.0
2025-11-02T05:57:42.3752417Z [1m[92m   Compiling[0m weezl v0.1.10
2025-11-02T05:57:42.5379107Z [1m[92m   Compiling[0m smol_str v0.2.2
2025-11-02T05:57:42.7804111Z [1m[92m   Compiling[0m libm v0.2.15
2025-11-02T05:57:42.9781455Z [1m[92m   Compiling[0m read-fonts v0.22.7
2025-11-02T05:57:43.5899097Z [1m[92m   Compiling[0m rayon v1.11.0
2025-11-02T05:57:43.6333658Z [1m[92m   Compiling[0m kurbo v0.9.5
2025-11-02T05:57:46.1167530Z [1m[92m   Compiling[0m num_cpus v1.17.0
2025-11-02T05:57:46.5521554Z [1m[92m   Compiling[0m glam v0.25.0
2025-11-02T05:57:47.0259327Z [1m[92m   Compiling[0m xxhash-rust v0.8.15
2025-11-02T05:57:47.4991589Z [1m[92m   Compiling[0m web-time v0.2.4
2025-11-02T05:57:47.5361050Z [1m[92m   Compiling[0m siphasher v0.3.11
2025-11-02T05:57:47.6937677Z [1m[92m   Compiling[0m as-raw-xcb-connection v1.0.1
2025-11-02T05:57:47.7352244Z [1m[92m   Compiling[0m color_quant v1.1.0
2025-11-02T05:57:48.0004217Z [1m[92m   Compiling[0m svgtypes v0.12.0
2025-11-02T05:57:49.1615387Z [1m[92m   Compiling[0m skrifa v0.22.3
2025-11-02T05:57:49.5607700Z [1m[92m   Compiling[0m iced_core v0.12.3
2025-11-02T05:57:49.7505088Z [1m[92m   Compiling[0m futures-executor v0.3.31
2025-11-02T05:57:50.6457423Z [1m[92m   Compiling[0m jpeg-decoder v0.3.2
2025-11-02T05:57:53.3181955Z [1m[92m   Compiling[0m gethostname v1.1.0
2025-11-02T05:57:53.3731818Z [1m[92m   Compiling[0m termcolor v1.4.1
2025-11-02T05:57:53.8045209Z [1m[92m   Compiling[0m ash v0.37.3+1.3.251
2025-11-02T05:57:53.8810411Z [1m[92m   Compiling[0m xcursor v0.3.10
2025-11-02T05:57:54.0153861Z [1m[92m   Compiling[0m khronos-egl v6.0.0
2025-11-02T05:57:54.0917063Z [1m[92m   Compiling[0m unicode-width v0.1.14
2025-11-02T05:57:54.2925377Z [1m[92m   Compiling[0m ttf-parser v0.20.0
2025-11-02T05:57:54.8253614Z [1m[92m   Compiling[0m xkeysym v0.2.1
2025-11-02T05:57:57.4427434Z [1m[92m   Compiling[0m x11rb-protocol v0.13.2
2025-11-02T05:57:59.5688094Z [1m[92m   Compiling[0m bit-vec v0.6.3
2025-11-02T05:57:59.7743915Z [1m[92m   Compiling[0m cursor-icon v1.2.0
2025-11-02T05:57:59.8510681Z [1m[92m   Compiling[0m yazi v0.1.6
2025-11-02T05:58:01.5233238Z [1m[92m   Compiling[0m rctree v0.5.0
2025-11-02T05:58:01.6418595Z [1m[92m   Compiling[0m zeno v0.2.3
2025-11-02T05:58:01.9683256Z [1m[92m   Compiling[0m usvg-tree v0.36.0
2025-11-02T05:58:02.6307119Z [1m[92m   Compiling[0m swash v0.1.19
2025-11-02T05:58:02.9676537Z [1m[92m   Compiling[0m wayland-csd-frame v0.3.0
2025-11-02T05:58:03.3305213Z [1m[92m   Compiling[0m bit-set v0.5.3
2025-11-02T05:58:03.4512005Z [1m[92m   Compiling[0m rustybuzz v0.11.0
2025-11-02T05:58:05.6312998Z [1m[92m   Compiling[0m codespan-reporting v0.11.1
2025-11-02T05:58:06.7389118Z [1m[92m   Compiling[0m wayland-cursor v0.31.11
2025-11-02T05:58:07.4127063Z [1m[92m   Compiling[0m futures v0.3.31
2025-11-02T05:58:07.4509943Z [1m[92m   Compiling[0m tiny-skia v0.11.4
2025-11-02T05:58:12.8196639Z [1m[92m   Compiling[0m x11rb v0.13.2
2025-11-02T05:58:14.5538404Z [1m[92m   Compiling[0m wgpu-hal v0.19.5
2025-11-02T05:58:14.7230903Z [1m[92m   Compiling[0m zune-inflate v0.2.54
2025-11-02T05:58:15.2535572Z [1m[92m   Compiling[0m half v2.7.1
2025-11-02T05:58:15.7693435Z [1m[92m   Compiling[0m gpu-alloc-types v0.3.0
2025-11-02T05:58:16.0536924Z [1m[92m   Compiling[0m gpu-descriptor-types v0.1.2
2025-11-02T05:58:16.0974241Z [1m[92m   Compiling[0m spirv v0.3.0+sdk-1.3.268.0
2025-11-02T05:58:16.2798068Z [1m[92m   Compiling[0m libloading v0.7.4
2025-11-02T05:58:16.4370421Z [1m[92m   Compiling[0m xmlparser v0.13.6
2025-11-02T05:58:17.4894384Z [1m[92m   Compiling[0m hexf-parse v0.2.1
2025-11-02T05:58:17.6262202Z [1m[92m   Compiling[0m rangemap v1.6.0
2025-11-02T05:58:17.9133679Z [1m[92m   Compiling[0m self_cell v1.2.1
2025-11-02T05:58:17.9650579Z [1m[92m   Compiling[0m sys-locale v0.3.2
2025-11-02T05:58:18.2133907Z [1m[92m   Compiling[0m lebe v0.5.3
2025-11-02T05:58:18.2141792Z [1m[92m   Compiling[0m bit_field v0.10.3
2025-11-02T05:58:18.3090665Z [1m[92m   Compiling[0m unicode-linebreak v0.1.5
2025-11-02T05:58:18.3581886Z [1m[92m   Compiling[0m drm-sys v0.7.0
2025-11-02T05:58:18.4295485Z [1m[92m   Compiling[0m unicode-xid v0.2.6
2025-11-02T05:58:18.4967386Z [1m[92m   Compiling[0m naga v0.19.2
2025-11-02T05:58:18.5140475Z [1m[92m   Compiling[0m cosmic-text v0.10.0
2025-11-02T05:58:19.2309795Z [1m[92m   Compiling[0m exr v1.73.0
2025-11-02T05:58:24.2495060Z [1m[92m   Compiling[0m roxmltree v0.18.1
2025-11-02T05:58:27.2578518Z [1m[92m   Compiling[0m gpu-descriptor v0.2.4
2025-11-02T05:58:27.5160443Z [1m[92m   Compiling[0m gpu-alloc v0.6.0
2025-11-02T05:58:28.7089658Z [1m[92m   Compiling[0m iced_futures v0.12.0
2025-11-02T05:58:29.5942169Z [1m[92m   Compiling[0m tiff v0.9.1
2025-11-02T05:58:31.3031796Z [1m[92m   Compiling[0m gif v0.13.3
2025-11-02T05:58:32.8392985Z [1m[92m   Compiling[0m rustybuzz v0.10.0
2025-11-02T05:58:34.4015877Z [1m[92m   Compiling[0m wgpu-core v0.19.4
2025-11-02T05:58:34.5587542Z [1m[92m   Compiling[0m qoi v0.4.1
2025-11-02T05:58:34.7580594Z [1m[92m   Compiling[0m wgpu-types v0.19.2
2025-11-02T05:58:36.2026684Z [1m[92m   Compiling[0m simplecss v0.2.2
2025-11-02T05:58:36.7041905Z [1m[92m   Compiling[0m drm-fourcc v2.2.0
2025-11-02T05:58:36.7812774Z [1m[92m   Compiling[0m imagesize v0.12.0
2025-11-02T05:58:37.5889906Z [1m[92m   Compiling[0m mutate_once v0.1.2
2025-11-02T05:58:37.6488482Z [1m[92m   Compiling[0m linux-raw-sys v0.6.5
2025-11-02T05:58:37.7684481Z [1m[92m   Compiling[0m renderdoc-sys v1.1.0
2025-11-02T05:58:37.8780101Z [1m[92m   Compiling[0m data-url v0.3.2
2025-11-02T05:58:37.9546914Z [1m[92m   Compiling[0m profiling v1.0.17
2025-11-02T05:58:37.9880373Z [1m[92m   Compiling[0m byteorder v1.5.0
2025-11-02T05:58:38.2004153Z [1m[92m   Compiling[0m unicode-vo v0.1.0
2025-11-02T05:58:38.3106210Z [1m[92m   Compiling[0m glow v0.13.1
2025-11-02T05:58:38.6167985Z [1m[92m   Compiling[0m usvg-text-layout v0.36.0
2025-11-02T05:58:42.3536427Z [1m[92m   Compiling[0m image v0.24.9
2025-11-02T05:58:42.5476296Z [1m[92m   Compiling[0m usvg-parser v0.36.0
2025-11-02T05:58:48.9183124Z [1m[92m   Compiling[0m kamadak-exif v0.5.5
2025-11-02T05:58:49.7906888Z [1m[92m   Compiling[0m calloop v0.13.0
2025-11-02T05:58:50.8937705Z [1m[92m   Compiling[0m wayland-protocols v0.31.2
2025-11-02T05:58:51.0030956Z [1m[92m   Compiling[0m wayland-protocols v0.32.9
2025-11-02T05:58:57.6490681Z [1m[92m   Compiling[0m wgpu v0.19.4
2025-11-02T05:58:57.8427394Z [1m[92m   Compiling[0m euclid v0.22.11
2025-11-02T05:58:58.5320987Z [1m[92m   Compiling[0m tiny-xlib v0.2.4
2025-11-02T05:58:58.6531344Z [1m[92m   Compiling[0m xmlwriter v0.1.0
2025-11-02T05:58:59.0423767Z [1m[92m   Compiling[0m cfg_aliases v0.2.1
2025-11-02T05:58:59.0736571Z [1m[92m   Compiling[0m smithay-client-toolkit v0.19.2
2025-11-02T05:58:59.1446573Z [1m[92m   Compiling[0m svg_fmt v0.4.5
2025-11-02T05:58:59.3894831Z [1m[92m   Compiling[0m pico-args v0.5.0
2025-11-02T05:58:59.6482046Z [1m[92m   Compiling[0m foldhash v0.1.5
2025-11-02T05:58:59.8105629Z [1m[92m   Compiling[0m hashbrown v0.15.5
2025-11-02T05:59:00.4658342Z [1m[92m   Compiling[0m usvg v0.36.0
2025-11-02T05:59:01.6387114Z [1m[92m   Compiling[0m softbuffer v0.4.6
2025-11-02T05:59:02.0053065Z [1m[92m   Compiling[0m wayland-protocols-wlr v0.3.9
2025-11-02T05:59:05.7736354Z [1m[92m   Compiling[0m calloop-wayland-source v0.3.0
2025-11-02T05:59:07.0019878Z [1m[92m   Compiling[0m iced_graphics v0.12.1
2025-11-02T05:59:11.2732074Z [1m[92m   Compiling[0m drm-ffi v0.8.0
2025-11-02T05:59:11.8532337Z [1m[92m   Compiling[0m gif v0.12.0
2025-11-02T05:59:12.3898317Z [1m[92m   Compiling[0m calloop v0.12.4
2025-11-02T05:59:13.2033555Z [1m[92m   Compiling[0m rgb v0.8.52
2025-11-02T05:59:13.5159025Z [1m[92m   Compiling[0m static_assertions v1.1.0
2025-11-02T05:59:13.5276556Z [1m[92m   Compiling[0m ctor-lite v0.1.0
2025-11-02T05:59:13.5502684Z [1m[92m   Compiling[0m smithay-client-toolkit v0.18.1
2025-11-02T05:59:13.5583441Z [1m[92m   Compiling[0m ttf-parser v0.25.1
2025-11-02T05:59:14.0903240Z [1m[92m   Compiling[0m resvg v0.36.0
2025-11-02T05:59:19.3707474Z [1m[92m   Compiling[0m owned_ttf_parser v0.25.1
2025-11-02T05:59:19.6493779Z [1m[92m   Compiling[0m calloop-wayland-source v0.2.0
2025-11-02T05:59:19.7257220Z [1m[92m   Compiling[0m drm v0.12.0
2025-11-02T05:59:22.9117274Z [1m[92m   Compiling[0m lru v0.12.5
2025-11-02T05:59:23.0343842Z [1m[92m   Compiling[0m etagere v0.2.15
2025-11-02T05:59:23.5083241Z [1m[92m   Compiling[0m wayland-protocols-wlr v0.2.0
2025-11-02T05:59:26.1014576Z [1m[92m   Compiling[0m x11-dl v2.21.0
2025-11-02T05:59:26.2165189Z [1m[92m   Compiling[0m fastrand v2.3.0
2025-11-02T05:59:26.4270070Z [1m[92m   Compiling[0m ab_glyph_rasterizer v0.1.10
2025-11-02T05:59:26.6248793Z [1m[92m   Compiling[0m ab_glyph v0.2.32
2025-11-02T05:59:28.3130962Z [1m[92m   Compiling[0m glyphon v0.5.0
2025-11-02T05:59:29.1464648Z [1m[92m   Compiling[0m smithay-clipboard v0.7.2
2025-11-02T05:59:31.3992459Z [1m[92m   Compiling[0m guillotiere v0.6.2
2025-11-02T05:59:31.8870900Z [1m[92m   Compiling[0m winit v0.29.15
2025-11-02T05:59:32.0916627Z [1m[92m   Compiling[0m kurbo v0.10.4
2025-11-02T05:59:32.1118543Z [1m[92m   Compiling[0m iced_wgpu v0.12.1
2025-11-02T05:59:35.0903782Z [1m[92m   Compiling[0m iced_tiny_skia v0.12.1
2025-11-02T05:59:35.3015025Z [1m[92m   Compiling[0m sctk-adwaita v0.8.3
2025-11-02T05:59:35.8289157Z [1m[92m   Compiling[0m clipboard_wayland v0.2.2
2025-11-02T05:59:37.1550208Z [1m[92m   Compiling[0m wayland-protocols-plasma v0.2.0
2025-11-02T05:59:38.2976036Z [1m[92m   Compiling[0m iced_runtime v0.12.1
2025-11-02T05:59:38.6662821Z [1m[92m   Compiling[0m clipboard_x11 v0.4.2
2025-11-02T05:59:40.4644153Z [1m[92m   Compiling[0m xkbcommon-dl v0.4.2
2025-11-02T05:59:41.4541485Z [1m[92m   Compiling[0m iced_style v0.12.1
2025-11-02T05:59:44.6505144Z [1m[92m   Compiling[0m window_clipboard v0.4.1
2025-11-02T05:59:44.8328440Z [1m[92m   Compiling[0m iced_renderer v0.12.1
2025-11-02T05:59:45.2889661Z [1m[92m   Compiling[0m iced_widget v0.12.3
2025-11-02T05:59:45.4509485Z [1m[92m   Compiling[0m iced_winit v0.12.2
2025-11-02T05:59:48.3968847Z [1m[92m   Compiling[0m iced v0.12.1
2025-11-02T05:59:59.7609255Z [1m[92m   Compiling[0m winetricks-gui v0.1.0 (/home/runner/work/winetricks/winetricks/winetricks-gui)
2025-11-02T06:00:06.3635282Z [1m[92m    Finished[0m `release` profile [optimized] target(s) in 2m 36s
2025-11-02T06:00:06.3960595Z ##[group]Run ccache -s
2025-11-02T06:00:06.3960876Z [36;1mccache -s[0m
2025-11-02T06:00:06.3992629Z shell: /usr/bin/bash -e {0}
2025-11-02T06:00:06.3992855Z env:
2025-11-02T06:00:06.3993024Z   CARGO_HOME: /home/runner/.cargo
2025-11-02T06:00:06.3993255Z   CARGO_INCREMENTAL: 0
2025-11-02T06:00:06.3993449Z   CARGO_TERM_COLOR: always
2025-11-02T06:00:06.3993652Z   CCACHE_DIR: ~/.ccache
2025-11-02T06:00:06.3993839Z ##[endgroup]
2025-11-02T06:00:06.4066329Z Local storage:
2025-11-02T06:00:06.4066687Z   Cache size (GB): 0.0 / 0.5 ( 0.00%)
2025-11-02T06:00:06.4088702Z ##[group]Run # Get version from workspace Cargo.toml (where version is actually defined)
2025-11-02T06:00:06.4089246Z [36;1m# Get version from workspace Cargo.toml (where version is actually defined)[0m
2025-11-02T06:00:06.4089774Z [36;1mVERSION=$(grep -m1 '^version\s*=' Cargo.toml | cut -d'"' -f2 | tr -d '[:space:]' || echo "0.1.0")[0m
2025-11-02T06:00:06.4090204Z [36;1msed -i "s/^pkgver=.*/pkgver=${VERSION}/" PKGBUILD[0m
2025-11-02T06:00:06.4090524Z [36;1mecho "Updated PKGBUILD pkgver to: ${VERSION}"[0m
2025-11-02T06:00:06.4090797Z [36;1mgrep "^pkgver=" PKGBUILD[0m
2025-11-02T06:00:06.4119320Z shell: /usr/bin/bash -e {0}
2025-11-02T06:00:06.4119540Z env:
2025-11-02T06:00:06.4119708Z   CARGO_HOME: /home/runner/.cargo
2025-11-02T06:00:06.4119942Z   CARGO_INCREMENTAL: 0
2025-11-02T06:00:06.4120139Z   CARGO_TERM_COLOR: always
2025-11-02T06:00:06.4120330Z ##[endgroup]
2025-11-02T06:00:06.4200417Z Updated PKGBUILD pkgver to: 0.1.0
2025-11-02T06:00:06.4211266Z pkgver=0.1.0
2025-11-02T06:00:06.4232684Z ##[group]Run bash .github/scripts/build-arch.sh
2025-11-02T06:00:06.4233025Z [36;1mbash .github/scripts/build-arch.sh[0m
2025-11-02T06:00:06.4261821Z shell: /usr/bin/bash -e {0}
2025-11-02T06:00:06.4262058Z env:
2025-11-02T06:00:06.4262230Z   CARGO_HOME: /home/runner/.cargo
2025-11-02T06:00:06.4262466Z   CARGO_INCREMENTAL: 0
2025-11-02T06:00:06.4262663Z   CARGO_TERM_COLOR: always
2025-11-02T06:00:06.4262860Z ##[endgroup]
2025-11-02T06:00:06.4340810Z Building Arch package for version: 0.1.0
2025-11-02T06:00:06.4707163Z Unable to find image 'archlinux:latest' locally
2025-11-02T06:00:06.9957986Z latest: Pulling from library/archlinux
2025-11-02T06:00:07.0584715Z a59b1e251b85: Pulling fs layer
2025-11-02T06:00:07.0585977Z 849b0775ea0f: Pulling fs layer
2025-11-02T06:00:07.1458736Z 849b0775ea0f: Verifying Checksum
2025-11-02T06:00:07.1459116Z 849b0775ea0f: Download complete
2025-11-02T06:00:08.1409986Z a59b1e251b85: Verifying Checksum
2025-11-02T06:00:08.1410504Z a59b1e251b85: Download complete
2025-11-02T06:00:12.7429950Z a59b1e251b85: Pull complete
2025-11-02T06:00:13.7756657Z 849b0775ea0f: Pull complete
2025-11-02T06:00:13.7799819Z Digest: sha256:c136b06a4f786b84c1cc0d2494fabdf9be8811d15051cd4404deb5c3dc0b2e57
2025-11-02T06:00:13.7813715Z Status: Downloaded newer image for archlinux:latest
2025-11-02T06:00:13.9304344Z :: Synchronizing package databases...
2025-11-02T06:00:15.3490011Z  core downloading...
2025-11-02T06:00:15.3490335Z  extra downloading...
2025-11-02T06:00:15.5229341Z warning: openssl-3.6.0-1 is up to date -- reinstalling
2025-11-02T06:00:15.5230145Z :: There are 2 providers available for cargo:
2025-11-02T06:00:15.5230482Z :: Repository extra
2025-11-02T06:00:15.5230718Z    1) rust  2) rustup
2025-11-02T06:00:15.5230871Z 
2025-11-02T06:00:15.5230985Z Enter a number (default=1): 
2025-11-02T06:00:15.5231269Z :: Starting full system upgrade...
2025-11-02T06:00:15.5241173Z resolving dependencies...
2025-11-02T06:00:15.5272358Z looking for conflicting packages...
2025-11-02T06:00:15.5317935Z 
2025-11-02T06:00:15.5319254Z Package (66)              Old Version   New Version                 Net Change   Download Size
2025-11-02T06:00:15.5320628Z 
2025-11-02T06:00:15.5321564Z core/archlinux-keyring    20251012-1    20251027-3                     0.00 MiB       1.19 MiB
2025-11-02T06:00:15.5324158Z core/audit                4.0.5-1       4.1.2-1                       -0.06 MiB       0.38 MiB
2025-11-02T06:00:15.5324844Z core/autoconf                           2.72-1                         2.22 MiB       0.64 MiB
2025-11-02T06:00:15.5325252Z core/automake                           1.18.1-1                       1.64 MiB       0.62 MiB
2025-11-02T06:00:15.5325634Z core/binutils                           2.45+r29+g2b2e51a31ec7-1      42.74 MiB       7.79 MiB
2025-11-02T06:00:15.5326286Z core/bison                              3.8.2-8                        2.52 MiB       0.75 MiB
2025-11-02T06:00:15.5326689Z core/db5.3                              5.3.28-5                       6.45 MiB       1.18 MiB
2025-11-02T06:00:15.5327032Z core/debugedit                          5.2-1                          0.11 MiB       0.05 MiB
2025-11-02T06:00:15.5327412Z extra/default-cursors                   3-1                            0.00 MiB       0.00 MiB
2025-11-02T06:00:15.5327987Z extra/desktop-file-utils                0.28-1                         0.18 MiB       0.04 MiB
2025-11-02T06:00:15.5328414Z core/device-mapper        2.03.35-1     2.03.36-1                      0.00 MiB       0.28 MiB
2025-11-02T06:00:15.5328813Z core/diffutils                          3.12-2                         1.50 MiB       0.33 MiB
2025-11-02T06:00:15.5329416Z core/fakeroot                           1.37.1.2-1                     0.14 MiB       0.08 MiB
2025-11-02T06:00:15.5329822Z core/filesystem           2025.05.03-1  2025.10.12-1                   0.00 MiB       0.01 MiB
2025-11-02T06:00:15.5330317Z core/flex                               2.6.4-5                        0.93 MiB       0.30 MiB
2025-11-02T06:00:15.5330970Z extra/fontconfig                        2:2.17.1-1                     1.12 MiB       0.37 MiB
2025-11-02T06:00:15.5331654Z extra/freetype2                         2.14.1-1                       1.66 MiB       0.53 MiB
2025-11-02T06:00:15.5332334Z core/gc                                 8.2.10-2                       0.76 MiB       0.23 MiB
2025-11-02T06:00:15.5332938Z core/gcc                                15.2.1+r22+gc4e96a094636-1   208.47 MiB      54.05 MiB
2025-11-02T06:00:15.5333586Z core/glib2                2.86.0-2      2.86.1-1                       0.12 MiB       4.93 MiB
2025-11-02T06:00:15.5334226Z core/gnupg                2.4.8-1       2.4.8-3                        0.20 MiB       2.82 MiB
2025-11-02T06:00:15.5334834Z core/groff                              1.23.0-7                       8.84 MiB       2.26 MiB
2025-11-02T06:00:15.5335441Z core/guile                              3.0.10-1                      54.73 MiB       8.31 MiB
2025-11-02T06:00:15.5336197Z core/jansson                            2.14.1-1                       0.27 MiB       0.09 MiB
2025-11-02T06:00:15.5336838Z core/leancrypto           1.5.1-1       1.6.0-1                        1.04 MiB       1.36 MiB
2025-11-02T06:00:15.5337472Z core/libcap               2.76-1        2.77-1                         0.07 MiB       0.78 MiB
2025-11-02T06:00:15.5338025Z core/libedit                            20250104_3.1-1                 0.26 MiB       0.11 MiB
2025-11-02T06:00:15.5338571Z core/libelf               0.193-5       0.194-1                        0.03 MiB       0.62 MiB
2025-11-02T06:00:15.5339089Z core/libisl                             0.27-1                         5.75 MiB       0.87 MiB
2025-11-02T06:00:15.5339584Z core/libmpc                             1.3.1-2                        0.18 MiB       0.08 MiB
2025-11-02T06:00:15.5340138Z core/libnghttp2           1.67.1-1      1.68.0-1                       0.00 MiB       0.09 MiB
2025-11-02T06:00:15.5340706Z extra/libpng                            1.6.50-1                       0.57 MiB       0.25 MiB
2025-11-02T06:00:15.5341233Z core/libtool                            2.6.0-1                        2.33 MiB       0.42 MiB
2025-11-02T06:00:15.5341964Z extra/libunwind                         1.8.2-1                        0.29 MiB       0.13 MiB
2025-11-02T06:00:15.5342494Z extra/libx11                            1.8.12-1                       9.78 MiB       2.00 MiB
2025-11-02T06:00:15.5343015Z extra/libxau                            1.0.12-1                       0.02 MiB       0.01 MiB
2025-11-02T06:00:15.5343532Z extra/libxcb                            1.17.0-1                       3.87 MiB       0.97 MiB
2025-11-02T06:00:15.5344078Z extra/libxcursor                        1.2.3-1                        0.07 MiB       0.03 MiB
2025-11-02T06:00:15.5344630Z extra/libxdmcp                          1.1.5-1                        0.13 MiB       0.03 MiB
2025-11-02T06:00:15.5345179Z extra/libxext                           1.3.6-1                        0.30 MiB       0.10 MiB
2025-11-02T06:00:15.5345871Z extra/libxfixes                         6.0.2-1                        0.04 MiB       0.01 MiB
2025-11-02T06:00:15.5346413Z extra/libxi                             1.8.2-1                        0.48 MiB       0.15 MiB
2025-11-02T06:00:15.5346984Z extra/libxkbcommon                      1.12.3-1                       1.02 MiB       0.27 MiB
2025-11-02T06:00:15.5347565Z extra/libxrandr                         1.5.4-1                        0.07 MiB       0.03 MiB
2025-11-02T06:00:15.5348150Z extra/libxrender                        0.9.12-1                       0.09 MiB       0.03 MiB
2025-11-02T06:00:15.5348707Z extra/lld                               21.1.4-1                       6.83 MiB       1.99 MiB
2025-11-02T06:00:15.5349249Z extra/llvm-libs                         21.1.4-1                     150.01 MiB      38.45 MiB
2025-11-02T06:00:15.5349805Z core/m4                                 1.4.20-1                       0.70 MiB       0.26 MiB
2025-11-02T06:00:15.5350488Z core/make                               4.4.1-2                        1.67 MiB       0.51 MiB
2025-11-02T06:00:15.5351158Z core/pacman-mirrorlist    20251003-1    20251021-1                     0.00 MiB       0.01 MiB
2025-11-02T06:00:15.5351841Z core/patch                              2.8-1                          0.17 MiB       0.08 MiB
2025-11-02T06:00:15.5352410Z core/pcre2                10.46-1       10.47-1                        0.19 MiB       1.62 MiB
2025-11-02T06:00:15.5352970Z core/perl                               5.42.0-1                      69.88 MiB      20.40 MiB
2025-11-02T06:00:15.5353529Z core/pkgconf                            2.5.1-1                        0.20 MiB       0.07 MiB
2025-11-02T06:00:15.5354120Z core/sudo                               1.9.17.p2-1                    7.83 MiB       1.84 MiB
2025-11-02T06:00:15.5354473Z core/texinfo                            7.2-1                         11.51 MiB       1.99 MiB
2025-11-02T06:00:15.5354826Z extra/wayland                           1.24.0-1                       0.82 MiB       0.14 MiB
2025-11-02T06:00:15.5355176Z core/which                              2.23-1                         0.03 MiB       0.02 MiB
2025-11-02T06:00:15.5355539Z extra/xcb-proto                         1.17.0-3                       1.02 MiB       0.13 MiB
2025-11-02T06:00:15.5356287Z extra/xkeyboard-config                  2.46-1                        10.21 MiB       0.86 MiB
2025-11-02T06:00:15.5356899Z extra/xorgproto                         2024.1-2                       1.46 MiB       0.24 MiB
2025-11-02T06:00:15.5357389Z extra/xxhash                            0.8.3-1                        0.39 MiB       0.10 MiB
2025-11-02T06:00:15.5357912Z core/base-devel                         1-2                            0.00 MiB       0.00 MiB
2025-11-02T06:00:15.5358395Z core/openssl              3.6.0-1       3.6.0-1                        0.00 MiB       5.35 MiB
2025-11-02T06:00:15.5358892Z extra/rust                              1:1.90.0-4                   266.52 MiB      67.40 MiB
2025-11-02T06:00:15.5359332Z extra/wine                              10.18-1                     1529.05 MiB     223.16 MiB
2025-11-02T06:00:15.5359549Z 
2025-11-02T06:00:15.5359791Z Total Download Size:    460.15 MiB
2025-11-02T06:00:15.5360025Z Total Installed Size:  2499.57 MiB
2025-11-02T06:00:15.5360243Z Net Upgrade Size:      2419.42 MiB
2025-11-02T06:00:15.5360389Z 
2025-11-02T06:00:15.5360528Z :: Proceed with installation? [Y/n] 
2025-11-02T06:00:15.5360774Z :: Retrieving packages...
2025-11-02T06:00:20.0580497Z  wine-10.18-1-x86_64 downloading...
2025-11-02T06:00:20.0581893Z  rust-1:1.90.0-4-x86_64 downloading...
2025-11-02T06:00:20.0582461Z  gcc-15.2.1+r22+gc4e96a094636-1-x86_64 downloading...
2025-11-02T06:00:20.0582936Z  llvm-libs-21.1.4-1-x86_64 downloading...
2025-11-02T06:00:20.0583356Z  perl-5.42.0-1-x86_64 downloading...
2025-11-02T06:00:20.0583749Z  guile-3.0.10-1-x86_64 downloading...
2025-11-02T06:00:20.0584243Z  binutils-2.45+r29+g2b2e51a31ec7-1-x86_64 downloading...
2025-11-02T06:00:20.0584736Z  openssl-3.6.0-1-x86_64 downloading...
2025-11-02T06:00:20.0585033Z  glib2-2.86.1-1-x86_64 downloading...
2025-11-02T06:00:20.0585284Z  gnupg-2.4.8-3-x86_64 downloading...
2025-11-02T06:00:20.0585555Z  groff-1.23.0-7-x86_64 downloading...
2025-11-02T06:00:20.0585988Z  libx11-1.8.12-1-x86_64 downloading...
2025-11-02T06:00:20.0586231Z  lld-21.1.4-1-x86_64 downloading...
2025-11-02T06:00:20.0586468Z  texinfo-7.2-1-x86_64 downloading...
2025-11-02T06:00:20.0586715Z  sudo-1.9.17.p2-1-x86_64 downloading...
2025-11-02T06:00:20.0586965Z  pcre2-10.47-1-x86_64 downloading...
2025-11-02T06:00:20.0587210Z  leancrypto-1.6.0-1-x86_64 downloading...
2025-11-02T06:00:20.0587502Z  archlinux-keyring-20251027-3-any downloading...
2025-11-02T06:00:20.0587778Z  db5.3-5.3.28-5-x86_64 downloading...
2025-11-02T06:00:20.0588019Z  libxcb-1.17.0-1-x86_64 downloading...
2025-11-02T06:00:20.0588258Z  libisl-0.27-1-x86_64 downloading...
2025-11-02T06:00:20.0588737Z  xkeyboard-config-2.46-1-any downloading...
2025-11-02T06:00:20.0589001Z  libcap-2.77-1-x86_64 downloading...
2025-11-02T06:00:20.0589221Z  bison-3.8.2-8-x86_64 downloading...
2025-11-02T06:00:20.0589446Z  autoconf-2.72-1-any downloading...
2025-11-02T06:00:20.0589677Z  libelf-0.194-1-x86_64 downloading...
2025-11-02T06:00:20.0589909Z  automake-1.18.1-1-any downloading...
2025-11-02T06:00:20.0590158Z  freetype2-2.14.1-1-x86_64 downloading...
2025-11-02T06:00:20.0590406Z  make-4.4.1-2-x86_64 downloading...
2025-11-02T06:00:20.0590630Z  libtool-2.6.0-1-x86_64 downloading...
2025-11-02T06:00:20.0590856Z  audit-4.1.2-1-x86_64 downloading...
2025-11-02T06:00:20.0591087Z  fontconfig-2:2.17.1-1-x86_64 downloading...
2025-11-02T06:00:20.0591338Z  diffutils-3.12-2-x86_64 downloading...
2025-11-02T06:00:20.0591568Z  flex-2.6.4-5-x86_64 downloading...
2025-11-02T06:00:20.0591838Z  device-mapper-2.03.36-1-x86_64 downloading...
2025-11-02T06:00:20.0592108Z  libxkbcommon-1.12.3-1-x86_64 downloading...
2025-11-02T06:00:20.0592351Z  m4-1.4.20-1-x86_64 downloading...
2025-11-02T06:00:20.0592577Z  libpng-1.6.50-1-x86_64 downloading...
2025-11-02T06:00:20.0592813Z  xorgproto-2024.1-2-any downloading...
2025-11-02T06:00:20.0593050Z  gc-8.2.10-2-x86_64 downloading...
2025-11-02T06:00:20.0593276Z  libxi-1.8.2-1-x86_64 downloading...
2025-11-02T06:00:20.0593507Z  wayland-1.24.0-1-x86_64 downloading...
2025-11-02T06:00:20.0593752Z  xcb-proto-1.17.0-3-any downloading...
2025-11-02T06:00:20.0593994Z  libunwind-1.8.2-1-x86_64 downloading...
2025-11-02T06:00:20.0594255Z  libedit-20250104_3.1-1-x86_64 downloading...
2025-11-02T06:00:20.0594501Z  libxext-1.3.6-1-x86_64 downloading...
2025-11-02T06:00:20.0594732Z  xxhash-0.8.3-1-x86_64 downloading...
2025-11-02T06:00:20.0594971Z  libnghttp2-1.68.0-1-x86_64 downloading...
2025-11-02T06:00:20.0595227Z  jansson-2.14.1-1-x86_64 downloading...
2025-11-02T06:00:20.0595459Z  patch-2.8-1-x86_64 downloading...
2025-11-02T06:00:20.0595850Z  libmpc-1.3.1-2-x86_64 downloading...
2025-11-02T06:00:20.0596186Z  fakeroot-1.37.1.2-1-x86_64 downloading...
2025-11-02T06:00:20.0596427Z  pkgconf-2.5.1-1-x86_64 downloading...
2025-11-02T06:00:20.0596660Z  debugedit-5.2-1-x86_64 downloading...
2025-11-02T06:00:20.0596917Z  desktop-file-utils-0.28-1-x86_64 downloading...
2025-11-02T06:00:20.0597355Z  libxcursor-1.2.3-1-x86_64 downloading...
2025-11-02T06:00:20.0597600Z  libxrender-0.9.12-1-x86_64 downloading...
2025-11-02T06:00:20.0597845Z  libxrandr-1.5.4-1-x86_64 downloading...
2025-11-02T06:00:20.0598080Z  libxdmcp-1.1.5-1-x86_64 downloading...
2025-11-02T06:00:20.0598321Z  which-2.23-1-x86_64 downloading...
2025-11-02T06:00:20.0598562Z  filesystem-2025.10.12-1-any downloading...
2025-11-02T06:00:20.0598810Z  libxfixes-6.0.2-1-x86_64 downloading...
2025-11-02T06:00:20.0599047Z  libxau-1.0.12-1-x86_64 downloading...
2025-11-02T06:00:20.0599304Z  pacman-mirrorlist-20251021-1-any downloading...
2025-11-02T06:00:20.0599582Z  default-cursors-3-1-any downloading...
2025-11-02T06:00:20.0599822Z  base-devel-1-2-any downloading...
2025-11-02T06:00:20.0600047Z checking keyring...
2025-11-02T06:00:20.1933542Z checking package integrity...
2025-11-02T06:00:22.4179702Z loading package files...
2025-11-02T06:00:22.5125183Z checking for file conflicts...
2025-11-02T06:00:22.5568517Z :: Processing package changes...
2025-11-02T06:00:22.5569087Z upgrading filesystem...
2025-11-02T06:00:22.5718632Z warning: directory permissions differ on /srv/ftp/
2025-11-02T06:00:22.5719096Z filesystem: 755  package: 555
2025-11-02T06:00:22.5762314Z installing jansson...
2025-11-02T06:00:22.5792031Z reinstalling openssl...
2025-11-02T06:00:22.6731416Z upgrading libnghttp2...
2025-11-02T06:00:22.6782673Z upgrading audit...
2025-11-02T06:00:22.7028522Z New optional dependencies for audit
2025-11-02T06:00:22.7029033Z     audispd-plugins: for audit event dispatcher plugins
2025-11-02T06:00:22.7029448Z     audispd-plugins-zos: for z/OS audit event dispatcher plugin
2025-11-02T06:00:22.7029802Z upgrading libcap...
2025-11-02T06:00:22.7158713Z upgrading libelf...
2025-11-02T06:00:22.7299766Z installing binutils...
2025-11-02T06:00:22.8188415Z Optional dependencies for binutils
2025-11-02T06:00:22.8188855Z     debuginfod: for debuginfod server/client functionality
2025-11-02T06:00:22.8189204Z installing libmpc...
2025-11-02T06:00:22.8200332Z installing libisl...
2025-11-02T06:00:22.8366451Z installing gcc...
2025-11-02T06:00:23.4482768Z Optional dependencies for gcc
2025-11-02T06:00:23.4483392Z     lib32-gcc-libs: for generating code for 32-bit ABI
2025-11-02T06:00:23.4486570Z installing libedit...
2025-11-02T06:00:23.4504212Z installing llvm-libs...
2025-11-02T06:00:23.7885494Z installing lld...
2025-11-02T06:00:23.8081877Z installing rust...
2025-11-02T06:00:24.3899835Z Optional dependencies for rust
2025-11-02T06:00:24.3900311Z     gdb: rust-gdb script
2025-11-02T06:00:24.3900673Z     lldb: rust-lldb script
2025-11-02T06:00:24.3901028Z upgrading leancrypto...
2025-11-02T06:00:24.4158747Z upgrading pcre2...
2025-11-02T06:00:24.4372385Z upgrading glib2...
2025-11-02T06:00:24.5709783Z upgrading gnupg...
2025-11-02T06:00:24.6747876Z upgrading pacman-mirrorlist...
2025-11-02T06:00:24.6763861Z upgrading device-mapper...
2025-11-02T06:00:24.6875540Z upgrading archlinux-keyring...
2025-11-02T06:00:24.8479745Z ==> ERROR: There is no secret key available to sign with.
2025-11-02T06:00:24.8501000Z ==> Use 'pacman-key --init' to generate a default secret key.
2025-11-02T06:00:24.8507030Z error: command failed to execute correctly
2025-11-02T06:00:24.8507532Z installing m4...
2025-11-02T06:00:24.8534312Z installing diffutils...
2025-11-02T06:00:24.8577156Z installing db5.3...
2025-11-02T06:00:24.8745283Z installing perl...
2025-11-02T06:00:25.2612934Z installing autoconf...
2025-11-02T06:00:25.2716649Z installing automake...
2025-11-02T06:00:25.2863789Z installing bison...
2025-11-02T06:00:25.2966514Z installing xxhash...
2025-11-02T06:00:25.2992171Z installing debugedit...
2025-11-02T06:00:25.3002979Z installing fakeroot...
2025-11-02T06:00:25.3871934Z installing flex...
2025-11-02T06:00:25.3913987Z installing groff...
2025-11-02T06:00:25.4607225Z Optional dependencies for groff
2025-11-02T06:00:25.4607875Z     netpbm: for use together with man -H command interaction in browsers
2025-11-02T06:00:25.4608942Z     psutils: for use together with man -H command interaction in browsers
2025-11-02T06:00:25.4609502Z     libxaw: for gxditview
2025-11-02T06:00:25.4609908Z     perl-file-homedir: for use with glilypond
2025-11-02T06:00:25.4610413Z installing libtool...
2025-11-02T06:00:25.4713617Z installing gc...
2025-11-02T06:00:25.4768728Z installing guile...
2025-11-02T06:00:25.6731986Z installing make...
2025-11-02T06:00:25.6775924Z installing patch...
2025-11-02T06:00:25.6787169Z Optional dependencies for patch
2025-11-02T06:00:25.6787636Z     ed: for patch -e functionality
2025-11-02T06:00:25.6788061Z installing pkgconf...
2025-11-02T06:00:25.6832236Z installing sudo...
2025-11-02T06:00:25.7024592Z installing texinfo...
2025-11-02T06:00:25.7835553Z Optional dependencies for texinfo
2025-11-02T06:00:25.7836300Z     perl-archive-zip: EPUB file output via texi2any
2025-11-02T06:00:25.7836687Z installing which...
2025-11-02T06:00:25.7841692Z installing base-devel...
2025-11-02T06:00:25.7845985Z installing desktop-file-utils...
2025-11-02T06:00:25.7873722Z installing libpng...
2025-11-02T06:00:25.7910529Z installing freetype2...
2025-11-02T06:00:25.8026426Z Optional dependencies for freetype2
2025-11-02T06:00:25.8026898Z     harfbuzz: Improved autohinting
2025-11-02T06:00:25.8027301Z installing fontconfig...
2025-11-02T06:00:25.8785532Z Creating fontconfig configuration...
2025-11-02T06:00:25.9230425Z Rebuilding fontconfig cache...
2025-11-02T06:00:25.9318529Z installing libunwind...
2025-11-02T06:00:25.9357276Z installing xcb-proto...
2025-11-02T06:00:25.9452563Z installing xorgproto...
2025-11-02T06:00:25.9656095Z installing libxdmcp...
2025-11-02T06:00:25.9669931Z installing libxau...
2025-11-02T06:00:25.9681735Z installing libxcb...
2025-11-02T06:00:25.9923550Z installing libx11...
2025-11-02T06:00:26.0117637Z installing libxfixes...
2025-11-02T06:00:26.0129754Z installing libxrender...
2025-11-02T06:00:26.0143645Z installing default-cursors...
2025-11-02T06:00:26.0153152Z Optional dependencies for default-cursors
2025-11-02T06:00:26.0153848Z     adwaita-cursors: default cursor theme
2025-11-02T06:00:26.0154306Z installing libxcursor...
2025-11-02T06:00:26.0168638Z installing xkeyboard-config...
2025-11-02T06:00:26.0600964Z installing libxkbcommon...
2025-11-02T06:00:26.0659586Z Optional dependencies for libxkbcommon
2025-11-02T06:00:26.0660223Z     libxkbcommon-x11: xkbcli interactive-x11
2025-11-02T06:00:26.0660648Z     wayland: xkbcli interactive-wayland [pending]
2025-11-02T06:00:26.0660972Z installing libxext...
2025-11-02T06:00:26.0693718Z installing libxi...
2025-11-02T06:00:26.0717129Z installing libxrandr...
2025-11-02T06:00:26.0730236Z installing wayland...
2025-11-02T06:00:26.0783410Z installing wine...
2025-11-02T06:00:29.5213287Z Run 'systemctl restart systemd-binfmt' in order to make the wine binfmt available on your system.
2025-11-02T06:00:29.5220052Z Optional dependencies for wine
2025-11-02T06:00:29.5220393Z     alsa-lib
2025-11-02T06:00:29.5220636Z     alsa-plugins
2025-11-02T06:00:29.5220917Z     cups
2025-11-02T06:00:29.5221142Z     dosbox
2025-11-02T06:00:29.5221360Z     ffmpeg
2025-11-02T06:00:29.5221597Z     gnutls [installed]
2025-11-02T06:00:29.5221871Z     gst-plugins-bad
2025-11-02T06:00:29.5222142Z     gst-plugins-base
2025-11-02T06:00:29.5222423Z     gst-plugins-base-libs
2025-11-02T06:00:29.5222719Z     gst-plugins-good
2025-11-02T06:00:29.5222982Z     gst-plugins-ugly
2025-11-02T06:00:29.5223238Z     libgphoto2
2025-11-02T06:00:29.5223475Z     libpulse
2025-11-02T06:00:29.5223713Z     libxcomposite
2025-11-02T06:00:29.5223959Z     libxinerama
2025-11-02T06:00:29.5224219Z     opencl-icd-loader
2025-11-02T06:00:29.5224483Z     pcsclite
2025-11-02T06:00:29.5224716Z     samba
2025-11-02T06:00:29.5224945Z     sane
2025-11-02T06:00:29.5225157Z     sdl2
2025-11-02T06:00:29.5225372Z     unixodbc
2025-11-02T06:00:29.5225609Z     v4l-utils
2025-11-02T06:00:29.5226073Z     wine-gecko
2025-11-02T06:00:29.5226311Z     wine-mono
2025-11-02T06:00:31.4582300Z :: Running post-transaction hooks...
2025-11-02T06:00:31.4583132Z ( 1/13) Creating system user accounts...
2025-11-02T06:00:31.5302453Z ( 2/13) Registering binary formats...
2025-11-02T06:00:31.6002838Z   Skipped: Current root is not booted.
2025-11-02T06:00:31.6003525Z ( 3/13) Reloading system manager configuration...
2025-11-02T06:00:31.6724282Z   Skipped: Current root is not booted.
2025-11-02T06:00:31.6724861Z ( 4/13) Reloading user manager configuration...
2025-11-02T06:00:31.7439563Z   Skipped: Current root is not booted.
2025-11-02T06:00:31.7440096Z ( 5/13) Restarting marked services...
2025-11-02T06:00:31.8135586Z   Skipped: Current root is not booted.
2025-11-02T06:00:31.8136884Z ( 6/13) Applying kernel sysctl settings...
2025-11-02T06:00:31.8817277Z   Skipped: Current root is not booted.
2025-11-02T06:00:31.8818875Z ( 7/13) Creating temporary files...
2025-11-02T06:00:31.9515164Z /usr/lib/tmpfiles.d/journal-nocow.conf:26: Failed to resolve specifier: uninitialized /etc/ detected, skipping.
2025-11-02T06:00:31.9516409Z All rules containing unresolvable specifiers will be skipped.
2025-11-02T06:00:31.9755447Z ( 8/13) Reloading device manager configuration...
2025-11-02T06:00:32.0448049Z   Skipped: Current root is not booted.
2025-11-02T06:00:32.0448642Z ( 9/13) Arming ConditionNeedsUpdate...
2025-11-02T06:00:32.1085068Z (10/13) Updating fontconfig configuration...
2025-11-02T06:00:32.1746545Z (11/13) Checking for old perl modules...
2025-11-02T06:00:32.2399260Z (12/13) Updating fontconfig cache...
2025-11-02T06:00:32.3088974Z (13/13) Updating the desktop file MIME type cache...
2025-11-02T06:00:34.8844759Z ==> Making package: winetricks 0.1.0-1 (Sun Nov  2 06:00:34 2025)
2025-11-02T06:00:34.8892081Z ==> WARNING: Skipping dependency checks.
2025-11-02T06:00:34.8959879Z ==> Retrieving sources...
2025-11-02T06:00:34.9706066Z ==> ERROR: winetricks-0.1.0.tar.gz was not found in the build directory and is not a URL.
2025-11-02T06:00:39.9769509Z Error: Package file not found
2025-11-02T06:00:39.9769987Z Searching for any .pkg.tar files...
2025-11-02T06:00:39.9910261Z 
2025-11-02T06:00:39.9910462Z Listing current directory contents:
2025-11-02T06:00:39.9924117Z total 236
2025-11-02T06:00:39.9924485Z drwxr-xr-x 11 runner runner   4096 Nov  2 06:00 .
2025-11-02T06:00:39.9925005Z drwxr-xr-x  3 runner runner   4096 Nov  2 05:54 ..
2025-11-02T06:00:39.9925337Z drwxr-xr-x  7 runner runner   4096 Nov  2 05:54 .git
2025-11-02T06:00:39.9925658Z drwxr-xr-x  4 runner runner   4096 Nov  2 05:54 .github
2025-11-02T06:00:39.9926183Z -rw-r--r--  1 runner runner    294 Nov  2 05:54 .gitignore
2025-11-02T06:00:39.9926527Z -rw-r--r--  1 runner runner  26530 Nov  2 05:54 COPYING
2025-11-02T06:00:39.9926840Z -rw-r--r--  1 runner runner 146576 Nov  2 05:56 Cargo.lock
2025-11-02T06:00:39.9927150Z -rw-r--r--  1 runner runner   1025 Nov  2 05:54 Cargo.toml
2025-11-02T06:00:39.9927472Z -rw-r--r--  1 runner runner    688 Nov  2 06:00 PKGBUILD
2025-11-02T06:00:39.9927826Z -rw-r--r--  1 runner runner   3105 Nov  2 05:54 README.md
2025-11-02T06:00:39.9928329Z -rw-r--r--  1 runner runner   1283 Nov  2 05:54 RELEASE.md
2025-11-02T06:00:39.9928846Z drwxr-xr-x  3 runner runner   4096 Nov  2 05:57 target
2025-11-02T06:00:39.9929378Z drwxr-xr-x  3 runner runner   4096 Nov  2 05:54 verbs_metadata
2025-11-02T06:00:39.9929949Z drwxr-xr-x  4 runner runner   4096 Nov  2 05:54 winetricks-cli
2025-11-02T06:00:39.9930551Z drwxr-xr-x  3 runner runner   4096 Nov  2 05:54 winetricks-converter
2025-11-02T06:00:39.9931199Z drwxr-xr-x  3 runner runner   4096 Nov  2 05:54 winetricks-gui
2025-11-02T06:00:39.9931615Z drwxr-xr-x  3 runner runner   4096 Nov  2 05:54 winetricks-lib
2025-11-02T06:00:39.9932132Z drwxr-xr-x  3 runner runner   4096 Nov  2 05:56 ~
2025-11-02T06:00:39.9986699Z ##[group]Run actions/upload-artifact@v4
2025-11-02T06:00:39.9987150Z with:
2025-11-02T06:00:39.9987431Z   name: arch-package
2025-11-02T06:00:39.9987780Z   path: winetricks-*.pkg.tar.zst
2025-11-02T06:00:39.9988177Z   if-no-files-found: warn
2025-11-02T06:00:39.9988583Z   compression-level: 6
2025-11-02T06:00:39.9988939Z   overwrite: false
2025-11-02T06:00:39.9989608Z   include-hidden-files: false
2025-11-02T06:00:39.9990002Z env:
2025-11-02T06:00:39.9990304Z   CARGO_HOME: /home/runner/.cargo
2025-11-02T06:00:39.9990726Z   CARGO_INCREMENTAL: 0
2025-11-02T06:00:39.9991084Z   CARGO_TERM_COLOR: always
2025-11-02T06:00:39.9991450Z ##[endgroup]
2025-11-02T06:00:40.2128233Z ##[warning]No files were found with the provided path: winetricks-*.pkg.tar.zst. No artifacts will be uploaded.
2025-11-02T06:00:40.5901272Z Post job cleanup.
2025-11-02T06:00:40.7252285Z [warning]Path Validation Error: Path(s) specified in the action for caching do(es) not exist, hence no cache is being saved.
2025-11-02T06:00:40.7342437Z Post job cleanup.
2025-11-02T06:00:40.8271058Z [command]/usr/bin/git version
2025-11-02T06:00:40.8307465Z git version 2.51.2
2025-11-02T06:00:40.8350468Z Temporarily overriding HOME='/home/runner/work/_temp/888e9b71-bce2-4b71-ac21-2fbb8edd13a2' before making global git config changes
2025-11-02T06:00:40.8351722Z Adding repository directory to the temporary git global config as a safe directory
2025-11-02T06:00:40.8356745Z [command]/usr/bin/git config --global --add safe.directory /home/runner/work/winetricks/winetricks
2025-11-02T06:00:40.8391362Z [command]/usr/bin/git config --local --name-only --get-regexp core\.sshCommand
2025-11-02T06:00:40.8422655Z [command]/usr/bin/git submodule foreach --recursive sh -c "git config --local --name-only --get-regexp 'core\.sshCommand' && git config --local --unset-all 'core.sshCommand' || :"
2025-11-02T06:00:40.8657732Z [command]/usr/bin/git config --local --name-only --get-regexp http\.https\:\/\/github\.com\/\.extraheader
2025-11-02T06:00:40.8679920Z http.https://github.com/.extraheader
2025-11-02T06:00:40.8695617Z [command]/usr/bin/git config --local --unset-all http.https://github.com/.extraheader
2025-11-02T06:00:40.8729793Z [command]/usr/bin/git submodule foreach --recursive sh -c "git config --local --name-only --get-regexp 'http\.https\:\/\/github\.com\/\.extraheader' && git config --local --unset-all 'http.https://github.com/.extraheader' || :"
2025-11-02T06:00:40.9077286Z Cleaning up orphan processes
